
> oda-one-decision-away@1.0.0 check
> npm run lint && node scripts/validate-i18n.mjs && node --import tsx scripts/test-i18n.ts && node --import tsx scripts/test-notebook.ts && node --import tsx scripts/test-notebook-voice.ts && node --import tsx scripts/test-routing.ts && npm test && npm run build


> oda-one-decision-away@1.0.0 lint
> tsc --noEmit

npm notice
npm notice New major version of npm available! 11.9.0 -> 12.2.0
npm notice Changelog: https://github.com/npm/cli/releases/tag/v12.2.0
npm notice To update run: npm install -g npm@12.2.0
npm notice
tr: 6823 entries; missing keys 0; placeholder differences 0
es: 6823 entries; missing keys 0; placeholder differences 0
English-first startup, saved choices, EN/TR/ES switching, fallback and repeated placeholders passed.
✔ old backups normalize without copying or losing any legacy Dream Journal field (2.090625ms)
✔ new writing of every kind including affirmation earns 25 once; intention alone does not (1.927018ms)
✔ edit, no-op, delete and recreate preserve immutable once-per-day reward claims (0.449501ms)
✔ local writing day and existing UTC reward ceiling are separate and cap-safe (1.05744ms)
✔ 369 only counts matching written intentions, allows partial saves and retains archived histories (1.524688ms)
✔ 369 derives a real 33-day streak and preserves the achieved target after a gap (1.300839ms)
✔ 369 matches Turkish dotted/dotless uppercase pairs without stripping meaningful accents (0.388859ms)
✔ calendar streaks use local days across DST, not elapsed 24-hour periods (0.497563ms)
✔ validation rejects blank entries, future dates, past creation and excess slots without altering input (0.436251ms)
✔ legacy edits preserve photos, links and original date; unified JSON roundtrip is lossless (6.362513ms)
✔ real repository serializes concurrent writes, protects from stale saves, and honors explicit restore (9.80227ms)
✔ stale whole-document saves do not resurrect deleted legacy entries or lose new ones (1.338346ms)
✔ Notebook rebases after a delayed load against a concurrent profile and ledger save (0.953003ms)
✔ concurrent mission and Notebook reward evaluation share the same 2500 ceiling (7.222505ms)
✔ failed storage saves reject, do not push cloud or claim rewards, and queue recovers (1.226677ms)
✔ unreadable saved JSON is preserved, never silently replaced with seed data (0.193093ms)
✔ explicit local restore blocks older cloud data across failed uploads and is account/project scoped (14.826498ms)
✔ an old in-flight cloud upload cannot overwrite a newer restored snapshot or clear its marker (4.041889ms)
✔ a signed-out import binds to the first later connection and stays isolated from other accounts (4.514255ms)
ℹ tests 19
ℹ suites 0
ℹ pass 19
ℹ fail 0
ℹ cancelled 0
ℹ skipped 0
ℹ todo 0
ℹ duration_ms 64.629099
Notebook voice uses device speech only, preserves preferences and handles unavailable speech.
✔ root hosting retains history paths, including direct reloads (1.226056ms)
✔ project hosting keeps every navigation on the same static document (0.295658ms)
✔ landing URLs and non-route fragments do not become unknown routes (0.169196ms)
✔ back/forward hash entries resolve to canonical route IDs (0.123838ms)
✔ icons and service worker URLs stay under their deployment base (0.213082ms)
✔ service worker precaches only its project directory (16.091884ms)
✔ standalone support remains available offline without replacing the application shell (4.970796ms)
✔ activation preserves sibling apps and this version media cache (1.506881ms)
✔ notification defaults and legacy targets open the project hash route (1.174148ms)
✔ installed app metadata refreshes instead of retaining the cached identity (1.970013ms)
✔ installed app metadata remains available offline (1.046905ms)
ℹ tests 11
ℹ suites 0
ℹ pass 11
ℹ fail 0
ℹ cancelled 0
ℹ skipped 0
ℹ todo 0
ℹ duration_ms 51.49207

> oda-one-decision-away@1.0.0 test
> node --import tsx --test tests/*.test.ts supabase/functions/send-nudges/core.test.ts supabase/functions/send-nudges/push-worker.test.ts

✔ 600 scheduled selections are unique across 100 local calendar days and repeat only in the next cycle (2.472804ms)
✔ calendar-day index is independent of server timezone, DST boundaries and midnight UTC (0.438164ms)
✔ sender blocks private-network endpoints, embedded credentials, lookalike hosts and unexpected ports (0.340806ms)
✔ payload identifies adaptation/translation and routes stay valid for root and project hosting (1.263052ms)
✔ cron authenticator requires a substantial matching secret (8.032972ms)
✔ push event displays the real server payload without an open client (1.91582ms)
✔ unexpected push fields cannot become arbitrary notification options (0.722153ms)
✔ does not load a runtime before explicit initialization and blocks unsupported devices (1.633574ms)
✔ context retains the latest user turn, merges interrupted turns, and ignores injected roles (0.691658ms)
✔ streams accumulated visible content and disables reasoning output (4.983225ms)
✔ aborting initialization disposes the downloading runtime and allows retry (3.622594ms)
[ODA Coach] Generation failed: Error: GPU device lost: out of memory
    at Object.generate (/workspace/oda-cloud-upload-current-record/tests/ai-coach.test.ts:117:35)
    at <anonymous> (/workspace/oda-cloud-upload-current-record/src/services/aiCoach.ts:256:68)
    at Object.stream (/workspace/oda-cloud-upload-current-record/src/services/aiCoach.ts:300:5)
    at TestContext.<anonymous> (/workspace/oda-cloud-upload-current-record/tests/ai-coach.test.ts:122:30)
    at async Test.run (node:internal/test_runner/test:1389:7)
    at async Test.processPendingSubtests (node:internal/test_runner/test:960:7)
✔ cancellation drains generation, suppresses late text, and releases the next request (3.503414ms)
✔ generation failures are actionable, never become a canned coach reply, and require restart (2.770705ms)
✔ unload cancels an active operation, releases memory and supports a fresh initialization (0.641351ms)
✔ ambient renders are long independent stereo textures with finite bounded levels (151.534434ms)
✔ scene identities differ in spectrum and amplitude dynamics (31.604359ms)
✔ loop overlaps join continuous adjacent noise without a boundary spike (46.245667ms)
✔ seeds reproduce review samples and produce a new texture when changed (143.738671ms)
✔ one Sound Room track keeps one title across categories, including intentional noise reuse (0.291892ms)
✔ fresh startup seeds and absent records do not prompt for a backup (2.468498ms)
✔ empty notebook, lesson, experiment and weekly-review shells are not saved personal work (0.993695ms)
✔ the first saved journal, scripting or future letter qualifies without three older records (1.963272ms)
✔ a saved intention, gratitude note or affirmation qualifies before any decision completion (0.895757ms)
✔ an interrupted first lesson answer of zero, practice checkbox or reflection qualifies (0.882165ms)
✔ the first course plan, paused attempt or saved review qualifies independently of lesson completion (0.803196ms)
✔ one saved weekly review with no kept decisions qualifies (0.292202ms)
✔ one completion, kept decision, vision choice or dream-journal entry preserves existing eligibility (1.051723ms)
✔ a valid downloaded backup suppresses until the exact fourteen-day boundary (0.64086ms)
✔ invalid, absent and future export or cloud timestamps never suppress protection (0.672869ms)
✔ freshness compares actual ISO instants and accepts leap days without calendar normalization (0.173042ms)
✔ only configured, signed-in, recent scoped cloud success with no error suppresses the reminder (0.371071ms)
✔ a recent export still protects work when cloud sync fails, and session dismissal remains respected (0.387006ms)
✔ eligibility does not alter saved work or cloud status, and all three locales explain protection without promising sync (0.655812ms)
✔ restore safety: weekly review text cannot be an object (3.506729ms)
✔ restore safety: life score records need sortable timestamps (1.678331ms)
✔ restore safety: bridge records need their rendered amounts (0.933398ms)
✔ restore safety: a pinned dream name cannot be a React object child (1.145194ms)
✔ legacy course storage migrates into the personal record without changing other data (5.417723ms)
✔ course edits, completion, experiment plans and logs roundtrip through JSON backup (3.927887ms)
✔ a stale save from another feature retains newer lesson notes and practice logs (1.918785ms)
✔ a legacy backup keeps local courses; an explicit empty course backup clears them (1.63766ms)
✔ validation rejects malformed personal, notebook and course data before any storage write (4.469578ms)
✔ quota failures keep the entire previous record and legacy key intact, and a retry succeeds (1.355502ms)
✔ unreadable main data is never replaced by a course-only save (0.387016ms)
✔ lesson edits and re-completion retain the real-world experiment history (0.230238ms)
✔ course mutations wait for the shared write lock and rebase onto a concurrent notebook commit (0.841423ms)
✔ ledger and notebook rewards retain one UTC ceiling when the local decision day differs (14.555617ms)
✔ cloud upload captures current courses and invalid cloud backups leave local storage untouched (15.820693ms)
✔ cloud previews do not change last-sync or local data until the reviewed record is committed (4.013476ms)
✔ Bank chart keeps UTC ledger Today and date labels aligned at New York evening (24.631813ms)
✔ Bank seven-day earnings window is Sep 25 through Oct 1 for the UTC ledger day (2.728661ms)
✔ Savings includes the first displayed UTC day in net and pace, excluding opening history (4.58398ms)
✔ Savings net includes mixed first-day credits, spending and the current UTC day (2.995465ms)
✔ Bank chart formats ledger dates in selected tr UI locale (80.023677ms)
✔ Bank chart formats ledger dates in selected es UI locale (64.399321ms)
✔ a welcome grant preserves the balance and supplies zero practice evidence (2.192028ms)
✔ mixed financial deposits cannot inflate distinct kept days or completed decisions (16.448153ms)
✔ practice week follows local calendar boundaries and repeated days count once (0.222336ms)
✔ reward labels distinguish symbolic unlocking from actual D$ pace estimates in every locale (0.371312ms)
✔ client and server agree on the message limits (0.710496ms)
✔ the request keeps the last 12 messages, trims each to 1500 characters and drops empty ones (0.250389ms)
✔ context is sent only when there is something to send, and is trimmed (0.207083ms)
✔ responses map to a result or a typed error (0.765128ms)
✔ the shared context holds only today, the last kept decisions and short journal lines (6.60507ms)
✔ a matching current durable document uploads and records current plus historical confirmation (34.104419ms)
✔ a stale rendered profile payload cannot roll acknowledged cloud work backward (16.899627ms)
✔ a stale rendered notebook payload cannot roll acknowledged cloud work backward (6.735057ms)
✔ a stale rendered futureSelf payload cannot roll acknowledged cloud work backward (4.050042ms)
✔ missing authoritative local record rejects a push before any cloud query (4.508445ms)
✔ invalid-json authoritative local record rejects a push before any cloud query (10.434297ms)
✔ invalid-document authoritative local record rejects a push before any cloud query (3.011669ms)
✔ a course-only stale caller uses the existing latest-course normalization and can upload (6.096119ms)
✔ an ordinary repository save invalidates current confirmation immediately and retains history (6.430936ms)
✔ a durable Notebook action invalidates confirmation without waiting for its debounce (5.352383ms)
✔ a durable course save invalidates confirmation without requiring the AppProvider event listener (2.801342ms)
✔ a save suppressed by its account guard still makes the current durable document dirty (2.323538ms)
✔ a failed durable repository write preserves previous current confirmation (3.57321ms)
✔ a failed durable notebook write preserves previous current confirmation (2.412353ms)
✔ a failed durable course write preserves previous current confirmation (2.278229ms)
✔ dirty startup does not automatically restore the same acknowledged cloud baseline over newer device work (6.866907ms)
✔ an old in-flight upload retains its remote baseline while the latest durable document remains dirty (5.728143ms)
✔ the latest queued durable payload updates after an older in-flight upload without reverting cloud or device (9.236705ms)
✔ a cloud-restore fingerprint resolve after account drift returns false without publishing obsolete status (9.262504ms)
✔ a cloud-restore fingerprint reject after account drift returns false without publishing obsolete status (4.136132ms)
✔ a cloud-restore fingerprint resolve after project drift returns false without publishing obsolete status (8.538307ms)
✔ a cloud-restore fingerprint reject after project drift returns false without publishing obsolete status (6.50633ms)
✔ a cloud-restore fingerprint resolve after local-record drift returns false without publishing obsolete status (9.467624ms)
✔ a cloud-restore fingerprint reject after local-record drift returns false without publishing obsolete status (5.273393ms)
✔ a rejected current cloud-restore fingerprint returns false, preserves durable data and reports unconfirmed backup (5.388248ms)
✔ cloud-restore acknowledgement owner-quota failure returns a boolean and keeps the durable restored record (4.059867ms)
✔ cloud-restore acknowledgement document-read failure returns a boolean and keeps the durable restored record (4.011543ms)
✔ a clean-reload confirmation fingerprint resolve after account B cannot publish account A status (11.503537ms)
✔ a clean-reload confirmation fingerprint reject after account B cannot publish account A status (7.369567ms)
✔ confirmation bootstrap after a clean reload is tied to the actual persisted document (8.65212ms)
✔ confirmation bootstrap after a dirty reload preserves device work and historical cloud time (19.673336ms)
✔ a coherently hydrated external-tab edit cannot inherit another tab’s current-document confirmation (6.192766ms)
✔ a pending cloud SELECT cannot replace data after account switch (2.862173ms)
✔ a pending cloud SELECT cannot replace data after project switch (0.93166ms)
✔ a pending cloud SELECT cannot replace data after logout and reauthentication as the same account (0.849807ms)
✔ a pending cloud SELECT cannot replace data after an explicit local import barrier (0.895677ms)
✔ a pending cloud SELECT cannot replace data after newer saved personal writing (0.599568ms)
✔ a reviewed cloud restore is checked inside the write lock after account switch (11.933683ms)
✔ a reviewed cloud restore is checked inside the write lock after project switch (2.445423ms)
✔ a reviewed cloud restore is checked inside the write lock after logout and reauthentication as the same account (5.52813ms)
✔ a reviewed cloud restore is checked inside the write lock after an explicit local import barrier (2.244268ms)
✔ a reviewed cloud restore is checked inside the write lock after newer saved personal writing (1.831783ms)
✔ an unchanged reviewed cloud record commits once and records its scoped sync (4.285078ms)
✔ manual sync cannot fall back to uploading a captured previous-account snapshot (0.58751ms)
✔ a delayed automatic backup remains bound to its original account (0.359955ms)
✔ an old upload success cannot mark or emit the new cloud scope (3.357353ms)
✔ an old upload failure cannot mark or emit the new cloud scope (5.790637ms)
✔ fresh OTP sign-in cannot overwrite existing cloud work on the first ordinary save (7.536961ms)
✔ an absent cloud row is inserted once and acknowledges the returned server version and exact data (11.462054ms)
✔ offline SELECT throws and reconnect retain both records (3.449142ms)
✔ offline SELECT resolved and reconnect retain both records (1.729087ms)
✔ shared device A→B→A cannot reuse the historical acknowledgement of A after B owns the record (19.314162ms)
✔ a stale upload SELECT after account cannot write or alter current-scope status (1.378006ms)
✔ a stale upload SELECT after project cannot write or alter current-scope status (1.322542ms)
✔ a stale upload SELECT after logout-return cannot write or alter current-scope status (0.984871ms)
✔ a stale upload SELECT after local-edit cannot write or alter current-scope status (1.081588ms)
✔ a stale upload SELECT after import cannot write or alter current-scope status (0.992603ms)
✔ same-version remote content changed at the fresh read cannot authorize overwrite (4.780447ms)
✔ canonical acknowledgement treats reordered object keys as equal, but retains array order (5.755053ms)
✔ a changed remote version between SELECT and UPDATE yields zero rows and never acknowledges success (3.271474ms)
✔ an absent-row insert race preserves the winning cloud record and holds the import token (1.447622ms)
✔ empty returned write representation never acknowledges or clears import intent (1.19512ms)
✔ missing returned write representation never acknowledges or clears import intent (5.163968ms)
✔ invalid-data returned write representation never acknowledges or clears import intent (1.224754ms)
✔ invalid-version returned write representation never acknowledges or clears import intent (1.409604ms)
✔ multiple returned write representation never acknowledges or clears import intent (1.440501ms)
✔ a legacy timestamp-only acknowledgement cannot authorize an existing-row upload (1.333258ms)
✔ previewing or declining a cloud restore creates no acknowledgement and later saves remain held (1.815048ms)
✔ accepted cloud restore acknowledges the raw fetched JSON, including omitted legacy course data (9.017322ms)
✔ an explicit import facing unacknowledged existing cloud keeps bytes/token and cannot bypass review protection (2.184457ms)
✔ an explicit import into absent cloud can insert and clear only its still-current token (3.640051ms)
✔ a late write response cannot acknowledge a new account or clear a newer import token (2.406453ms)
✔ a write response cannot clear an import created while that same account upload waited (3.655614ms)
✔ acknowledgement storage failure does not report sync success or clear imported intent (4.104694ms)
✔ hash failure cannot mutate cloud or acknowledge the local record (4.808791ms)
✔ awaited remote fingerprint after account cannot authorize a stale write (5.8987ms)
✔ awaited remote fingerprint after local-edit cannot authorize a stale write (2.989426ms)
✔ awaited remote fingerprint after import cannot authorize a stale write (4.347292ms)
✔ a malformed-data SELECT pauses upload without choosing a winner (0.950739ms)
✔ a invalid-version SELECT pauses upload without choosing a winner (0.727021ms)
✔ successful upload acknowledges the actual returned server version rather than the attempted client timestamp (2.103975ms)
✔ a rejected reviewed restore cannot establish cloud acknowledgement (1.822609ms)
✔ a regressed clock advances the conditional write beyond remote microseconds 2040-01-01T00:00:00.999999Z (6.382733ms)
✔ a regressed clock advances the conditional write beyond remote microseconds 2040-01-01T00:00:00.000001+00:00 (3.751299ms)
✔ a valid returned document differing from the sent snapshot cannot establish upload permission (2.358892ms)
✔ a represented conditional write that fails to advance its version cannot be acknowledged (2.71479ms)
✔ an absent-row insert is not attempted when payload hashing is unavailable (1.220168ms)
✔ another owner recorded during hashing invalidates an earlier acknowledgement without changing device bytes (4.786146ms)
✔ another owner recorded during an upload response cannot be overwritten by its late acknowledgement (1.423164ms)
✔ an acknowledgement storage-read failure after durable restore returns false and preserves the restored record (1.288922ms)
✔ a rejected SELECT after a newer local save cannot replace that newer status (1.255591ms)
✔ a manual preview stays paused without acknowledging cloud work until an accepted commit (3.484816ms)
✔ manual review exposes unacknowledged/changed cloud at -1000ms while default startup policy remains unchanged (2.446024ms)
✔ manual review exposes unacknowledged/changed cloud at 0ms while default startup policy remains unchanged (2.406764ms)
✔ manual review exposes unacknowledged/changed cloud at 1000ms while default startup policy remains unchanged (3.417884ms)
✔ known limitation: a legacy same-version mutation after SELECT can pass timestamp-only CAS (4.825116ms)
✔ levels and monthly limits match the plan (2.230266ms)
✔ the highest active RevenueCat entitlement wins; expired ones do not count (0.387817ms)
✔ the tier cache is fresh for ten minutes (0.219973ms)
✔ requests are validated, trimmed and may be empty for a status check (0.598687ms)
✔ crisis words in English, Turkish and Spanish are caught; everyday worry is not (3.371164ms)
✔ the prompt sets the persona, safety rules and reply language; context reaches only the coach level (0.372684ms)
✔ the function keeps secrets and message text out of code and logs (0.450593ms)
✔ no AI provider secret is referenced from the app bundle code (31.76615ms)
✔ lightweight course previews and restore metadata match each real edition (2.313964ms)
✔ English editions keep every course and lesson ID of the Turkish edition (1.326678ms)
✔ every English lesson goes deeper and tells an example story (2.677224ms)
✔ every course and lesson has a real, distinct photo with alt text (0.400606ms)
✔ technique cards name their origin, give doable steps and say honestly what the evidence supports (1.2548ms)
✔ every course states its purpose, scope and outcome, with usable lesson durations (0.472967ms)
✔ the bibliography distinguishes research from guidance and includes usable HTTPS references and limitations (1.125805ms)
✔ every lesson cites existing sources and every advertised research source is used (0.380977ms)
✔ each lesson has two reading paragraphs, three distinct practice instructions and reflection support (4.070232ms)
✔ each lesson offers three distinct answers, one valid correct index and explanatory feedback (1.212416ms)
✔ every lesson has one visual; charts quote a source the lesson cites (0.68034ms)
✔ Spanish editions mirror the English structure (4.885807ms)
✔ Spanish source ids are unique (0.186432ms)
✔ stable course IDs keep their ordered lesson IDs for stored progress (1.026454ms)
✔ every course and lesson has a real, distinct photo with Turkish alt text (3.88369ms)
✔ technique cards name their origin, give doable steps and say honestly what the evidence supports (0.971881ms)
✔ every course states its purpose, scope and outcome, with usable lesson durations (0.417652ms)
✔ the bibliography distinguishes research from guidance and includes usable HTTPS references and limitations (1.020496ms)
✔ every lesson cites existing sources and every advertised research source is used (0.469901ms)
✔ each lesson has two reading paragraphs, three distinct practice instructions and reflection support (3.449903ms)
✔ each lesson offers three distinct answers, one valid correct index and explanatory feedback (0.946833ms)
✔ every lesson has one visual; charts quote a source the lesson cites (0.547919ms)
✔ every untouched course previews its real edition without creating saved learning (3.390664ms)
✔ a saved tick, answer zero, reflection or completion constitutes learning, unlike a blank record (8.457545ms)
✔ saved progress resumes each of the 103 actual lessons across all three editions and Today agrees (28.219114ms)
✔ a later draft cannot skip unfinished prerequisite lessons (0.461429ms)
✔ workbook-only plans stay available for review without inventing lesson progress (0.701642ms)
✔ ordinary saves retain an explicit view while account and same-account backup replacement invalidate it (0.157418ms)
✔ course entry instructions have matching localized keys and keep the actual lesson-number placeholder (0.390551ms)
✔ all 18 courses have distinct, actionable guides in every supported language (1.313699ms)
✔ studio is optional and initially collapsed; completed courses open their transfer practice (32.191678ms)
✔ new plans preserve optionality and keep an independent copy of private fields (0.606008ms)
✔ untrusted backup data cannot introduce unknown courses, malformed dates, duplicate entries, or oversized notes (0.773201ms)
✔ retrying the same journal entry is idempotent; paused and adapted entries retain honest observations (0.419455ms)
✔ journal keeps the most recent bounded entries and does not mutate input during normalization (0.450903ms)
✔ calendar validation handles leap days, impossible dates, and week/month/year transitions (0.190438ms)
✔ due review needs a usable plan; completing review sets a fresh revisit without losing reflection (0.160784ms)
✔ course progress saves and completed lessons keep the plan, journal, and review after an interrupted round trip (0.950569ms)
✔ a practice plan cannot unlock lessons or manufacture completion (0.331061ms)
✔ a localized portable artifact retains ordinary private text without embedding executable HTML (0.22467ms)
✔ rapid edits remain visible and are replayed in order under serialized persistence (7.564062ms)
✔ failed drafts survive later edits and a retry rebases them over unrelated saved work (0.492956ms)
✔ same-tab save notifications retain newer input while an earlier batch is committing (0.382439ms)
✔ unexpected persistence exceptions preserve private work and allow a later successful save (0.241927ms)
✔ retry clicked while a failed write is settling starts a fresh persistence attempt (0.304571ms)
✔ malformed and unsupported records recover to separate empty states (1.524739ms)
✔ unknown IDs and properties are discarded; checklists are resized with strict booleans (0.466827ms)
✔ negative, fractional, nonnumeric and out-of-range answers do not satisfy a lesson (0.582682ms)
✔ notes are bounded while their newlines and ordinary content survive (0.147564ms)
✔ tampered completion cannot bypass the exercise, answer or preceding lessons (0.254406ms)
✔ valid completed prefixes survive independently for different courses (0.212001ms)
✔ draft updates are immutable and cannot mark a lesson complete (0.222627ms)
✔ completion follows the real course in order and is idempotent (1.10927ms)
✔ editing a completed prerequisite revalidates later lessons without losing drafts (0.425424ms)
✔ caller-supplied lesson and course objects cannot change the answer or bypass a course (0.236107ms)
✔ saving and reloading preserve a completed lesson and an unfinished draft (1.502655ms)
✔ blocked storage and quota failures are reported without throwing (1.025823ms)
✔ a decision kept today takes priority over array order and an older active carry-over (1.381352ms)
✔ a newly chosen decision after a kept one remains actionable today (0.154253ms)
✔ yesterday’s completion, archived decisions, invalid timestamps and future plans never masquerade as today (0.17128ms)
✔ daily decisions use the local calendar around UTC midnight in both timezone directions (0.387206ms)
✔ a missed weekly review remains available on Wednesday and follows local Sunday boundaries (1.349093ms)
✔ weekly evidence counts actual distinct days and bounds entries to the reviewed calendar week (7.658795ms)
✔ an unfinished decision can be reviewed without inventing completed progress (0.214465ms)
✔ saving and editing a daily reflection preserves other pages, rewards once, and survives JSON backup replacement (5.68038ms)
✔ course continuation resumes selected work before the suggested course and advances to the actual incomplete lesson (0.354516ms)
✔ course continuation recognizes an interrupted first answer of zero and never offers an already completed course (0.295077ms)
✔ daily loop copy has explicit matching nonempty English, Turkish and Spanish strings (0.215967ms)
✔ concurrent retries of a kept daily decision record evidence and reward exactly once (16.512069ms)
✔ deep backup safety: reject unparseable notebook day before replacing any storage (5.347717ms)
✔ deep backup safety: reject impossible calendar day before replacing any storage (1.245596ms)
✔ deep backup safety: reject object mood rendered in journal before replacing any storage (0.888095ms)
✔ deep backup safety: reject object prompt assigned to editor before replacing any storage (0.947394ms)
✔ deep backup safety: reject unknown kind hidden by every writing surface before replacing any storage (1.408914ms)
✔ deep backup safety: reject unparseable gratitude day before replacing any storage (1.035498ms)
✔ deep backup safety: reject invalid writing activity day before replacing any storage (0.835916ms)
✔ deep backup safety: reject invalid ledger day before replacing any storage (0.828654ms)
✔ deep backup safety: reject object activity transaction reference before replacing any storage (0.834824ms)
✔ deep backup safety: reject invalid 369 start day before replacing any storage (1.090311ms)
✔ deep backup safety: reject invalid 369 history day before replacing any storage (0.751237ms)
✔ deep backup safety: reject object archive marker hiding a practice before replacing any storage (0.789856ms)
✔ deep backup safety: reject object 369 day timestamp before replacing any storage (0.668402ms)
✔ deep backup safety: reject dream instant producing an invalid display day before replacing any storage (0.485095ms)
✔ deep backup safety: reject invalid course attempt day silently dropping a note before replacing any storage (0.836196ms)
✔ deep backup safety: reject invalid course review due date before replacing any storage (0.735243ms)
✔ deep backup safety: reject invalid course review completion date before replacing any storage (0.659999ms)
✔ deep backup safety: legitimate exported writing, legacy moods, and leap days roundtrip and render (37.986332ms)
✔ deep backup safety: legacy backups without a notebook retain dream fields and local courses (0.731607ms)
✔ an earlier account sync timestamp cannot hide another account cloud record (13.84372ms)
✔ a legacy unscoped timestamp is not proof that this account is synchronized (1.533081ms)
✔ an account deletion response cannot sign out a later signed-in account (0.868515ms)
✔ an account deletion response cannot clear a new project connection (0.596013ms)
✔ a late cloud coach reply cannot be accepted in another account scope (23.409292ms)
✔ account deletion cannot start with another account after awaiting the client (0.36326ms)
✔ cloud coach context consent is isolated between accounts and projects (0.260765ms)
✔ a token refresh keeps the current account coach request valid (0.624856ms)
✔ a project change while reading a coach response also expires its content (0.348107ms)
✔ stopping the coach cancels a response body still being downloaded (0.576523ms)
✔ a queued backup cannot upload a local document rolled back while it waited (12.405953ms)
✔ the latest queued backup still uploads after a preceding slower backup (4.581246ms)
✔ returning to an earlier account cannot reuse its timestamp for another account local record (5.782495ms)
✔ a replaced dataset cannot inherit this account historical synchronization proof (2.618765ms)
✔ an owner-metadata quota failure cannot advertise a newer synchronized local record (5.935036ms)
✔ every localized course can complete and carry its notes into the other editions (19.985708ms)
✔ practice calendar keeps the local day across UTC midnight and daylight-saving weeks (0.651457ms)
✔ a transient personal-record read failure cannot replace already saved course work with an empty fallback (1.905776ms)
✔ a blocked-save session retains private edits and warning after its only view unmounts, then retries successfully (0.512646ms)
✔ explicit replacement cancels a queued old draft while allowing new edits to save after the lock releases (0.710606ms)
✔ a transient legacy-course read failure cannot overwrite the previous separate course record (0.390681ms)
✔ a different tab replacement discards old private draft before replay even when its storage event has not arrived (1.823801ms)
✔ other-tab provisional replacement notifications wait for rollback before inspecting epochs or discarding private drafts (1.397155ms)
✔ same-tab course publication runs under the lock before another tab can project a provisional replacement (0.636273ms)
✔ purchases and payments committed within one clock tick keep distinct identities (4.276164ms)
✔ habit completion dates agree with the local Today calendar on either side of UTC midnight (1.555225ms)
✔ habit yesterday and streaks count actual calendar dates through both DST changes (0.301877ms)
✔ habits roll over at local midnight and keep the previous local day history (1.716408ms)
✔ rollover fallback converts the last-opened instant to its local day (0.634831ms)
✔ date-only values display their saved day while timestamps retain instant conversion (14.730392ms)
✔ calendar formatting rejects normalized impossible days and keeps invalid values readable (0.306815ms)
✔ habit reward identity survives undo, reload and UTC midnight without paying the same local day twice (0.331182ms)
✔ local midnight cannot earn the same habit twice in the UTC reward day (0.127643ms)
✔ habit and check-in rewards share the notebook UTC ceiling, including partial and exhausted budgets (0.192562ms)
✔ a profile save captured before a decision completion retains the kept decision and its evidence (20.585206ms)
✔ concurrent purchases retain both dreams and both payments (2.539996ms)
✔ concurrent purchase checks reject a second claim for the same dream (6.395382ms)
✔ concurrent purchases check affordability against the payment that committed first (1.253277ms)
✔ concurrent savings additions retain both amounts and log entries (1.64496ms)
✔ disjoint profile changes from the same baseline both survive (0.907694ms)
✔ conflicting edits to the same profile field reject before any write and notify the UI (1.140597ms)
✔ an intentional mission deletion and reorder survive a disjoint newer settings save (0.839491ms)
✔ concurrent edits to the mission array reject rather than inventing a merged list (0.737597ms)
✔ even an identical explicit restore invalidates snapshots that were captured before it (1.657109ms)
✔ a profile write queued behind a restore cannot resurrect pre-restore writing (1.847687ms)
✔ legacy records missing transactions can merge a settings edit after a course-only write (0.656013ms)
✔ clearing and recreating the personal record invalidates earlier editable snapshots (0.649083ms)
✔ deleting imported own magic keys while another nested field changes never revives them (0.808845ms)
✔ mission evidence, generated bridges and savings logs keep unique IDs in a single clock tick (3.396211ms)
✔ all 160 shipped English cue identities/text hashes match the 11 runtime sessions (1.727255ms)
✔ every public MP3 byte count/checksum matches delivered metadata and no model/runtime is shipped (22.987614ms)
✔ all shipped decoded/container durations fit the original cue windows with at least250ms margin (2.911568ms)
✔ service worker leaves narration to the verified on-demand cache and does not precache MP3s (0.335237ms)
✔ levels are ordered free < essentials < pro < coach (1.376785ms)
✔ coach message allowances follow the product spec (0.129536ms)
✔ essential courses exist, and Turning Day is not one of them (it is free for all) (0.222647ms)
✔ nothing is locked where subscriptions cannot be bought (web), at any level (0.282348ms)
✔ free level: Turning Day in full, first lessons of the rest, first sounds of each category (0.137959ms)
✔ essentials opens the six core courses and the whole Sound Room, not the rest (0.205411ms)
✔ pro and coach open every lesson and sound (0.225501ms)
✔ six products: two per paid level, ids match the App Store spec (0.319464ms)
✔ RevenueCat entitlements resolve to the highest active level (0.220905ms)
✔ annual saving is computed from real prices only (0.179152ms)
✔ Stop cancels a cue still waiting for synthesis without starting audio (3.825022ms)
✔ deferred synthesis starts at the latest requested volume 0 (1.417005ms)
✔ deferred audio resume starts at the latest requested volume 0 (0.403561ms)
✔ deferred Settings preview preserves requested volume 0 (0.359324ms)
✔ deferred synthesis starts at the latest requested volume 0.35 (0.631476ms)
✔ deferred audio resume starts at the latest requested volume 0.35 (0.318141ms)
✔ deferred Settings preview preserves requested volume 0.35 (0.307566ms)
✔ a volume change during loading preserves stop protection (0.297531ms)
✔ a volume change during loading preserves pause-resume protection (0.2838ms)
✔ a volume change during loading preserves new-session protection (0.466065ms)
✔ a newer cue owns playback when an older synthesis resolves later (0.338122ms)
✔ Pause then Resume cannot resurrect a cue waiting for synthesis (0.185621ms)
✔ Stop also cancels a cue waiting for the audio context to resume (0.267104ms)
✔ a new cue supersedes one waiting for the audio context to resume (0.306784ms)
✔ Pause and Resume invalidate pending context-resume playback (0.318423ms)
✔ replacement immediately stops active audio while the new clip is pending (0.340986ms)
✔ stale source completion cannot clear or end the new cue (0.394007ms)
✔ Pause and Resume preserve an already-started cue without starting it twice (0.240224ms)
✔ unavailable synthesis reports failure without creating an audio source (0.197619ms)
✔ a failed audio context resume reports failure without starting playback (0.205802ms)
✔ a failed source start reports failure and never announces playback (0.273524ms)
✔ English narration cache stays the same when UI locale changes (35.388518ms)
✔ a Settings preview resolving after Stop cannot start playback (0.255446ms)
✔ a Settings preview resolving after a newer cue cannot interrupt it (0.309218ms)
✔ every approved PNG and both approval manifests remain unchanged (16.972396ms)
✔ served responsive variants match actual lossless bitstream dimensions, hashes, and complete-frame geometry (33.432807ms)
✔ all real course covers and tree stages have deployment-scoped responsive sources and retain PNG fallbacks (24.804194ms)
✔ modern-image failures retry the original; PNG and malformed failures reach the existing final fallback (0.221195ms)
✔ 3D decorative growth preserves 60 kept decisions and 30 extra blossoms (2.871838ms)
✔ 3D display normalizes invalid counts without changing the evidence source (0.224319ms)
✔ static legal pages match src/data/legal.ts (run npx tsx scripts/build-legal.ts) (1.376935ms)
✔ every language has the same sections and names the company (0.261065ms)
✔ privacy policy covers what App Review checks (0.203768ms)
✔ local day keys and day gaps follow the calendar, not UTC (1.754316ms)
✔ evidence lists kept decisions newest first and counts the last seven days (8.008716ms)
✔ comeback is kind after a lapse and silent otherwise (0.322228ms)
✔ fresh starts land on the first of the month and on Mondays (0.111439ms)
✔ simple mode lasts a week or until three kept decisions, and can be switched off (0.260955ms)
✔ the day-14 question appears once, only for people who used decisions (0.301616ms)
✔ the weekly look-back is offered on Sunday and Monday, once per week, and its change lasts a week (0.609863ms)
✔ the chain forgives one missed day a week, but not two in a row or two in a week (0.704046ms)
✔ smart reminders aim 30 minutes before the usual kept time, once there is enough history (0.423872ms)
✔ every sign-up intent points at a real course and offers three easy decisions (107.892029ms)
✔ the reminder voice keeps one line per day and never threatens a streak (1.740495ms)
✔ every iOS project and application build configuration enforces the Safari 16.4 baseline (1.643138ms)
✔ Capacitor sync keeps a compatible generated Swift package floor without lowering the app minimum (150.730958ms)
✔ installed native dependency library floors are compatible with the Swift wrapper and app (0.433406ms)
✔ native metadata cannot override the application minimum with an older target (1.147808ms)
✔ native Settings and Account use the shared code flow with device copy in en (14.086116ms)
✔ native Settings and Account use the shared code flow with device copy in tr (21.197573ms)
✔ native Settings and Account use the shared code flow with device copy in es (20.380436ms)
✔ web backup keeps its inline magic-link form and Account keeps link copy (3.245984ms)
✔ native configured signed-in backup retains sync and sign-out actions (2.330939ms)
✔ unconfigured native cloud does not offer a sign-in request (1.549156ms)
✔ actual cloud request and verification use one injected auth adapter and trim input (1.002317ms)
✔ interrupted setup restores fields without allowing a nameless final step (1.246998ms)
✔ a fresh preview seeds only an empty decision and never overwrites restored or typed text (0.156657ms)
✔ unknown, malformed and oversized setup drafts are safely bounded (0.176147ms)
✔ trial length comes only from a free intro offer (0.742614ms)
✔ native reminders: a week ahead, past times skipped, stable ids (0.703565ms)
✔ native planner rejects malformed times and keeps a bounded week inside its namespace (0.635693ms)
✔ interrupted native scheduling leaves the newest state and preserves other notifications (6.194008ms)
✔ a native plugin error does not prevent the next reminder replacement (0.391984ms)
✔ startup waits for restored account rather than temporarily identifying anonymous (1.705522ms)
✔ known sign-out and rapid identity changes are announced immediately, same-ID retry events remain usable (0.175506ms)
✔ failed authentication hydration stays unbound and never identifies anonymous or reads SDK entitlement (0.199763ms)
✔ dispose during initial hydration prevents any late entitlement initialization (0.160232ms)
✔ retry hydrates a currently unknown account before requesting identity or offerings (0.189167ms)
✔ retry with failed hydration cannot bind anonymous or make a subscription request (0.124879ms)
✔ cloud initialization callers share the real restoration promise and never finish early (37.620527ms)
✔ actual failed cloud restoration remains unknown and a later retry can establish the same account (2.374505ms)
✔ a resolved auth error is unknown identity rather than a verified anonymous account (0.640711ms)
✔ unbound init leaves cached native A untouched and exposes prices without personal claims (2.389487ms)
✔ explicitly binding cached A confirms it without login or logout (0.797187ms)
✔ desired B is recorded during native setup before any cached A customer read (6.970003ms)
✔ failed logout clears A claims synchronously and leaves purchase and restore denied (1.851102ms)
✔ staged A, B, A login requests serialize native identity mutation (5.313485ms)
✔ an A purchase settling after desired B success cannot grant B (1.280228ms)
✔ an A purchase settling after desired B cancellation cannot grant B (0.9183ms)
✔ a failed same-ID login can retry without treating desired ID as confirmed ID (0.486326ms)
✔ an offline refresh for confirmed same A preserves its verified entitlement (1.084121ms)
✔ listener payload is only invalidation and canonical aliases do not impersonate another account (1.50658ms)
✔ late A offerings cannot install A packages or personal claims into desired B (0.968666ms)
✔ late A trial eligibility cannot restore a free-trial claim during a B transition (0.962667ms)
✔ a held A customer load from initialization cannot overwrite a later desired B (3.051821ms)
✔ an A restore settling after desired B fails without applying A customer info (1.206116ms)
✔ defer during a held purchase drops trust without native calls and explicit cached-A rebind refreshes it (0.955878ms)
✔ defer during first native setup cancels the old A load and leaves cached A for an explicit rebind (0.580659ms)
✔ defer and immediate same-A rebind cannot accept the older held A customer snapshot (1.005893ms)
✔ canonical A listener refresh rejects its held snapshot if native identity externally drifts to B (0.734852ms)
✔ initial getAppUserID failure at verification read 1 leaves A unconfirmed/free and retryable (0.418023ms)
✔ initial getAppUserID failure at verification read 2 leaves A unconfirmed/free and retryable (0.238331ms)
✔ initial getAppUserID failure at verification read 3 leaves A unconfirmed/free and retryable (0.253994ms)
✔ initial getAppUserID failure at verification read 4 leaves A unconfirmed/free and retryable (0.303129ms)
✔ initial isAnonymous failure at verification read 1 leaves A unconfirmed/free and retryable (0.230039ms)
✔ initial isAnonymous failure at verification read 2 leaves A unconfirmed/free and retryable (0.221355ms)
✔ initial isAnonymous failure at verification read 3 leaves A unconfirmed/free and retryable (0.239683ms)
✔ initial isAnonymous failure at verification read 4 leaves A unconfirmed/free and retryable (0.196006ms)
✔ native paid gates apply before SDK init and after defer while the free samples stay open (0.231941ms)
✔ web and keyless native gates stay open before init and after defer without loading an SDK (0.219823ms)
✔ purchase cannot commit A after desired B arrives in nested verification microtask depth 2 (2.464631ms)
✔ purchase cannot commit A after desired B arrives in nested verification microtask depth 3 (1.088208ms)
✔ restore cannot commit A after desired B arrives in nested verification microtask depth 2 (1.005331ms)
✔ restore cannot commit A after desired B arrives in nested verification microtask depth 3 (1.402083ms)
✔ init cannot commit A after desired B arrives in nested verification microtask depth 2 (1.124362ms)
✔ init cannot commit A after desired B arrives in nested verification microtask depth 3 (0.866192ms)
✔ offerings failure is retryable without configuring or listening twice (3.790298ms)
✔ concurrent initialization shares one pending configure and plan load (6.883231ms)
✔ failed configuration can retry, while a completed setup remains single (0.648922ms)
✔ listener setup failure retries the listener without configuring again (0.343059ms)
✔ a successful empty offering may retry when plans become available (0.407236ms)
✔ free intro pricing is advertised only for confirmed eligible customers (0.737256ms)
✔ missing or failed eligibility checks keep regular prices and unknown trial status (0.884248ms)
✔ an interrupted eligibility refresh after identity change clears the earlier free-trial claim (0.369279ms)
✔ cancelled, pending and failed purchase errors remain distinct and never grant access (0.947585ms)
✔ a successful store response without the requested entitlement remains unconfirmed (0.329338ms)
✔ confirmed entitlement grants access and later SDK updates retain the real highest level (4.287882ms)
✔ restore distinguishes store failure, successful no-plan check, and active entitlement (0.863989ms)
✔ web and unconfigured native flows never load a purchase SDK or create a purchase (0.267525ms)
✔ free duration uses valid store units and cycles, without inventing 30-day months (0.108064ms)
✔ scoped EN/TR/ES uncertain purchase feedback makes no charge or reminder guarantee (0.312023ms)
✔ preserves the first 300 passages and appends exactly 100 each from faith, science and philosophy in order (2.063975ms)
✔ all 600 sourced passages have unique IDs and bilingual text without recycling legacy lines (38.502443ms)
✔ six notifications stay distinct for 100 full days, then repeat, and match the server snapshot across a year boundary (5.637185ms)
✔ local day remains stable from morning to evening; six-time migration preserves existing preferences (1.023049ms)
✔ legacy three-reminder profiles keep their evening time and gain six distinct reminders (0.255527ms)
✔ migration resolves default collisions only in missing slots and reserves later saved slots first (0.262658ms)
✔ every thinker passage links to a Gutenberg book whose text is kept in docs/quote-sources (12.107781ms)
✔ construction does no fetch/decode; current/upcoming preload reuses the current request (25.113592ms)
✔ Stop aborts loading and no late response starts a source (0.889617ms)
✔ Pause cancels original load; Resume retries current cue with a frozen slot and latest volume (0.880363ms)
✔ Pause→Stop discards current loading retry and Resume does not resurrect it (0.445575ms)
✔ new session cancels old load and only the new session owns audio (0.781853ms)
✔ active pause/resume continues the same cue offset without repeating its start or accepting stale end (1.246708ms)
✔ Replay replaces current source at offset zero and reuses decoded audio (0.675774ms)
✔ latest volume 0 wins after delayed clip loading and changes active gain (0.421187ms)
✔ latest volume 0.35 wins after delayed clip loading and changes active gain (0.384021ms)
✔ latest volume after deferred context resume and Stop/new cue protects pending resume (2.762663ms)
✔ expired loading budget and decoder duration mismatch never start audio (0.881444ms)
✔ missing bytes, bad checksum/source text and nonrunning device fail without invoking a provider (0.793411ms)
✔ verified persisted bytes permit offline replay in a new player; corrupt cached bytes are rejected (2.662842ms)
✔ a definitive recording failure cannot retry on Pause→Resume over a device fallback (0.301997ms)
✔ resumed load failure retains only bounded fallback metadata, never a resumable recording (0.444343ms)
✔ root hosting retains history paths, including direct reloads (0.898731ms)
✔ project hosting keeps every navigation on the same static document (0.335468ms)
✔ landing URLs and non-route fragments do not become unknown routes (0.131589ms)
✔ back/forward hash entries resolve to canonical route IDs (0.17175ms)
✔ icons and service worker URLs stay under their deployment base (0.168986ms)
✔ each person reads and writes only their own backup; anonymous visitors get nothing (1865.853762ms)
✔ an oversized backup is refused (1319.767762ms)
✔ cloud coach counters: people read only their own rows and cannot write or call the increment (1184.055927ms)
✔ the monthly increment stops exactly at the limit and a refund gives one back (1177.059314ms)
✔ a strict Content Security Policy ships with the page (0.921205ms)
✔ index.html has no inline scripts (the CSP forbids them) (0.241035ms)
✔ no raw HTML or eval sinks in the app code (16.063891ms)
✔ links that open a new tab cannot reach back into ODA (5.595231ms)
✔ no secret keys in the shipped code (17.446765ms)
✔ production builds carry no source maps (0.338833ms)
✔ service worker precaches only its project directory (20.670215ms)
✔ standalone support remains available offline without replacing the application shell (8.071721ms)
✔ activation preserves sibling apps and this version media cache (1.754447ms)
✔ notification defaults and legacy targets open the project hash route (2.440966ms)
✔ installed app metadata refreshes instead of retaining the cached identity (2.202875ms)
✔ installed app metadata remains available offline (1.058713ms)
✔ native free direct starts and toggles cannot start an all-paid track (3.01833ms)
✔ downgrade hard-stops owned restricted playing selection without page subscribers (47.619006ms)
✔ downgrade hard-stops owned restricted paused selection without page subscribers (37.957468ms)
✔ downgrade hard-stops owned restricted expired selection without page subscribers (14.768059ms)
✔ owned paid playing selection revokes on identityConfirmed even with a paid cached tier (1.00396ms)
✔ owned paid paused selection revokes on identityConfirmed even with a paid cached tier (0.98397ms)
✔ owned paid expired selection revokes on identityConfirmed even with a paid cached tier (2.184337ms)
✔ owned paid playing selection revokes on identityRevision even with a paid cached tier (0.515881ms)
✔ owned paid paused selection revokes on identityRevision even with a paid cached tier (0.758759ms)
✔ owned paid expired selection revokes on identityRevision even with a paid cached tier (1.420221ms)
✔ same-account confirmed paid access survives offerings loading or failed offline refresh (0.751898ms)
✔ admission reads current purchase state even if a notification has not been emitted (0.260624ms)
✔ live resume and timer change reconcile access even without a purchase notification (1.132395ms)
✔ invalid or mismatched provenance rejects {"sectionId":"relax"} without replacing audio (62.004475ms)
✔ invalid or mismatched provenance rejects {"indexInCategory":3} without replacing audio (37.042463ms)
✔ invalid or mismatched provenance rejects {"sectionId":"focus","indexInCategory":0} without replacing audio (31.6378ms)
✔ invalid or mismatched provenance rejects {"sectionId":"relax","indexInCategory":-1} without replacing audio (35.1252ms)
✔ invalid or mismatched provenance rejects {"sectionId":"relax","indexInCategory":0.5} without replacing audio (31.048407ms)
✔ invalid or mismatched provenance rejects {"sectionId":"relax","indexInCategory":99} without replacing audio (54.850624ms)
✔ essentials admits all catalog origins and preserves the timer and user volume (449.197541ms)
✔ pro admits all catalog origins and preserves the timer and user volume (355.995893ms)
✔ coach admits all catalog origins and preserves the timer and user volume (258.036662ms)
✔ each category first two entries remain free, including duplicate 432 and brown-noise origins (122.877549ms)
✔ omitted-origin admission allows any-free aliases and denies exclusively paid tracks (19.961743ms)
✔ web and unconfigured purchases keep paid sounds open through identity transitions (0.5946ms)
✔ external Focus tibetan_bowls replacement survives Sound Room downgrade (2.522058ms)
✔ external Focus waves replacement survives Sound Room downgrade (49.931107ms)
✔ purchase event during an engine start cannot publish a revoked playing selection (0.819541ms)
✔ purchase event during player publication cannot re-arm the revoked timer (0.641211ms)
✔ external waves replacement during player publication retains its untimed graph (30.928327ms)
✔ external tibetan_bowls replacement during player publication retains its untimed graph (2.268143ms)
✔ an unavailable AudioContext rejects the actual engine start without claiming playback (0.537283ms)
✔ failed buffer allocation retains entitlement ownership of the existing paid graph (22.064125ms)
✔ failed no replacement retains entitlement ownership of the existing paid graph (0.631627ms)
✔ same-track no-op cannot take revocation ownership of an external Focus graph (0.441158ms)
✔ pause publication from SoundRoom cannot fade or time the reentrant external tibetan_bowls graph (2.311149ms)
✔ pause publication from Focus cannot fade or time the reentrant external tibetan_bowls graph (2.978139ms)
✔ pause publication from SoundRoom cannot fade or time the reentrant external waves graph (19.15777ms)
✔ pause publication from Focus cannot fade or time the reentrant external waves graph (16.73086ms)
✔ setTimer publication from SoundRoom cannot fade or time the reentrant external tibetan_bowls graph (2.620928ms)
✔ setTimer publication from Focus cannot fade or time the reentrant external tibetan_bowls graph (1.627154ms)
✔ setTimer publication from SoundRoom cannot fade or time the reentrant external waves graph (23.532259ms)
✔ setTimer publication from Focus cannot fade or time the reentrant external waves graph (19.35246ms)
✔ ordinary PlayerBar timer and pause controls still act on the current external Focus graph (72.161473ms)
✔ silence or an absent audio context cannot publish a playing selection (0.556072ms)
✔ breath pacer runs at about 5.5 breaths a minute (0.744457ms)
✔ breathPhase: inhale first, then exhale, then repeats (0.689744ms)
✔ breathPhase is safe with odd input (0.106982ms)
✔ formatRemaining (0.187464ms)
✔ timer fades: a minute for sleep, short otherwise, never over half the timer (0.153382ms)
✔ arming a timer retains the independent three-second attack and actual stereo loop (108.584849ms)
✔ mute and volume respond immediately at the beginning of a timer fade (56.89556ms)
✔ mute and volume respond immediately at the middle of a timer fade (29.293211ms)
✔ mute and volume respond immediately at the end of a timer fade (17.393274ms)
✔ running fades can shorten but do not extend, and timer cancellation preserves user volume (62.456541ms)
✔ shortening a running fade with a delay cannot restore a louder envelope (117.689264ms)
✔ browsers without cancelAndHold retain the current level when shortening a fade (78.358145ms)
✔ track switches release the previous graph and repeated switches/stops bound resources (737.397205ms)
✔ stop/restart of a tone cancels its initial bowl and recurring callbacks (1.188459ms)
✔ natural bowl endings disconnect their tails while the current ambient drone continues (0.752349ms)
✔ Sound Room timer arming, pause/resume and expiry keep player state and start fade intact (71.44576ms)
✔ external restart of the same track clears the Sound Room countdown and timer selection (101.308081ms)
✔ public support is generated from the same localized help as the app (4.039155ms)
✔ each store locale links to the shipped public support artifact (0.241696ms)
✔ growth keeps an exact capped ledger through every stage boundary and beyond the canopy (7.433495ms)
✔ approved tree pixels and normalized roots match their independent asset manifest (9.471359ms)
✔ rendered paywall claims a free trial only for confirmed eligibility (46.671862ms)
✔ rendered failed offerings include an explicit retry action (6.204674ms)
✔ web paywall keeps free access and does not offer a purchase CTA (5.635733ms)
✔ unconfirmed identity shows truthful verification retry and disables buy and restore even with cached prices (4.410638ms)
✔ pending identity verification does not render a trial or an enabled restore action (2.54916ms)
✔ guided narration keeps original English text and voice with en UI (4.647507ms)
✔ guided narration keeps original English text and voice with tr UI (20.407242ms)
✔ guided narration keeps original English text and voice with es UI (21.663239ms)
✔ English inventory accepts language tags and rejects names or unrelated prefixes (0.403622ms)
✔ an explicitly selected English voice wins over a preferred device name (0.676494ms)
✔ guided speech truthfully reports unavailable with empty inventory (3.247777ms)
✔ guided speech truthfully reports unavailable with non-English inventory (0.21787ms)
✔ late English voice installation refreshes availability and unsubscribe removes listeners (0.46854ms)
✔ Notebook retains verbatim tr text, matching device voice and saved meditation preferences (0.586778ms)
✔ Notebook retains verbatim es text, matching device voice and saved meditation preferences (0.301256ms)
✔ Notebook preserves implicit device language when its voice list has not loaded (0.261956ms)
✔ unsupported device speech does not report available or queued playback (0.163488ms)
✔ empty or disabled cues leave the device queue empty (0.252892ms)
✔ nonzero device volume changes apply to the next utterance without pretending to change active speech (0.751577ms)
✔ zero device volume cancels the owned paused utterance and Resume cannot revive it (0.414978ms)
✔ Stop while device speech is paused lets a new session resume the device queue (0.29051ms)
✔ device cancel failures produce an honest false result (0.262267ms)
✔ device enqueue failures produce an honest false result (0.225632ms)
✔ new cues and Stop detach utterance handlers and ignore captured stale callbacks (0.430652ms)
✔ pause and resume keep the active browser cue, restore speaking state and reject replay while paused (0.247144ms)
✔ stop prevents a delayed provider failure from reviving an obsolete English device cue (0.34331ms)
✔ pause-resume prevents a delayed provider failure from reviving an obsolete English device cue (0.170387ms)
✔ new-cue prevents a delayed provider failure from reviving an obsolete English device cue (0.239743ms)
✔ current provider failure falls back to English device speech; a non-English inventory cannot substitute (0.274105ms)
✔ the optional recorder remains dormant until registration and receives identified current/upcoming cues (0.529562ms)
✔ registered recorder missing clip uses truthful English device fallback without a provider (0.282728ms)
✔ registered recorder overlong clip uses truthful English device fallback without a provider (0.162526ms)
✔ registered recorder wrong language uses truthful English device fallback without a provider (0.405403ms)
✔ registered recorder missing text hash uses truthful English device fallback without a provider (0.216227ms)
✔ registered recorder missing checksum uses truthful English device fallback without a provider (0.21156ms)
✔ registered recorder missing version uses truthful English device fallback without a provider (0.150608ms)
✔ registered recorder wrong cue identity uses truthful English device fallback without a provider (0.25092ms)
✔ registered recorder expired cue slot uses truthful English device fallback without a provider (0.231851ms)
✔ registered recorder unbounded cue slot uses truthful English device fallback without a provider (0.166822ms)
✔ a recorder hash/source verification failure falls back, and absent English speech reports unavailable (0.517173ms)
✔ new cues stop clips and stale recorded callbacks/failures cannot change current playback (0.535311ms)
✔ recorded pause invalidates pending start/fallback even after resume, and Stop invalidates callbacks (0.266664ms)
✔ current recorded load failure falls back to English and unregistering restores device narration (0.276498ms)
✔ synchronous recorded verification and playback errors truthfully queue English fallback (0.270931ms)
✔ a recorded request that already ended cannot later fall back and revive the cue (0.189417ms)
✔ actual playback mode stays loading until recorded start and reports English device fallback (0.314977ms)
✔ a resumed recording failure uses only installed English device speech and rejects stale resume fallback (0.368118ms)
✔ registered recorded volume receives current preference and live zero/nonzero changes (0.285843ms)
ℹ tests 597
ℹ suites 0
ℹ pass 597
ℹ fail 0
ℹ cancelled 0
ℹ skipped 0
ℹ todo 0
ℹ duration_ms 11289.583148
npm notice
npm notice New major version of npm available! 11.9.0 -> 12.2.0
npm notice Changelog: https://github.com/npm/cli/releases/tag/v12.2.0
npm notice To update run: npm install -g npm@12.2.0
npm notice

> oda-one-decision-away@1.0.0 build
> vite build

vite v6.4.3 building for production...
<script src="/one-decision-away/theme-init.js"> in "/index.html" can't be bundled without type="module" attribute
transforming...
✓ 3383 modules transformed.
rendering chunks...
[plugin vite:reporter] 
(!) /workspace/oda-cloud-upload-current-record/src/services/cloudSync.ts is dynamically imported by /workspace/oda-cloud-upload-current-record/src/main.tsx but also statically imported by /workspace/oda-cloud-upload-current-record/src/components/BackupAndCloudSettings.tsx, /workspace/oda-cloud-upload-current-record/src/components/BackupReminder.tsx, /workspace/oda-cloud-upload-current-record/src/components/DailyNudgesSettings.tsx, /workspace/oda-cloud-upload-current-record/src/pages/Account.tsx, /workspace/oda-cloud-upload-current-record/src/pages/Coach.tsx, /workspace/oda-cloud-upload-current-record/src/pages/Upgrade.tsx, /workspace/oda-cloud-upload-current-record/src/services/cloudCoach.ts, /workspace/oda-cloud-upload-current-record/src/services/courseProgress.ts, /workspace/oda-cloud-upload-current-record/src/services/pushNotifications.ts, /workspace/oda-cloud-upload-current-record/src/services/repository.ts, /workspace/oda-cloud-upload-current-record/src/services/useCloudState.ts, /workspace/oda-cloud-upload-current-record/src/store/useApp.tsx, dynamic import will not move module into another chunk.

computing gzip size...
dist/index.html                                                       3.43 kB │ gzip:     1.13 kB
dist/assets/hanken-grotesk-vietnamese-wght-normal-CHiFlh_0.woff2      9.32 kB
dist/assets/hanken-grotesk-latin-ext-wght-normal-Dg-wlmqe.woff2      19.59 kB
dist/assets/newsreader-vietnamese-opsz-normal-BjhtXyW2.woff2         27.25 kB
dist/assets/newsreader-vietnamese-opsz-italic-DTr-ymY4.woff2         27.90 kB
dist/assets/hanken-grotesk-latin-wght-normal-CaVRRdDk.woff2          34.70 kB
dist/assets/newsreader-latin-ext-opsz-normal-BQn1nviT.woff2          86.61 kB
dist/assets/newsreader-latin-ext-opsz-italic-CSPGnFdO.woff2          95.54 kB
dist/assets/newsreader-latin-opsz-normal-s-izfB6B.woff2             132.00 kB
dist/assets/newsreader-latin-opsz-italic-kJKFiXvB.woff2             146.87 kB
dist/assets/aiCoach.worker-C60CQ1Xm.js                            6,039.34 kB
dist/assets/Today-D76Bu5Fr.css                                        4.80 kB │ gzip:     1.29 kB
dist/assets/SoundRoom-CqaeVc25.css                                   10.94 kB │ gzip:     2.71 kB
dist/assets/Courses-dAxxx90S.css                                     26.09 kB │ gzip:     4.85 kB
dist/assets/index-D6Ptr9gO.css                                      108.09 kB │ gzip:    22.67 kB
dist/assets/de-FmFgRqLi.js                                            0.03 kB │ gzip:     0.05 kB
dist/assets/fr-FmFgRqLi.js                                            0.03 kB │ gzip:     0.05 kB
dist/assets/it-FmFgRqLi.js                                            0.03 kB │ gzip:     0.05 kB
dist/assets/ru-FmFgRqLi.js                                            0.03 kB │ gzip:     0.05 kB
dist/assets/web-COHrbtL7.js                                           0.18 kB │ gzip:     0.16 kB
dist/assets/useCloudState-B-1FJ0gV.js                                 0.20 kB │ gzip:     0.18 kB
dist/assets/chevron-right-CnhDWiar.js                                 0.30 kB │ gzip:     0.25 kB
dist/assets/square-D6qAa39b.js                                        0.32 kB │ gzip:     0.26 kB
dist/assets/arrow-up-right-DaCw2OWn.js                                0.34 kB │ gzip:     0.27 kB
dist/assets/search-C6pgm6jG.js                                        0.35 kB │ gzip:     0.28 kB
dist/assets/circle-check-C0ekzXrU.js                                  0.35 kB │ gzip:     0.28 kB
dist/assets/user-round-0xvlus70.js                                    0.36 kB │ gzip:     0.28 kB
dist/assets/rotate-ccw-CDeitohY.js                                    0.37 kB │ gzip:     0.29 kB
dist/assets/index-1_teghHC.js                                         0.38 kB │ gzip:     0.27 kB
dist/assets/mail-DDOEJkno.js                                          0.39 kB │ gzip:     0.31 kB
dist/assets/moon-BBbiQPce.js                                          0.39 kB │ gzip:     0.31 kB
dist/assets/headphones-DlHHjG_Y.js                                    0.41 kB │ gzip:     0.29 kB
dist/assets/timer-5h39UFbz.js                                         0.41 kB │ gzip:     0.29 kB
dist/assets/wind-xERddFB0.js                                          0.42 kB │ gzip:     0.30 kB
dist/assets/archive-BYxnURGM.js                                       0.43 kB │ gzip:     0.31 kB
dist/assets/route-CEJQgQjY.js                                         0.43 kB │ gzip:     0.31 kB
dist/assets/lock-keyhole-CpyEloPq.js                                  0.43 kB │ gzip:     0.33 kB
dist/assets/index-Dw9PjvAe.js                                         0.45 kB │ gzip:     0.28 kB
dist/assets/pencil-CWoBg4gu.js                                        0.45 kB │ gzip:     0.33 kB
dist/assets/pen-line-BeqpskXI.js                                      0.45 kB │ gzip:     0.33 kB
dist/assets/index-GkToMzVD.js                                         0.48 kB │ gzip:     0.29 kB
dist/assets/refresh-cw-20UbpN-N.js                                    0.50 kB │ gzip:     0.33 kB
dist/assets/trash-2-tBK8_ZCo.js                                       0.50 kB │ gzip:     0.32 kB
dist/assets/Focus-LnyiOxlx.js                                         0.53 kB │ gzip:     0.33 kB
dist/assets/share-2-DqI5lCzm.js                                       0.53 kB │ gzip:     0.34 kB
dist/assets/shuffle-CGxy5anO.js                                       0.56 kB │ gzip:     0.35 kB
dist/assets/sun-moon-CEPqZzbn.js                                      0.57 kB │ gzip:     0.38 kB
dist/assets/waves-jF904Xno.js                                         0.60 kB │ gzip:     0.32 kB
dist/assets/sparkles-DbZZWA1s.js                                      0.67 kB │ gzip:     0.39 kB
dist/assets/calendar-days-Bqtvac7r.js                                 0.67 kB │ gzip:     0.37 kB
dist/assets/index-C6l_3OCO.js                                         0.67 kB │ gzip:     0.42 kB
dist/assets/trending-up-BvvwD3i8.js                                   0.69 kB │ gzip:     0.34 kB
dist/assets/index-DXt2yI3M.js                                         0.72 kB │ gzip:     0.41 kB
dist/assets/music-DtQWdxZT.js                                         0.75 kB │ gzip:     0.39 kB
dist/assets/purchaseIdentityBinding-tFcjnp2u.js                       0.78 kB │ gzip:     0.34 kB
dist/assets/web-Z3EahCA1.js                                           0.90 kB │ gzip:     0.43 kB
dist/assets/web-u0EdYNcR.js                                           1.06 kB │ gzip:     0.52 kB
dist/assets/courseEntryCopy-ClIZWujk.js                               1.35 kB │ gzip:     0.72 kB
dist/assets/Legal-CqJlXk3T.js                                         2.00 kB │ gzip:     0.91 kB
dist/assets/growth-CtfcX3mW.js                                        2.07 kB │ gzip:     0.92 kB
dist/assets/account-CIbHtBdQ.js                                       2.95 kB │ gzip:     1.37 kB
dist/assets/Support-DIeAnabI.js                                       3.54 kB │ gzip:     1.25 kB
dist/assets/Seasons-D33H6nSo.js                                       3.65 kB │ gzip:     1.29 kB
dist/assets/rewards-BiwD-fNN.js                                       4.17 kB │ gzip:     1.81 kB
dist/assets/Budget-DgCC43av.js                                        4.45 kB │ gzip:     1.70 kB
dist/assets/web-Bq-uSTED.js                                           4.65 kB │ gzip:     1.40 kB
dist/assets/Evidence-CtqgnGJQ.js                                      5.45 kB │ gzip:     2.00 kB
dist/assets/Tools-BSWBJm1P.js                                         5.60 kB │ gzip:     2.17 kB
dist/assets/Missions-ecjn68Xx.js                                      5.65 kB │ gzip:     2.05 kB
dist/assets/LifeScore-C6JD_dsN.js                                     5.72 kB │ gzip:     1.92 kB
dist/assets/Bridge-BmDXT89Q.js                                        6.53 kB │ gzip:     1.96 kB
dist/assets/FutureSelf-15846qPw.js                                    6.86 kB │ gzip:     1.94 kB
dist/assets/MissionFlows-BmdNLYv3.js                                  8.10 kB │ gzip:     2.50 kB
dist/assets/index-bZEjUj1d.js                                         8.72 kB │ gzip:     3.31 kB
dist/assets/web-BzzINtpJ.js                                          10.19 kB │ gzip:     2.10 kB
dist/assets/purchases-BtZeJDkY.js                                    10.51 kB │ gzip:     3.49 kB
dist/assets/PublicTwoFutures-CQApNN2S.js                             11.24 kB │ gzip:     3.71 kB
dist/assets/Account-j5PWrCMF.js                                      11.76 kB │ gzip:     3.62 kB
dist/assets/support-D5ovitaI.js                                      11.79 kB │ gzip:     4.95 kB
dist/assets/DreamArt-BDZwwmPP.js                                     12.84 kB │ gzip:     2.50 kB
dist/assets/FocusTimerHub-Ce5ttQby.js                                14.88 kB │ gzip:     4.25 kB
dist/assets/Me-0qgEU7GS.js                                           16.31 kB │ gzip:     5.69 kB
dist/assets/Upgrade-B6FJXihs.js                                      19.68 kB │ gzip:     6.40 kB
dist/assets/TwoFutures-BygGGYRT.js                                   19.69 kB │ gzip:     5.43 kB
dist/assets/SoundRoom-CVSxIjEV.js                                    22.10 kB │ gzip:     8.39 kB
dist/assets/media-2mgEiOLR.js                                        23.75 kB │ gzip:     9.29 kB
dist/assets/Bank-Bs-_YGPU.js                                         29.78 kB │ gzip:     8.21 kB
dist/assets/Settings-3G32bKo9.js                                     41.22 kB │ gzip:    12.88 kB
dist/assets/Coach-MaC0rBqV.js                                        48.50 kB │ gzip:    15.86 kB
dist/assets/Notebook-DCFbdfD8.js                                     48.78 kB │ gzip:    14.17 kB
dist/assets/Dreams-3UpMHEVv.js                                       53.11 kB │ gzip:    14.99 kB
dist/assets/DailyMicroHabits-DU-Xt_yr.js                             56.82 kB │ gzip:    14.79 kB
dist/assets/Progress-F57fTZTA.js                                     75.84 kB │ gzip:    18.19 kB
dist/assets/Courses-BVqaqbw9.js                                     118.04 kB │ gzip:    37.99 kB
dist/assets/motion-HNvQpnN_.js                                      128.88 kB │ gzip:    42.38 kB
dist/assets/Today-DQcsNBVK.js                                       140.16 kB │ gzip:    43.47 kB
dist/assets/supabase--wUpN4Ei.js                                    228.14 kB │ gzip:    59.28 kB
dist/assets/react-5GCfeWye.js                                       229.42 kB │ gzip:    71.53 kB
dist/assets/genai-DNIGCYRr.js                                       409.93 kB │ gzip:    72.77 kB
dist/assets/charts-Bzd-XkHo.js                                      431.58 kB │ gzip:   124.87 kB
dist/assets/tr-Bxmf0hre.js                                          561.31 kB │ gzip:   219.30 kB
dist/assets/es-D_dh5elY.js                                          573.76 kB │ gzip:   217.65 kB
dist/assets/index-Bq6qExhA.js                                       948.34 kB │ gzip:   307.58 kB
dist/assets/courses-CKtnra3s.js                                   2,510.75 kB │ gzip:   813.28 kB
dist/assets/index-BMm9S-UO.js                                     5,959.05 kB │ gzip: 2,123.39 kB

(!) Some chunks are larger than 700 kB after minification. Consider:
- Using dynamic import() to code-split the application
- Use build.rollupOptions.output.manualChunks to improve chunking: https://rollupjs.org/configuration-options/#output-manualchunks
- Adjust chunk size limit for this warning via build.chunkSizeWarningLimit.
✓ built in 10.37s
npm notice
npm notice New major version of npm available! 11.9.0 -> 12.2.0
npm notice Changelog: https://github.com/npm/cli/releases/tag/v12.2.0
npm notice To update run: npm install -g npm@12.2.0
npm notice
npm notice
npm notice New major version of npm available! 11.9.0 -> 12.2.0
npm notice Changelog: https://github.com/npm/cli/releases/tag/v12.2.0
npm notice To update run: npm install -g npm@12.2.0
npm notice
