✔ legacy course storage migrates into the personal record without changing other data (19.988222ms)
✔ course edits, completion, experiment plans and logs roundtrip through JSON backup (18.232299ms)
✔ a stale save from another feature retains newer lesson notes and practice logs (3.19002ms)
✔ a legacy backup keeps local courses; an explicit empty course backup clears them (9.315323ms)
✔ validation rejects malformed personal, notebook and course data before any storage write (8.800844ms)
✔ quota failures keep the entire previous record and legacy key intact, and a retry succeeds (3.430905ms)
✔ unreadable main data is never replaced by a course-only save (1.353499ms)
✔ lesson edits and re-completion retain the real-world experiment history (0.269838ms)
✔ course mutations wait for the shared write lock and rebase onto a concurrent notebook commit (0.965292ms)
✔ ledger and notebook rewards retain one UTC ceiling when the local decision day differs (22.091056ms)
✔ cloud upload captures current courses and invalid cloud backups leave local storage untouched (59.277336ms)
✔ cloud previews do not change last-sync or local data until the reviewed record is committed (4.56423ms)
✔ a matching current durable document uploads and records current plus historical confirmation (20.980093ms)
✔ a stale rendered profile payload cannot roll acknowledged cloud work backward (24.316365ms)
✔ a stale rendered notebook payload cannot roll acknowledged cloud work backward (12.751997ms)
✔ a stale rendered futureSelf payload cannot roll acknowledged cloud work backward (6.701587ms)
✔ missing authoritative local record rejects a push before any cloud query (5.401748ms)
✔ invalid-json authoritative local record rejects a push before any cloud query (6.867117ms)
✔ invalid-document authoritative local record rejects a push before any cloud query (13.777569ms)
✔ a course-only stale caller uses the existing latest-course normalization and can upload (8.261468ms)
✔ an ordinary repository save invalidates current confirmation immediately and retains history (4.496808ms)
✔ a durable Notebook action invalidates confirmation without waiting for its debounce (3.57284ms)
✔ a durable course save invalidates confirmation without requiring the AppProvider event listener (4.958286ms)
✔ a save suppressed by its account guard still makes the current durable document dirty (3.116638ms)
✔ a failed durable repository write preserves previous current confirmation (5.707481ms)
✔ a failed durable notebook write preserves previous current confirmation (17.181533ms)
✔ a failed durable course write preserves previous current confirmation (7.531762ms)
✔ dirty startup does not automatically restore the same acknowledged cloud baseline over newer device work (4.085085ms)
✔ an old in-flight upload retains its remote baseline while the latest durable document remains dirty (11.713164ms)
✔ the latest queued durable payload updates after an older in-flight upload without reverting cloud or device (16.531168ms)
✔ a cloud-restore fingerprint resolve after account drift returns false without publishing obsolete status (10.595111ms)
✔ a cloud-restore fingerprint reject after account drift returns false without publishing obsolete status (10.438945ms)
✔ a cloud-restore fingerprint resolve after project drift returns false without publishing obsolete status (12.313142ms)
✔ a cloud-restore fingerprint reject after project drift returns false without publishing obsolete status (29.629439ms)
✔ a cloud-restore fingerprint resolve after local-record drift returns false without publishing obsolete status (38.1833ms)
✔ a cloud-restore fingerprint reject after local-record drift returns false without publishing obsolete status (21.461773ms)
✔ a rejected current cloud-restore fingerprint returns false, preserves durable data and reports unconfirmed backup (8.330994ms)
✔ cloud-restore acknowledgement owner-quota failure returns a boolean and keeps the durable restored record (30.562461ms)
✔ cloud-restore acknowledgement document-read failure returns a boolean and keeps the durable restored record (14.293581ms)
✔ a clean-reload confirmation fingerprint resolve after account B cannot publish account A status (9.918471ms)
✔ a clean-reload confirmation fingerprint reject after account B cannot publish account A status (9.906168ms)
✔ confirmation bootstrap after a clean reload is tied to the actual persisted document (10.353916ms)
✔ confirmation bootstrap after a dirty reload preserves device work and historical cloud time (16.547533ms)
✔ a coherently hydrated external-tab edit cannot inherit another tab’s current-document confirmation (4.556098ms)
✔ a pending cloud SELECT cannot replace data after account switch (3.131531ms)
✔ a pending cloud SELECT cannot replace data after project switch (0.471113ms)
✔ a pending cloud SELECT cannot replace data after logout and reauthentication as the same account (1.164634ms)
✔ a pending cloud SELECT cannot replace data after an explicit local import barrier (0.816787ms)
✔ a pending cloud SELECT cannot replace data after newer saved personal writing (0.806211ms)
✔ a reviewed cloud restore is checked inside the write lock after account switch (12.134762ms)
✔ a reviewed cloud restore is checked inside the write lock after project switch (2.364269ms)
✔ a reviewed cloud restore is checked inside the write lock after logout and reauthentication as the same account (1.924794ms)
✔ a reviewed cloud restore is checked inside the write lock after an explicit local import barrier (2.433565ms)
✔ a reviewed cloud restore is checked inside the write lock after newer saved personal writing (1.652852ms)
✔ an unchanged reviewed cloud record commits once and records its scoped sync (3.374308ms)
✔ manual sync cannot fall back to uploading a captured previous-account snapshot (0.43574ms)
✔ a delayed automatic backup remains bound to its original account (0.332483ms)
✔ an old upload success cannot mark or emit the new cloud scope (5.232002ms)
✔ an old upload failure cannot mark or emit the new cloud scope (10.025138ms)
✔ fresh OTP sign-in cannot overwrite existing cloud work on the first ordinary save (16.703459ms)
✔ an absent cloud row is inserted once and acknowledges the returned server version and exact data (28.271663ms)
✔ offline SELECT throws and reconnect retain both records (11.806074ms)
✔ offline SELECT resolved and reconnect retain both records (5.600879ms)
✔ shared device A→B→A cannot reuse the historical acknowledgement of A after B owns the record (43.228268ms)
✔ a stale upload SELECT after account cannot write or alter current-scope status (10.736966ms)
✔ a stale upload SELECT after project cannot write or alter current-scope status (1.193887ms)
✔ a stale upload SELECT after logout-return cannot write or alter current-scope status (1.038702ms)
✔ a stale upload SELECT after local-edit cannot write or alter current-scope status (1.046273ms)
✔ a stale upload SELECT after import cannot write or alter current-scope status (3.925032ms)
✔ same-version remote content changed at the fresh read cannot authorize overwrite (16.335262ms)
✔ canonical acknowledgement treats reordered object keys as equal, but retains array order (16.876451ms)
✔ a changed remote version between SELECT and UPDATE yields zero rows and never acknowledges success (23.841546ms)
✔ an absent-row insert race preserves the winning cloud record and holds the import token (5.382289ms)
✔ empty returned write representation never acknowledges or clears import intent (1.321131ms)
✔ missing returned write representation never acknowledges or clears import intent (1.114908ms)
✔ invalid-data returned write representation never acknowledges or clears import intent (6.133967ms)
✔ invalid-version returned write representation never acknowledges or clears import intent (1.802409ms)
✔ multiple returned write representation never acknowledges or clears import intent (3.080374ms)
✔ a legacy timestamp-only acknowledgement cannot authorize an existing-row upload (1.446139ms)
✔ previewing or declining a cloud restore creates no acknowledgement and later saves remain held (3.931923ms)
✔ accepted cloud restore acknowledges the raw fetched JSON, including omitted legacy course data (9.803002ms)
✔ an explicit import facing unacknowledged existing cloud keeps bytes/token and cannot bypass review protection (1.384205ms)
✔ an explicit import into absent cloud can insert and clear only its still-current token (3.479018ms)
✔ a late write response cannot acknowledge a new account or clear a newer import token (5.890078ms)
✔ a write response cannot clear an import created while that same account upload waited (2.041952ms)
✔ acknowledgement storage failure does not report sync success or clear imported intent (7.797866ms)
✔ hash failure cannot mutate cloud or acknowledge the local record (10.184169ms)
✔ awaited remote fingerprint after account cannot authorize a stale write (8.481832ms)
✔ awaited remote fingerprint after local-edit cannot authorize a stale write (26.739914ms)
✔ awaited remote fingerprint after import cannot authorize a stale write (6.336544ms)
✔ a malformed-data SELECT pauses upload without choosing a winner (1.04385ms)
✔ a invalid-version SELECT pauses upload without choosing a winner (4.739847ms)
✔ successful upload acknowledges the actual returned server version rather than the attempted client timestamp (3.778351ms)
✔ a rejected reviewed restore cannot establish cloud acknowledgement (3.406237ms)
✔ a regressed clock advances the conditional write beyond remote microseconds 2040-01-01T00:00:00.999999Z (10.207334ms)
✔ a regressed clock advances the conditional write beyond remote microseconds 2040-01-01T00:00:00.000001+00:00 (8.833113ms)
✔ a valid returned document differing from the sent snapshot cannot establish upload permission (9.2935ms)
✔ a represented conditional write that fails to advance its version cannot be acknowledged (8.281529ms)
✔ an absent-row insert is not attempted when payload hashing is unavailable (1.13002ms)
✔ another owner recorded during hashing invalidates an earlier acknowledgement without changing device bytes (10.730566ms)
✔ another owner recorded during an upload response cannot be overwritten by its late acknowledgement (1.46663ms)
✔ an acknowledgement storage-read failure after durable restore returns false and preserves the restored record (1.331916ms)
✔ a rejected SELECT after a newer local save cannot replace that newer status (2.776844ms)
✔ a manual preview stays paused without acknowledging cloud work until an accepted commit (27.251378ms)
✔ manual review exposes unacknowledged/changed cloud at -1000ms while default startup policy remains unchanged (4.325779ms)
✔ manual review exposes unacknowledged/changed cloud at 0ms while default startup policy remains unchanged (2.69519ms)
✔ manual review exposes unacknowledged/changed cloud at 1000ms while default startup policy remains unchanged (2.503029ms)
✔ known limitation: a legacy same-version mutation after SELECT can pass timestamp-only CAS (5.413125ms)
✔ deep backup safety: reject unparseable notebook day before replacing any storage (6.847116ms)
✔ deep backup safety: reject impossible calendar day before replacing any storage (2.222645ms)
✔ deep backup safety: reject object mood rendered in journal before replacing any storage (1.108028ms)
✔ deep backup safety: reject object prompt assigned to editor before replacing any storage (1.113556ms)
✔ deep backup safety: reject unknown kind hidden by every writing surface before replacing any storage (2.466565ms)
✔ deep backup safety: reject unparseable gratitude day before replacing any storage (2.491422ms)
✔ deep backup safety: reject invalid writing activity day before replacing any storage (2.153541ms)
✔ deep backup safety: reject invalid ledger day before replacing any storage (1.101988ms)
✔ deep backup safety: reject object activity transaction reference before replacing any storage (1.112234ms)
✔ deep backup safety: reject invalid 369 start day before replacing any storage (2.238479ms)
✔ deep backup safety: reject invalid 369 history day before replacing any storage (1.101317ms)
✔ deep backup safety: reject object archive marker hiding a practice before replacing any storage (0.859631ms)
✔ deep backup safety: reject object 369 day timestamp before replacing any storage (0.907875ms)
✔ deep backup safety: reject dream instant producing an invalid display day before replacing any storage (0.7394ms)
✔ deep backup safety: reject invalid course attempt day silently dropping a note before replacing any storage (1.483826ms)
✔ deep backup safety: reject invalid course review due date before replacing any storage (0.909496ms)
✔ deep backup safety: reject invalid course review completion date before replacing any storage (0.870358ms)
✔ deep backup safety: legitimate exported writing, legacy moods, and leap days roundtrip and render (63.298364ms)
✔ deep backup safety: legacy backups without a notebook retain dream fields and local courses (0.645898ms)
✔ an earlier account sync timestamp cannot hide another account cloud record (26.216121ms)
✔ a legacy unscoped timestamp is not proof that this account is synchronized (1.962631ms)
✔ an account deletion response cannot sign out a later signed-in account (1.036309ms)
✔ an account deletion response cannot clear a new project connection (0.404492ms)
✔ a late cloud coach reply cannot be accepted in another account scope (31.933878ms)
✔ account deletion cannot start with another account after awaiting the client (0.403721ms)
✔ cloud coach context consent is isolated between accounts and projects (0.256669ms)
✔ a token refresh keeps the current account coach request valid (0.567779ms)
✔ a project change while reading a coach response also expires its content (0.394817ms)
✔ stopping the coach cancels a response body still being downloaded (0.42282ms)
✔ a queued backup cannot upload a local document rolled back while it waited (14.620015ms)
✔ the latest queued backup still uploads after a preceding slower backup (14.808981ms)
✔ returning to an earlier account cannot reuse its timestamp for another account local record (5.924379ms)
✔ a replaced dataset cannot inherit this account historical synchronization proof (4.324968ms)
✔ an owner-metadata quota failure cannot advertise a newer synchronized local record (14.402405ms)
✔ native Settings and Account use the shared code flow with device copy in en (16.183122ms)
✔ native Settings and Account use the shared code flow with device copy in tr (26.807998ms)
✔ native Settings and Account use the shared code flow with device copy in es (41.134388ms)
✔ web backup keeps its inline magic-link form and Account keeps link copy (4.42549ms)
✔ native configured signed-in backup retains sync and sign-out actions (2.981604ms)
✔ unconfigured native cloud does not offer a sign-in request (2.06721ms)
✔ actual cloud request and verification use one injected auth adapter and trim input (1.074917ms)
ℹ tests 149
ℹ suites 0
ℹ pass 149
ℹ fail 0
ℹ cancelled 0
ℹ skipped 0
ℹ todo 0
ℹ duration_ms 1609.476703
