✔ legacy course storage migrates into the personal record without changing other data (6.141738ms)
✔ course edits, completion, experiment plans and logs roundtrip through JSON backup (4.499683ms)
✔ a stale save from another feature retains newer lesson notes and practice logs (3.073403ms)
✔ a legacy backup keeps local courses; an explicit empty course backup clears them (2.60877ms)
✔ validation rejects malformed personal, notebook and course data before any storage write (5.89807ms)
✔ quota failures keep the entire previous record and legacy key intact, and a retry succeeds (2.226771ms)
✔ unreadable main data is never replaced by a course-only save (0.938731ms)
✔ lesson edits and re-completion retain the real-world experiment history (0.380626ms)
✔ course mutations wait for the shared write lock and rebase onto a concurrent notebook commit (1.15555ms)
✔ ledger and notebook rewards retain one UTC ceiling when the local decision day differs (15.969507ms)
✔ cloud upload captures current courses and invalid cloud backups leave local storage untouched (15.48258ms)
✔ cloud previews do not change last-sync or local data until the reviewed record is committed (4.739295ms)
✔ a matching current durable document uploads and records current plus historical confirmation (24.112826ms)
✔ a stale rendered profile payload cannot roll acknowledged cloud work backward (6.226507ms)
✔ a stale rendered notebook payload cannot roll acknowledged cloud work backward (7.645064ms)
✔ a stale rendered futureSelf payload cannot roll acknowledged cloud work backward (5.507128ms)
✔ missing authoritative local record rejects a push before any cloud query (5.167423ms)
✔ invalid-json authoritative local record rejects a push before any cloud query (3.608583ms)
✔ invalid-document authoritative local record rejects a push before any cloud query (3.669305ms)
✔ a course-only stale caller uses the existing latest-course normalization and can upload (10.203448ms)
✔ an ordinary repository save invalidates current confirmation immediately and retains history (4.01293ms)
✔ a durable Notebook action invalidates confirmation without waiting for its debounce (6.03036ms)
✔ a durable course save invalidates confirmation without requiring the AppProvider event listener (4.398669ms)
✔ a save suppressed by its account guard still makes the current durable document dirty (6.064922ms)
✔ a failed durable repository write preserves previous current confirmation (4.541396ms)
✔ a failed durable notebook write preserves previous current confirmation (3.766853ms)
✔ a failed durable course write preserves previous current confirmation (4.816983ms)
✔ dirty startup does not automatically restore the same acknowledged cloud baseline over newer device work (8.790949ms)
✔ an old in-flight upload retains its remote baseline while the latest durable document remains dirty (7.889624ms)
✔ the latest queued durable payload updates after an older in-flight upload without reverting cloud or device (9.855956ms)
✔ confirmation bootstrap after a clean reload is tied to the actual persisted document (4.141049ms)
✔ confirmation bootstrap after a dirty reload preserves device work and historical cloud time (4.263956ms)
✔ a coherently hydrated external-tab edit cannot inherit another tab’s current-document confirmation (3.390924ms)
✔ a pending cloud SELECT cannot replace data after account switch (3.040263ms)
✔ a pending cloud SELECT cannot replace data after project switch (0.418303ms)
✔ a pending cloud SELECT cannot replace data after logout and reauthentication as the same account (0.710476ms)
✔ a pending cloud SELECT cannot replace data after an explicit local import barrier (0.696805ms)
✔ a pending cloud SELECT cannot replace data after newer saved personal writing (0.599207ms)
✔ a reviewed cloud restore is checked inside the write lock after account switch (10.005839ms)
✔ a reviewed cloud restore is checked inside the write lock after project switch (5.443491ms)
✔ a reviewed cloud restore is checked inside the write lock after logout and reauthentication as the same account (2.566506ms)
✔ a reviewed cloud restore is checked inside the write lock after an explicit local import barrier (2.627498ms)
✔ a reviewed cloud restore is checked inside the write lock after newer saved personal writing (3.40823ms)
✔ an unchanged reviewed cloud record commits once and records its scoped sync (10.8328ms)
✔ manual sync cannot fall back to uploading a captured previous-account snapshot (0.760772ms)
✔ a delayed automatic backup remains bound to its original account (0.557635ms)
✔ an old upload success cannot mark or emit the new cloud scope (3.875677ms)
✔ an old upload failure cannot mark or emit the new cloud scope (3.371895ms)
✔ fresh OTP sign-in cannot overwrite existing cloud work on the first ordinary save (8.227155ms)
✔ an absent cloud row is inserted once and acknowledges the returned server version and exact data (13.214687ms)
✔ offline SELECT throws and reconnect retain both records (3.708825ms)
✔ offline SELECT resolved and reconnect retain both records (2.055322ms)
✔ shared device A→B→A cannot reuse the historical acknowledgement of A after B owns the record (16.029819ms)
✔ a stale upload SELECT after account cannot write or alter current-scope status (1.593433ms)
✔ a stale upload SELECT after project cannot write or alter current-scope status (0.964891ms)
✔ a stale upload SELECT after logout-return cannot write or alter current-scope status (1.153857ms)
✔ a stale upload SELECT after local-edit cannot write or alter current-scope status (1.160107ms)
✔ a stale upload SELECT after import cannot write or alter current-scope status (1.615937ms)
✔ same-version remote content changed at the fresh read cannot authorize overwrite (4.059326ms)
✔ canonical acknowledgement treats reordered object keys as equal, but retains array order (6.248781ms)
✔ a changed remote version between SELECT and UPDATE yields zero rows and never acknowledges success (3.634273ms)
✔ an absent-row insert race preserves the winning cloud record and holds the import token (1.852315ms)
✔ empty returned write representation never acknowledges or clears import intent (1.425718ms)
✔ missing returned write representation never acknowledges or clears import intent (2.237207ms)
✔ invalid-data returned write representation never acknowledges or clears import intent (1.508503ms)
✔ invalid-version returned write representation never acknowledges or clears import intent (1.511739ms)
✔ multiple returned write representation never acknowledges or clears import intent (1.524748ms)
✔ a legacy timestamp-only acknowledgement cannot authorize an existing-row upload (1.190152ms)
✔ previewing or declining a cloud restore creates no acknowledgement and later saves remain held (2.489078ms)
✔ accepted cloud restore acknowledges the raw fetched JSON, including omitted legacy course data (5.364612ms)
✔ an explicit import facing unacknowledged existing cloud keeps bytes/token and cannot bypass review protection (1.383935ms)
✔ an explicit import into absent cloud can insert and clear only its still-current token (7.525604ms)
✔ a late write response cannot acknowledge a new account or clear a newer import token (3.217431ms)
✔ a write response cannot clear an import created while that same account upload waited (1.965075ms)
✔ acknowledgement storage failure does not report sync success or clear imported intent (6.258946ms)
✔ hash failure cannot mutate cloud or acknowledge the local record (3.519569ms)
✔ awaited remote fingerprint after account cannot authorize a stale write (3.711729ms)
✔ awaited remote fingerprint after local-edit cannot authorize a stale write (3.715055ms)
✔ awaited remote fingerprint after import cannot authorize a stale write (3.400708ms)
✔ a malformed-data SELECT pauses upload without choosing a winner (1.286949ms)
✔ a invalid-version SELECT pauses upload without choosing a winner (1.210793ms)
✔ successful upload acknowledges the actual returned server version rather than the attempted client timestamp (4.753327ms)
✔ a rejected reviewed restore cannot establish cloud acknowledgement (2.534918ms)
✔ a regressed clock advances the conditional write beyond remote microseconds 2040-01-01T00:00:00.999999Z (6.184963ms)
✔ a regressed clock advances the conditional write beyond remote microseconds 2040-01-01T00:00:00.000001+00:00 (10.477413ms)
✔ a valid returned document differing from the sent snapshot cannot establish upload permission (3.203229ms)
✔ a represented conditional write that fails to advance its version cannot be acknowledged (7.9263ms)
✔ an absent-row insert is not attempted when payload hashing is unavailable (1.591279ms)
✔ another owner recorded during hashing invalidates an earlier acknowledgement without changing device bytes (5.732148ms)
✔ another owner recorded during an upload response cannot be overwritten by its late acknowledgement (1.88913ms)
✔ an acknowledgement storage-read failure after durable restore returns false and preserves the restored record (1.836921ms)
✔ a rejected SELECT after a newer local save cannot replace that newer status (1.086896ms)
✔ a manual preview stays paused without acknowledging cloud work until an accepted commit (2.524131ms)
✔ manual review exposes unacknowledged/changed cloud at -1000ms while default startup policy remains unchanged (3.660892ms)
✔ manual review exposes unacknowledged/changed cloud at 0ms while default startup policy remains unchanged (2.632516ms)
✔ manual review exposes unacknowledged/changed cloud at 1000ms while default startup policy remains unchanged (2.259491ms)
✔ known limitation: a legacy same-version mutation after SELECT can pass timestamp-only CAS (4.666765ms)
✔ deep backup safety: reject unparseable notebook day before replacing any storage (4.722911ms)
✔ deep backup safety: reject impossible calendar day before replacing any storage (1.097391ms)
✔ deep backup safety: reject object mood rendered in journal before replacing any storage (0.913322ms)
✔ deep backup safety: reject object prompt assigned to editor before replacing any storage (0.861825ms)
✔ deep backup safety: reject unknown kind hidden by every writing surface before replacing any storage (1.087497ms)
✔ deep backup safety: reject unparseable gratitude day before replacing any storage (0.872241ms)
✔ deep backup safety: reject invalid writing activity day before replacing any storage (0.871339ms)
✔ deep backup safety: reject invalid ledger day before replacing any storage (0.733821ms)
✔ deep backup safety: reject object activity transaction reference before replacing any storage (0.828775ms)
✔ deep backup safety: reject invalid 369 start day before replacing any storage (0.840482ms)
✔ deep backup safety: reject invalid 369 history day before replacing any storage (0.796325ms)
✔ deep backup safety: reject object archive marker hiding a practice before replacing any storage (0.612697ms)
✔ deep backup safety: reject object 369 day timestamp before replacing any storage (0.689825ms)
✔ deep backup safety: reject dream instant producing an invalid display day before replacing any storage (0.489301ms)
✔ deep backup safety: reject invalid course attempt day silently dropping a note before replacing any storage (0.869015ms)
✔ deep backup safety: reject invalid course review due date before replacing any storage (0.739119ms)
✔ deep backup safety: reject invalid course review completion date before replacing any storage (0.703465ms)
✔ deep backup safety: legitimate exported writing, legacy moods, and leap days roundtrip and render (38.248307ms)
✔ deep backup safety: legacy backups without a notebook retain dream fields and local courses (0.656054ms)
✔ an earlier account sync timestamp cannot hide another account cloud record (16.763314ms)
✔ a legacy unscoped timestamp is not proof that this account is synchronized (2.56288ms)
✔ an account deletion response cannot sign out a later signed-in account (0.877188ms)
✔ an account deletion response cannot clear a new project connection (0.272212ms)
✔ a late cloud coach reply cannot be accepted in another account scope (18.075786ms)
✔ account deletion cannot start with another account after awaiting the client (0.351772ms)
✔ cloud coach context consent is isolated between accounts and projects (0.236828ms)
✔ a token refresh keeps the current account coach request valid (0.541219ms)
✔ a project change while reading a coach response also expires its content (0.328187ms)
✔ stopping the coach cancels a response body still being downloaded (0.438053ms)
✔ a queued backup cannot upload a local document rolled back while it waited (4.705374ms)
✔ the latest queued backup still uploads after a preceding slower backup (10.846972ms)
✔ returning to an earlier account cannot reuse its timestamp for another account local record (5.766581ms)
✔ a replaced dataset cannot inherit this account historical synchronization proof (6.12275ms)
✔ an owner-metadata quota failure cannot advertise a newer synchronized local record (5.088113ms)
✔ native Settings and Account use the shared code flow with device copy in en (11.971194ms)
✔ native Settings and Account use the shared code flow with device copy in tr (20.068438ms)
✔ native Settings and Account use the shared code flow with device copy in es (17.731816ms)
✔ web backup keeps its inline magic-link form and Account keeps link copy (3.682716ms)
✔ native configured signed-in backup retains sync and sign-out actions (2.51676ms)
✔ unconfigured native cloud does not offer a sign-in request (1.902691ms)
✔ actual cloud request and verification use one injected auth adapter and trim input (1.113646ms)
ℹ tests 138
ℹ suites 0
ℹ pass 138
ℹ fail 0
ℹ cancelled 0
ℹ skipped 0
ℹ todo 0
ℹ duration_ms 1050.374875
