✔ legacy course storage migrates into the personal record without changing other data (5.815836ms)
✔ course edits, completion, experiment plans and logs roundtrip through JSON backup (5.043797ms)
✔ a stale save from another feature retains newer lesson notes and practice logs (13.570657ms)
✔ a legacy backup keeps local courses; an explicit empty course backup clears them (2.240172ms)
✔ validation rejects malformed personal, notebook and course data before any storage write (5.222788ms)
✔ quota failures keep the entire previous record and legacy key intact, and a retry succeeds (2.069353ms)
✔ unreadable main data is never replaced by a course-only save (1.108258ms)
✔ lesson edits and re-completion retain the real-world experiment history (0.452275ms)
✔ course mutations wait for the shared write lock and rebase onto a concurrent notebook commit (1.312737ms)
✔ ledger and notebook rewards retain one UTC ceiling when the local decision day differs (20.890499ms)
✔ cloud upload captures current courses and invalid cloud backups leave local storage untouched (16.970615ms)
✔ cloud previews do not change last-sync or local data until the reviewed record is committed (9.699996ms)
✔ a matching current durable document uploads and records current plus historical confirmation (56.446858ms)
✔ a stale rendered profile payload cannot roll acknowledged cloud work backward (11.640274ms)
✔ a stale rendered notebook payload cannot roll acknowledged cloud work backward (4.559663ms)
✔ a stale rendered futureSelf payload cannot roll acknowledged cloud work backward (3.635515ms)
✔ missing authoritative local record rejects a push before any cloud query (3.867916ms)
✔ invalid-json authoritative local record rejects a push before any cloud query (4.724042ms)
✔ invalid-document authoritative local record rejects a push before any cloud query (3.857751ms)
✔ a course-only stale caller uses the existing latest-course normalization and can upload (6.237825ms)
✔ an ordinary repository save invalidates current confirmation immediately and retains history (7.348986ms)
✔ a durable Notebook action invalidates confirmation without waiting for its debounce (5.979984ms)
✔ a durable course save invalidates confirmation without requiring the AppProvider event listener (9.818316ms)
✔ a save suppressed by its account guard still makes the current durable document dirty (6.368212ms)
✔ a failed durable repository write preserves previous current confirmation (3.261168ms)
✔ a failed durable notebook write preserves previous current confirmation (2.685897ms)
✔ a failed durable course write preserves previous current confirmation (22.01053ms)
✔ dirty startup does not automatically restore the same acknowledged cloud baseline over newer device work (5.261366ms)
✔ an old in-flight upload retains its remote baseline while the latest durable document remains dirty (6.544309ms)
✔ the latest queued durable payload updates after an older in-flight upload without reverting cloud or device (11.108478ms)
✔ confirmation bootstrap after a clean reload is tied to the actual persisted document (5.016866ms)
✔ confirmation bootstrap after a dirty reload preserves device work and historical cloud time (4.853848ms)
✔ a coherently hydrated external-tab edit cannot inherit another tab’s current-document confirmation (4.660596ms)
✔ a pending cloud SELECT cannot replace data after account switch (4.11472ms)
✔ a pending cloud SELECT cannot replace data after project switch (0.649413ms)
✔ a pending cloud SELECT cannot replace data after logout and reauthentication as the same account (0.909767ms)
✔ a pending cloud SELECT cannot replace data after an explicit local import barrier (1.160818ms)
✔ a pending cloud SELECT cannot replace data after newer saved personal writing (0.781433ms)
✔ a reviewed cloud restore is checked inside the write lock after account switch (18.827426ms)
✔ a reviewed cloud restore is checked inside the write lock after project switch (9.393492ms)
✔ a reviewed cloud restore is checked inside the write lock after logout and reauthentication as the same account (5.716305ms)
✔ a reviewed cloud restore is checked inside the write lock after an explicit local import barrier (5.949117ms)
✔ a reviewed cloud restore is checked inside the write lock after newer saved personal writing (4.933009ms)
✔ an unchanged reviewed cloud record commits once and records its scoped sync (34.809754ms)
✔ manual sync cannot fall back to uploading a captured previous-account snapshot (1.000805ms)
✔ a delayed automatic backup remains bound to its original account (0.499566ms)
✔ an old upload success cannot mark or emit the new cloud scope (8.086434ms)
✔ an old upload failure cannot mark or emit the new cloud scope (1.676528ms)
✔ fresh OTP sign-in cannot overwrite existing cloud work on the first ordinary save (13.178233ms)
✔ an absent cloud row is inserted once and acknowledges the returned server version and exact data (21.882791ms)
✔ offline SELECT throws and reconnect retain both records (3.742356ms)
✔ offline SELECT resolved and reconnect retain both records (11.577238ms)
✔ shared device A→B→A cannot reuse the historical acknowledgement of A after B owns the record (18.329002ms)
✔ a stale upload SELECT after account cannot write or alter current-scope status (1.445219ms)
✔ a stale upload SELECT after project cannot write or alter current-scope status (1.031832ms)
✔ a stale upload SELECT after logout-return cannot write or alter current-scope status (1.515034ms)
✔ a stale upload SELECT after local-edit cannot write or alter current-scope status (5.224269ms)
✔ a stale upload SELECT after import cannot write or alter current-scope status (1.193437ms)
✔ same-version remote content changed at the fresh read cannot authorize overwrite (5.537594ms)
✔ canonical acknowledgement treats reordered object keys as equal, but retains array order (6.321461ms)
✔ a changed remote version between SELECT and UPDATE yields zero rows and never acknowledges success (5.803357ms)
✔ an absent-row insert race preserves the winning cloud record and holds the import token (3.102558ms)
✔ empty returned write representation never acknowledges or clears import intent (3.645329ms)
✔ missing returned write representation never acknowledges or clears import intent (1.837152ms)
✔ invalid-data returned write representation never acknowledges or clears import intent (1.792925ms)
✔ invalid-version returned write representation never acknowledges or clears import intent (20.570154ms)
✔ multiple returned write representation never acknowledges or clears import intent (2.370188ms)
✔ a legacy timestamp-only acknowledgement cannot authorize an existing-row upload (1.242221ms)
✔ previewing or declining a cloud restore creates no acknowledgement and later saves remain held (2.910638ms)
✔ accepted cloud restore acknowledges the raw fetched JSON, including omitted legacy course data (7.826189ms)
✔ an explicit import facing unacknowledged existing cloud keeps bytes/token and cannot bypass review protection (2.936316ms)
✔ an explicit import into absent cloud can insert and clear only its still-current token (3.385525ms)
✔ a late write response cannot acknowledge a new account or clear a newer import token (2.205509ms)
✔ a write response cannot clear an import created while that same account upload waited (1.559261ms)
✔ acknowledgement storage failure does not report sync success or clear imported intent (5.004137ms)
✔ hash failure cannot mutate cloud or acknowledge the local record (3.060414ms)
✔ awaited remote fingerprint after account cannot authorize a stale write (5.554721ms)
✔ awaited remote fingerprint after local-edit cannot authorize a stale write (3.824911ms)
✔ awaited remote fingerprint after import cannot authorize a stale write (3.06435ms)
✔ a malformed-data SELECT pauses upload without choosing a winner (1.105574ms)
✔ a invalid-version SELECT pauses upload without choosing a winner (1.073045ms)
✔ successful upload acknowledges the actual returned server version rather than the attempted client timestamp (3.356401ms)
✔ a rejected reviewed restore cannot establish cloud acknowledgement (2.402988ms)
✔ a regressed clock advances the conditional write beyond remote microseconds 2040-01-01T00:00:00.999999Z (7.440946ms)
✔ a regressed clock advances the conditional write beyond remote microseconds 2040-01-01T00:00:00.000001+00:00 (5.259092ms)
✔ a valid returned document differing from the sent snapshot cannot establish upload permission (4.366196ms)
✔ a represented conditional write that fails to advance its version cannot be acknowledged (3.837871ms)
✔ an absent-row insert is not attempted when payload hashing is unavailable (1.39369ms)
✔ another owner recorded during hashing invalidates an earlier acknowledgement without changing device bytes (28.618185ms)
✔ another owner recorded during an upload response cannot be overwritten by its late acknowledgement (2.946121ms)
✔ an acknowledgement storage-read failure after durable restore returns false and preserves the restored record (3.426408ms)
✔ a rejected SELECT after a newer local save cannot replace that newer status (1.025873ms)
✔ a manual preview stays paused without acknowledging cloud work until an accepted commit (3.168076ms)
✔ manual review exposes unacknowledged/changed cloud at -1000ms while default startup policy remains unchanged (2.645705ms)
✔ manual review exposes unacknowledged/changed cloud at 0ms while default startup policy remains unchanged (6.305527ms)
✔ manual review exposes unacknowledged/changed cloud at 1000ms while default startup policy remains unchanged (2.86633ms)
✔ known limitation: a legacy same-version mutation after SELECT can pass timestamp-only CAS (3.699191ms)
✔ deep backup safety: reject unparseable notebook day before replacing any storage (6.513602ms)
✔ deep backup safety: reject impossible calendar day before replacing any storage (1.831964ms)
✔ deep backup safety: reject object mood rendered in journal before replacing any storage (0.894544ms)
✔ deep backup safety: reject object prompt assigned to editor before replacing any storage (1.803921ms)
✔ deep backup safety: reject unknown kind hidden by every writing surface before replacing any storage (2.037435ms)
✔ deep backup safety: reject unparseable gratitude day before replacing any storage (1.719624ms)
✔ deep backup safety: reject invalid writing activity day before replacing any storage (1.843752ms)
✔ deep backup safety: reject invalid ledger day before replacing any storage (1.000535ms)
✔ deep backup safety: reject object activity transaction reference before replacing any storage (0.850438ms)
✔ deep backup safety: reject invalid 369 start day before replacing any storage (1.094037ms)
✔ deep backup safety: reject invalid 369 history day before replacing any storage (1.065393ms)
✔ deep backup safety: reject object archive marker hiding a practice before replacing any storage (0.826161ms)
✔ deep backup safety: reject object 369 day timestamp before replacing any storage (0.878691ms)
✔ deep backup safety: reject dream instant producing an invalid display day before replacing any storage (0.698227ms)
✔ deep backup safety: reject invalid course attempt day silently dropping a note before replacing any storage (1.263583ms)
✔ deep backup safety: reject invalid course review due date before replacing any storage (1.39999ms)
✔ deep backup safety: reject invalid course review completion date before replacing any storage (0.881024ms)
✔ deep backup safety: legitimate exported writing, legacy moods, and leap days roundtrip and render (53.781308ms)
✔ deep backup safety: legacy backups without a notebook retain dream fields and local courses (0.790527ms)
✔ an earlier account sync timestamp cannot hide another account cloud record (42.282128ms)
✔ a legacy unscoped timestamp is not proof that this account is synchronized (2.221543ms)
✔ an account deletion response cannot sign out a later signed-in account (0.870237ms)
✔ an account deletion response cannot clear a new project connection (0.294075ms)
✔ a late cloud coach reply cannot be accepted in another account scope (23.445307ms)
✔ account deletion cannot start with another account after awaiting the client (0.331722ms)
✔ cloud coach context consent is isolated between accounts and projects (0.276329ms)
✔ a token refresh keeps the current account coach request valid (1.345757ms)
✔ a project change while reading a coach response also expires its content (0.431273ms)
✔ stopping the coach cancels a response body still being downloaded (0.540598ms)
✔ a queued backup cannot upload a local document rolled back while it waited (7.858278ms)
✔ the latest queued backup still uploads after a preceding slower backup (24.382056ms)
✔ returning to an earlier account cannot reuse its timestamp for another account local record (10.44871ms)
✔ a replaced dataset cannot inherit this account historical synchronization proof (5.556352ms)
✔ an owner-metadata quota failure cannot advertise a newer synchronized local record (12.075073ms)
✔ native Settings and Account use the shared code flow with device copy in en (13.38834ms)
✔ native Settings and Account use the shared code flow with device copy in tr (66.260978ms)
✔ native Settings and Account use the shared code flow with device copy in es (89.1972ms)
✔ web backup keeps its inline magic-link form and Account keeps link copy (3.576835ms)
✔ native configured signed-in backup retains sync and sign-out actions (3.551998ms)
✔ unconfigured native cloud does not offer a sign-in request (2.013158ms)
✔ actual cloud request and verification use one injected auth adapter and trim input (1.207198ms)
ℹ tests 138
ℹ suites 0
ℹ pass 138
ℹ fail 0
ℹ cancelled 0
ℹ skipped 0
ℹ todo 0
ℹ duration_ms 2014.56375
