
> oda-one-decision-away@1.0.0 build
> vite build

vite v6.4.3 building for production...
<script src="/one-decision-away/theme-init.js"> in "/index.html" can't be bundled without type="module" attribute
transforming...
✓ 3383 modules transformed.
rendering chunks...
[plugin vite:reporter] 
(!) /workspace/oda-cloud-upload-current-record/src/services/cloudSync.ts is dynamically imported by /workspace/oda-cloud-upload-current-record/src/main.tsx but also statically imported by /workspace/oda-cloud-upload-current-record/src/components/BackupAndCloudSettings.tsx, /workspace/oda-cloud-upload-current-record/src/components/BackupReminder.tsx, /workspace/oda-cloud-upload-current-record/src/components/DailyNudgesSettings.tsx, /workspace/oda-cloud-upload-current-record/src/pages/Account.tsx, /workspace/oda-cloud-upload-current-record/src/pages/Coach.tsx, /workspace/oda-cloud-upload-current-record/src/pages/Upgrade.tsx, /workspace/oda-cloud-upload-current-record/src/services/cloudCoach.ts, /workspace/oda-cloud-upload-current-record/src/services/courseProgress.ts, /workspace/oda-cloud-upload-current-record/src/services/pushNotifications.ts, /workspace/oda-cloud-upload-current-record/src/services/repository.ts, /workspace/oda-cloud-upload-current-record/src/services/useCloudState.ts, /workspace/oda-cloud-upload-current-record/src/store/useApp.tsx, dynamic import will not move module into another chunk.

computing gzip size...
dist/index.html                                                       3.43 kB │ gzip:     1.13 kB
dist/assets/hanken-grotesk-vietnamese-wght-normal-CHiFlh_0.woff2      9.32 kB
dist/assets/hanken-grotesk-latin-ext-wght-normal-Dg-wlmqe.woff2      19.59 kB
dist/assets/newsreader-vietnamese-opsz-normal-BjhtXyW2.woff2         27.25 kB
dist/assets/newsreader-vietnamese-opsz-italic-DTr-ymY4.woff2         27.90 kB
dist/assets/hanken-grotesk-latin-wght-normal-CaVRRdDk.woff2          34.70 kB
dist/assets/newsreader-latin-ext-opsz-normal-BQn1nviT.woff2          86.61 kB
dist/assets/newsreader-latin-ext-opsz-italic-CSPGnFdO.woff2          95.54 kB
dist/assets/newsreader-latin-opsz-normal-s-izfB6B.woff2             132.00 kB
dist/assets/newsreader-latin-opsz-italic-kJKFiXvB.woff2             146.87 kB
dist/assets/aiCoach.worker-C60CQ1Xm.js                            6,039.34 kB
dist/assets/Today-D76Bu5Fr.css                                        4.80 kB │ gzip:     1.29 kB
dist/assets/SoundRoom-CqaeVc25.css                                   10.94 kB │ gzip:     2.71 kB
dist/assets/Courses-dAxxx90S.css                                     26.09 kB │ gzip:     4.85 kB
dist/assets/index-D6Ptr9gO.css                                      108.09 kB │ gzip:    22.67 kB
dist/assets/de-FmFgRqLi.js                                            0.03 kB │ gzip:     0.05 kB
dist/assets/fr-FmFgRqLi.js                                            0.03 kB │ gzip:     0.05 kB
dist/assets/it-FmFgRqLi.js                                            0.03 kB │ gzip:     0.05 kB
dist/assets/ru-FmFgRqLi.js                                            0.03 kB │ gzip:     0.05 kB
dist/assets/web-COHrbtL7.js                                           0.18 kB │ gzip:     0.16 kB
dist/assets/useCloudState-B-1FJ0gV.js                                 0.20 kB │ gzip:     0.18 kB
dist/assets/chevron-right-CnhDWiar.js                                 0.30 kB │ gzip:     0.25 kB
dist/assets/square-D6qAa39b.js                                        0.32 kB │ gzip:     0.26 kB
dist/assets/arrow-up-right-DaCw2OWn.js                                0.34 kB │ gzip:     0.27 kB
dist/assets/search-C6pgm6jG.js                                        0.35 kB │ gzip:     0.28 kB
dist/assets/circle-check-C0ekzXrU.js                                  0.35 kB │ gzip:     0.28 kB
dist/assets/user-round-0xvlus70.js                                    0.36 kB │ gzip:     0.28 kB
dist/assets/rotate-ccw-CDeitohY.js                                    0.37 kB │ gzip:     0.29 kB
dist/assets/index-1_teghHC.js                                         0.38 kB │ gzip:     0.27 kB
dist/assets/mail-DDOEJkno.js                                          0.39 kB │ gzip:     0.31 kB
dist/assets/moon-BBbiQPce.js                                          0.39 kB │ gzip:     0.31 kB
dist/assets/headphones-DlHHjG_Y.js                                    0.41 kB │ gzip:     0.29 kB
dist/assets/timer-5h39UFbz.js                                         0.41 kB │ gzip:     0.29 kB
dist/assets/wind-xERddFB0.js                                          0.42 kB │ gzip:     0.30 kB
dist/assets/archive-BYxnURGM.js                                       0.43 kB │ gzip:     0.31 kB
dist/assets/route-CEJQgQjY.js                                         0.43 kB │ gzip:     0.31 kB
dist/assets/lock-keyhole-CpyEloPq.js                                  0.43 kB │ gzip:     0.33 kB
dist/assets/index-Dw9PjvAe.js                                         0.45 kB │ gzip:     0.28 kB
dist/assets/pencil-CWoBg4gu.js                                        0.45 kB │ gzip:     0.33 kB
dist/assets/pen-line-BeqpskXI.js                                      0.45 kB │ gzip:     0.33 kB
dist/assets/index-GkToMzVD.js                                         0.48 kB │ gzip:     0.29 kB
dist/assets/refresh-cw-20UbpN-N.js                                    0.50 kB │ gzip:     0.33 kB
dist/assets/trash-2-tBK8_ZCo.js                                       0.50 kB │ gzip:     0.32 kB
dist/assets/Focus-LnyiOxlx.js                                         0.53 kB │ gzip:     0.33 kB
dist/assets/share-2-DqI5lCzm.js                                       0.53 kB │ gzip:     0.34 kB
dist/assets/shuffle-CGxy5anO.js                                       0.56 kB │ gzip:     0.35 kB
dist/assets/sun-moon-CEPqZzbn.js                                      0.57 kB │ gzip:     0.38 kB
dist/assets/waves-jF904Xno.js                                         0.60 kB │ gzip:     0.32 kB
dist/assets/sparkles-DbZZWA1s.js                                      0.67 kB │ gzip:     0.39 kB
dist/assets/calendar-days-Bqtvac7r.js                                 0.67 kB │ gzip:     0.37 kB
dist/assets/index-C6l_3OCO.js                                         0.67 kB │ gzip:     0.42 kB
dist/assets/trending-up-BvvwD3i8.js                                   0.69 kB │ gzip:     0.34 kB
dist/assets/index-DXt2yI3M.js                                         0.72 kB │ gzip:     0.41 kB
dist/assets/music-DtQWdxZT.js                                         0.75 kB │ gzip:     0.39 kB
dist/assets/purchaseIdentityBinding-tFcjnp2u.js                       0.78 kB │ gzip:     0.34 kB
dist/assets/web-Z3EahCA1.js                                           0.90 kB │ gzip:     0.43 kB
dist/assets/web-u0EdYNcR.js                                           1.06 kB │ gzip:     0.52 kB
dist/assets/courseEntryCopy-ClIZWujk.js                               1.35 kB │ gzip:     0.72 kB
dist/assets/Legal-CqJlXk3T.js                                         2.00 kB │ gzip:     0.91 kB
dist/assets/growth-CtfcX3mW.js                                        2.07 kB │ gzip:     0.92 kB
dist/assets/account-CIbHtBdQ.js                                       2.95 kB │ gzip:     1.37 kB
dist/assets/Support-DIeAnabI.js                                       3.54 kB │ gzip:     1.25 kB
dist/assets/Seasons-D33H6nSo.js                                       3.65 kB │ gzip:     1.29 kB
dist/assets/rewards-BiwD-fNN.js                                       4.17 kB │ gzip:     1.81 kB
dist/assets/Budget-DgCC43av.js                                        4.45 kB │ gzip:     1.70 kB
dist/assets/web-Bq-uSTED.js                                           4.65 kB │ gzip:     1.40 kB
dist/assets/Evidence-CtqgnGJQ.js                                      5.45 kB │ gzip:     2.00 kB
dist/assets/Tools-BSWBJm1P.js                                         5.60 kB │ gzip:     2.17 kB
dist/assets/Missions-ecjn68Xx.js                                      5.65 kB │ gzip:     2.05 kB
dist/assets/LifeScore-C6JD_dsN.js                                     5.72 kB │ gzip:     1.92 kB
dist/assets/Bridge-BmDXT89Q.js                                        6.53 kB │ gzip:     1.96 kB
dist/assets/FutureSelf-15846qPw.js                                    6.86 kB │ gzip:     1.94 kB
dist/assets/MissionFlows-BmdNLYv3.js                                  8.10 kB │ gzip:     2.50 kB
dist/assets/index-bZEjUj1d.js                                         8.72 kB │ gzip:     3.31 kB
dist/assets/web-BzzINtpJ.js                                          10.19 kB │ gzip:     2.10 kB
dist/assets/purchases-BtZeJDkY.js                                    10.51 kB │ gzip:     3.49 kB
dist/assets/PublicTwoFutures-CQApNN2S.js                             11.24 kB │ gzip:     3.71 kB
dist/assets/Account-j5PWrCMF.js                                      11.76 kB │ gzip:     3.62 kB
dist/assets/support-D5ovitaI.js                                      11.79 kB │ gzip:     4.95 kB
dist/assets/DreamArt-BDZwwmPP.js                                     12.84 kB │ gzip:     2.50 kB
dist/assets/FocusTimerHub-Ce5ttQby.js                                14.88 kB │ gzip:     4.25 kB
dist/assets/Me-0qgEU7GS.js                                           16.31 kB │ gzip:     5.69 kB
dist/assets/Upgrade-B6FJXihs.js                                      19.68 kB │ gzip:     6.40 kB
dist/assets/TwoFutures-BygGGYRT.js                                   19.69 kB │ gzip:     5.43 kB
dist/assets/SoundRoom-CVSxIjEV.js                                    22.10 kB │ gzip:     8.39 kB
dist/assets/media-2mgEiOLR.js                                        23.75 kB │ gzip:     9.29 kB
dist/assets/Bank-Bs-_YGPU.js                                         29.78 kB │ gzip:     8.21 kB
dist/assets/Settings-3G32bKo9.js                                     41.22 kB │ gzip:    12.88 kB
dist/assets/Coach-MaC0rBqV.js                                        48.50 kB │ gzip:    15.86 kB
dist/assets/Notebook-DCFbdfD8.js                                     48.78 kB │ gzip:    14.17 kB
dist/assets/Dreams-3UpMHEVv.js                                       53.11 kB │ gzip:    14.99 kB
dist/assets/DailyMicroHabits-DU-Xt_yr.js                             56.82 kB │ gzip:    14.79 kB
dist/assets/Progress-F57fTZTA.js                                     75.84 kB │ gzip:    18.19 kB
dist/assets/Courses-BVqaqbw9.js                                     118.04 kB │ gzip:    37.99 kB
dist/assets/motion-HNvQpnN_.js                                      128.88 kB │ gzip:    42.38 kB
dist/assets/Today-DQcsNBVK.js                                       140.16 kB │ gzip:    43.47 kB
dist/assets/supabase--wUpN4Ei.js                                    228.14 kB │ gzip:    59.28 kB
dist/assets/react-5GCfeWye.js                                       229.42 kB │ gzip:    71.53 kB
dist/assets/genai-DNIGCYRr.js                                       409.93 kB │ gzip:    72.77 kB
dist/assets/charts-Bzd-XkHo.js                                      431.58 kB │ gzip:   124.87 kB
dist/assets/tr-Bxmf0hre.js                                          561.31 kB │ gzip:   219.30 kB
dist/assets/es-D_dh5elY.js                                          573.76 kB │ gzip:   217.65 kB
dist/assets/index-Bq6qExhA.js                                       948.34 kB │ gzip:   307.58 kB
dist/assets/courses-CKtnra3s.js                                   2,510.75 kB │ gzip:   813.28 kB
dist/assets/index-BMm9S-UO.js                                     5,959.05 kB │ gzip: 2,123.39 kB

(!) Some chunks are larger than 700 kB after minification. Consider:
- Using dynamic import() to code-split the application
- Use build.rollupOptions.output.manualChunks to improve chunking: https://rollupjs.org/configuration-options/#output-manualchunks
- Adjust chunk size limit for this warning via build.chunkSizeWarningLimit.
✓ built in 10.20s
npm notice
npm notice New major version of npm available! 11.9.0 -> 12.2.0
npm notice Changelog: https://github.com/npm/cli/releases/tag/v12.2.0
npm notice To update run: npm install -g npm@12.2.0
npm notice
