import fs from 'node:fs';
import { createHash } from 'node:crypto';
import { execFileSync } from 'node:child_process';
import { chromium } from '/workspace/oda-reference-redesign/node_modules/playwright/index.mjs';
import { getInitialDemoState } from '/workspace/oda-reference-redesign/src/services/repository.ts';
const repo='/workspace/oda-reference-redesign', out='/workspace/scratch/oda-reference-redesign/independent/visual/calendar-final-71';fs.mkdirSync(out,{recursive:true});
const base='http://127.0.0.1:4183/one-decision-away/',origin=new URL(base).origin;
const hash=bytes=>createHash('sha256').update(bytes).digest('hex');
const inputs=['src/components/notebook/NotebookCalendar.tsx','src/styles/notebook.css','src/i18n/locales/tr.ts','src/i18n/locales/es.ts'];
const snapshot=()=>inputs.map(file=>({file,bytes:fs.statSync(repo+'/'+file).size,sha256:hash(fs.readFileSync(repo+'/'+file))}));
const report={at:new Date().toISOString(),base,sourceCommit:execFileSync('git',['rev-parse','HEAD'],{cwd:repo}).toString().trim(),sourceBefore:snapshot(),kind:'Actual final built calendar, synthetic isolated profiles, supported Chromium keyboard and trusted wheel input',cases:[],screenshots:[],errors:[],failures:[],limits:['No physical iOS touch gesture is claimed. Trusted horizontal wheel and actual keyboard exercise the native overflow region.','The initial full matrix and original calendar diagnostic remain unchanged in separate namespaces.']};
const browser=await chromium.launch({executablePath:'/usr/bin/chromium'});report.browser=browser.version();
const verify=(condition,message,data)=>{if(!condition)report.failures.push({message,data});};
for(const locale of ['en','tr','es'])for(const theme of ['light','dark'])for(const width of [320,390,1440]){
 const id=`${locale}-${theme}-${width}`,seed=getInitialDemoState();Object.assign(seed.profile,{displayName:'Synthetic calendar review',onboardingStep:'completed',locale,theme,firstOpenedAt:new Date().toISOString(),soundMuted:true,nudgesEnabled:false,dailyWisdomEnabled:false});
 const ctx=await browser.newContext({viewport:{width,height:width===1440?1000:844},reducedMotion:'reduce',serviceWorkers:'block'});await ctx.route('**/*',r=>new URL(r.request().url()).origin===origin?r.continue():r.abort());
 await ctx.addInitScript(({seed,locale})=>{if(!localStorage.getItem('one_decision_away_app_data_v1'))localStorage.setItem('one_decision_away_app_data_v1',JSON.stringify(seed));localStorage.setItem('oda_locale',locale);},{seed,locale});
 const page=await ctx.newPage();page.on('pageerror',e=>report.errors.push({id,error:e.message}));
 try{
  await page.goto(base+'#/app/notebook');await page.locator('#notebook-journal-content').waitFor();const draft=`Synthetic unsaved ${locale} reflection`;await page.locator('#notebook-journal-content').fill(draft);
  const trigger=page.locator('[aria-controls="notebook-calendar"]');if(await trigger.getAttribute('aria-expanded')!=='true')await trigger.click();await page.locator('.oda-notebook-calendar').scrollIntoViewIfNeeded();await page.evaluate(()=>document.fonts.ready);
  const scroll=page.locator('.oda-notebook-calendar-scroll'),hint=page.locator('.oda-notebook-calendar-scroll-hint');
  const measure=()=>scroll.evaluate(el=>({client:el.clientWidth,scroll:el.scrollWidth,left:el.scrollLeft,role:el.getAttribute('role'),label:el.getAttribute('aria-label'),tabIndex:el.tabIndex,focus:document.activeElement===el,outlineStyle:getComputedStyle(el).outlineStyle,outlineWidth:getComputedStyle(el).outlineWidth,outlineColor:getComputedStyle(el).outlineColor,pageClient:document.documentElement.clientWidth,pageScroll:document.documentElement.scrollWidth,days:[...el.querySelectorAll('tbody button')].map(b=>({text:b.innerText,width:b.getBoundingClientRect().width,height:b.getBoundingClientRect().height}))}));
  const before=await measure(),hintData=await hint.evaluate(el=>({text:el.innerText,visible:getComputedStyle(el).display!=='none',color:getComputedStyle(el).color,background:getComputedStyle(el.parentElement).backgroundColor,lineHeight:getComputedStyle(el).lineHeight,height:el.getBoundingClientRect().height}));
  verify(hintData.visible===(before.scroll>before.client),`${id}: cue matches actual overflow`,{before,hintData});verify(before.role==='region'&&before.tabIndex===0&&!!before.label,`${id}: named focusable region`,before);verify(before.pageScroll<=before.pageClient+1,`${id}: viewport overflow`,before);verify(before.days.every(d=>d.width>=44&&d.height>=44),`${id}: dates44px`,before.days);
  const capture=async state=>{const file=`${id}-${state}.png`;await page.screenshot({path:out+'/'+file,animations:'disabled'});report.screenshots.push({file,bytes:fs.statSync(out+'/'+file).size,sha256:hash(fs.readFileSync(out+'/'+file))});};
  await capture('initial');let wheel=null,keyboard=null,weekend=null;
  if(before.scroll>before.client){const box=await scroll.boundingBox();await page.mouse.move(box.x+box.width/2,box.y+box.height/2);await page.mouse.wheel(160,0);await page.waitForTimeout(150);wheel=await measure();verify(wheel.left>0,`${id}: horizontal wheel`,wheel);await scroll.evaluate(el=>{el.scrollLeft=0;});await scroll.focus();await page.keyboard.press('ArrowRight');await page.waitForTimeout(150);keyboard=await measure();verify(keyboard.left>0&&keyboard.focus&&keyboard.outlineStyle==='solid'&&parseFloat(keyboard.outlineWidth)>=2,`${id}: keyboard/focus`,keyboard);await capture('region-focus');const sunday=page.locator('.oda-notebook-calendar tbody button').nth(3);await sunday.focus();await page.keyboard.press('Enter');weekend={selected:await sunday.getAttribute('aria-pressed'),label:await sunday.getAttribute('aria-label'),region:await measure()};verify(weekend.selected==='true',`${id}: Sunday selection`,weekend);await capture('weekend');}
  verify(await page.locator('#notebook-journal-content').inputValue()===draft,`${id}: draft retained`);report.cases.push({id,locale,theme,width,before,hintData,wheel,keyboard,weekend,draftRetained:true});
 }catch(error){report.failures.push({message:`${id}: exception`,error:error.stack});}finally{await ctx.close();}
}
await browser.close();report.sourceAfter=snapshot();verify(JSON.stringify(report.sourceBefore)===JSON.stringify(report.sourceAfter),'Calendar inputs changed during targeted verification');verify(report.errors.length===0,'Page errors',report.errors);report.pass=report.failures.length===0;report.completedAt=new Date().toISOString();fs.writeFileSync(out+'/report.json',JSON.stringify(report,null,2)+'\n');console.log(JSON.stringify({pass:report.pass,cases:report.cases.length,screenshots:report.screenshots.length,failures:report.failures}));if(!report.pass)process.exitCode=1;
