import fs from 'node:fs';
import path from 'node:path';
import { createHash } from 'node:crypto';
import { execFileSync } from 'node:child_process';
import { chromium } from '/workspace/oda-reference-redesign/node_modules/playwright/index.mjs';
import AxeBuilder from '/workspace/oda-reference-redesign/node_modules/@axe-core/playwright/dist/index.js';
import { getInitialDemoState } from '/workspace/oda-reference-redesign/src/services/repository.ts';
import { appRouteHref } from '/workspace/oda-reference-redesign/src/utils/routing.ts';

const repo = '/workspace/oda-reference-redesign';
const out = process.env.ODA_VISUAL_OUT || '/workspace/scratch/oda-reference-redesign/independent/visual/final';
const base = process.env.ODA_VISUAL_URL || 'http://127.0.0.1:4183/one-decision-away/';
const origin = new URL(base).origin;
const url = route => new URL(appRouteHref(route, new URL(base).pathname), origin).href;
const hash = bytes => createHash('sha256').update(bytes).digest('hex');
const inventory = dir => {
  const files = [];
  const walk = current => { for (const entry of fs.readdirSync(current, { withFileTypes: true })) { const full = path.join(current, entry.name); if (entry.isDirectory()) walk(full); else files.push({ file: path.relative(repo, full), bytes: fs.statSync(full).size, sha256: hash(fs.readFileSync(full)) }); } };
  walk(dir); return files.sort((a, b) => a.file.localeCompare(b.file));
};
const sourceSnapshot = () => {
  const files = execFileSync('git', ['ls-files', '-z'], { cwd: repo }).toString().split('\0').filter(Boolean).filter(file => /^(src\/|public\/|index\.html$|vite\.config|package|tsconfig)/.test(file));
  const untracked = execFileSync('git', ['ls-files', '--others', '--exclude-standard', '-z'], { cwd: repo }).toString().split('\0').filter(Boolean).filter(file => file.startsWith('src/'));
  return [...new Set([...files, ...untracked])].sort().map(file => ({ file, bytes: fs.statSync(path.join(repo, file)).size, sha256: hash(fs.readFileSync(path.join(repo, file))) }));
};
fs.mkdirSync(out, { recursive: true });
const report = {
  at: new Date().toISOString(), base, sourceCommit: execFileSync('git', ['rev-parse', 'HEAD'], { cwd: repo }).toString().trim(),
  statusBefore: execFileSync('git', ['status', '--short'], { cwd: repo }).toString(), sourceBefore: sourceSnapshot(), buildBefore: inventory(path.join(repo, 'dist')),
  referencesInspected: ['IMG_8669.jpeg', 'IMG_8668.jpeg', 'IMG_8667.jpeg', 'IMG_8666.jpeg', 'IMG_8665.jpeg', 'IMG_8664.jpeg', 'IMG_8663.jpeg'],
  referenceEvidence: 'All seven actual rendered user attachments personally inspected; no captions-only or filename-based pixel claim. References inspire visual structure, not embedded assets.',
  limits: ['Actual cloud Chromium against the final local production build, with isolated synthetic profile records and synthetic draft text only.', 'Every external request is blocked; no provider, account, payment, model download, production action or physical device test.', 'Scoped axe and measured CSS/solid background contrast are useful evidence, not full WCAG certification. Gradient contrast is independently represented by axe/manual visual review.', 'Screenshots are viewport PNGs; selected lower-page states are explicitly scrolled into view. PNGs must be personally inspected before final conclusions.', 'No human audio listening or transcription quality review is claimed.'],
  browser: '', cases: [], screenshots: [], errors: [], httpErrors: [], externalBlocked: [], failures: []
};
const browser = await chromium.launch({ executablePath: '/usr/bin/chromium' });
report.browser = browser.version();
const save = () => fs.writeFileSync(path.join(out, 'report.json'), JSON.stringify(report, null, 2) + '\n');
const verify = (condition, message, evidence) => { if (!condition) report.failures.push({ message, evidence }); };
const capture = async (page, caseId, state, region) => {
  await page.waitForTimeout(100);
  const dismiss = page.locator('.oda-reference-app > div [role="status"] button, .oda-reference-app > [role="status"] button');
  if (await dismiss.count()) await dismiss.first().click();
  if (region) await page.locator(region).scrollIntoViewIfNeeded(); else await page.evaluate(() => scrollTo(0, 0));
  await page.evaluate(() => document.fonts.ready);
  const file = `${caseId}-${state}.png`;
  await page.screenshot({ path: path.join(out, file), animations: 'disabled', fullPage: false });
  report.screenshots.push({ file, caseId, state, bytes: fs.statSync(path.join(out, file)).size, sha256: hash(fs.readFileSync(path.join(out, file))) });
};
const measurements = async (page, scope) => page.locator(scope).evaluate(root => {
  const visible = el => { const r = el.getBoundingClientRect(); return r.width > 0 && r.height > 0 && getComputedStyle(el).visibility !== 'hidden'; };
  const id = el => ({ tag: el.tagName, id: el.id || null, class: typeof el.className === 'string' ? el.className.slice(0, 180) : null, label: (el.getAttribute('aria-label') || el.innerText || '').trim().slice(0, 170) });
  const buttons = [...root.querySelectorAll('button,select,input[type="range"]')].filter(visible).map(el => { const r = el.getBoundingClientRect(); return { ...id(el), width: +r.width.toFixed(2), height: +r.height.toFixed(2), disabled: el.disabled || false }; });
  const clipped = [...root.querySelectorAll('button,button span,label,h1,h2,h3,p')].filter(visible).filter(el => el.scrollWidth > el.clientWidth + 1 && getComputedStyle(el).overflowX !== 'visible').map(el => ({ ...id(el), client: el.clientWidth, scroll: el.scrollWidth, overflow: getComputedStyle(el).overflowX, textOverflow: getComputedStyle(el).textOverflow }));
  const overflowing = [...root.querySelectorAll('*')].filter(visible).filter(el => { const r = el.getBoundingClientRect(); return r.left < -1 || r.right > document.documentElement.clientWidth + 1; }).filter(el => !el.closest('.oda-notebook-calendar-scroll') && !el.classList.contains('sr-only') && getComputedStyle(el).position !== 'absolute').slice(0, 15).map(el => ({ ...id(el), x: el.getBoundingClientRect().x, right: el.getBoundingClientRect().right }));
  const brokenImages = [...root.querySelectorAll('img')].filter(el => el.complete && el.naturalWidth === 0).map(el => ({ src: el.getAttribute('src'), alt: el.alt }));
  const rgb = value => { const nums = value.match(/[\d.]+/g)?.map(Number); return nums && nums.length >= 3 ? [nums[0], nums[1], nums[2], nums[3] ?? 1] : null; };
  const lum = color => color.slice(0, 3).map(v => { v /= 255; return v <= .04045 ? v / 12.92 : ((v + .055) / 1.055) ** 2.4; }).reduce((n, v, i) => n + v * [.2126, .7152, .0722][i], 0);
  const contrast = [];
  for (const el of [...root.querySelectorAll('h1,h2,p,label,button,select')].filter(visible).filter(el => !el.querySelector('p,h1,h2')).slice(0, 100)) {
    const style = getComputedStyle(el), fg = rgb(style.color); if (!fg || !el.textContent.trim()) continue;
    let bg = null, gradient = false;
    for (let p = el; p; p = p.parentElement) { const s = getComputedStyle(p); if (s.backgroundImage !== 'none') gradient = true; const c = rgb(s.backgroundColor); if (c && c[3] >= .99) { bg = c; break; } }
    if (!bg) continue;
    const ratio = (Math.max(lum(fg), lum(bg)) + .05) / (Math.min(lum(fg), lum(bg)) + .05);
    contrast.push({ ...id(el), foreground: style.color, background: `rgb(${bg.slice(0, 3).join(' ')})`, ratio: +ratio.toFixed(3), gradientInChain: gradient, fontSize: style.fontSize, fontWeight: style.fontWeight });
  }
  return { clientWidth: document.documentElement.clientWidth, scrollWidth: document.documentElement.scrollWidth, theme: document.documentElement.dataset.theme, buttons, below44: buttons.filter(el => el.width < 43.9 || el.height < 43.9), clipped, overflowing, brokenImages, contrast };
});
const scan = async (page, record, state, scope, runAxe) => {
  const measure = await measurements(page, scope);
  verify(measure.scrollWidth <= measure.clientWidth + 1, `${record.id}/${state}: horizontal page overflow`, measure);
  verify(measure.brokenImages.length === 0, `${record.id}/${state}: broken images`, measure.brokenImages);
  verify(measure.theme === record.theme, `${record.id}/${state}: wrong theme`, measure.theme);
  let axe = null;
  if (runAxe) {
    const result = await new AxeBuilder({ page }).include(scope).withTags(['wcag2a', 'wcag2aa', 'wcag21a', 'wcag21aa']).analyze();
    axe = { violations: result.violations.map(v => ({ id: v.id, impact: v.impact, nodes: v.nodes.map(n => ({ target: n.target, summary: n.failureSummary })) })), incomplete: result.incomplete.map(v => ({ id: v.id, nodes: v.nodes.map(n => ({ target: n.target, summary: n.failureSummary })) })), contrastPassCount: result.passes.find(v => v.id === 'color-contrast')?.nodes.length ?? 0 };
    verify(axe.violations.length === 0, `${record.id}/${state}: scoped axe findings`, axe.violations);
  }
  record.states.push({ state, scope, measure, axe });
};
const matrix = [];
for (const locale of ['en', 'tr', 'es']) for (const theme of ['light', 'dark']) for (const width of [320, 390, 1440]) matrix.push({ id: `${locale}-${theme}-${width}`, locale, theme, width, height: width === 1440 ? 1000 : 844, states: [], checks: [] });
async function run(record) {
  const seed = getInitialDemoState();
  Object.assign(seed.profile, { displayName: 'Synthetic ODA review', onboardingStep: 'completed', locale: record.locale, theme: record.theme, firstOpenedAt: new Date().toISOString(), soundMuted: true, nudgesEnabled: false, dailyWisdomEnabled: false, focusTabBlinkEnabled: false, focusScreenPulseEnabled: false });
  seed.missions = [];
  const context = await browser.newContext({ viewport: { width: record.width, height: record.height }, reducedMotion: 'reduce', serviceWorkers: 'block' });
  await context.route('**/*', route => {
    const requestUrl = new URL(route.request().url());
    if (requestUrl.origin === origin) return route.continue();
    report.externalBlocked.push({ case: record.id, url: `${requestUrl.origin}${requestUrl.pathname}`, type: route.request().resourceType() });
    return route.abort();
  });
  await context.addInitScript(({ seed, locale, theme }) => {
    if (!localStorage.getItem('one_decision_away_app_data_v1')) localStorage.setItem('one_decision_away_app_data_v1', JSON.stringify(seed));
    localStorage.setItem('oda_locale', locale); localStorage.setItem('oda_theme', theme);
  }, { seed, locale: record.locale, theme: record.theme });
  const page = await context.newPage();
  page.on('pageerror', error => report.errors.push({ case: record.id, message: error.message }));
  page.on('response', response => { if (response.status() >= 400 && new URL(response.url()).origin === origin) report.httpErrors.push({ case: record.id, status: response.status(), path: new URL(response.url()).pathname }); });
  const axe = record.width === 390 || (record.locale === 'en' && record.width === 1440);
  try {
    await page.goto(url('/app'));
    await page.locator('#today-decision-input').waitFor();
    await page.locator('#today-decision-input').fill('Read two pages — synthetic review decision');
    await page.locator('#set-one-decision form button[type="submit"]').click();
    await page.locator('.oda-decision-action').waitFor();
    const toastDismiss = page.locator('.oda-reference-app > div [role="status"] button, .oda-reference-app > [role="status"] button');
    if (await toastDismiss.count()) await toastDismiss.first().click();
    await page.locator('a[href="#oda-main"]').focus(); await page.keyboard.press('Enter');
    verify(await page.locator('#oda-main').evaluate(el => el === document.activeElement), `${record.id}: skip link keyboard focus`);
    record.checks.push('Actual set-decision handler and skip-link keyboard focus');
    await capture(page, record.id, 'today'); await scan(page, record, 'today', '.oda-reference-today', axe);
    await capture(page, record.id, 'today-growth', '.oda-growth-panel');
    await page.goto(url('/app/sound')); await page.locator('.oda-sound').waitFor();
    await page.locator('.oda-sound-tab[data-section="relax"]').focus(); await page.keyboard.press('End');
    verify(await page.locator('.oda-sound-tab[data-section="breathe"]').getAttribute('aria-selected') === 'true', `${record.id}: Sound tab End keyboard`);
    verify(await page.locator('.oda-sound-breathe-stage[data-reduced="true"]').count() === 1, `${record.id}: breathing reduced-motion state`);
    await capture(page, record.id, 'sound-breathe', '.oda-sound-breathe'); await scan(page, record, 'sound-breathe', '.oda-sound', false);
    await page.keyboard.press('Home');
    verify(await page.locator('.oda-sound-tab[data-section="relax"]').getAttribute('aria-selected') === 'true', `${record.id}: Sound tab Home keyboard`);
    record.checks.push('Sound tab End/Home keyboard and actual reduced-motion breathing state');
    await capture(page, record.id, 'sound-discovery'); await scan(page, record, 'sound-discovery', '.oda-sound', axe);
    await page.locator('.oda-sound-panel .oda-sound-card-button').first().click();
    await page.locator('.oda-sound-player-toggle').waitFor();
    await capture(page, record.id, 'sound-player', '.oda-sound-panel'); await scan(page, record, 'sound-player', '.oda-sound-player', axe);
    await page.goto(url('/app/coach')); await page.locator('.coach-page h1').waitFor();
    verify(await page.locator('.coach-orbit[aria-hidden="true"][data-state="idle"]').count() === 1, `${record.id}: decorative truthful idle Coach orb`);
    const prompt = page.locator('.coach-starter').first(); const promptText = await prompt.innerText();
    await prompt.focus(); await page.keyboard.press('Enter');
    verify(await page.locator('#coach-message').inputValue() === promptText, `${record.id}: Coach starter keyboard draft`);
    verify(await page.locator('#coach-message').evaluate(el => el === document.activeElement), `${record.id}: Coach starter keyboard focus`);
    const motion = await page.locator('.coach-orb').evaluate(el => ({ animation: getComputedStyle(el).animationName, transition: getComputedStyle(el).transitionDuration }));
    verify(motion.animation === 'none' && motion.transition.split(',').every(n => parseFloat(n) <= .000011), `${record.id}: reduced-motion orb`, motion);
    record.checks.push('Coach decorative actual idle state, keyboard starter draft/focus, reduced-motion orb');
    await capture(page, record.id, 'coach'); await scan(page, record, 'coach', '.coach-page', axe);
    await page.goto(url('/app/notebook')); await page.locator('#notebook-journal-content').waitFor();
    await page.locator('#notebook-journal-content').fill('Synthetic unsaved reflection. Existing writing must remain intact when viewing the calendar.');
    const calendarTrigger = page.locator('[aria-controls="notebook-calendar"]');
    if (await calendarTrigger.getAttribute('aria-expanded') !== 'true') { await calendarTrigger.focus(); await page.keyboard.press('Enter'); }
    await page.locator('.oda-notebook-calendar').waitFor();
    await page.locator('.oda-notebook-calendar button[aria-current="date"]').focus(); await page.keyboard.press('Enter');
    verify(await page.locator('.oda-notebook-calendar button[aria-current="date"]').getAttribute('aria-pressed') === 'true', `${record.id}: calendar keyboard selection`);
    verify((await page.locator('#notebook-journal-content').inputValue()).startsWith('Synthetic unsaved'), `${record.id}: Notebook draft retained`);
    record.checks.push('Notebook visible calendar keyboard selection and unsaved editor continuity');
    await capture(page, record.id, 'notebook'); await scan(page, record, 'notebook', '.oda-notebook', axe);
    await capture(page, record.id, 'notebook-calendar', '.oda-notebook-calendar');
    const scrollRegion = page.locator('.oda-notebook-calendar-scroll');
    const calendarBefore = await scrollRegion.evaluate(el => ({ client: el.clientWidth, scroll: el.scrollWidth, left: el.scrollLeft, role: el.getAttribute('role'), tabIndex: el.tabIndex, label: el.getAttribute('aria-label') }));
    const hint = page.locator('.oda-notebook-calendar-scroll-hint');
    const hintVisible = await hint.isVisible();
    const expectedHint = { en: 'Scroll sideways to see all dates', tr: 'Tüm tarihleri görmek için yana kaydırın', es: 'Desliza hacia los lados para ver todas las fechas' }[record.locale];
    verify(await hint.innerText() === expectedHint, `${record.id}: localized calendar cue`, await hint.innerText());
    verify(hintVisible === (calendarBefore.scroll > calendarBefore.client), `${record.id}: calendar scroll hint matches actual overflow`, { calendarBefore, hintVisible });
    verify(calendarBefore.role === 'region' && calendarBefore.tabIndex === 0 && Boolean(calendarBefore.label), `${record.id}: calendar named focusable region`, calendarBefore);
    if (calendarBefore.scroll > calendarBefore.client) {
      await scrollRegion.evaluate(el => { el.scrollLeft = 0; });
      const scrollBox = await scrollRegion.boundingBox();
      await page.mouse.move(scrollBox.x + scrollBox.width / 2, scrollBox.y + scrollBox.height / 2); await page.mouse.wheel(160, 0); await page.waitForTimeout(150);
      const wheelLeft = await scrollRegion.evaluate(el => el.scrollLeft);
      verify(wheelLeft > 0, `${record.id}: trusted horizontal wheel reaches weekend columns`, wheelLeft);
      await scrollRegion.evaluate(el => { el.scrollLeft = 0; });
      await scrollRegion.focus(); await page.keyboard.press('ArrowRight'); await page.waitForTimeout(150);
      const calendarAfter = await scrollRegion.evaluate(el => ({ left: el.scrollLeft, focusInside: el === document.activeElement, outline: getComputedStyle(el).outlineStyle, outlineWidth: getComputedStyle(el).outlineWidth, outlineColor: getComputedStyle(el).outlineColor }));
      verify(calendarAfter.left > calendarBefore.left && calendarAfter.focusInside, `${record.id}: calendar region keyboard horizontal scrolling`, { calendarBefore, calendarAfter });
      verify(calendarAfter.outline === 'solid' && parseFloat(calendarAfter.outlineWidth) >= 2, `${record.id}: calendar keyboard focus outline`, calendarAfter);
      const sunday = page.locator('.oda-notebook-calendar tbody button').nth(3); await sunday.focus(); await page.keyboard.press('Enter');
      verify(await sunday.getAttribute('aria-pressed') === 'true', `${record.id}: weekend keyboard date selection`);
      await capture(page, record.id, 'notebook-weekend', '.oda-notebook-calendar');
      record.checks.push('Localized visible scroll hint, focusable named scroll region, trusted horizontal wheel, keyboard scrolling/focus outline and weekend selection');
    } else record.checks.push('Calendar fits all seven columns and scroll hint stays hidden');
    await page.goto(url('/app/courses')); await page.locator('.oda-course-row').first().waitFor();
    await capture(page, record.id, 'courses'); await scan(page, record, 'courses', '.oda-courses', axe);
    await page.locator('.oda-course-row').first().focus(); await page.keyboard.press('Enter');
    await page.locator('[data-course-overview]').waitFor();
    verify(await page.locator('#course-overview-title').evaluate(el => el === document.activeElement), `${record.id}: course overview heading focus`);
    await capture(page, record.id, 'course-overview'); await scan(page, record, 'course-overview', '.oda-courses', axe);
    await page.locator('#course-start-lesson').click(); await page.locator('#course-reflection').waitFor();
    await page.locator('#course-reflection').fill('Synthetic course reflection');
    const workbook = page.locator('#course-practice-studio');
    if (await workbook.count()) { await workbook.locator('summary').first().click(); await capture(page, record.id, 'course-workbook', '#course-practice-studio'); }
    await scan(page, record, 'course-workbook', '.oda-courses', axe);
    record.checks.push('Course overview keyboard entry/title focus, real Start lesson 1, visible existing lesson/workbook');
    await page.goto(url('/app/focus')); await page.locator('#focus-timer-hub').waitFor();
    await capture(page, record.id, 'focus-custom'); await scan(page, record, 'focus-custom', '#focus-timer-hub', axe);
    await page.locator('#focus-timer-hub > div:nth-child(2) button').nth(1).click(); await page.locator('[data-guided-session]').first().waitFor();
    verify(await page.locator('[data-guided-session]').count() === 11, `${record.id}: eleven actual guided sessions`);
    verify(await page.locator('[data-guidance-mode]').count() === 1, `${record.id}: truthful guidance mode visible`);
    record.checks.push('FocusHub actual custom/guided controls and eleven recorded-guidance session mappings visible');
    await capture(page, record.id, 'focus-guided', '#focus-timer-hub'); await scan(page, record, 'focus-guided', '#focus-timer-hub', axe);
  } catch (error) { report.failures.push({ message: `${record.id}: exception`, evidence: error.stack }); }
  finally { report.cases.push(record); save(); await context.close(); console.log(`DONE ${record.id}: ${record.states.length} states`); }
}
try {
  for (let index = 0; index < matrix.length; index += 2) await Promise.all(matrix.slice(index, index + 2).map(run));
  report.sourceAfter = sourceSnapshot(); report.buildAfter = inventory(path.join(repo, 'dist'));
  report.statusAfter = execFileSync('git', ['status', '--short'], { cwd: repo }).toString();
  verify(JSON.stringify(report.sourceBefore) === JSON.stringify(report.sourceAfter), 'App source changed during independent visual QA');
  verify(JSON.stringify(report.buildBefore) === JSON.stringify(report.buildAfter), 'Built bytes changed during independent visual QA');
  verify(report.errors.length === 0, 'Unhandled page errors', report.errors);
  verify(report.httpErrors.length === 0, 'Local preview HTTP errors', report.httpErrors);
  report.completedAt = new Date().toISOString(); report.pass = report.failures.length === 0;
  save(); console.log(JSON.stringify({ pass: report.pass, cases: report.cases.length, states: report.cases.reduce((n, c) => n + c.states.length, 0), screenshots: report.screenshots.length, failures: report.failures, errors: report.errors, sourceStable: JSON.stringify(report.sourceBefore) === JSON.stringify(report.sourceAfter), buildStable: JSON.stringify(report.buildBefore) === JSON.stringify(report.buildAfter) }));
  if (!report.pass) process.exitCode = 1;
} finally { save(); await browser.close(); }
