✔ native free direct starts and toggles cannot start an all-paid track (2.438602ms)
✔ downgrade hard-stops owned restricted playing selection without page subscribers (27.50272ms)
✔ downgrade hard-stops owned restricted paused selection without page subscribers (52.930379ms)
✔ downgrade hard-stops owned restricted expired selection without page subscribers (16.543767ms)
✔ owned paid playing selection revokes on identityConfirmed even with a paid cached tier (0.78618ms)
✔ owned paid paused selection revokes on identityConfirmed even with a paid cached tier (0.822926ms)
✔ owned paid expired selection revokes on identityConfirmed even with a paid cached tier (2.187773ms)
✔ owned paid playing selection revokes on identityRevision even with a paid cached tier (0.664166ms)
✔ owned paid paused selection revokes on identityRevision even with a paid cached tier (0.664686ms)
✔ owned paid expired selection revokes on identityRevision even with a paid cached tier (1.277224ms)
✔ same-account confirmed paid access survives offerings loading or failed offline refresh (0.604285ms)
✔ admission reads current purchase state even if a notification has not been emitted (0.251791ms)
✔ live resume and timer change reconcile access even without a purchase notification (0.366525ms)
✔ invalid or mismatched provenance rejects {"sectionId":"relax"} without replacing audio (71.546344ms)
✔ invalid or mismatched provenance rejects {"indexInCategory":3} without replacing audio (46.435855ms)
✔ invalid or mismatched provenance rejects {"sectionId":"focus","indexInCategory":0} without replacing audio (31.627265ms)
✔ invalid or mismatched provenance rejects {"sectionId":"relax","indexInCategory":-1} without replacing audio (35.002605ms)
✔ invalid or mismatched provenance rejects {"sectionId":"relax","indexInCategory":0.5} without replacing audio (29.050914ms)
✔ invalid or mismatched provenance rejects {"sectionId":"relax","indexInCategory":99} without replacing audio (29.97942ms)
✔ essentials admits all catalog origins and preserves the timer and user volume (460.852916ms)
✔ pro admits all catalog origins and preserves the timer and user volume (308.482993ms)
✔ coach admits all catalog origins and preserves the timer and user volume (234.132665ms)
✔ each category first two entries remain free, including duplicate 432 and brown-noise origins (175.229147ms)
✔ omitted-origin admission allows any-free aliases and denies exclusively paid tracks (78.86893ms)
✔ web and unconfigured purchases keep paid sounds open through identity transitions (0.871099ms)
✔ external Focus tibetan_bowls replacement survives Sound Room downgrade (2.531903ms)
✔ external Focus waves replacement survives Sound Room downgrade (74.141403ms)
✔ purchase event during an engine start cannot publish a revoked playing selection (0.593268ms)
✔ purchase event during player publication cannot re-arm the revoked timer (0.385324ms)
✔ external waves replacement during player publication retains its untimed graph (16.848389ms)
✔ external tibetan_bowls replacement during player publication retains its untimed graph (1.602897ms)
✔ an unavailable AudioContext rejects the actual engine start without claiming playback (0.364873ms)
✔ failed buffer allocation retains entitlement ownership of the existing paid graph (17.079639ms)
✔ failed no replacement retains entitlement ownership of the existing paid graph (0.523072ms)
✔ same-track no-op cannot take revocation ownership of an external Focus graph (0.393425ms)
✔ pause publication from SoundRoom cannot fade or time the reentrant external tibetan_bowls graph (2.632956ms)
✔ pause publication from Focus cannot fade or time the reentrant external tibetan_bowls graph (2.393624ms)
✔ pause publication from SoundRoom cannot fade or time the reentrant external waves graph (23.263191ms)
✔ pause publication from Focus cannot fade or time the reentrant external waves graph (29.394734ms)
✔ setTimer publication from SoundRoom cannot fade or time the reentrant external tibetan_bowls graph (3.210711ms)
✔ setTimer publication from Focus cannot fade or time the reentrant external tibetan_bowls graph (2.546917ms)
✔ setTimer publication from SoundRoom cannot fade or time the reentrant external waves graph (23.435472ms)
✔ setTimer publication from Focus cannot fade or time the reentrant external waves graph (40.805281ms)
✔ ordinary PlayerBar timer and pause controls still act on the current external Focus graph (46.773086ms)
✔ silence or an absent audio context cannot publish a playing selection (0.443141ms)
✔ breath pacer runs at about 5.5 breaths a minute (0.827924ms)
✔ breathPhase: inhale first, then exhale, then repeats (0.65344ms)
✔ breathPhase is safe with odd input (0.143738ms)
✔ formatRemaining (0.139091ms)
✔ timer fades: a minute for sleep, short otherwise, never over half the timer (0.137227ms)
ℹ tests 50
ℹ suites 0
ℹ pass 50
ℹ fail 0
ℹ cancelled 0
ℹ skipped 0
ℹ todo 0
ℹ duration_ms 2082.958052
