diff --git a/src/components/FocusTimerHub.tsx b/src/components/FocusTimerHub.tsx
index 8467268..434076c 100644
--- a/src/components/FocusTimerHub.tsx
+++ b/src/components/FocusTimerHub.tsx
@@ -442,36 +442,19 @@ export const FocusTimerHub: React.FC<FocusTimerHubProps> = ({
       )}
 
       {section === 'custom' && (
-        <div className="space-y-5">
-          <div className="space-y-1.5">
-            <label htmlFor="focus-mission" className="block text-sm text-[var(--fg-muted)]">
-              {t('Mission')}
-            </label>
-            <select
-              id="focus-mission"
-              value={selectedMissionId}
-              onChange={(e) => handleSelectMission(e.target.value)}
-              className={selectCls}
-            >
-              <option value="custom">{t('Free intention')}</option>
-              {activeMissions.map((m) => (
-                <option key={m.id} value={m.id}>
-                  {m.isOneDecision ? `${t('One decision')} · ` : `${t(m.area)} · `}
-                  {t(m.title)} ({m.estimatedMinutes || 30}m)
-                </option>
-              ))}
-            </select>
-            {selectedMissionId === 'custom' && (
-              <input
-                type="text"
-                value={customGoal}
-                onChange={(e) => setCustomGoal(e.target.value)}
-                placeholder={t('What will you focus on? Optional')}
-                className={`${selectCls} placeholder:text-[var(--fg-subtle)]`}
-              />
-            )}
+        <div className="oda-focus-custom space-y-5">
+          <div className="oda-focus-launch">
+            <div><p className="text-xs text-[var(--fg-muted)]">{t('Duration')}</p><p className="oda-focus-duration" aria-label={t('{n} min', { n: durationMinutes })}>{String(durationMinutes).padStart(2, '0')}:00</p></div>
+          <div className="flex items-center justify-between gap-3 pt-1">
+            <span className="text-sm text-[var(--fg-muted)]">
+              {t('Reward')} <span className="text-[var(--accent)] font-medium">D$ {estimatedReward.toLocaleString()}</span>
+            </span>
+            <button type="button" onClick={handleStart} className={startBtn}>
+              <Play className="w-[18px] h-[18px]" strokeWidth={1.8} />
+              {t('Start {n} min', { n: durationMinutes })}
+            </button>
+          </div>
           </div>
-
           <div className="space-y-2">
             <div className="flex items-center justify-between">
               <span className="text-sm text-[var(--fg-muted)]">{t('Duration')}</span>
@@ -526,6 +509,35 @@ export const FocusTimerHub: React.FC<FocusTimerHubProps> = ({
             </div>
           </div>
 
+          <div className="space-y-1.5">
+            <label htmlFor="focus-mission" className="block text-sm text-[var(--fg-muted)]">
+              {t('Mission')}
+            </label>
+            <select
+              id="focus-mission"
+              value={selectedMissionId}
+              onChange={(e) => handleSelectMission(e.target.value)}
+              className={selectCls}
+            >
+              <option value="custom">{t('Free intention')}</option>
+              {activeMissions.map((m) => (
+                <option key={m.id} value={m.id}>
+                  {m.isOneDecision ? `${t('One decision')} · ` : `${t(m.area)} · `}
+                  {t(m.title)} ({m.estimatedMinutes || 30}m)
+                </option>
+              ))}
+            </select>
+            {selectedMissionId === 'custom' && (
+              <input
+                type="text"
+                value={customGoal}
+                onChange={(e) => setCustomGoal(e.target.value)}
+                placeholder={t('What will you focus on? Optional')}
+                className={`${selectCls} placeholder:text-[var(--fg-subtle)]`}
+              />
+            )}
+          </div>
+
           <div className="space-y-2">
             <span className="block text-sm text-[var(--fg-muted)]">{t('Sound')}</span>
             <div className="flex p-1 bg-[var(--bg)] rounded-[var(--radius-sm)]">
@@ -583,15 +595,6 @@ export const FocusTimerHub: React.FC<FocusTimerHubProps> = ({
             </div>
           </div>
 
-          <div className="flex items-center justify-between gap-3 pt-1">
-            <span className="text-sm text-[var(--fg-muted)]">
-              {t('Reward')} <span className="text-[var(--accent)] font-medium">D$ {estimatedReward.toLocaleString()}</span>
-            </span>
-            <button type="button" onClick={handleStart} className={startBtn}>
-              <Play className="w-[18px] h-[18px]" strokeWidth={1.8} />
-              {t('Start {n} min', { n: durationMinutes })}
-            </button>
-          </div>
         </div>
       )}
     </div>
diff --git a/src/components/notebook/JournalWorkspace.tsx b/src/components/notebook/JournalWorkspace.tsx
index 41ba469..e2704af 100644
--- a/src/components/notebook/JournalWorkspace.tsx
+++ b/src/components/notebook/JournalWorkspace.tsx
@@ -8,6 +8,8 @@ import { NotebookCalendar } from './NotebookCalendar';
 import { TodaysPrompt } from './TodaysPrompt';
 import { ActionNotice, dateLabel, quietButton, smallLabel, cardCls, NButton, NField, NInput, NSelect, NTextarea, useNotebookAction, useSessionDraft } from './shared';
 import { useDialogAccessibility } from '../../utils/useDialogAccessibility';
+import { EvidenceTree } from '../momentum/EvidenceTree';
+import { keptDecisions } from '../../services/momentum';
 
 const MOODS = [
   ['joyful', N_('Joyful')], ['calm', N_('Calm')], ['grateful', N_('Grateful')],
@@ -102,8 +104,13 @@ export const JournalWorkspace: React.FC<{ today: string }> = ({ today }) => {
   };
 
   return <div className="oda-notebook-workspace">
+    <section className="oda-notebook-calendar-lead min-w-0 space-y-3" aria-label={t('Journal archive')}>
+      <div className="flex justify-between items-center"><h2 className="text-[15px] font-semibold">{t('Entries')} <span className="text-[var(--fg-muted)] font-normal">({entries.length})</span></h2><NButton type="button" variant="ghost" icon={CalendarDays} aria-expanded={showCalendar} aria-controls="notebook-calendar" onClick={() => setShowCalendar(!showCalendar)}>{t('Calendar')}</NButton></div>
+      <div className="relative"><Search className="absolute left-3 top-3.5 w-4 h-4 text-[var(--fg-muted)]" aria-hidden="true" strokeWidth={1.8} /><label htmlFor="notebook-journal-search" className="sr-only">{t('Search entries')}</label><NInput id="notebook-journal-search" type="search" className="pl-9 !bg-[var(--bg-muted)] !border-transparent" value={query} onChange={e => setQuery(e.target.value)} placeholder={t('Search')} /></div>
+      {showCalendar && <div id="notebook-calendar"><NotebookCalendar today={today} selected={selectedDate} dates={dates} onSelect={setSelectedDate} /></div>}
+      {selectedDate && <div className="flex gap-2 justify-between items-center text-sm"><span>{dateLabel(selectedDate)}</span><button type="button" className={quietButton} onClick={() => setSelectedDate('')}>{t('All dates')}</button></div>}
+    </section>
     <div className="oda-notebook-writing-column">
-    <TodaysPrompt today={today} onUse={usePrompt} />
     <div className={`${cardCls} oda-notebook-editor`}>
       <div className="oda-notebook-editor-heading p-5 flex items-start justify-between gap-3">
         <div><p className={smallLabel}>{editing ? dateLabel(editing.dateKey) : dateLabel(today)}</p><h2 className="text-lg font-semibold tracking-tight text-[var(--fg)] mt-0.5">{editing ? t('Edit entry') : t('Today')}</h2></div>
@@ -124,13 +131,13 @@ export const JournalWorkspace: React.FC<{ today: string }> = ({ today }) => {
         </div>
       </form>
     </div>
+    <div className="oda-notebook-reflection-hero">
+      <div className="oda-notebook-reflection-art" aria-hidden="true"><EvidenceTree count={keptDecisions(data.missions).length} label={t('Notebook')} /></div>
+    <TodaysPrompt today={today} onUse={usePrompt} />
+    </div>
     </div>
 
     <section className="oda-notebook-archive min-w-0 space-y-3" aria-label={t('Journal archive')}>
-      <div className="flex justify-between items-center"><h2 className="text-[15px] font-semibold">{t('Entries')} <span className="text-[var(--fg-muted)] font-normal">({entries.length})</span></h2><NButton type="button" variant="ghost" icon={CalendarDays} aria-expanded={showCalendar} aria-controls="notebook-calendar" onClick={() => setShowCalendar(!showCalendar)}>{t('Calendar')}</NButton></div>
-      <div className="relative"><Search className="absolute left-3 top-3.5 w-4 h-4 text-[var(--fg-muted)]" aria-hidden="true" strokeWidth={1.8} /><label htmlFor="notebook-journal-search" className="sr-only">{t('Search entries')}</label><NInput id="notebook-journal-search" type="search" className="pl-9 !bg-[var(--bg-muted)] !border-transparent" value={query} onChange={e => setQuery(e.target.value)} placeholder={t('Search')} /></div>
-      {showCalendar && <div id="notebook-calendar"><NotebookCalendar today={today} selected={selectedDate} dates={dates} onSelect={setSelectedDate} /></div>}
-      {selectedDate && <div className="flex gap-2 justify-between items-center text-sm"><span>{dateLabel(selectedDate)}</span><button type="button" className={quietButton} onClick={() => setSelectedDate('')}>{t('All dates')}</button></div>}
       {entries.length === 0 ? <div className="oda-card rounded-[var(--radius-lg)] p-5 text-center"><p className="text-[15px] font-semibold">{query || selectedDate ? t('No entries match.') : t('Nothing written yet')}</p><p className="text-sm text-[var(--fg-muted)] mt-1">{query || selectedDate ? t('Try another word or choose all dates.') : t('Your first entry will appear here.')}</p>{(query || selectedDate) && <button type="button" className={`${quietButton} mt-2`} onClick={() => { setQuery(''); setSelectedDate(''); }}>{t('Clear filters')}</button>}</div> : <div className="oda-notebook-entry-list bg-[var(--bg-muted)] rounded-[var(--radius-md)] divide-y divide-[var(--border)] max-h-[650px] overflow-y-auto">{entries.map(entry => <button type="button" key={entry.viewId} disabled={busy} aria-current={editing?.viewId === entry.viewId ? 'true' : undefined} onClick={() => openEntry(entry)} className={`w-full text-left px-4 py-3 min-h-[56px] cursor-pointer focus-visible:outline focus-visible:outline-2 focus-visible:outline-inset disabled:opacity-50 ${editing?.viewId === entry.viewId ? 'bg-[var(--bg-inset)]' : ''}`}>
         <span className="flex justify-between gap-2 text-xs text-[var(--fg-muted)]"><span>{dateLabel(entry.dateKey, { month: 'short', day: 'numeric', year: 'numeric' })}</span>{entry.source === 'dream' && <span>{t('Dream journal')}</span>}</span>
         <span className="text-[15px] font-medium leading-snug block break-words mt-0.5">{displayText(entry, 'title') || t('Untitled')}</span>
diff --git a/src/pages/Courses.tsx b/src/pages/Courses.tsx
index cedf5cd..35f0e35 100644
--- a/src/pages/Courses.tsx
+++ b/src/pages/Courses.tsx
@@ -103,7 +103,7 @@ export const Courses: React.FC = () => {
   const languageNote = courses.some(item => item.lang && item.lang !== locale) && <p lang={locale} className="text-xs text-[var(--fg-muted)] mt-3">{t('Some courses are not yet available in your language; they open in the language they were written in.')}</p>;
   const storageNote = <div className="oda-course-save-note"><p className={`text-xs leading-relaxed ${storageError ? 'text-[var(--brand-burgundy)]' : 'text-[var(--fg-muted)]'}`} role={storageError ? 'alert' : undefined}>{storageError ? t("This browser can't save your progress right now. If you close the page, changes from this session may be lost.") : copy.privacy}</p>{storageError && <button type="button" onClick={() => { void draft.retry(); }}>{copy.retrySave}</button>}</div>;
 
-  if (!course) return <div className="oda-courses">
+  if (!course) return <div className="oda-courses oda-courses-fidelity">
     <header className="oda-course-intro">
       <div>
         <p className="oda-course-eyebrow">{t('ODA / Guided courses')}</p>
@@ -116,6 +116,7 @@ export const Courses: React.FC = () => {
         <p>{t('{courses} courses · {lessons} lessons', { courses: courses.length, lessons: courses.reduce((sum, item) => sum + item.lessons.length, 0) })}</p>
         <button type="button" onClick={() => { if (bibliographyRef.current) bibliographyRef.current.open = true; researchRef.current?.scrollIntoView({ block: 'start' }); researchRef.current?.focus(); }} className="oda-course-research-link">{t('Content based on {count} scientific publications', { count: researchSources.length })}<ArrowRight size={13} aria-hidden="true" /></button>
       </div>
+      {ordered[0] && <CourseCover courseId={ordered[0].id} eager className="oda-course-intro-art" />}
     </header>
 
     {resumeCourse && <section className="oda-course-resume" aria-label={t('Continue the course you started')}>
@@ -159,16 +160,30 @@ export const Courses: React.FC = () => {
     </section>
   </div>;
 
-  if (showOverview) return <div className="oda-courses oda-course-lesson oda-course-overview space-y-7" data-course-overview={course.id}>
+  if (showOverview) return <div className="oda-courses oda-courses-fidelity oda-course-lesson oda-course-overview" data-course-overview={course.id}>
     <button type="button" onClick={() => open()} className="inline-flex items-center gap-2 min-h-11 text-sm text-[var(--fg-muted)] cursor-pointer"><ArrowLeft size={16} aria-hidden="true" />{t('All courses')}</button>
-    <header>
+    <header className="oda-course-overview-lead">
+      <div>
       <p className="oda-course-eyebrow">{entryCopy.overview}</p>
       <h1 id="course-overview-title" lang={content} ref={titleRef} tabIndex={-1} className="oda-display oda-course-title outline-none scroll-mt-16">{course.title}</h1>
       <p lang={content} className="text-sm leading-relaxed text-[var(--fg-muted)]">{course.subtitle}</p>
       <p className="flex flex-wrap items-center gap-2 text-xs text-[var(--fg-muted)] mt-3"><Clock3 size={14} aria-hidden="true" />{t('{lessons} lessons · {minutes} min', { lessons: course.lessons.length, minutes: course.lessons.reduce((sum, lesson) => sum + lesson.minutes, 0) })} · {catalogue.pace}</p>
       {languageNote}
+      </div>
+      <CourseCover courseId={course.id} eager layout="overview" className="oda-course-overview-art" />
     </header>
-    <CourseCover courseId={course.id} eager layout="overview" className="rounded-[var(--radius-lg)]" />
+    <button id="course-start-lesson" type="button" className="oda-course-primary w-full" onClick={() => {
+      manuallyEnteredLesson.current = true;
+      setIndex(entry!.index);
+      setEntryRequest({ courseId: course.id, scope: entryScope, mode: 'lesson', resumeOnHydration: !entry!.started });
+      setNotice('');
+    }}>{entry!.started ? entryCopy.continueLesson.replace('{number}', String(entry!.index + 1)) : entryCopy.startFirst}<ArrowRight size={16} aria-hidden="true" /></button>
+    <section className="oda-course-map" aria-labelledby="course-overview-lessons">
+      <h2 id="course-overview-lessons" className="oda-display text-xl pt-4">{entryCopy.lessons}</h2>
+      <ol>{course.lessons.map((lesson, i) => <li key={lesson.id} data-course-overview-lesson={lesson.id} className="flex items-start gap-3 py-3 text-sm leading-relaxed">
+        <span className="oda-course-map-number" aria-hidden="true">{i + 1}</span><span lang={content} className="flex-1 min-w-0">{lesson.title}</span><span className="shrink-0 text-xs text-[var(--fg-muted)] whitespace-nowrap">{lesson.minutes} min</span>
+      </li>)}</ol>
+    </section>
     <section aria-labelledby="course-overview-about">
       <h2 id="course-overview-about" className="oda-display text-xl mb-3">{entryCopy.about}</h2>
       <p lang={content} className="text-sm leading-relaxed">{course.description}</p>
@@ -178,18 +193,6 @@ export const Courses: React.FC = () => {
       <p lang={content}>{course.outcome}</p>
     </section>
     <p lang={content} className="text-xs leading-relaxed text-[var(--fg-muted)]">{course.scope}</p>
-    <section className="oda-course-map" aria-labelledby="course-overview-lessons">
-      <h2 id="course-overview-lessons" className="oda-display text-xl pt-4">{entryCopy.lessons}</h2>
-      <ol>{course.lessons.map((lesson, i) => <li key={lesson.id} data-course-overview-lesson={lesson.id} className="flex items-start gap-3 py-3 text-sm leading-relaxed">
-        <span className="oda-course-map-number" aria-hidden="true">{i + 1}</span><span lang={content} className="flex-1 min-w-0">{lesson.title}</span><span className="shrink-0 text-xs text-[var(--fg-muted)] whitespace-nowrap">{lesson.minutes} min</span>
-      </li>)}</ol>
-    </section>
-    <button id="course-start-lesson" type="button" className="oda-course-primary w-full" onClick={() => {
-      manuallyEnteredLesson.current = true;
-      setIndex(entry!.index);
-      setEntryRequest({ courseId: course.id, scope: entryScope, mode: 'lesson', resumeOnHydration: !entry!.started });
-      setNotice('');
-    }}>{entry!.started ? entryCopy.continueLesson.replace('{number}', String(entry!.index + 1)) : entryCopy.startFirst}<ArrowRight size={16} aria-hidden="true" /></button>
     {storageNote}
   </div>;
 
@@ -202,7 +205,7 @@ export const Courses: React.FC = () => {
   const goNext = () => { manuallyEnteredLesson.current = true; setIndex(value => Math.min(value + 1, course.lessons.length - 1)); setNotice(''); };
   const patch = (value: Parameters<typeof updateLessonProgress>[2]) => { commit(current => updateLessonProgress(current, lesson, value)); setNotice(''); };
 
-  return <div className="oda-courses oda-course-lesson space-y-7">
+  return <div className="oda-courses oda-courses-fidelity oda-course-lesson space-y-7">
     <div className="flex flex-wrap items-center justify-between gap-2">
       <button type="button" onClick={() => open()} className="inline-flex items-center gap-2 min-h-11 text-sm text-[var(--fg-muted)] cursor-pointer"><ArrowLeft size={16} aria-hidden="true" />{t('All courses')}</button>
       <button type="button" onClick={() => { manuallyEnteredLesson.current = true; setEntryRequest({ courseId: course.id, scope: entryScope, mode: 'overview' }); }} className="min-h-11 text-sm text-[var(--accent)] underline underline-offset-4 cursor-pointer">{entryCopy.about}</button>
diff --git a/src/pages/Focus.tsx b/src/pages/Focus.tsx
index 0291d43..c0a413e 100644
--- a/src/pages/Focus.tsx
+++ b/src/pages/Focus.tsx
@@ -1,19 +1,26 @@
 import React from 'react';
 import { useT } from '../i18n';
 import { FocusTimerHub } from '../components/FocusTimerHub';
+import { CourseCover } from '../components/CourseCover';
+import '../styles/workingSurfaces.css';
 
 /** Dedicated home for meditations, sound frequencies and the focus timer. */
 export const Focus: React.FC = () => {
   const t = useT();
   return (
-    <div className="space-y-6">
-      <div>
+    <div className="oda-fidelity-focus space-y-6">
+      <header className="oda-focus-heading">
+        <div>
         <h1 className="oda-display text-[32px] leading-tight text-[var(--fg)]">{t('Focus')}</h1>
         <p className="text-[15px] text-[var(--fg-muted)] mt-1">
           {t('Guided meditations, sound waves and a focus timer.')}
         </p>
+        </div>
+      </header>
+      <div className="oda-focus-workbench">
+        <figure className="oda-focus-illustration" aria-hidden="true"><CourseCover courseId="focus" eager /><span>“</span></figure>
+        <FocusTimerHub />
       </div>
-      <FocusTimerHub />
     </div>
   );
 };
diff --git a/src/pages/Notebook.tsx b/src/pages/Notebook.tsx
index 804fb15..7931619 100644
--- a/src/pages/Notebook.tsx
+++ b/src/pages/Notebook.tsx
@@ -35,7 +35,7 @@ export const Notebook: React.FC = () => {
   if (!data) return <p role="status" className="text-sm text-[var(--fg-muted)]">{t('Opening your notebook…')}</p>;
   const stats = getNotebookStats(data);
   const tabs = [{ id: 'journal' as const, label: t('Journal') }, { id: 'manifest' as const, label: t('Practices') }];
-  return <div className="oda-notebook space-y-6 text-[var(--fg)]">
+  return <div className="oda-notebook oda-notebook-fidelity text-[var(--fg)]">
     <header className="oda-notebook-heading">
       <div>
       <h1 className="oda-display text-[32px] leading-tight text-[var(--fg)]">{t('Notebook')}</h1>
diff --git a/src/pages/Today.tsx b/src/pages/Today.tsx
index efdadf0..a9eb134 100644
--- a/src/pages/Today.tsx
+++ b/src/pages/Today.tsx
@@ -1,6 +1,7 @@
 import React, { useEffect, useRef, useState } from 'react';
 import { ArrowRight, AudioLines, Check, ChevronDown, ChevronRight, Leaf, Plus, MessageCircle, GraduationCap, Route, Share2, Waves } from 'lucide-react';
 import { GrowthTreePanel, GrowthWeek } from '../components/momentum/GrowthDashboard';
+import { EvidenceTree } from '../components/momentum/EvidenceTree';
 import { growthCopy } from '../i18n/growth';
 import { courseCatalogFor } from '../data/courseCatalog';
 import { courseForIntent } from '../data/starterDecisions';
@@ -43,6 +44,7 @@ import { decisionChain, evidenceSummary, isSimpleMode, keptDecisions, localDayKe
 import { EasyDecisionChips, KeptMomentCard } from '../components/momentum/FirstSteps';
 import { easyDecisions } from '../data/starterDecisions';
 import { firstRunCopy } from '../i18n/firstRun';
+import '../styles/workingSurfaces.css';
 
 const RITUALS_KEY = 'oda_rituals_open';
 
@@ -185,7 +187,7 @@ export const Today: React.FC = () => {
   };
 
   return (
-    <div className="oda-reference-today space-y-6">
+    <div className="oda-reference-today oda-fidelity-today space-y-6">
       {/* 1. Header */}
       <header className="flex items-start justify-between gap-4">
         <div className="min-w-0">
@@ -204,10 +206,12 @@ export const Today: React.FC = () => {
         </button>
       </header>
 
-      {/* Quote of the day */}
-      <figure className="oda-quote flex gap-3 py-6">
+      <div className="oda-fidelity-command">
+      {/* The saved growth stage supplies the illustration; the daily quote stays real. */}
+      <figure className="oda-quote oda-fidelity-hero">
+        <div className="oda-fidelity-hero-art" aria-hidden="true"><EvidenceTree count={keptCount} label={growth.growth} /></div>
         <span aria-hidden="true" className="oda-quote-mark text-5xl">“</span>
-        <div className="min-w-0">
+        <div className="oda-fidelity-hero-copy min-w-0">
           <p className="oda-kicker text-[var(--fg-muted)] mb-2">{d.quote}</p>
           <blockquote className="oda-display text-[22px] leading-snug text-[var(--fg)] max-w-[46ch]">
             {locale === 'tr' && quote.tr ? quote.tr : t(quote.text)}
@@ -310,8 +314,10 @@ export const Today: React.FC = () => {
         <GrowthTreePanel count={keptCount} onEvidence={() => setActiveRoute('/app/evidence')} />
       </div>
       <GrowthWeek summary={week} onEvidence={() => setActiveRoute('/app/evidence')} />
+      </div>
       <BackupReminder />
 
+      <div className="oda-fidelity-support">
       <DailyPractice mission={todayOneDecision} dayKey={todayStr} />
 
       <MomentumCard
@@ -333,7 +339,7 @@ export const Today: React.FC = () => {
       />
 
       {/* Quick actions: four tinted tiles */}
-      <nav aria-label={t('Quick actions')} className="grid grid-cols-2 gap-2.5">
+      <nav aria-label={t('Quick actions')} className="oda-fidelity-shortcuts grid grid-cols-2 gap-2.5">
         {todayOneDecision && !decisionDone && !decisionPlan?.ifThen ? (
           <button type="button" onClick={() => setPlan({ open: true })} className="oda-tile">
             <span className="oda-tile-icon oda-tint-sage"><Route size={18} strokeWidth={1.9} aria-hidden="true" /></span>
@@ -373,7 +379,7 @@ export const Today: React.FC = () => {
       {checkInDue && <TwoWeekCheckIn />}
 
       {/* 3. Three small habits */}
-      <section className="bg-[var(--bg-elevated)] border border-[var(--border)] rounded-[var(--radius-md)] p-5">
+      <section className="oda-fidelity-habits bg-[var(--bg-elevated)] border border-[var(--border)] rounded-[var(--radius-md)] p-5">
         <div className="flex items-center justify-between gap-3 mb-2">
           <h2 className="text-[15px] font-semibold text-[var(--fg)]">{t('Three small habits')}</h2>
           <span className="text-[13px] text-[var(--fg-muted)]">
@@ -537,6 +543,7 @@ export const Today: React.FC = () => {
       </section>
 
       </>}
+      </div>
 
       {/* Modals */}
       <DecisionPlanModal
diff --git a/src/styles/courses.css b/src/styles/courses.css
index 2f54fef..7d7f977 100644
--- a/src/styles/courses.css
+++ b/src/styles/courses.css
@@ -315,3 +315,63 @@
   .oda-course-overview [data-course-overview-lesson] { column-gap: .6rem; }
   .oda-course-overview [data-course-overview-lesson] > span:last-child { font-size: .68rem; }
 }
+
+/* The reference roadmap has fine lines, real step circles and divided pearl panels. */
+.oda-courses-fidelity .oda-course-intro { position: relative; overflow: hidden; display: grid; grid-template-columns: minmax(0, 1fr); gap: 16px; padding: 24px; border-radius: 18px; background: var(--surface); }
+.oda-courses-fidelity .oda-course-intro > div { position: relative; z-index: 1; }
+.oda-courses-fidelity .oda-course-intro-art { display: none; }
+.oda-courses-fidelity .oda-course-title { font-size: clamp(2rem, 4vw, 3rem); max-width: 18ch; }
+.oda-courses-fidelity .oda-course-intro-copy { font-size: .92rem; }
+.oda-courses-fidelity .oda-course-method { border: 0; border-top: 1px solid var(--border); border-radius: 0; background: none; padding: 12px 0 0; }
+.oda-courses-fidelity .oda-course-section-heading { padding-top: 24px; }
+.oda-courses-fidelity .oda-course-section-heading h2 { font-size: 1.35rem; }
+.oda-courses-fidelity .oda-course-search { border-radius: 12px; }
+.oda-courses-fidelity .oda-course-filters button { border-radius: 10px; font-size: .76rem; }
+.oda-courses-fidelity .oda-course-list { gap: 16px; }
+.oda-courses-fidelity .oda-course-row { position: relative; border-radius: 18px; min-height: 245px; }
+.oda-courses-fidelity .oda-course-row > .oda-course-cover { position: absolute; inset: 0 0 0 auto; width: 42%; height: 100%; opacity: .8; }
+.oda-courses-fidelity .oda-course-row-content { position: relative; z-index: 1; padding: 18px; background: linear-gradient(90deg, var(--surface) 40%, color-mix(in srgb, var(--surface) 88%, transparent) 72%, color-mix(in srgb, var(--surface) 72%, transparent)); }
+.oda-courses-fidelity .oda-course-row-title { font-size: 1.55rem; max-width: 20ch; }
+.oda-courses-fidelity .oda-course-row-category { background: none; padding-inline: 0; font-size: .62rem; }
+.oda-courses-fidelity .oda-course-row-number { width: 28px; height: 28px; border: 1px solid var(--border); background: var(--surface); }
+.oda-courses-fidelity .oda-course-row-outcome { margin-top: .7rem; padding-top: .7rem; font-size: .79rem; }
+.oda-courses-fidelity .oda-course-row-state { font-family: var(--font-sans); font-size: .82rem; font-weight: 650; }
+.oda-courses-fidelity .oda-course-row-arrow { border: 1px solid var(--border); background: var(--surface); }
+.oda-courses-fidelity .oda-course-map, .oda-courses-fidelity .oda-course-overview > header { border-radius: 18px; background: var(--surface); }
+.oda-courses-fidelity.oda-course-overview > header { background: var(--surface); border-radius: 18px; }
+.oda-courses-fidelity.oda-course-overview { display: grid; gap: 16px; }
+.oda-courses-fidelity .oda-course-eyebrow { font-family: var(--font-sans); font-style: normal; font-size: .75rem; }
+.oda-courses-fidelity .oda-course-overview-lead { display: grid; grid-template-columns: minmax(0, 1fr) 85px; gap: 12px; align-items: start; padding: 16px; border: 1px solid var(--border); }
+.oda-courses-fidelity .oda-course-overview-lead .oda-course-title { font-size: clamp(1.65rem, 4vw, 2.5rem); margin-block: .45rem; }
+.oda-courses-fidelity .oda-course-overview-lead .oda-course-eyebrow { font-size: .75rem; }
+.oda-courses-fidelity .oda-course-overview-lead p.text-sm { font-size: .8rem; }
+.oda-courses-fidelity .oda-course-overview-art { width: 85px; height: 150px; border-radius: 45px 45px 12px 12px; }
+.oda-courses-fidelity.oda-course-overview .oda-course-map { padding: 12px 16px 0; }
+.oda-courses-fidelity.oda-course-overview .oda-course-map h2 { font-size: 1rem; padding-top: 0; }
+.oda-courses-fidelity.oda-course-overview .oda-course-map ol { margin-top: 10px; }
+.oda-courses-fidelity.oda-course-overview [data-course-overview-lesson] { min-height: 44px; padding-block: 10px; font-size: .82rem; }
+.oda-courses-fidelity.oda-course-overview #course-start-lesson { border-radius: 12px; }
+.oda-courses-fidelity .oda-course-steps { position: relative; isolation: isolate; padding: 12px; border-radius: 16px; gap: 12px; }
+.oda-courses-fidelity .oda-course-steps::before { content: ''; position: absolute; top: 50%; inset-inline: 24px; height: 1px; background: var(--border-strong); z-index: -1; }
+.oda-courses-fidelity .oda-course-step { justify-self: center; width: 44px; border-color: var(--border-strong); background: var(--surface); }
+.oda-courses-fidelity .oda-course-step[aria-current="step"] { background: var(--accent); color: var(--on-accent); }
+.oda-courses-fidelity .oda-course-step[data-completed="true"] { background: var(--accent-soft); }
+.oda-courses-fidelity .oda-course-map li { border-radius: 0; background: none; }
+.oda-courses-fidelity .oda-course-map li + li { border-top: 1px solid var(--border); margin-top: 0; }
+.oda-courses-fidelity .oda-course-map li button { min-height: 56px; border-radius: 0; }
+.oda-courses-fidelity .oda-course-map-number { width: 28px; height: 28px; }
+.oda-courses-fidelity .oda-course-goal { padding: 18px; border-radius: 16px; background: var(--surface); border-inline-start: 3px solid var(--accent); }
+.oda-courses-fidelity .oda-course-goal p:last-child { font-size: 1rem; }
+.oda-courses-fidelity .oda-course-lesson-header, .oda-courses-fidelity .oda-course-photo-hero, .oda-courses-fidelity .oda-course-research { border-radius: 18px; }
+.oda-courses-fidelity .oda-course-lesson-title { font-size: clamp(1.75rem, 4vw, 2.65rem); }
+.oda-courses-fidelity .oda-practice-roadmap { padding: 16px; border-radius: 16px; background: var(--surface); }
+.oda-courses-fidelity .oda-practice-workbook, .oda-courses-fidelity .oda-course-reflection, .oda-courses-fidelity .oda-course-practice, .oda-courses-fidelity .oda-course-option { border-radius: 16px; }
+@media (min-width: 900px) {
+  .oda-courses-fidelity .oda-course-intro { padding-right: 35%; min-height: 285px; }
+  .oda-courses-fidelity .oda-course-intro-art { display: block; position: absolute; right: 0; top: 0; width: 32%; height: 100%; border-radius: 50% 0 0 0; }
+}
+@media (max-width: 479px) {
+  .oda-courses-fidelity .oda-course-intro { padding: 18px; }
+  .oda-courses-fidelity .oda-course-row-content { padding: 16px; }
+  .oda-courses-fidelity .oda-course-steps { gap: 8px; }
+}
diff --git a/src/styles/notebook.css b/src/styles/notebook.css
index d0ca43a..b5ea5f5 100644
--- a/src/styles/notebook.css
+++ b/src/styles/notebook.css
@@ -80,3 +80,62 @@
   .oda-notebook button { transition: none; }
   .oda-notebook-calendar-scroll { scroll-behavior: auto; }
 }
+
+/* Reference 7's tall illustrated module, compact journal and thin white dividers. */
+.oda-notebook-fidelity { display: grid; gap: 16px; }
+.oda-notebook-fidelity .oda-notebook-heading h1 { font-size: 1.7rem; }
+.oda-notebook-fidelity .oda-notebook-heading p { font-size: .82rem; }
+.oda-notebook-fidelity .oda-notebook-mark { width: 44px; height: 44px; border-radius: 12px; background: var(--surface); }
+.oda-notebook-fidelity .oda-notebook-stats { border-radius: 16px; padding: 12px 14px; gap: 8px; box-shadow: none; }
+.oda-notebook-fidelity .oda-notebook-stat-values { display: grid; grid-template-columns: repeat(3, minmax(0, 1fr)); flex: 1; gap: 0; }
+.oda-notebook-fidelity .oda-notebook-stat { padding: .35rem .6rem; background: none; border-radius: 0; border-inline-start: 1px solid var(--border); font-size: .75rem; }
+.oda-notebook-fidelity .oda-notebook-stat:first-child { border-inline-start: 0; padding-inline-start: 0; }
+.oda-notebook-fidelity .oda-notebook-stats [role="status"] { width: 100%; padding-top: 7px; border-top: 1px solid var(--border); font-size: .7rem; }
+.oda-notebook-fidelity .oda-notebook-tabs { max-width: 300px; padding: 3px; border-radius: 12px; background: var(--surface); }
+.oda-notebook-fidelity .oda-notebook-tabs button { border-radius: 9px; font-size: .82rem; padding-block: .5rem; }
+.oda-notebook-fidelity .oda-notebook-tabs button[aria-pressed="true"] { background: var(--accent-soft); box-shadow: none; }
+.oda-notebook-fidelity .oda-notebook-workspace { gap: 16px; }
+.oda-notebook-fidelity .oda-notebook-writing-column { display: contents; }
+.oda-notebook-fidelity .oda-notebook-calendar-lead { padding: 16px; border: 1px solid var(--border); border-radius: 18px; background: var(--surface); }
+.oda-notebook-fidelity .oda-notebook-calendar-lead > div:first-child { gap: .6rem; }
+.oda-notebook-fidelity .oda-notebook-calendar-lead > div:first-child h2 { font-size: .88rem; }
+.oda-notebook-fidelity .oda-notebook-calendar-lead > div:first-child button { border-radius: 10px; }
+.oda-notebook-fidelity .oda-notebook-calendar-lead input[type="search"] { min-height: 44px; }
+.oda-notebook-reflection-hero { min-width: 0; overflow: hidden; align-self: start; padding: 18px; border: 1px solid var(--border); border-radius: 18px; background: linear-gradient(155deg, var(--surface) 5%, color-mix(in srgb, var(--tint-blue) 35%, var(--surface)), var(--surface) 95%); box-shadow: var(--surface-shadow); }
+.oda-notebook-reflection-art { position: relative; height: 210px; }
+.oda-notebook-reflection-art::before { content: ''; position: absolute; width: 180px; height: 195px; left: 50%; top: 4px; transform: translateX(-50%); border: 1px solid color-mix(in srgb, var(--accent) 25%, var(--border)); border-radius: 48% 48% 18% 18%; background: radial-gradient(ellipse at 28% 22%, color-mix(in srgb, var(--surface) 85%, transparent), transparent 65%); box-shadow: inset 0 0 25px color-mix(in srgb, var(--surface) 80%, transparent); }
+.oda-notebook-reflection-art .oda-evidence-tree { width: 230px; margin: 0 auto; }
+.oda-notebook-reflection-art .oda-evidence-tree img { filter: hue-rotate(185deg) saturate(.65); }
+.oda-notebook-reflection-art::after { content: ''; position: absolute; width: 160px; height: 13px; top: 190px; left: 50%; transform: translateX(-50%); border: 1px solid color-mix(in srgb, var(--accent) 35%, var(--border)); border-radius: 50%; background: linear-gradient(var(--surface), var(--accent-soft)); box-shadow: 0 7px 12px -7px var(--accent); }
+.oda-notebook-reflection-hero > section { position: relative; padding: 12px 0 0; border: 0; border-radius: 0; background: none; box-shadow: none; }
+.oda-notebook-reflection-hero > section .oda-display { font-family: var(--font-sans); font-size: 1.55rem; font-weight: 650; line-height: 1.25; letter-spacing: -.025em; text-transform: uppercase; }
+.oda-notebook-reflection-hero > section button { min-height: 44px; height: auto; padding-block: .6rem; border-radius: 999px; background: var(--surface); white-space: normal; }
+.oda-notebook-fidelity .oda-notebook-editor { border-radius: 18px; box-shadow: var(--surface-shadow); }
+.oda-notebook-fidelity .oda-notebook-editor-heading { padding: 16px 18px 12px; border-bottom: 1px solid var(--border); margin-bottom: 14px; }
+.oda-notebook-fidelity .oda-notebook-editor-heading h2 { font-size: 1rem; }
+.oda-notebook-fidelity .oda-notebook-editor-heading > button { border-radius: 10px; background: var(--surface); border: 1px solid var(--border); font-size: .8rem; }
+.oda-notebook-fidelity .oda-notebook-editor-form { padding-inline: 18px; }
+.oda-notebook-fidelity input, .oda-notebook-fidelity textarea, .oda-notebook-fidelity select { border-radius: 10px; background: var(--surface); }
+.oda-notebook-fidelity #notebook-journal-content { height: 220px; min-height: 220px !important; }
+.oda-notebook-fidelity .oda-notebook-editor-actions button { border-radius: 10px; }
+.oda-notebook-fidelity .oda-notebook-archive { padding: 16px; border: 1px solid var(--border); border-radius: 18px; background: var(--surface); }
+.oda-notebook-fidelity .oda-notebook-archive > div:first-child h2 { font-size: .88rem; }
+.oda-notebook-fidelity .oda-notebook-calendar { display: flex; flex-direction: column; gap: 8px; border-radius: 14px; border: 1px solid var(--border); padding: 8px; }
+.oda-notebook-fidelity .oda-notebook-calendar > * { margin-block: 0; }
+.oda-notebook-fidelity .oda-notebook-calendar-scroll-hint { order: 1; }
+.oda-notebook-fidelity .oda-notebook-calendar-scroll { order: 2; }
+.oda-notebook-fidelity .oda-notebook-calendar > p:last-child { order: 3; }
+.oda-notebook-fidelity .oda-notebook-calendar td button { border-radius: 999px; }
+.oda-notebook-fidelity .oda-notebook-calendar > div:first-child button { background: var(--surface); }
+.oda-notebook-fidelity .oda-notebook-entry-list { border-radius: 12px; box-shadow: none; }
+@container oda-notebook (min-width: 850px) {
+  .oda-notebook-fidelity .oda-notebook-workspace { grid-template-columns: minmax(0, .85fr) minmax(0, 1.15fr); }
+  .oda-notebook-fidelity .oda-notebook-calendar-lead { grid-column: 2; grid-row: 1; }
+  .oda-notebook-reflection-hero { grid-column: 1; grid-row: 1 / span 2; min-height: 570px; }
+  .oda-notebook-fidelity .oda-notebook-editor { grid-column: 2; grid-row: 2; }
+  .oda-notebook-fidelity .oda-notebook-archive { grid-column: 1; grid-row: 3; }
+  .oda-notebook-reflection-art { height: 310px; }
+  .oda-notebook-reflection-art .oda-evidence-tree { width: min(100%, 330px); }
+  .oda-notebook-reflection-art::before { width: 240px; height: 285px; }
+  .oda-notebook-reflection-art::after { width: 200px; top: 285px; }
+}
diff --git a/workspace/oda-reference-redesign/src/styles/workingSurfaces.css b/workspace/oda-reference-redesign/src/styles/workingSurfaces.css
new file mode 100644
index 0000000..76eae8b
--- /dev/null
+++ b/workspace/oda-reference-redesign/src/styles/workingSurfaces.css
@@ -0,0 +1,106 @@
+/* Reference 6/7 composition: illustrated vertical modules and compact real evidence. */
+.oda-fidelity-today { --work-ink: var(--fg); --work-muted: var(--fg-muted); --work-subtle: var(--fg-subtle); --work-bg: var(--bg-muted); --work-border: var(--border); --work-accent: var(--accent); --work-on-accent: var(--on-accent); --work-soft: var(--accent-soft); --work-primary: var(--primary-grad); --work-on-primary: var(--on-primary); min-width: 0; container-type: inline-size; container-name: oda-working-today; }
+.oda-fidelity-today > header { gap: 12px; padding-block: 0; }
+.oda-fidelity-today > header .oda-today-headline { font-size: clamp(1.4rem, 2.4vw, 2rem); margin-top: .35rem; max-width: 32ch; }
+.oda-fidelity-today > header > button { border: 1px solid var(--border); background: var(--surface); border-radius: 12px; }
+.oda-fidelity-command { display: grid; grid-template-columns: minmax(0, 1fr); align-items: start; gap: 16px; }
+.oda-fidelity-command .oda-growth-dashboard { display: contents; }
+.oda-fidelity-command .oda-growth-actions { gap: 16px; }
+.oda-fidelity-today .oda-fidelity-hero { position: relative; isolation: isolate; display: flex; flex-direction: column; justify-content: flex-end; min-height: 450px; padding: 24px; overflow: hidden; border: 1px solid var(--border); border-radius: 18px; background: linear-gradient(155deg, var(--surface) 10%, color-mix(in srgb, var(--tint-blue) 40%, var(--surface)) 52%, var(--surface) 100%); box-shadow: var(--surface-shadow); }
+.oda-fidelity-hero-art { position: absolute; inset: 0 0 auto; height: 300px; padding: 16px; }
+.oda-fidelity-hero-art::before { content: ''; position: absolute; width: 220px; height: 245px; left: 50%; top: 18px; transform: translateX(-50%); border: 1px solid color-mix(in srgb, var(--accent) 25%, var(--border)); border-radius: 48% 48% 18% 18%; background: radial-gradient(ellipse at 28% 22%, color-mix(in srgb, var(--surface) 85%, transparent), transparent 65%); box-shadow: inset 0 0 30px color-mix(in srgb, var(--surface) 80%, transparent), 0 18px 32px -25px var(--accent); }
+.oda-fidelity-hero-art .oda-evidence-tree { width: min(100%, 300px); margin: 0 auto; }
+.oda-fidelity-hero-art .oda-evidence-tree img { filter: hue-rotate(185deg) saturate(.65); }
+.oda-fidelity-hero-art::after { content: ''; position: absolute; width: 190px; height: 16px; top: 258px; left: 50%; transform: translateX(-50%); border: 1px solid color-mix(in srgb, var(--accent) 35%, var(--border)); border-radius: 50%; background: linear-gradient(var(--surface), var(--accent-soft)); box-shadow: 0 7px 12px -7px var(--accent); z-index: -1; }
+.oda-fidelity-today .oda-fidelity-hero .oda-quote-mark { position: absolute; top: 20px; left: 22px; font-size: 54px; color: var(--accent); z-index: 2; }
+.oda-fidelity-hero-copy { position: relative; z-index: 1; margin-top: 255px; }
+.oda-fidelity-hero-copy::before { content: ''; position: absolute; inset: -40px -24px -24px; background: linear-gradient(transparent, var(--surface) 38%); z-index: -1; }
+.oda-fidelity-today .oda-fidelity-hero blockquote { font-family: var(--font-sans); font-size: clamp(1.55rem, 2.5vw, 2.2rem); line-height: 1.25; font-weight: 650; letter-spacing: -.025em; text-transform: uppercase; }
+.oda-fidelity-hero figcaption { line-height: 1.6; margin-top: 12px; }
+.oda-fidelity-today .oda-growth-actions .oda-decision { --bg: var(--surface); --bg-elevated: var(--surface); --bg-muted: var(--work-bg); --fg: var(--work-ink); --fg-muted: var(--work-muted); --fg-subtle: var(--work-subtle); --accent: var(--work-accent); --on-accent: var(--work-on-accent); --accent-soft: var(--work-soft); --border: var(--work-border); --surface-border: var(--work-border); --brand-burgundy: var(--work-accent); --primary-grad: var(--work-primary); --on-primary: var(--work-on-primary); padding: 20px; border-radius: 18px; border: 1px solid var(--border); background: var(--surface); color: var(--fg); box-shadow: var(--surface-shadow); }
+.oda-fidelity-today .oda-growth-actions .oda-decision-text { font-family: var(--font-sans); font-size: 1.55rem; line-height: 1.3; }
+.oda-fidelity-today .oda-decision-input { background: var(--bg); border-radius: 10px; min-height: 48px; }
+.oda-fidelity-today .oda-decision-action { min-height: 48px; border-radius: 12px; font-size: .88rem; }
+.oda-fidelity-today .oda-decision-done { border-radius: 12px; }
+.oda-fidelity-today .oda-decision-plan { border-radius: 10px; border: 1px solid var(--border); }
+.oda-fidelity-today .oda-growth-actions .oda-course-next-step { padding: 18px 20px; border-radius: 18px; background: var(--surface); box-shadow: var(--surface-shadow); }
+.oda-fidelity-today .oda-growth-actions .oda-course-next-step h2 { font-size: 1.25rem; margin-top: .4rem; }
+.oda-fidelity-today .oda-course-next-step [data-next-lesson-title] { font-size: .92rem; margin-top: .8rem; }
+.oda-fidelity-today .oda-course-next-step .oda-loop-help { font-size: .78rem; line-height: 1.55; }
+.oda-fidelity-today .oda-growth-panel { padding: 18px; border-radius: 18px; background: var(--surface); box-shadow: var(--surface-shadow); align-self: start; }
+.oda-fidelity-today .oda-growth-panel .oda-evidence-tree { width: min(100%, 180px); margin-top: 0; }
+.oda-fidelity-today .oda-growth-heading h2 { font-size: .98rem; }
+.oda-fidelity-today .oda-growth-heading p { font-size: .73rem; line-height: 1.5; }
+.oda-fidelity-today .oda-growth-caption { display: grid; gap: .35rem; padding-top: .2rem; }
+.oda-fidelity-today .oda-growth-count { justify-content: space-between; padding-inline: .7rem; border-radius: 10px; font-size: .73rem; }
+.oda-fidelity-today .oda-growth-ledger { font-size: .7rem; line-height: 1.5; }
+.oda-fidelity-today .oda-growth-week { padding: 18px; border-radius: 18px; display: grid; grid-template-columns: minmax(0, 1fr); gap: 12px; box-shadow: var(--surface-shadow); background: var(--surface); }
+.oda-fidelity-today .oda-growth-week h2 { font-size: 1rem; }
+.oda-fidelity-today .oda-growth-week p { font-size: .75rem; }
+.oda-fidelity-today .oda-growth-day { width: 26px; height: 26px; }
+.oda-fidelity-today .oda-growth-day-name { font-size: .65rem; }
+.oda-fidelity-today .oda-growth-evidence-link { border-top: 1px solid var(--border); border-left: 0; padding: .35rem 0 0; font-size: .76rem; }
+.oda-fidelity-support { display: grid; grid-template-columns: minmax(0, 1fr); align-items: start; gap: 16px; }
+.oda-fidelity-support > section, .oda-fidelity-support > button, .oda-fidelity-support > nav, .oda-fidelity-support > div { min-width: 0; }
+.oda-fidelity-support > section, .oda-fidelity-support > button { border-radius: 18px; }
+.oda-fidelity-support .oda-tile { border-radius: 14px; min-height: 80px; gap: 9px; padding: 12px; align-items: flex-start; }
+.oda-fidelity-support .oda-tile-icon { width: 32px; height: 32px; flex: none; border-radius: 10px; }
+.oda-fidelity-support .oda-tile > span:last-child { min-width: 0; overflow-wrap: anywhere; }
+.oda-fidelity-support .oda-tile > span:last-child > span:first-child { font-size: .8rem; line-height: 1.4; }
+.oda-fidelity-support .oda-tile > span:last-child > span:last-child { font-size: .7rem; line-height: 1.5; margin-top: .2rem; }
+.oda-fidelity-habits { padding: 18px; }
+.oda-fidelity-focus { min-width: 0; }
+.oda-focus-heading h1 { font-size: 1.7rem; }
+.oda-focus-heading p { font-size: .86rem; line-height: 1.6; }
+.oda-focus-workbench { display: grid; gap: 16px; align-items: start; }
+.oda-focus-workbench > #focus-timer-hub { order: 0; }
+.oda-focus-workbench > .oda-focus-illustration { order: 1; }
+.oda-focus-illustration { position: relative; margin: 0; overflow: hidden; border: 1px solid var(--border); border-radius: 18px; height: 220px; background: var(--surface); }
+.oda-focus-illustration .oda-course-cover { display: block; width: 100%; height: 100%; }
+.oda-focus-illustration img { width: 100%; height: 100%; object-fit: cover; }
+.oda-focus-illustration > span { position: absolute; top: 18px; left: 20px; font-size: 60px; color: #49376E; line-height: 1; }
+.oda-fidelity-focus #focus-timer-hub { border-radius: 18px; padding: 20px; box-shadow: var(--surface-shadow); }
+.oda-fidelity-focus #focus-timer-hub > div:first-child { padding-bottom: 14px; border-bottom: 1px solid var(--border); }
+.oda-fidelity-focus #focus-timer-hub button { border-radius: 10px; min-height: 44px; }
+.oda-fidelity-focus #focus-timer-hub select, .oda-fidelity-focus #focus-timer-hub input { border-radius: 10px; }
+.oda-fidelity-focus .oda-focus-launch { display: grid; gap: 12px; padding: 20px; border: 1px solid var(--border); border-radius: 16px; background: var(--surface); }
+.oda-fidelity-focus .oda-focus-launch > div:first-child { text-align: center; }
+.oda-fidelity-focus .oda-focus-duration { font-size: clamp(3rem, 6vw, 4rem); line-height: 1.15; margin-top: .35rem; letter-spacing: -.04em; font-variant-numeric: tabular-nums; color: var(--fg); }
+.oda-fidelity-focus .oda-focus-launch > div:last-child { display: grid; grid-template-columns: minmax(0, 1fr); gap: 10px; text-align: center; }
+.oda-fidelity-focus .oda-focus-launch button { width: 100%; min-height: 48px !important; background: var(--accent); color: var(--on-accent); }
+.oda-fidelity-focus .oda-focus-launch > div:last-child > span { font-size: .75rem; }
+@container oda-working-today (min-width: 900px) {
+  .oda-fidelity-command { grid-template-columns: minmax(0, 1.15fr) minmax(0, 1.08fr) minmax(210px, .72fr); grid-template-rows: auto auto; gap: 16px; }
+  .oda-fidelity-command .oda-fidelity-hero { grid-column: 1; grid-row: 1 / span 2; min-height: 580px; align-self: stretch; }
+  .oda-fidelity-command .oda-growth-actions { grid-column: 2; grid-row: 1 / span 2; }
+  .oda-fidelity-command .oda-growth-panel { grid-column: 3; grid-row: 1; width: 100%; }
+  .oda-fidelity-command .oda-growth-week { grid-column: 3; grid-row: 2; }
+  .oda-fidelity-support { grid-template-columns: repeat(2, minmax(0, 1fr)); }
+}
+@media (min-width: 1000px) {
+  .oda-focus-workbench { grid-template-columns: minmax(190px, .65fr) minmax(0, 1.35fr); }
+  .oda-focus-workbench > .oda-focus-illustration { grid-column: 1; grid-row: 1; }
+  .oda-focus-workbench > #focus-timer-hub { grid-column: 2; grid-row: 1; }
+  .oda-focus-illustration { height: 520px; }
+}
+@media (max-width: 479px) {
+  .oda-fidelity-today > header > div > p { font-size: 11px; }
+  .oda-fidelity-today > header .oda-today-headline { font-size: 1.4rem; }
+  .oda-fidelity-today > header > button { padding-inline: 9px; font-size: .75rem; }
+  .oda-fidelity-today .oda-fidelity-hero { min-height: 370px; padding: 20px; }
+  .oda-fidelity-hero-art { height: 230px; padding: 8px; }
+  .oda-fidelity-hero-art .oda-evidence-tree { width: 240px; }
+  .oda-fidelity-hero-art::before { width: 180px; height: 205px; top: 10px; }
+  .oda-fidelity-hero-art::after { width: 155px; height: 13px; top: 202px; }
+  .oda-fidelity-hero-copy { margin-top: 205px; }
+  .oda-fidelity-today .oda-fidelity-hero blockquote { font-size: 1.5rem; }
+  .oda-fidelity-today .oda-growth-actions .oda-decision { padding: 18px; }
+  .oda-fidelity-today .oda-growth-panel { display: grid; grid-template-columns: minmax(0, 1fr) 130px; align-items: center; gap: 8px; padding: 16px; }
+  .oda-fidelity-today .oda-growth-panel .oda-evidence-tree { grid-column: 2; grid-row: 1 / span 2; width: 130px; }
+  .oda-fidelity-today .oda-growth-caption { grid-column: 1; }
+  .oda-fidelity-today .oda-growth-week { padding: 16px; }
+  .oda-focus-illustration { height: 180px; }
+}
+@media (prefers-reduced-motion: reduce) {
+  .oda-fidelity-today *, .oda-fidelity-focus * { scroll-behavior: auto; }
+}
