PASS All six approved tree files retain manifest SHA-256 bytes
PASS All four approved course covers retain manifest SHA-256 bytes
PASS Tree stage and truthful evidence at 0
PASS Tree stage and truthful evidence at 1
PASS Tree stage and truthful evidence at 9
PASS Tree stage and truthful evidence at 10
PASS Tree stage and truthful evidence at 29
PASS Tree stage and truthful evidence at 30
PASS Tree stage and truthful evidence at 59
PASS Tree stage and truthful evidence at 60
PASS Tree stage and truthful evidence at 61
PASS Tree stage and truthful evidence at 89
PASS Tree stage and truthful evidence at 90
PASS Tree stage and truthful evidence at 120
PASS Same-day duplicates increase evidence but not distinct weekly days
PASS Responsive 320px light reduced motion
PASS Responsive 320px dark reduced motion
PASS Responsive 390px light reduced motion
PASS Responsive 390px dark reduced motion
PASS Responsive 1440px light reduced motion
PASS Responsive 1440px dark reduced motion
PASS Unavailable tree image retains accurate evidence and usable fallback
PASS en catalogue inventory, local covers, filters and navigation
PASS tr catalogue inventory, local covers, filters and navigation
PASS es catalogue inventory, local covers, filters and navigation
PASS Repeated Today/course/evidence navigation and Back/Forward retain exact record
PASS Me miniature and evidence entry expose accurate capped counts at 120
PASSED: 27 checks; 0 failures; 0 runtime errors. Report: artifacts/verification/approved-growth-live-webkit/growth-browser-report.json
