vite v6.4.3 building for production...

(!) outDir /tmp/oda-deep-ios-web is not inside project root and will not be emptied.
Use --emptyOutDir to override.

transforming...
✓ 3360 modules transformed.
rendering chunks...
[plugin vite:reporter] 
(!) /workspace/one-decision-away/src/services/cloudSync.ts is dynamically imported by /workspace/one-decision-away/src/main.tsx but also statically imported by /workspace/one-decision-away/src/components/BackupAndCloudSettings.tsx, /workspace/one-decision-away/src/components/BackupReminder.tsx, /workspace/one-decision-away/src/components/DailyNudgesSettings.tsx, /workspace/one-decision-away/src/pages/Account.tsx, /workspace/one-decision-away/src/pages/Coach.tsx, /workspace/one-decision-away/src/services/cloudCoach.ts, /workspace/one-decision-away/src/services/courseProgress.ts, /workspace/one-decision-away/src/services/pushNotifications.ts, /workspace/one-decision-away/src/services/repository.ts, /workspace/one-decision-away/src/services/useCloudState.ts, /workspace/one-decision-away/src/store/useApp.tsx, dynamic import will not move module into another chunk.

computing gzip size...
../../tmp/oda-deep-ios-web/index.html                                                       3.27 kB │ gzip:     1.13 kB
../../tmp/oda-deep-ios-web/assets/hanken-grotesk-vietnamese-wght-normal-CHiFlh_0.woff2      9.32 kB
../../tmp/oda-deep-ios-web/assets/hanken-grotesk-latin-ext-wght-normal-Dg-wlmqe.woff2      19.59 kB
../../tmp/oda-deep-ios-web/assets/newsreader-vietnamese-opsz-normal-BjhtXyW2.woff2         27.25 kB
../../tmp/oda-deep-ios-web/assets/newsreader-vietnamese-opsz-italic-DTr-ymY4.woff2         27.90 kB
../../tmp/oda-deep-ios-web/assets/hanken-grotesk-latin-wght-normal-CaVRRdDk.woff2          34.70 kB
../../tmp/oda-deep-ios-web/assets/newsreader-latin-ext-opsz-normal-BQn1nviT.woff2          86.61 kB
../../tmp/oda-deep-ios-web/assets/newsreader-latin-ext-opsz-italic-CSPGnFdO.woff2          95.54 kB
../../tmp/oda-deep-ios-web/assets/newsreader-latin-opsz-normal-s-izfB6B.woff2             132.00 kB
../../tmp/oda-deep-ios-web/assets/newsreader-latin-opsz-italic-kJKFiXvB.woff2             146.87 kB
../../tmp/oda-deep-ios-web/assets/aiCoach.worker-C60CQ1Xm.js                            6,039.34 kB
../../tmp/oda-deep-ios-web/assets/Today-D76Bu5Fr.css                                        4.80 kB │ gzip:     1.29 kB
../../tmp/oda-deep-ios-web/assets/SoundRoom-CqaeVc25.css                                   10.94 kB │ gzip:     2.71 kB
../../tmp/oda-deep-ios-web/assets/Courses-COCHombq.css                                     26.53 kB │ gzip:     4.99 kB
../../tmp/oda-deep-ios-web/assets/index-BmJXko6Y.css                                      103.56 kB │ gzip:    21.76 kB
../../tmp/oda-deep-ios-web/assets/de-FmFgRqLi.js                                            0.03 kB │ gzip:     0.05 kB
../../tmp/oda-deep-ios-web/assets/fr-FmFgRqLi.js                                            0.03 kB │ gzip:     0.05 kB
../../tmp/oda-deep-ios-web/assets/it-FmFgRqLi.js                                            0.03 kB │ gzip:     0.05 kB
../../tmp/oda-deep-ios-web/assets/ru-FmFgRqLi.js                                            0.03 kB │ gzip:     0.05 kB
../../tmp/oda-deep-ios-web/assets/web-DJV6R03t.js                                           0.18 kB │ gzip:     0.16 kB
../../tmp/oda-deep-ios-web/assets/useCloudState-DXNpr-1Q.js                                 0.20 kB │ gzip:     0.18 kB
../../tmp/oda-deep-ios-web/assets/chevron-right-BjfSggXy.js                                 0.30 kB │ gzip:     0.25 kB
../../tmp/oda-deep-ios-web/assets/square-DSUjVo8E.js                                        0.32 kB │ gzip:     0.26 kB
../../tmp/oda-deep-ios-web/assets/arrow-up-right-BF083xvj.js                                0.34 kB │ gzip:     0.27 kB
../../tmp/oda-deep-ios-web/assets/search-Blh8DYjN.js                                        0.35 kB │ gzip:     0.28 kB
../../tmp/oda-deep-ios-web/assets/circle-check-BppQfOfP.js                                  0.35 kB │ gzip:     0.28 kB
../../tmp/oda-deep-ios-web/assets/user-round-D4HWHDfX.js                                    0.36 kB │ gzip:     0.28 kB
../../tmp/oda-deep-ios-web/assets/rotate-ccw-CJo2bXzp.js                                    0.37 kB │ gzip:     0.29 kB
../../tmp/oda-deep-ios-web/assets/index-gXnu3Szs.js                                         0.38 kB │ gzip:     0.27 kB
../../tmp/oda-deep-ios-web/assets/mail-BVGVca2m.js                                          0.39 kB │ gzip:     0.31 kB
../../tmp/oda-deep-ios-web/assets/moon-GhMQYUvi.js                                          0.39 kB │ gzip:     0.31 kB
../../tmp/oda-deep-ios-web/assets/log-out-DLJWN9xN.js                                       0.40 kB │ gzip:     0.30 kB
../../tmp/oda-deep-ios-web/assets/headphones-rctK8ZOb.js                                    0.41 kB │ gzip:     0.29 kB
../../tmp/oda-deep-ios-web/assets/timer-CWnMl5us.js                                         0.41 kB │ gzip:     0.29 kB
../../tmp/oda-deep-ios-web/assets/wind-CqP1nveO.js                                          0.42 kB │ gzip:     0.30 kB
../../tmp/oda-deep-ios-web/assets/archive-HPJfHY3t.js                                       0.43 kB │ gzip:     0.32 kB
../../tmp/oda-deep-ios-web/assets/route-DkLOUcgB.js                                         0.43 kB │ gzip:     0.31 kB
../../tmp/oda-deep-ios-web/assets/lock-keyhole-DradJsS4.js                                  0.43 kB │ gzip:     0.33 kB
../../tmp/oda-deep-ios-web/assets/index-BjpBtW9Z.js                                         0.45 kB │ gzip:     0.28 kB
../../tmp/oda-deep-ios-web/assets/pencil-BW3w4IzZ.js                                        0.45 kB │ gzip:     0.33 kB
../../tmp/oda-deep-ios-web/assets/pen-line-C4wQlLh2.js                                      0.45 kB │ gzip:     0.33 kB
../../tmp/oda-deep-ios-web/assets/index-DvdaEVUb.js                                         0.48 kB │ gzip:     0.29 kB
../../tmp/oda-deep-ios-web/assets/refresh-cw-ArvfaBBl.js                                    0.50 kB │ gzip:     0.33 kB
../../tmp/oda-deep-ios-web/assets/trash-2-Cz4Qk6yA.js                                       0.50 kB │ gzip:     0.32 kB
../../tmp/oda-deep-ios-web/assets/Focus-Bug5Bf6C.js                                         0.53 kB │ gzip:     0.34 kB
../../tmp/oda-deep-ios-web/assets/share-2-DL9rkTln.js                                       0.53 kB │ gzip:     0.34 kB
../../tmp/oda-deep-ios-web/assets/shuffle-D5sdR3cy.js                                       0.56 kB │ gzip:     0.35 kB
../../tmp/oda-deep-ios-web/assets/sun-moon-D4sHTbPm.js                                      0.57 kB │ gzip:     0.38 kB
../../tmp/oda-deep-ios-web/assets/waves-CT-wvaFQ.js                                         0.60 kB │ gzip:     0.32 kB
../../tmp/oda-deep-ios-web/assets/sparkles-B2oOij7R.js                                      0.67 kB │ gzip:     0.39 kB
../../tmp/oda-deep-ios-web/assets/calendar-days-I0zr_wq0.js                                 0.67 kB │ gzip:     0.37 kB
../../tmp/oda-deep-ios-web/assets/index-C0kau4Hb.js                                         0.67 kB │ gzip:     0.42 kB
../../tmp/oda-deep-ios-web/assets/trending-up-CS_o-LXN.js                                   0.69 kB │ gzip:     0.34 kB
../../tmp/oda-deep-ios-web/assets/index-5O-ouj56.js                                         0.72 kB │ gzip:     0.41 kB
../../tmp/oda-deep-ios-web/assets/music-WE0yoHyx.js                                         0.75 kB │ gzip:     0.40 kB
../../tmp/oda-deep-ios-web/assets/web-4lewNrtG.js                                           0.90 kB │ gzip:     0.43 kB
../../tmp/oda-deep-ios-web/assets/web-CfsA1nb3.js                                           1.06 kB │ gzip:     0.52 kB
../../tmp/oda-deep-ios-web/assets/Legal-CtwZB6_S.js                                         2.00 kB │ gzip:     0.91 kB
../../tmp/oda-deep-ios-web/assets/Support-BPNGg-EV.js                                       3.54 kB │ gzip:     1.26 kB
../../tmp/oda-deep-ios-web/assets/Seasons-DuH6sEpy.js                                       3.65 kB │ gzip:     1.29 kB
../../tmp/oda-deep-ios-web/assets/Budget-9Z5FLYrw.js                                        4.45 kB │ gzip:     1.70 kB
../../tmp/oda-deep-ios-web/assets/web-DHADLwRo.js                                           4.65 kB │ gzip:     1.40 kB
../../tmp/oda-deep-ios-web/assets/purchases-CbgkQVkr.js                                     4.73 kB │ gzip:     2.16 kB
../../tmp/oda-deep-ios-web/assets/Evidence-CGzJMsi5.js                                      5.42 kB │ gzip:     1.98 kB
../../tmp/oda-deep-ios-web/assets/Tools-skfhiuDm.js                                         5.60 kB │ gzip:     2.18 kB
../../tmp/oda-deep-ios-web/assets/Missions-B4rd9P5Y.js                                      5.65 kB │ gzip:     2.06 kB
../../tmp/oda-deep-ios-web/assets/LifeScore-ShNbtqj-.js                                     5.72 kB │ gzip:     1.92 kB
../../tmp/oda-deep-ios-web/assets/Bridge-Ct3pD96Q.js                                        6.53 kB │ gzip:     1.97 kB
../../tmp/oda-deep-ios-web/assets/FutureSelf-7qBE2Y6X.js                                    6.86 kB │ gzip:     1.94 kB
../../tmp/oda-deep-ios-web/assets/MissionFlows-BSsp0UnR.js                                  8.10 kB │ gzip:     2.50 kB
../../tmp/oda-deep-ios-web/assets/index-C-rkVVpr.js                                         8.72 kB │ gzip:     3.31 kB
../../tmp/oda-deep-ios-web/assets/web-dIODrh_p.js                                          10.19 kB │ gzip:     2.10 kB
../../tmp/oda-deep-ios-web/assets/Account-DQSZ6vvz.js                                      10.41 kB │ gzip:     3.25 kB
../../tmp/oda-deep-ios-web/assets/PublicTwoFutures-DCFiNDKo.js                             11.24 kB │ gzip:     3.71 kB
../../tmp/oda-deep-ios-web/assets/support-C5r6uSz4.js                                      11.79 kB │ gzip:     4.95 kB
../../tmp/oda-deep-ios-web/assets/DreamArt-ul2rwkmn.js                                     12.84 kB │ gzip:     2.51 kB
../../tmp/oda-deep-ios-web/assets/FocusTimerHub-CyQRzO9B.js                                13.62 kB │ gzip:     3.86 kB
../../tmp/oda-deep-ios-web/assets/Upgrade-CVW8l-Oj.js                                      14.05 kB │ gzip:     4.76 kB
../../tmp/oda-deep-ios-web/assets/Me-BKuZL8Hx.js                                           16.29 kB │ gzip:     5.65 kB
../../tmp/oda-deep-ios-web/assets/TwoFutures-KodDPpz6.js                                   19.69 kB │ gzip:     5.43 kB
../../tmp/oda-deep-ios-web/assets/SoundRoom-DTLogd0Z.js                                    20.33 kB │ gzip:     7.76 kB
../../tmp/oda-deep-ios-web/assets/media-2mgEiOLR.js                                        23.75 kB │ gzip:     9.29 kB
../../tmp/oda-deep-ios-web/assets/Bank-P21slsdz.js                                         29.85 kB │ gzip:     8.22 kB
../../tmp/oda-deep-ios-web/assets/Settings-C7I0cfG7.js                                     40.62 kB │ gzip:    12.75 kB
../../tmp/oda-deep-ios-web/assets/Coach-BBmKs7xA.js                                        48.48 kB │ gzip:    15.85 kB
../../tmp/oda-deep-ios-web/assets/Notebook-CiKqu6sy.js                                     48.78 kB │ gzip:    14.17 kB
../../tmp/oda-deep-ios-web/assets/Dreams-NF-j2Ha_.js                                       53.04 kB │ gzip:    14.93 kB
../../tmp/oda-deep-ios-web/assets/DailyMicroHabits-D4ytJ9Gn.js                             56.82 kB │ gzip:    14.79 kB
../../tmp/oda-deep-ios-web/assets/Progress-C9nG0o0H.js                                     75.84 kB │ gzip:    18.19 kB
../../tmp/oda-deep-ios-web/assets/Courses-RnAsqX8O.js                                     108.40 kB │ gzip:    35.13 kB
../../tmp/oda-deep-ios-web/assets/motion-HNvQpnN_.js                                      128.88 kB │ gzip:    42.38 kB
../../tmp/oda-deep-ios-web/assets/Today-DW8ZsAe8.js                                       135.01 kB │ gzip:    41.63 kB
../../tmp/oda-deep-ios-web/assets/supabase--wUpN4Ei.js                                    228.14 kB │ gzip:    59.28 kB
../../tmp/oda-deep-ios-web/assets/react-5GCfeWye.js                                       229.42 kB │ gzip:    71.53 kB
../../tmp/oda-deep-ios-web/assets/genai-DNIGCYRr.js                                       409.93 kB │ gzip:    72.77 kB
../../tmp/oda-deep-ios-web/assets/charts-CiESIKeW.js                                      431.59 kB │ gzip:   124.88 kB
../../tmp/oda-deep-ios-web/assets/tr-C8BDhSCr.js                                          560.83 kB │ gzip:   219.10 kB
../../tmp/oda-deep-ios-web/assets/es-CYCsPQH7.js                                          573.26 kB │ gzip:   217.48 kB
../../tmp/oda-deep-ios-web/assets/index-CcQyYJqC.js                                       785.11 kB │ gzip:   259.86 kB
../../tmp/oda-deep-ios-web/assets/courses-CKtnra3s.js                                   2,510.75 kB │ gzip:   813.28 kB
../../tmp/oda-deep-ios-web/assets/index-BMm9S-UO.js                                     5,959.05 kB │ gzip: 2,123.39 kB

(!) Some chunks are larger than 700 kB after minification. Consider:
- Using dynamic import() to code-split the application
- Use build.rollupOptions.output.manualChunks to improve chunking: https://rollupjs.org/configuration-options/#output-manualchunks
- Adjust chunk size limit for this warning via build.chunkSizeWarningLimit.
✓ built in 16.62s
npm notice
npm notice New major version of npm available! 11.9.0 -> 12.2.0
npm notice Changelog: https://github.com/npm/cli/releases/tag/v12.2.0
npm notice To update run: npm install -g npm@12.2.0
npm notice
