
> oda-one-decision-away@1.0.0 test:browser
> node --import tsx scripts/qa-browser.mjs

PASS landing mobile: no horizontal overflow
PASS landing mobile: no serious/critical axe findings
PASS interrupted onboarding restores name, intention and first decision
PASS onboarding final step: no serious/critical axe findings
PASS modal contains keyboard focus and Escape dismisses
PASS onboarding decision uses local calendar date across UTC midnight
PASS first decision saved and setup draft removed only after success
PASS daily reflection survives reload and remains editable
PASS Today mobile: no horizontal overflow
PASS Today mobile: no serious/critical axe findings
PASS decision completion persists once across reload without duplicate reward
PASS course plan, attempt, reflection and partial practice survive interruption
PASS sequential course progression preserves plan in unified backup record
PASS lesson mobile: no horizontal overflow
PASS lesson mobile: no serious/critical axe findings
PASS downloaded backup contains course plan, attempts, progression and notebook
PASS malformed restore leaves existing data intact
PASS cancelled restore leaves existing data intact
PASS confirmed backup restore retains applied course work
PASS unexpected legacy rendering errors preserve data, offer recovery download and reach support
PASS support remains reachable outside the application when legacy data breaks provider initialization
PASS Today 320px: no horizontal overflow
PASS correct primary navigation at 320px
PASS courses 320px: no horizontal overflow
PASS landing 320px: no horizontal overflow
PASS Turkish dark lesson 320px: no horizontal overflow
PASS Turkish dark lesson 320px: no serious/critical axe findings
PASS Spanish support 320px: no horizontal overflow
PASS Spanish support 320px: no serious/critical axe findings
PASS Today 1440px: no horizontal overflow
PASS correct primary navigation at 1440px
PASS courses 1440px: no horizontal overflow
PASS landing 1440px: no horizontal overflow
PASS landing desktop: no serious/critical axe findings
PASS Turkish dark lesson 1440px: no horizontal overflow
PASS Turkish dark lesson 1440px: no serious/critical axe findings
PASS Spanish support 1440px: no horizontal overflow
PASS Spanish support 1440px: no serious/critical axe findings
PASS no uncaught browser errors across tested flows
npm notice
npm notice New major version of npm available! 11.9.0 -> 12.2.0
npm notice Changelog: https://github.com/npm/cli/releases/tag/v12.2.0
npm notice To update run: npm install -g npm@12.2.0
npm notice
