vite v6.4.3 building for production...

(!) outDir /tmp/oda-ios-web-build is not inside project root and will not be emptied.
Use --emptyOutDir to override.

transforming...
✓ 3358 modules transformed.
rendering chunks...
[plugin vite:reporter] 
(!) /workspace/one-decision-away/src/services/cloudSync.ts is dynamically imported by /workspace/one-decision-away/src/main.tsx but also statically imported by /workspace/one-decision-away/src/components/BackupAndCloudSettings.tsx, /workspace/one-decision-away/src/components/BackupReminder.tsx, /workspace/one-decision-away/src/components/DailyNudgesSettings.tsx, /workspace/one-decision-away/src/pages/Account.tsx, /workspace/one-decision-away/src/services/cloudCoach.ts, /workspace/one-decision-away/src/services/pushNotifications.ts, /workspace/one-decision-away/src/services/repository.ts, /workspace/one-decision-away/src/services/useCloudState.ts, /workspace/one-decision-away/src/store/useApp.tsx, dynamic import will not move module into another chunk.

computing gzip size...
../../tmp/oda-ios-web-build/index.html                                                       3.27 kB │ gzip:     1.13 kB
../../tmp/oda-ios-web-build/assets/hanken-grotesk-vietnamese-wght-normal-CHiFlh_0.woff2      9.32 kB
../../tmp/oda-ios-web-build/assets/hanken-grotesk-latin-ext-wght-normal-Dg-wlmqe.woff2      19.59 kB
../../tmp/oda-ios-web-build/assets/newsreader-vietnamese-opsz-normal-BjhtXyW2.woff2         27.25 kB
../../tmp/oda-ios-web-build/assets/newsreader-vietnamese-opsz-italic-DTr-ymY4.woff2         27.90 kB
../../tmp/oda-ios-web-build/assets/hanken-grotesk-latin-wght-normal-CaVRRdDk.woff2          34.70 kB
../../tmp/oda-ios-web-build/assets/newsreader-latin-ext-opsz-normal-BQn1nviT.woff2          86.61 kB
../../tmp/oda-ios-web-build/assets/newsreader-latin-ext-opsz-italic-CSPGnFdO.woff2          95.54 kB
../../tmp/oda-ios-web-build/assets/newsreader-latin-opsz-normal-s-izfB6B.woff2             132.00 kB
../../tmp/oda-ios-web-build/assets/newsreader-latin-opsz-italic-kJKFiXvB.woff2             146.87 kB
../../tmp/oda-ios-web-build/assets/aiCoach.worker-C60CQ1Xm.js                            6,039.34 kB
../../tmp/oda-ios-web-build/assets/Today-D76Bu5Fr.css                                        4.80 kB │ gzip:     1.29 kB
../../tmp/oda-ios-web-build/assets/SoundRoom-CqaeVc25.css                                   10.94 kB │ gzip:     2.71 kB
../../tmp/oda-ios-web-build/assets/Courses-COCHombq.css                                     26.53 kB │ gzip:     4.99 kB
../../tmp/oda-ios-web-build/assets/index-BmJXko6Y.css                                      103.56 kB │ gzip:    21.76 kB
../../tmp/oda-ios-web-build/assets/de-FmFgRqLi.js                                            0.03 kB │ gzip:     0.05 kB
../../tmp/oda-ios-web-build/assets/fr-FmFgRqLi.js                                            0.03 kB │ gzip:     0.05 kB
../../tmp/oda-ios-web-build/assets/it-FmFgRqLi.js                                            0.03 kB │ gzip:     0.05 kB
../../tmp/oda-ios-web-build/assets/ru-FmFgRqLi.js                                            0.03 kB │ gzip:     0.05 kB
../../tmp/oda-ios-web-build/assets/web-CRblr0RS.js                                           0.18 kB │ gzip:     0.16 kB
../../tmp/oda-ios-web-build/assets/useCloudState-C7XXZXEc.js                                 0.20 kB │ gzip:     0.18 kB
../../tmp/oda-ios-web-build/assets/chevron-right-3TVFkVrx.js                                 0.30 kB │ gzip:     0.25 kB
../../tmp/oda-ios-web-build/assets/square-D2FspMkG.js                                        0.32 kB │ gzip:     0.26 kB
../../tmp/oda-ios-web-build/assets/arrow-up-right-DK0bbanz.js                                0.34 kB │ gzip:     0.27 kB
../../tmp/oda-ios-web-build/assets/search-Nuh3fxCs.js                                        0.35 kB │ gzip:     0.28 kB
../../tmp/oda-ios-web-build/assets/circle-check-ejuBtma0.js                                  0.35 kB │ gzip:     0.28 kB
../../tmp/oda-ios-web-build/assets/user-round-BtIctri7.js                                    0.36 kB │ gzip:     0.28 kB
../../tmp/oda-ios-web-build/assets/rotate-ccw-DS1sko3p.js                                    0.37 kB │ gzip:     0.29 kB
../../tmp/oda-ios-web-build/assets/index-BfFE3ogb.js                                         0.38 kB │ gzip:     0.27 kB
../../tmp/oda-ios-web-build/assets/mail-C9ri6Il6.js                                          0.39 kB │ gzip:     0.31 kB
../../tmp/oda-ios-web-build/assets/moon-BcO76Kxg.js                                          0.39 kB │ gzip:     0.31 kB
../../tmp/oda-ios-web-build/assets/log-out-BF-vp4om.js                                       0.40 kB │ gzip:     0.29 kB
../../tmp/oda-ios-web-build/assets/headphones-JwoyhY7I.js                                    0.41 kB │ gzip:     0.29 kB
../../tmp/oda-ios-web-build/assets/timer-C7kBnYBi.js                                         0.41 kB │ gzip:     0.29 kB
../../tmp/oda-ios-web-build/assets/wind-CvbBR9p6.js                                          0.42 kB │ gzip:     0.30 kB
../../tmp/oda-ios-web-build/assets/archive-Cx3JUKUy.js                                       0.43 kB │ gzip:     0.31 kB
../../tmp/oda-ios-web-build/assets/route-BfCM8VHj.js                                         0.43 kB │ gzip:     0.31 kB
../../tmp/oda-ios-web-build/assets/lock-keyhole-q6WuBm9e.js                                  0.43 kB │ gzip:     0.33 kB
../../tmp/oda-ios-web-build/assets/index-CrHB2TER.js                                         0.45 kB │ gzip:     0.28 kB
../../tmp/oda-ios-web-build/assets/pencil-DWOOg3lI.js                                        0.45 kB │ gzip:     0.33 kB
../../tmp/oda-ios-web-build/assets/pen-line-B-4Iog-9.js                                      0.45 kB │ gzip:     0.33 kB
../../tmp/oda-ios-web-build/assets/index-COhvVgfn.js                                         0.48 kB │ gzip:     0.29 kB
../../tmp/oda-ios-web-build/assets/refresh-cw-BAlS6V1I.js                                    0.50 kB │ gzip:     0.33 kB
../../tmp/oda-ios-web-build/assets/trash-2-D9rz7y1j.js                                       0.50 kB │ gzip:     0.32 kB
../../tmp/oda-ios-web-build/assets/Focus-qPTTj2u2.js                                         0.53 kB │ gzip:     0.33 kB
../../tmp/oda-ios-web-build/assets/share-2-CYxjhEa5.js                                       0.53 kB │ gzip:     0.34 kB
../../tmp/oda-ios-web-build/assets/shuffle-J4nk19E7.js                                       0.56 kB │ gzip:     0.35 kB
../../tmp/oda-ios-web-build/assets/sun-moon-BrUzHCuu.js                                      0.57 kB │ gzip:     0.38 kB
../../tmp/oda-ios-web-build/assets/waves-BXxM9aLy.js                                         0.60 kB │ gzip:     0.32 kB
../../tmp/oda-ios-web-build/assets/sparkles-BZcwCycR.js                                      0.67 kB │ gzip:     0.39 kB
../../tmp/oda-ios-web-build/assets/calendar-days-Dtf9C_mC.js                                 0.67 kB │ gzip:     0.37 kB
../../tmp/oda-ios-web-build/assets/index-CQNzOazZ.js                                         0.67 kB │ gzip:     0.42 kB
../../tmp/oda-ios-web-build/assets/trending-up-bJqk1olX.js                                   0.69 kB │ gzip:     0.34 kB
../../tmp/oda-ios-web-build/assets/index-6mNy_qYx.js                                         0.72 kB │ gzip:     0.41 kB
../../tmp/oda-ios-web-build/assets/music-DAnKKB4A.js                                         0.75 kB │ gzip:     0.39 kB
../../tmp/oda-ios-web-build/assets/web-3Vq2-KZg.js                                           0.90 kB │ gzip:     0.43 kB
../../tmp/oda-ios-web-build/assets/web-DX40kKbW.js                                           1.06 kB │ gzip:     0.52 kB
../../tmp/oda-ios-web-build/assets/Legal-yK8QS5TZ.js                                         2.00 kB │ gzip:     0.91 kB
../../tmp/oda-ios-web-build/assets/Support-OmUe7CJv.js                                       3.54 kB │ gzip:     1.26 kB
../../tmp/oda-ios-web-build/assets/Seasons-CDy0hJOL.js                                       3.65 kB │ gzip:     1.29 kB
../../tmp/oda-ios-web-build/assets/Budget-CsmY3nRc.js                                        4.45 kB │ gzip:     1.70 kB
../../tmp/oda-ios-web-build/assets/web-CmzZG1F0.js                                           4.65 kB │ gzip:     1.40 kB
../../tmp/oda-ios-web-build/assets/purchases-bE9VPNXx.js                                     4.73 kB │ gzip:     2.16 kB
../../tmp/oda-ios-web-build/assets/Evidence-CGrdGN9B.js                                      5.42 kB │ gzip:     1.98 kB
../../tmp/oda-ios-web-build/assets/Tools-BiITX6as.js                                         5.60 kB │ gzip:     2.18 kB
../../tmp/oda-ios-web-build/assets/Missions-Dan3_kX8.js                                      5.65 kB │ gzip:     2.05 kB
../../tmp/oda-ios-web-build/assets/LifeScore-zOQKz2hZ.js                                     5.72 kB │ gzip:     1.92 kB
../../tmp/oda-ios-web-build/assets/Bridge-Nf8OkOjm.js                                        6.53 kB │ gzip:     1.96 kB
../../tmp/oda-ios-web-build/assets/FutureSelf-DW0QNVZa.js                                    6.86 kB │ gzip:     1.94 kB
../../tmp/oda-ios-web-build/assets/MissionFlows-D1RpFkzd.js                                  8.10 kB │ gzip:     2.50 kB
../../tmp/oda-ios-web-build/assets/index-2jYa_on7.js                                         8.72 kB │ gzip:     3.31 kB
../../tmp/oda-ios-web-build/assets/Account-DeD2-yyy.js                                      10.02 kB │ gzip:     3.15 kB
../../tmp/oda-ios-web-build/assets/web-EZzc816F.js                                          10.19 kB │ gzip:     2.10 kB
../../tmp/oda-ios-web-build/assets/PublicTwoFutures-DDpXUpC7.js                             11.24 kB │ gzip:     3.71 kB
../../tmp/oda-ios-web-build/assets/support-CSPnQAQU.js                                      11.79 kB │ gzip:     4.95 kB
../../tmp/oda-ios-web-build/assets/DreamArt-BjVSsGhK.js                                     12.84 kB │ gzip:     2.50 kB
../../tmp/oda-ios-web-build/assets/FocusTimerHub-BrJKB4Ah.js                                13.62 kB │ gzip:     3.86 kB
../../tmp/oda-ios-web-build/assets/Upgrade-CZs1_s9O.js                                      14.05 kB │ gzip:     4.76 kB
../../tmp/oda-ios-web-build/assets/Me-DI-5Uetv.js                                           16.29 kB │ gzip:     5.65 kB
../../tmp/oda-ios-web-build/assets/TwoFutures-D3iB2Kx7.js                                   19.69 kB │ gzip:     5.43 kB
../../tmp/oda-ios-web-build/assets/SoundRoom-C-jJDCzx.js                                    20.33 kB │ gzip:     7.76 kB
../../tmp/oda-ios-web-build/assets/media-2mgEiOLR.js                                        23.75 kB │ gzip:     9.29 kB
../../tmp/oda-ios-web-build/assets/Bank-DkeCSAC4.js                                         29.85 kB │ gzip:     8.22 kB
../../tmp/oda-ios-web-build/assets/Settings-COK-JV8q.js                                     40.19 kB │ gzip:    12.64 kB
../../tmp/oda-ios-web-build/assets/Coach-KEdJOd8g.js                                        47.44 kB │ gzip:    15.53 kB
../../tmp/oda-ios-web-build/assets/Notebook-BZ20oaOe.js                                     48.78 kB │ gzip:    14.17 kB
../../tmp/oda-ios-web-build/assets/Dreams-DA9eSSoZ.js                                       53.04 kB │ gzip:    14.93 kB
../../tmp/oda-ios-web-build/assets/DailyMicroHabits-CNulkpd1.js                             56.89 kB │ gzip:    14.80 kB
../../tmp/oda-ios-web-build/assets/Progress-D8OWZfoY.js                                     75.84 kB │ gzip:    18.18 kB
../../tmp/oda-ios-web-build/assets/Courses-C69glVoD.js                                     108.90 kB │ gzip:    35.47 kB
../../tmp/oda-ios-web-build/assets/motion-HNvQpnN_.js                                      128.88 kB │ gzip:    42.38 kB
../../tmp/oda-ios-web-build/assets/Today-BrhJuG-M.js                                       135.09 kB │ gzip:    41.62 kB
../../tmp/oda-ios-web-build/assets/supabase--wUpN4Ei.js                                    228.14 kB │ gzip:    59.28 kB
../../tmp/oda-ios-web-build/assets/react-5GCfeWye.js                                       229.42 kB │ gzip:    71.53 kB
../../tmp/oda-ios-web-build/assets/genai-DNIGCYRr.js                                       409.93 kB │ gzip:    72.77 kB
../../tmp/oda-ios-web-build/assets/charts-CiESIKeW.js                                      431.59 kB │ gzip:   124.88 kB
../../tmp/oda-ios-web-build/assets/tr-C8BDhSCr.js                                          560.83 kB │ gzip:   219.10 kB
../../tmp/oda-ios-web-build/assets/es-CYCsPQH7.js                                          573.26 kB │ gzip:   217.48 kB
../../tmp/oda-ios-web-build/assets/index-BShrbRQ2.js                                       769.85 kB │ gzip:   255.02 kB
../../tmp/oda-ios-web-build/assets/courses-CKtnra3s.js                                   2,510.75 kB │ gzip:   813.28 kB
../../tmp/oda-ios-web-build/assets/index-BMm9S-UO.js                                     5,959.05 kB │ gzip: 2,123.39 kB

(!) Some chunks are larger than 700 kB after minification. Consider:
- Using dynamic import() to code-split the application
- Use build.rollupOptions.output.manualChunks to improve chunking: https://rollupjs.org/configuration-options/#output-manualchunks
- Adjust chunk size limit for this warning via build.chunkSizeWarningLimit.
✓ built in 19.01s
npm notice
npm notice New major version of npm available! 11.9.0 -> 12.2.0
npm notice Changelog: https://github.com/npm/cli/releases/tag/v12.2.0
npm notice To update run: npm install -g npm@12.2.0
npm notice
