
> oda-one-decision-away@1.0.0 qa:landing
> node scripts/qa-landing.mjs

PASS en: keyboard preview changes steps without changing stored data
PASS en: FAQ expands and closes with the keyboard
PASS en: responsive layouts have no overflow and primary controls reach 44px
PASS en: mobile and desktop have zero axe WCAG A/AA findings
PASS en: preview CTA chooses the real course and enters the app
PASS tr: keyboard preview changes steps without changing stored data
PASS tr: FAQ expands and closes with the keyboard
PASS tr: responsive layouts have no overflow and primary controls reach 44px
PASS tr: mobile and desktop have zero axe WCAG A/AA findings
PASS tr: preview CTA chooses the real course and enters the app
PASS es: keyboard preview changes steps without changing stored data
PASS es: FAQ expands and closes with the keyboard
PASS es: responsive layouts have no overflow and primary controls reach 44px
PASS es: mobile and desktop have zero axe WCAG A/AA findings
PASS es: preview CTA chooses the real course and enters the app
PASS dark mode and reduced-motion preference: zero axe findings, zero page errors
npm notice
npm notice New major version of npm available! 11.9.0 -> 12.2.0
npm notice Changelog: https://github.com/npm/cli/releases/tag/v12.2.0
npm notice To update run: npm install -g npm@12.2.0
npm notice
