vite v6.4.3 building for production...

(!) outDir /tmp/oda-project-build is not inside project root and will not be emptied.
Use --emptyOutDir to override.

<script src="/one-decision-away/theme-init.js"> in "/index.html" can't be bundled without type="module" attribute
transforming...
✓ 3358 modules transformed.
rendering chunks...
[plugin vite:reporter] 
(!) /workspace/one-decision-away/src/services/cloudSync.ts is dynamically imported by /workspace/one-decision-away/src/main.tsx but also statically imported by /workspace/one-decision-away/src/components/BackupAndCloudSettings.tsx, /workspace/one-decision-away/src/components/BackupReminder.tsx, /workspace/one-decision-away/src/components/DailyNudgesSettings.tsx, /workspace/one-decision-away/src/pages/Account.tsx, /workspace/one-decision-away/src/services/cloudCoach.ts, /workspace/one-decision-away/src/services/pushNotifications.ts, /workspace/one-decision-away/src/services/repository.ts, /workspace/one-decision-away/src/services/useCloudState.ts, /workspace/one-decision-away/src/store/useApp.tsx, dynamic import will not move module into another chunk.

computing gzip size...
../../tmp/oda-project-build/index.html                                                       3.43 kB │ gzip:     1.14 kB
../../tmp/oda-project-build/assets/hanken-grotesk-vietnamese-wght-normal-CHiFlh_0.woff2      9.32 kB
../../tmp/oda-project-build/assets/hanken-grotesk-latin-ext-wght-normal-Dg-wlmqe.woff2      19.59 kB
../../tmp/oda-project-build/assets/newsreader-vietnamese-opsz-normal-BjhtXyW2.woff2         27.25 kB
../../tmp/oda-project-build/assets/newsreader-vietnamese-opsz-italic-DTr-ymY4.woff2         27.90 kB
../../tmp/oda-project-build/assets/hanken-grotesk-latin-wght-normal-CaVRRdDk.woff2          34.70 kB
../../tmp/oda-project-build/assets/newsreader-latin-ext-opsz-normal-BQn1nviT.woff2          86.61 kB
../../tmp/oda-project-build/assets/newsreader-latin-ext-opsz-italic-CSPGnFdO.woff2          95.54 kB
../../tmp/oda-project-build/assets/newsreader-latin-opsz-normal-s-izfB6B.woff2             132.00 kB
../../tmp/oda-project-build/assets/newsreader-latin-opsz-italic-kJKFiXvB.woff2             146.87 kB
../../tmp/oda-project-build/assets/aiCoach.worker-C60CQ1Xm.js                            6,039.34 kB
../../tmp/oda-project-build/assets/Today-D76Bu5Fr.css                                        4.80 kB │ gzip:     1.29 kB
../../tmp/oda-project-build/assets/SoundRoom-CqaeVc25.css                                   10.94 kB │ gzip:     2.71 kB
../../tmp/oda-project-build/assets/Courses-COCHombq.css                                     26.53 kB │ gzip:     4.99 kB
../../tmp/oda-project-build/assets/index-BMv8rU5q.css                                      103.72 kB │ gzip:    21.77 kB
../../tmp/oda-project-build/assets/de-FmFgRqLi.js                                            0.03 kB │ gzip:     0.05 kB
../../tmp/oda-project-build/assets/fr-FmFgRqLi.js                                            0.03 kB │ gzip:     0.05 kB
../../tmp/oda-project-build/assets/it-FmFgRqLi.js                                            0.03 kB │ gzip:     0.05 kB
../../tmp/oda-project-build/assets/ru-FmFgRqLi.js                                            0.03 kB │ gzip:     0.05 kB
../../tmp/oda-project-build/assets/web-lE-LqCzr.js                                           0.18 kB │ gzip:     0.16 kB
../../tmp/oda-project-build/assets/useCloudState-DWNdJfdE.js                                 0.20 kB │ gzip:     0.18 kB
../../tmp/oda-project-build/assets/chevron-right-6SVEbu6H.js                                 0.30 kB │ gzip:     0.25 kB
../../tmp/oda-project-build/assets/square-CEw3Klm8.js                                        0.32 kB │ gzip:     0.26 kB
../../tmp/oda-project-build/assets/arrow-up-right-DUpCbICi.js                                0.34 kB │ gzip:     0.27 kB
../../tmp/oda-project-build/assets/search-DDuLM7ZJ.js                                        0.35 kB │ gzip:     0.28 kB
../../tmp/oda-project-build/assets/circle-check-D_rVw9e_.js                                  0.35 kB │ gzip:     0.28 kB
../../tmp/oda-project-build/assets/user-round-QzVM8A1n.js                                    0.36 kB │ gzip:     0.28 kB
../../tmp/oda-project-build/assets/rotate-ccw-DVGdRx2F.js                                    0.37 kB │ gzip:     0.29 kB
../../tmp/oda-project-build/assets/index-eqB03M-B.js                                         0.38 kB │ gzip:     0.27 kB
../../tmp/oda-project-build/assets/mail-BUAtLegx.js                                          0.39 kB │ gzip:     0.31 kB
../../tmp/oda-project-build/assets/moon-BQ5ln1Ca.js                                          0.39 kB │ gzip:     0.31 kB
../../tmp/oda-project-build/assets/log-out-trXbl-DW.js                                       0.40 kB │ gzip:     0.29 kB
../../tmp/oda-project-build/assets/headphones-OSfpwWSe.js                                    0.41 kB │ gzip:     0.29 kB
../../tmp/oda-project-build/assets/timer-1x-nLRJc.js                                         0.41 kB │ gzip:     0.29 kB
../../tmp/oda-project-build/assets/wind-k0UVgCFr.js                                          0.42 kB │ gzip:     0.30 kB
../../tmp/oda-project-build/assets/archive-rgIQ-4QW.js                                       0.43 kB │ gzip:     0.31 kB
../../tmp/oda-project-build/assets/route-i3sozVV9.js                                         0.43 kB │ gzip:     0.31 kB
../../tmp/oda-project-build/assets/lock-keyhole-CLBAkmwF.js                                  0.43 kB │ gzip:     0.33 kB
../../tmp/oda-project-build/assets/index-y_-a59co.js                                         0.45 kB │ gzip:     0.28 kB
../../tmp/oda-project-build/assets/pencil-Dhzqz0PI.js                                        0.45 kB │ gzip:     0.33 kB
../../tmp/oda-project-build/assets/pen-line-DWBav-AJ.js                                      0.45 kB │ gzip:     0.33 kB
../../tmp/oda-project-build/assets/index-Dpe_HZVj.js                                         0.48 kB │ gzip:     0.29 kB
../../tmp/oda-project-build/assets/refresh-cw-BHVuDgOE.js                                    0.50 kB │ gzip:     0.33 kB
../../tmp/oda-project-build/assets/trash-2-CqTfOUC2.js                                       0.50 kB │ gzip:     0.32 kB
../../tmp/oda-project-build/assets/Focus-D9v8EWhi.js                                         0.53 kB │ gzip:     0.33 kB
../../tmp/oda-project-build/assets/share-2-DJAM8oZJ.js                                       0.53 kB │ gzip:     0.34 kB
../../tmp/oda-project-build/assets/shuffle-BdoFSBvW.js                                       0.56 kB │ gzip:     0.35 kB
../../tmp/oda-project-build/assets/sun-moon-BQPTIohs.js                                      0.57 kB │ gzip:     0.38 kB
../../tmp/oda-project-build/assets/waves-DPLFn22j.js                                         0.60 kB │ gzip:     0.32 kB
../../tmp/oda-project-build/assets/sparkles-AuloDoiN.js                                      0.67 kB │ gzip:     0.39 kB
../../tmp/oda-project-build/assets/calendar-days-C9oXxOXg.js                                 0.67 kB │ gzip:     0.37 kB
../../tmp/oda-project-build/assets/index-GVmkX8Xu.js                                         0.67 kB │ gzip:     0.42 kB
../../tmp/oda-project-build/assets/trending-up-K8p8yaQC.js                                   0.69 kB │ gzip:     0.34 kB
../../tmp/oda-project-build/assets/index-Di5_mDco.js                                         0.72 kB │ gzip:     0.41 kB
../../tmp/oda-project-build/assets/music-Dg9moKGN.js                                         0.75 kB │ gzip:     0.39 kB
../../tmp/oda-project-build/assets/web-DDp6jDuZ.js                                           0.90 kB │ gzip:     0.43 kB
../../tmp/oda-project-build/assets/web-BFWfgcYC.js                                           1.06 kB │ gzip:     0.52 kB
../../tmp/oda-project-build/assets/Legal-DjQUV5Y6.js                                         2.00 kB │ gzip:     0.91 kB
../../tmp/oda-project-build/assets/Support-mM9BthI6.js                                       3.54 kB │ gzip:     1.26 kB
../../tmp/oda-project-build/assets/Seasons-Dx7nZ_di.js                                       3.65 kB │ gzip:     1.29 kB
../../tmp/oda-project-build/assets/Budget-m68uTpIW.js                                        4.45 kB │ gzip:     1.70 kB
../../tmp/oda-project-build/assets/web-CcMq7Hbo.js                                           4.65 kB │ gzip:     1.40 kB
../../tmp/oda-project-build/assets/purchases-D7W5k_hX.js                                     4.73 kB │ gzip:     2.16 kB
../../tmp/oda-project-build/assets/Evidence-1SkccBYz.js                                      5.42 kB │ gzip:     1.98 kB
../../tmp/oda-project-build/assets/Tools-Cty_HrlO.js                                         5.60 kB │ gzip:     2.18 kB
../../tmp/oda-project-build/assets/Missions-DSoLcx19.js                                      5.65 kB │ gzip:     2.05 kB
../../tmp/oda-project-build/assets/LifeScore-ASn81guC.js                                     5.72 kB │ gzip:     1.92 kB
../../tmp/oda-project-build/assets/Bridge-Cab6MT7W.js                                        6.53 kB │ gzip:     1.97 kB
../../tmp/oda-project-build/assets/FutureSelf-BgZkhciI.js                                    6.86 kB │ gzip:     1.94 kB
../../tmp/oda-project-build/assets/MissionFlows-4O-g7p8S.js                                  8.10 kB │ gzip:     2.50 kB
../../tmp/oda-project-build/assets/index-CcCcuKcs.js                                         8.72 kB │ gzip:     3.31 kB
../../tmp/oda-project-build/assets/Account-BHgeK7fx.js                                      10.02 kB │ gzip:     3.16 kB
../../tmp/oda-project-build/assets/web-BPy4gepC.js                                          10.19 kB │ gzip:     2.10 kB
../../tmp/oda-project-build/assets/PublicTwoFutures-C-IGq5gS.js                             11.24 kB │ gzip:     3.71 kB
../../tmp/oda-project-build/assets/support-Dk5btH3Q.js                                      11.79 kB │ gzip:     4.95 kB
../../tmp/oda-project-build/assets/DreamArt-DGLcE2vm.js                                     12.84 kB │ gzip:     2.50 kB
../../tmp/oda-project-build/assets/FocusTimerHub-oTvREZji.js                                13.62 kB │ gzip:     3.86 kB
../../tmp/oda-project-build/assets/Upgrade-Qkbn1faz.js                                      14.05 kB │ gzip:     4.76 kB
../../tmp/oda-project-build/assets/Me-lSZns9Q1.js                                           16.29 kB │ gzip:     5.65 kB
../../tmp/oda-project-build/assets/TwoFutures-B_lo26VI.js                                   19.69 kB │ gzip:     5.43 kB
../../tmp/oda-project-build/assets/SoundRoom-DuFzh4QE.js                                    20.33 kB │ gzip:     7.76 kB
../../tmp/oda-project-build/assets/media-2mgEiOLR.js                                        23.75 kB │ gzip:     9.29 kB
../../tmp/oda-project-build/assets/Bank-Fr6IKuWa.js                                         29.85 kB │ gzip:     8.22 kB
../../tmp/oda-project-build/assets/Settings-GTFT7ZpN.js                                     40.31 kB │ gzip:    12.67 kB
../../tmp/oda-project-build/assets/Coach-B3Heo-yK.js                                        47.46 kB │ gzip:    15.54 kB
../../tmp/oda-project-build/assets/Notebook-C_HPi917.js                                     48.78 kB │ gzip:    14.17 kB
../../tmp/oda-project-build/assets/Dreams-D8GNuBcL.js                                       53.04 kB │ gzip:    14.92 kB
../../tmp/oda-project-build/assets/DailyMicroHabits-xUYL0X51.js                             56.89 kB │ gzip:    14.80 kB
../../tmp/oda-project-build/assets/Progress-DvbI6dh1.js                                     75.84 kB │ gzip:    18.19 kB
../../tmp/oda-project-build/assets/Courses-DiRAqaun.js                                     108.90 kB │ gzip:    35.47 kB
../../tmp/oda-project-build/assets/motion-HNvQpnN_.js                                      128.88 kB │ gzip:    42.38 kB
../../tmp/oda-project-build/assets/Today-Bu_YO3Xj.js                                       135.09 kB │ gzip:    41.63 kB
../../tmp/oda-project-build/assets/supabase--wUpN4Ei.js                                    228.14 kB │ gzip:    59.28 kB
../../tmp/oda-project-build/assets/react-5GCfeWye.js                                       229.42 kB │ gzip:    71.53 kB
../../tmp/oda-project-build/assets/genai-DNIGCYRr.js                                       409.93 kB │ gzip:    72.77 kB
../../tmp/oda-project-build/assets/charts-CiESIKeW.js                                      431.59 kB │ gzip:   124.88 kB
../../tmp/oda-project-build/assets/tr-C8BDhSCr.js                                          560.83 kB │ gzip:   219.10 kB
../../tmp/oda-project-build/assets/es-CYCsPQH7.js                                          573.26 kB │ gzip:   217.48 kB
../../tmp/oda-project-build/assets/index-DSH9Ypa8.js                                       772.58 kB │ gzip:   255.77 kB
../../tmp/oda-project-build/assets/courses-CKtnra3s.js                                   2,510.75 kB │ gzip:   813.28 kB
../../tmp/oda-project-build/assets/index-BMm9S-UO.js                                     5,959.05 kB │ gzip: 2,123.39 kB

(!) Some chunks are larger than 700 kB after minification. Consider:
- Using dynamic import() to code-split the application
- Use build.rollupOptions.output.manualChunks to improve chunking: https://rollupjs.org/configuration-options/#output-manualchunks
- Adjust chunk size limit for this warning via build.chunkSizeWarningLimit.
✓ built in 21.00s
npm notice
npm notice New major version of npm available! 11.9.0 -> 12.2.0
npm notice Changelog: https://github.com/npm/cli/releases/tag/v12.2.0
npm notice To update run: npm install -g npm@12.2.0
npm notice
