
> oda-one-decision-away@1.0.0 build
> vite build

vite v6.4.3 building for production...
transforming...
✓ 3358 modules transformed.
rendering chunks...
[plugin vite:reporter]
(!) /workspace/one-decision-away/src/services/cloudSync.ts is dynamically imported by /workspace/one-decision-away/src/main.tsx but also statically imported by /workspace/one-decision-away/src/components/BackupAndCloudSettings.tsx, /workspace/one-decision-away/src/components/BackupReminder.tsx, /workspace/one-decision-away/src/components/DailyNudgesSettings.tsx, /workspace/one-decision-away/src/pages/Account.tsx, /workspace/one-decision-away/src/services/cloudCoach.ts, /workspace/one-decision-away/src/services/pushNotifications.ts, /workspace/one-decision-away/src/services/repository.ts, /workspace/one-decision-away/src/services/useCloudState.ts, /workspace/one-decision-away/src/store/useApp.tsx, dynamic import will not move module into another chunk.

computing gzip size...
dist/index.html                                                       3.27 kB │ gzip:     1.13 kB
dist/assets/hanken-grotesk-vietnamese-wght-normal-CHiFlh_0.woff2      9.32 kB
dist/assets/hanken-grotesk-latin-ext-wght-normal-Dg-wlmqe.woff2      19.59 kB
dist/assets/newsreader-vietnamese-opsz-normal-BjhtXyW2.woff2         27.25 kB
dist/assets/newsreader-vietnamese-opsz-italic-DTr-ymY4.woff2         27.90 kB
dist/assets/hanken-grotesk-latin-wght-normal-CaVRRdDk.woff2          34.70 kB
dist/assets/newsreader-latin-ext-opsz-normal-BQn1nviT.woff2          86.61 kB
dist/assets/newsreader-latin-ext-opsz-italic-CSPGnFdO.woff2          95.54 kB
dist/assets/newsreader-latin-opsz-normal-s-izfB6B.woff2             132.00 kB
dist/assets/newsreader-latin-opsz-italic-kJKFiXvB.woff2             146.87 kB
dist/assets/aiCoach.worker-C60CQ1Xm.js                            6,039.34 kB
dist/assets/Today-D76Bu5Fr.css                                        4.80 kB │ gzip:     1.29 kB
dist/assets/SoundRoom-CqaeVc25.css                                   10.94 kB │ gzip:     2.71 kB
dist/assets/Courses-COCHombq.css                                     26.53 kB │ gzip:     4.99 kB
dist/assets/index-BmJXko6Y.css                                      103.56 kB │ gzip:    21.76 kB
dist/assets/de-FmFgRqLi.js                                            0.03 kB │ gzip:     0.05 kB
dist/assets/fr-FmFgRqLi.js                                            0.03 kB │ gzip:     0.05 kB
dist/assets/it-FmFgRqLi.js                                            0.03 kB │ gzip:     0.05 kB
dist/assets/ru-FmFgRqLi.js                                            0.03 kB │ gzip:     0.05 kB
dist/assets/web-DI40-w2L.js                                           0.18 kB │ gzip:     0.16 kB
dist/assets/useCloudState-wyRTAjff.js                                 0.20 kB │ gzip:     0.18 kB
dist/assets/chevron-right-DRzvf1Nh.js                                 0.30 kB │ gzip:     0.25 kB
dist/assets/square-C7fhgUEH.js                                        0.32 kB │ gzip:     0.26 kB
dist/assets/arrow-up-right-BE6gfwdv.js                                0.34 kB │ gzip:     0.27 kB
dist/assets/search-uIb0Sgs7.js                                        0.35 kB │ gzip:     0.28 kB
dist/assets/circle-check-CcccM5W0.js                                  0.35 kB │ gzip:     0.28 kB
dist/assets/user-round-C42TmI8H.js                                    0.36 kB │ gzip:     0.29 kB
dist/assets/rotate-ccw-DZSjTSbn.js                                    0.37 kB │ gzip:     0.29 kB
dist/assets/index-BAAD-5CJ.js                                         0.38 kB │ gzip:     0.27 kB
dist/assets/mail-9N_ST2Ox.js                                          0.39 kB │ gzip:     0.31 kB
dist/assets/moon-1RoGFCnP.js                                          0.39 kB │ gzip:     0.31 kB
dist/assets/log-out-CMZN6INF.js                                       0.40 kB │ gzip:     0.30 kB
dist/assets/headphones-BBRmcnYe.js                                    0.41 kB │ gzip:     0.29 kB
dist/assets/timer-ClaB8m8Q.js                                         0.41 kB │ gzip:     0.29 kB
dist/assets/wind-F8-fweLs.js                                          0.42 kB │ gzip:     0.30 kB
dist/assets/archive-5m7yDno8.js                                       0.43 kB │ gzip:     0.32 kB
dist/assets/route-CuVX581g.js                                         0.43 kB │ gzip:     0.31 kB
dist/assets/lock-keyhole-siFpNmZG.js                                  0.43 kB │ gzip:     0.33 kB
dist/assets/index-BNaQ68iO.js                                         0.45 kB │ gzip:     0.28 kB
dist/assets/pencil-CXkBgAQS.js                                        0.45 kB │ gzip:     0.33 kB
dist/assets/pen-line-uxYt86IP.js                                      0.45 kB │ gzip:     0.33 kB
dist/assets/index-CbPEQ36B.js                                         0.48 kB │ gzip:     0.29 kB
dist/assets/refresh-cw-BjnhS8Xw.js                                    0.50 kB │ gzip:     0.33 kB
dist/assets/trash-2-BDsDGPbR.js                                       0.50 kB │ gzip:     0.32 kB
dist/assets/Focus-DT6Djq67.js                                         0.53 kB │ gzip:     0.33 kB
dist/assets/share-2-B8_j6QPG.js                                       0.53 kB │ gzip:     0.34 kB
dist/assets/shuffle-pK4-zvXt.js                                       0.56 kB │ gzip:     0.35 kB
dist/assets/sun-moon-DRQK68eQ.js                                      0.57 kB │ gzip:     0.38 kB
dist/assets/waves-DMVkOejd.js                                         0.60 kB │ gzip:     0.32 kB
dist/assets/sparkles-B_5bHoZi.js                                      0.67 kB │ gzip:     0.39 kB
dist/assets/calendar-days-Bm0a5arg.js                                 0.67 kB │ gzip:     0.37 kB
dist/assets/index-p-GnF-5U.js                                         0.67 kB │ gzip:     0.42 kB
dist/assets/trending-up-elegIwVL.js                                   0.69 kB │ gzip:     0.34 kB
dist/assets/index-BaUwk4BU.js                                         0.72 kB │ gzip:     0.41 kB
dist/assets/music-B5FdzRMJ.js                                         0.75 kB │ gzip:     0.40 kB
dist/assets/web-CIar0Who.js                                           0.90 kB │ gzip:     0.43 kB
dist/assets/web-JOK3ZYpf.js                                           1.06 kB │ gzip:     0.52 kB
dist/assets/Legal-CeG8q-Mz.js                                         2.00 kB │ gzip:     0.91 kB
dist/assets/Support-C29-XIML.js                                       3.54 kB │ gzip:     1.26 kB
dist/assets/Seasons-D6xitwt-.js                                       3.65 kB │ gzip:     1.29 kB
dist/assets/Budget-DBXdrTj-.js                                        4.45 kB │ gzip:     1.70 kB
dist/assets/web-Bntm72FQ.js                                           4.65 kB │ gzip:     1.40 kB
dist/assets/purchases-DNoXmsXr.js                                     4.73 kB │ gzip:     2.16 kB
dist/assets/Evidence-BXpGHeq2.js                                      5.42 kB │ gzip:     1.98 kB
dist/assets/Tools-SEo3MBIL.js                                         5.60 kB │ gzip:     2.18 kB
dist/assets/Missions-CiIIkvcU.js                                      5.65 kB │ gzip:     2.05 kB
dist/assets/LifeScore-DqJknGyY.js                                     5.72 kB │ gzip:     1.92 kB
dist/assets/Bridge-sIssYC6q.js                                        6.53 kB │ gzip:     1.96 kB
dist/assets/FutureSelf-CEFRS-LV.js                                    6.86 kB │ gzip:     1.94 kB
dist/assets/MissionFlows-BflxE8ZP.js                                  8.10 kB │ gzip:     2.50 kB
dist/assets/index-B7DWkKtK.js                                         8.72 kB │ gzip:     3.31 kB
dist/assets/Account-BsLI3_mZ.js                                      10.02 kB │ gzip:     3.16 kB
dist/assets/web-CS33Sedb.js                                          10.19 kB │ gzip:     2.10 kB
dist/assets/PublicTwoFutures-C6fu5UW9.js                             11.24 kB │ gzip:     3.71 kB
dist/assets/support-C8htG7Au.js                                      11.79 kB │ gzip:     4.95 kB
dist/assets/DreamArt-BaqEuvfE.js                                     12.84 kB │ gzip:     2.51 kB
dist/assets/FocusTimerHub-m7J9Olw4.js                                13.62 kB │ gzip:     3.86 kB
dist/assets/Upgrade-CRYPvxUT.js                                      14.05 kB │ gzip:     4.76 kB
dist/assets/Me-BjmlN0rA.js                                           16.29 kB │ gzip:     5.65 kB
dist/assets/TwoFutures-B-Rk1Z9u.js                                   19.69 kB │ gzip:     5.43 kB
dist/assets/SoundRoom-B2NGbdIu.js                                    20.33 kB │ gzip:     7.76 kB
dist/assets/media-2mgEiOLR.js                                        23.75 kB │ gzip:     9.29 kB
dist/assets/Bank-DXopNFIG.js                                         29.85 kB │ gzip:     8.21 kB
dist/assets/Settings-OejO3sTh.js                                     40.31 kB │ gzip:    12.68 kB
dist/assets/Coach-C-0JLXkp.js                                        47.44 kB │ gzip:    15.53 kB
dist/assets/Notebook-DPd7oBHF.js                                     48.78 kB │ gzip:    14.17 kB
dist/assets/Dreams-XFGdZM1_.js                                       53.04 kB │ gzip:    14.92 kB
dist/assets/DailyMicroHabits-CMcwz2dz.js                             56.89 kB │ gzip:    14.80 kB
dist/assets/Progress-C4i_ELzo.js                                     75.84 kB │ gzip:    18.18 kB
dist/assets/Courses-CItcldbY.js                                     108.90 kB │ gzip:    35.47 kB
dist/assets/motion-HNvQpnN_.js                                      128.88 kB │ gzip:    42.38 kB
dist/assets/Today-DGR2qnDA.js                                       135.09 kB │ gzip:    41.62 kB
dist/assets/supabase--wUpN4Ei.js                                    228.14 kB │ gzip:    59.28 kB
dist/assets/react-5GCfeWye.js                                       229.42 kB │ gzip:    71.53 kB
dist/assets/genai-DNIGCYRr.js                                       409.93 kB │ gzip:    72.77 kB
dist/assets/charts-CiESIKeW.js                                      431.59 kB │ gzip:   124.88 kB
dist/assets/tr-C8BDhSCr.js                                          560.83 kB │ gzip:   219.10 kB
dist/assets/es-CYCsPQH7.js                                          573.26 kB │ gzip:   217.48 kB
dist/assets/index-CGYBS3HR.js                                       772.51 kB │ gzip:   255.74 kB
dist/assets/courses-CKtnra3s.js                                   2,510.75 kB │ gzip:   813.28 kB
dist/assets/index-BMm9S-UO.js                                     5,959.05 kB │ gzip: 2,123.39 kB

(!) Some chunks are larger than 700 kB after minification. Consider:
- Using dynamic import() to code-split the application
- Use build.rollupOptions.output.manualChunks to improve chunking: https://rollupjs.org/configuration-options/#output-manualchunks
- Adjust chunk size limit for this warning via build.chunkSizeWarningLimit.
✓ built in 20.75s
npm notice
npm notice New major version of npm available! 11.9.0 -> 12.2.0
npm notice Changelog: https://github.com/npm/cli/releases/tag/v12.2.0
npm notice To update run: npm install -g npm@12.2.0
npm notice
