import fs from 'node:fs';
import {createHash} from 'node:crypto';
import {execFileSync} from 'node:child_process';
import {chromium} from '/workspace/oda-reference-redesign/node_modules/playwright/index.mjs';
import AxeBuilder from '/workspace/oda-reference-redesign/node_modules/@axe-core/playwright/dist/index.js';
import {getInitialDemoState} from '/workspace/oda-reference-redesign/src/services/repository.ts';
const repo='/workspace/oda-reference-redesign',out='/workspace/scratch/oda-reference-redesign/scoped-layout-repair/coach',base='http://127.0.0.1:4181';
const hash=b=>createHash('sha256').update(b).digest('hex');
const sources=['src/styles/coach.css','src/pages/Coach.tsx','src/layout/AppShell.tsx'].map(file=>({file,bytes:fs.statSync(repo+'/'+file).size,sha256:hash(fs.readFileSync(repo+'/'+file))}));
for(const file of ['src/pages/Coach.tsx','src/layout/AppShell.tsx'])if(!fs.readFileSync(repo+'/'+file).equals(execFileSync('git',['show','635209e1731ba53e2567c0f39b011183912d7ac8:'+file],{cwd:repo})))throw Error('Protected Coach/AppShell changed');
const report={at:new Date().toISOString(),kind:'Author development-preview check; other source writers active, not final compiled-source QA',base,sources,cases:[],errors:[],failures:[],externalBlocked:[],limits:['Synthetic state in selected Linux cloud Chromium.','No provider/model/account/payment/artwork-generation/deployment action.','Original logo asset unchanged; neutral backing keeps it readable on scoped navy.','No strict material-fidelity approval.']};
const browser=await chromium.launch({executablePath:'/usr/bin/chromium'});report.browser=browser.version();
try{for(const [locale,theme,width] of [['en','light',1440],['en','dark',1440],['en','light',390],['en','light',320],['tr','dark',320],['es','light',390]]){
 const id=[locale,theme,width].join('-'),seed=getInitialDemoState();Object.assign(seed.profile,{displayName:'Synthetic scoped review',onboardingStep:'completed',locale,theme,soundMuted:true,nudgesEnabled:false,dailyWisdomEnabled:false,firstOpenedAt:new Date().toISOString()});seed.missions=[];
 const context=await browser.newContext({viewport:{width,height:width===1440?1000:844},serviceWorkers:'block',reducedMotion:'reduce'});await context.route('**/*',r=>{const u=new URL(r.request().url());if(u.origin===base)return r.continue();report.externalBlocked.push(u.origin+u.pathname);return r.abort();});
 await context.addInitScript(({seed,locale})=>{localStorage.setItem('one_decision_away_app_data_v1',JSON.stringify(seed));localStorage.setItem('oda_locale',locale);},{seed,locale});const page=await context.newPage();page.on('pageerror',e=>report.errors.push({id,error:e.message}));
 const shellTokens=()=>page.locator('.oda-reference-app').evaluate(el=>{const s=getComputedStyle(el);return {bg:s.getPropertyValue('--bg').trim(),fg:s.getPropertyValue('--fg').trim(),accent:s.getPropertyValue('--accent').trim(),sidebar:getComputedStyle(el.querySelector('.oda-sidebar')).backgroundColor};});
 await page.goto(base+'/app');await page.locator('#oda-main').waitFor();await page.evaluate(()=>document.fonts.ready);const outsideBefore=await shellTokens();
 await page.goto(base+'/app/coach');await page.locator('.coach-orbit img').waitFor();await page.evaluate(()=>document.fonts.ready);await page.waitForTimeout(120);
 const metrics=await page.evaluate(()=>{const rect=selector=>{const r=document.querySelector(selector).getBoundingClientRect();return {x:r.x,y:r.y,width:r.width,height:r.height,bottom:r.bottom};};return {route:document.querySelector('.oda-reference-app').dataset.appRoute,scrollWidth:document.documentElement.scrollWidth,viewport:innerWidth,hero:rect('.coach-hero'),orbit:rect('.coach-orbit'),tools:rect('.coach-tools'),sidebarBg:getComputedStyle(document.querySelector('.oda-sidebar')).backgroundColor,sidebarFg:getComputedStyle(document.querySelector('.oda-sidebar')).color,mobileDestinations:document.querySelectorAll('.oda-tabbar button').length,desktopDestinations:document.querySelector('.oda-sidebar nav').querySelectorAll('button').length};});
 const axe=await new AxeBuilder({page}).include(width===1440?'.oda-sidebar':'.coach-hero').analyze();const file=id+'-coach.png';await page.screenshot({path:out+'/'+file,animations:'disabled'});
 if(metrics.scrollWidth>width)report.failures.push({id,error:'Page overflow',metrics});if(metrics.orbit.width!==(width===1440?220:180))report.failures.push({id,error:'Unexpected orbit size',metrics});if(metrics.mobileDestinations!==5||metrics.desktopDestinations!==5)report.failures.push({id,error:'Destination count changed'});if(width===1440&&metrics.sidebarBg!=='rgb(11, 22, 48)')report.failures.push({id,error:'Sidebar is not locally navy',metrics});if(axe.violations.length)report.failures.push({id,error:'Scoped axe',violations:axe.violations});
 await page.locator('.coach-starter').first().click();const draft=await page.locator('.coach-form textarea').inputValue();if(!draft)report.failures.push({id,error:'Starter did not preserve composer behavior'});
 await page.goto(base+'/app');await page.locator('#oda-main').waitFor();const outsideAfter=await shellTokens();if(JSON.stringify(outsideBefore)!==JSON.stringify(outsideAfter))report.failures.push({id,error:'Local palette leaked outside Coach',outsideBefore,outsideAfter});
 report.cases.push({id,metrics,axe:{violations:axe.violations,incomplete:axe.incomplete.map(x=>({id:x.id,nodes:x.nodes.map(n=>n.target)}))},outsideBefore,outsideAfter,composerPrepared:true,screenshot:{file,bytes:fs.statSync(out+'/'+file).size,sha256:hash(fs.readFileSync(out+'/'+file))}});await context.close();
}}
finally{await browser.close();report.completedAt=new Date().toISOString();report.coachCssUnchanged=sources[0].sha256===hash(fs.readFileSync(repo+'/src/styles/coach.css'));report.pass=!report.errors.length&&!report.failures.length&&report.coachCssUnchanged;fs.writeFileSync(out+'/preview-report.json',JSON.stringify(report,null,2)+'\n');console.log(JSON.stringify({cases:report.cases.length,errors:report.errors,failures:report.failures,coachCssUnchanged:report.coachCssUnchanged,pass:report.pass}));if(!report.pass)process.exitCode=1;}
