
> oda-one-decision-away@1.0.0 check
> npm run lint && node scripts/validate-i18n.mjs && node --import tsx scripts/test-i18n.ts && node --import tsx scripts/test-notebook.ts && node --import tsx scripts/test-notebook-voice.ts && node --import tsx scripts/test-routing.ts && npm test && npm run build


> oda-one-decision-away@1.0.0 lint
> tsc --noEmit

npm notice
npm notice New major version of npm available! 11.9.0 -> 12.2.0
npm notice Changelog: https://github.com/npm/cli/releases/tag/v12.2.0
npm notice To update run: npm install -g npm@12.2.0
npm notice
tr: 6824 entries; missing keys 0; placeholder differences 0
es: 6824 entries; missing keys 0; placeholder differences 0
English-first startup, saved choices, EN/TR/ES switching, fallback and repeated placeholders passed.
✔ old backups normalize without copying or losing any legacy Dream Journal field (2.359643ms)
✔ new writing of every kind including affirmation earns 25 once; intention alone does not (2.160872ms)
✔ edit, no-op, delete and recreate preserve immutable once-per-day reward claims (0.452195ms)
✔ local writing day and existing UTC reward ceiling are separate and cap-safe (1.275592ms)
✔ 369 only counts matching written intentions, allows partial saves and retains archived histories (1.608395ms)
✔ 369 derives a real 33-day streak and preserves the achieved target after a gap (1.370665ms)
✔ 369 matches Turkish dotted/dotless uppercase pairs without stripping meaningful accents (0.439415ms)
✔ calendar streaks use local days across DST, not elapsed 24-hour periods (0.555652ms)
✔ validation rejects blank entries, future dates, past creation and excess slots without altering input (0.479065ms)
✔ legacy edits preserve photos, links and original date; unified JSON roundtrip is lossless (6.496286ms)
✔ real repository serializes concurrent writes, protects from stale saves, and honors explicit restore (10.969759ms)
✔ stale whole-document saves do not resurrect deleted legacy entries or lose new ones (1.458287ms)
✔ Notebook rebases after a delayed load against a concurrent profile and ledger save (0.966964ms)
✔ concurrent mission and Notebook reward evaluation share the same 2500 ceiling (8.459338ms)
✔ failed storage saves reject, do not push cloud or claim rewards, and queue recovers (1.32059ms)
✔ unreadable saved JSON is preserved, never silently replaced with seed data (0.249968ms)
✔ explicit local restore blocks older cloud data across failed uploads and is account/project scoped (16.560674ms)
✔ an old in-flight cloud upload cannot overwrite a newer restored snapshot or clear its marker (5.272162ms)
✔ a signed-out import binds to the first later connection and stays isolated from other accounts (4.7758ms)
ℹ tests 19
ℹ suites 0
ℹ pass 19
ℹ fail 0
ℹ cancelled 0
ℹ skipped 0
ℹ todo 0
ℹ duration_ms 72.229099
Notebook voice uses device speech only, preserves preferences and handles unavailable speech.
✔ root hosting retains history paths, including direct reloads (0.96405ms)
✔ project hosting keeps every navigation on the same static document (0.309068ms)
✔ landing URLs and non-route fragments do not become unknown routes (0.126701ms)
✔ back/forward hash entries resolve to canonical route IDs (0.816907ms)
✔ icons and service worker URLs stay under their deployment base (0.236718ms)
✔ service worker precaches only its project directory (15.377602ms)
✔ standalone support remains available offline without replacing the application shell (5.578846ms)
✔ activation preserves sibling apps and this version media cache (1.5321ms)
✔ notification defaults and legacy targets open the project hash route (1.037401ms)
✔ installed app metadata refreshes instead of retaining the cached identity (1.872455ms)
✔ installed app metadata remains available offline (1.122189ms)
ℹ tests 11
ℹ suites 0
ℹ pass 11
ℹ fail 0
ℹ cancelled 0
ℹ skipped 0
ℹ todo 0
ℹ duration_ms 35.946946

> oda-one-decision-away@1.0.0 test
> node --import tsx --test tests/*.test.ts supabase/functions/send-nudges/core.test.ts supabase/functions/send-nudges/push-worker.test.ts

✔ 600 scheduled selections are unique across 100 local calendar days and repeat only in the next cycle (3.472157ms)
✔ calendar-day index is independent of server timezone, DST boundaries and midnight UTC (0.42945ms)
✔ sender blocks private-network endpoints, embedded credentials, lookalike hosts and unexpected ports (0.430011ms)
✔ payload identifies adaptation/translation and routes stay valid for root and project hosting (1.421983ms)
✔ cron authenticator requires a substantial matching secret (8.10366ms)
✔ push event displays the real server payload without an open client (1.951484ms)
✔ unexpected push fields cannot become arbitrary notification options (0.840552ms)
✔ does not load a runtime before explicit initialization and blocks unsupported devices (6.50564ms)
✔ context retains the latest user turn, merges interrupted turns, and ignores injected roles (0.543262ms)
✔ streams accumulated visible content and disables reasoning output (1.985567ms)
✔ aborting initialization disposes the downloading runtime and allows retry (3.499318ms)
[ODA Coach] Generation failed: Error: GPU device lost: out of memory
    at Object.generate (/workspace/oda-reference-redesign/tests/ai-coach.test.ts:117:35)
    at <anonymous> (/workspace/oda-reference-redesign/src/services/aiCoach.ts:256:68)
    at Object.stream (/workspace/oda-reference-redesign/src/services/aiCoach.ts:300:5)
    at TestContext.<anonymous> (/workspace/oda-reference-redesign/tests/ai-coach.test.ts:122:30)
    at async Test.run (node:internal/test_runner/test:1389:7)
    at async Test.processPendingSubtests (node:internal/test_runner/test:960:7)
✔ cancellation drains generation, suppresses late text, and releases the next request (2.801512ms)
✔ generation failures are actionable, never become a canned coach reply, and require restart (4.404279ms)
✔ unload cancels an active operation, releases memory and supports a fresh initialization (0.870217ms)
✔ ambient renders are long independent stereo textures with finite bounded levels (161.611419ms)
✔ scene identities differ in spectrum and amplitude dynamics (37.320823ms)
✔ loop overlaps join continuous adjacent noise without a boundary spike (56.30084ms)
✔ seeds reproduce review samples and produce a new texture when changed (134.500473ms)
✔ one Sound Room track keeps one title across categories, including intentional noise reuse (0.281516ms)
✔ fresh startup seeds and absent records do not prompt for a backup (1.617479ms)
✔ empty notebook, lesson, experiment and weekly-review shells are not saved personal work (0.815244ms)
✔ the first saved journal, scripting or future letter qualifies without three older records (1.385327ms)
✔ a saved intention, gratitude note or affirmation qualifies before any decision completion (0.620049ms)
✔ an interrupted first lesson answer of zero, practice checkbox or reflection qualifies (0.661191ms)
✔ the first course plan, paused attempt or saved review qualifies independently of lesson completion (0.631195ms)
✔ one saved weekly review with no kept decisions qualifies (0.266213ms)
✔ one completion, kept decision, vision choice or dream-journal entry preserves existing eligibility (0.580549ms)
✔ a valid downloaded backup suppresses until the exact fourteen-day boundary (0.473166ms)
✔ invalid, absent and future export or cloud timestamps never suppress protection (0.764197ms)
✔ freshness compares actual ISO instants and accepts leap days without calendar normalization (0.141544ms)
✔ only configured, signed-in, recent scoped cloud success with no error suppresses the reminder (0.281997ms)
✔ a recent export still protects work when cloud sync fails, and session dismissal remains respected (0.294706ms)
✔ eligibility does not alter saved work or cloud status, and all three locales explain protection without promising sync (0.37628ms)
✔ restore safety: weekly review text cannot be an object (4.996134ms)
✔ restore safety: life score records need sortable timestamps (0.999363ms)
✔ restore safety: bridge records need their rendered amounts (0.830508ms)
✔ restore safety: a pinned dream name cannot be a React object child (0.846041ms)
✔ legacy course storage migrates into the personal record without changing other data (4.900219ms)
✔ course edits, completion, experiment plans and logs roundtrip through JSON backup (3.228417ms)
✔ a stale save from another feature retains newer lesson notes and practice logs (1.737ms)
✔ a legacy backup keeps local courses; an explicit empty course backup clears them (1.521574ms)
✔ validation rejects malformed personal, notebook and course data before any storage write (3.91648ms)
✔ quota failures keep the entire previous record and legacy key intact, and a retry succeeds (1.258515ms)
✔ unreadable main data is never replaced by a course-only save (0.414107ms)
✔ lesson edits and re-completion retain the real-world experiment history (0.281716ms)
✔ course mutations wait for the shared write lock and rebase onto a concurrent notebook commit (0.807453ms)
✔ ledger and notebook rewards retain one UTC ceiling when the local decision day differs (13.419257ms)
✔ cloud upload captures current courses and invalid cloud backups leave local storage untouched (12.222665ms)
✔ cloud previews do not change last-sync or local data until the reviewed record is committed (5.348167ms)
✔ Bank chart keeps UTC ledger Today and date labels aligned at New York evening (26.368462ms)
✔ Bank seven-day earnings window is Sep 25 through Oct 1 for the UTC ledger day (5.577203ms)
✔ Savings includes the first displayed UTC day in net and pace, excluding opening history (4.800899ms)
✔ Savings net includes mixed first-day credits, spending and the current UTC day (3.294979ms)
✔ Bank chart formats ledger dates in selected tr UI locale (29.540724ms)
✔ Bank chart formats ledger dates in selected es UI locale (36.235871ms)
✔ a welcome grant preserves the balance and supplies zero practice evidence (1.482935ms)
✔ mixed financial deposits cannot inflate distinct kept days or completed decisions (6.464527ms)
✔ practice week follows local calendar boundaries and repeated days count once (0.196437ms)
✔ reward labels distinguish symbolic unlocking from actual D$ pace estimates in every locale (0.377572ms)
✔ client and server agree on the message limits (0.751838ms)
✔ the request keeps the last 12 messages, trims each to 1500 characters and drops empty ones (0.304752ms)
✔ context is sent only when there is something to send, and is trimmed (0.239652ms)
✔ responses map to a result or a typed error (0.920654ms)
✔ the shared context holds only today, the last kept decisions and short journal lines (7.07462ms)
✔ a matching current durable document uploads and records current plus historical confirmation (24.552533ms)
✔ a stale rendered profile payload cannot roll acknowledged cloud work backward (6.96138ms)
✔ a stale rendered notebook payload cannot roll acknowledged cloud work backward (4.746887ms)
✔ a stale rendered futureSelf payload cannot roll acknowledged cloud work backward (10.718898ms)
✔ missing authoritative local record rejects a push before any cloud query (3.489924ms)
✔ invalid-json authoritative local record rejects a push before any cloud query (2.868963ms)
✔ invalid-document authoritative local record rejects a push before any cloud query (3.510465ms)
✔ a course-only stale caller uses the existing latest-course normalization and can upload (19.911025ms)
✔ an ordinary repository save invalidates current confirmation immediately and retains history (4.641387ms)
✔ a durable Notebook action invalidates confirmation without waiting for its debounce (3.852813ms)
✔ a durable course save invalidates confirmation without requiring the AppProvider event listener (2.419713ms)
✔ a save suppressed by its account guard still makes the current durable document dirty (2.831227ms)
✔ a failed durable repository write preserves previous current confirmation (3.699191ms)
✔ a failed durable notebook write preserves previous current confirmation (3.208468ms)
✔ a failed durable course write preserves previous current confirmation (3.630126ms)
✔ dirty startup does not automatically restore the same acknowledged cloud baseline over newer device work (4.821269ms)
✔ an old in-flight upload retains its remote baseline while the latest durable document remains dirty (5.266975ms)
✔ the latest queued durable payload updates after an older in-flight upload without reverting cloud or device (8.590916ms)
✔ a cloud-restore fingerprint resolve after account drift returns false without publishing obsolete status (4.480413ms)
✔ a cloud-restore fingerprint reject after account drift returns false without publishing obsolete status (6.808618ms)
✔ a cloud-restore fingerprint resolve after project drift returns false without publishing obsolete status (3.676326ms)
✔ a cloud-restore fingerprint reject after project drift returns false without publishing obsolete status (4.190204ms)
✔ a cloud-restore fingerprint resolve after local-record drift returns false without publishing obsolete status (3.692871ms)
✔ a cloud-restore fingerprint reject after local-record drift returns false without publishing obsolete status (3.227546ms)
✔ a rejected current cloud-restore fingerprint returns false, preserves durable data and reports unconfirmed backup (2.852529ms)
✔ cloud-restore acknowledgement owner-quota failure returns a boolean and keeps the durable restored record (5.987815ms)
✔ cloud-restore acknowledgement document-read failure returns a boolean and keeps the durable restored record (4.877885ms)
✔ a clean-reload confirmation fingerprint resolve after account B cannot publish account A status (14.465691ms)
✔ a clean-reload confirmation fingerprint reject after account B cannot publish account A status (6.18959ms)
✔ confirmation bootstrap after a clean reload is tied to the actual persisted document (3.947797ms)
✔ confirmation bootstrap after a dirty reload preserves device work and historical cloud time (7.031596ms)
✔ a coherently hydrated external-tab edit cannot inherit another tab’s current-document confirmation (3.885503ms)
✔ a pending cloud SELECT cannot replace data after account switch (3.393198ms)
✔ a pending cloud SELECT cannot replace data after project switch (0.626328ms)
✔ a pending cloud SELECT cannot replace data after logout and reauthentication as the same account (0.806201ms)
✔ a pending cloud SELECT cannot replace data after an explicit local import barrier (0.843006ms)
✔ a pending cloud SELECT cannot replace data after newer saved personal writing (0.736736ms)
✔ a reviewed cloud restore is checked inside the write lock after account switch (16.818453ms)
✔ a reviewed cloud restore is checked inside the write lock after project switch (2.433624ms)
✔ a reviewed cloud restore is checked inside the write lock after logout and reauthentication as the same account (1.710009ms)
✔ a reviewed cloud restore is checked inside the write lock after an explicit local import barrier (2.249105ms)
✔ a reviewed cloud restore is checked inside the write lock after newer saved personal writing (1.574434ms)
✔ an unchanged reviewed cloud record commits once and records its scoped sync (3.972014ms)
✔ manual sync cannot fall back to uploading a captured previous-account snapshot (0.522211ms)
✔ a delayed automatic backup remains bound to its original account (0.387987ms)
✔ an old upload success cannot mark or emit the new cloud scope (6.524078ms)
✔ an old upload failure cannot mark or emit the new cloud scope (3.089728ms)
✔ fresh OTP sign-in cannot overwrite existing cloud work on the first ordinary save (10.098399ms)
✔ an absent cloud row is inserted once and acknowledges the returned server version and exact data (15.375248ms)
✔ offline SELECT throws and reconnect retain both records (3.476063ms)
✔ offline SELECT resolved and reconnect retain both records (1.646803ms)
✔ shared device A→B→A cannot reuse the historical acknowledgement of A after B owns the record (13.633861ms)
✔ a stale upload SELECT after account cannot write or alter current-scope status (1.398067ms)
✔ a stale upload SELECT after project cannot write or alter current-scope status (0.912211ms)
✔ a stale upload SELECT after logout-return cannot write or alter current-scope status (0.955947ms)
✔ a stale upload SELECT after local-edit cannot write or alter current-scope status (1.016038ms)
✔ a stale upload SELECT after import cannot write or alter current-scope status (1.020135ms)
✔ same-version remote content changed at the fresh read cannot authorize overwrite (3.635484ms)
✔ canonical acknowledgement treats reordered object keys as equal, but retains array order (8.839703ms)
✔ a changed remote version between SELECT and UPDATE yields zero rows and never acknowledges success (10.265853ms)
✔ an absent-row insert race preserves the winning cloud record and holds the import token (11.678261ms)
✔ empty returned write representation never acknowledges or clears import intent (3.993111ms)
✔ missing returned write representation never acknowledges or clears import intent (1.504307ms)
✔ invalid-data returned write representation never acknowledges or clears import intent (1.337124ms)
✔ invalid-version returned write representation never acknowledges or clears import intent (2.305681ms)
✔ multiple returned write representation never acknowledges or clears import intent (2.564924ms)
✔ a legacy timestamp-only acknowledgement cannot authorize an existing-row upload (1.718642ms)
✔ previewing or declining a cloud restore creates no acknowledgement and later saves remain held (2.063575ms)
✔ accepted cloud restore acknowledges the raw fetched JSON, including omitted legacy course data (8.474094ms)
✔ an explicit import facing unacknowledged existing cloud keeps bytes/token and cannot bypass review protection (1.511138ms)
✔ an explicit import into absent cloud can insert and clear only its still-current token (2.829874ms)
✔ a late write response cannot acknowledge a new account or clear a newer import token (1.535895ms)
✔ a write response cannot clear an import created while that same account upload waited (1.855469ms)
✔ acknowledgement storage failure does not report sync success or clear imported intent (2.590813ms)
✔ hash failure cannot mutate cloud or acknowledge the local record (6.929021ms)
✔ awaited remote fingerprint after account cannot authorize a stale write (4.223816ms)
✔ awaited remote fingerprint after local-edit cannot authorize a stale write (2.453194ms)
✔ awaited remote fingerprint after import cannot authorize a stale write (4.042651ms)
✔ a malformed-data SELECT pauses upload without choosing a winner (0.958271ms)
✔ a invalid-version SELECT pauses upload without choosing a winner (0.676775ms)
✔ successful upload acknowledges the actual returned server version rather than the attempted client timestamp (2.099849ms)
✔ a rejected reviewed restore cannot establish cloud acknowledgement (1.67115ms)
✔ a regressed clock advances the conditional write beyond remote microseconds 2040-01-01T00:00:00.999999Z (4.922022ms)
✔ a regressed clock advances the conditional write beyond remote microseconds 2040-01-01T00:00:00.000001+00:00 (3.662976ms)
✔ a valid returned document differing from the sent snapshot cannot establish upload permission (2.123104ms)
✔ a represented conditional write that fails to advance its version cannot be acknowledged (2.644694ms)
✔ an absent-row insert is not attempted when payload hashing is unavailable (0.980224ms)
✔ another owner recorded during hashing invalidates an earlier acknowledgement without changing device bytes (2.550531ms)
✔ another owner recorded during an upload response cannot be overwritten by its late acknowledgement (1.51936ms)
✔ an acknowledgement storage-read failure after durable restore returns false and preserves the restored record (1.261781ms)
✔ a rejected SELECT after a newer local save cannot replace that newer status (1.185836ms)
✔ a manual preview stays paused without acknowledging cloud work until an accepted commit (2.790044ms)
✔ manual review exposes unacknowledged/changed cloud at -1000ms while default startup policy remains unchanged (2.691074ms)
✔ manual review exposes unacknowledged/changed cloud at 0ms while default startup policy remains unchanged (1.992427ms)
✔ manual review exposes unacknowledged/changed cloud at 1000ms while default startup policy remains unchanged (2.035632ms)
✔ known limitation: a legacy same-version mutation after SELECT can pass timestamp-only CAS (11.249872ms)
✔ levels and monthly limits match the plan (1.254239ms)
✔ the highest active RevenueCat entitlement wins; expired ones do not count (1.685461ms)
✔ the tier cache is fresh for ten minutes (0.155696ms)
✔ requests are validated, trimmed and may be empty for a status check (0.470152ms)
✔ crisis words in English, Turkish and Spanish are caught; everyday worry is not (2.345571ms)
✔ the prompt sets the persona, safety rules and reply language; context reaches only the coach level (0.263549ms)
✔ the function keeps secrets and message text out of code and logs (0.37643ms)
✔ no AI provider secret is referenced from the app bundle code (25.014371ms)
✔ lightweight course previews and restore metadata match each real edition (3.22308ms)
✔ English editions keep every course and lesson ID of the Turkish edition (1.433871ms)
✔ every English lesson goes deeper and tells an example story (7.613376ms)
✔ every course and lesson has a real, distinct photo with alt text (0.657495ms)
✔ technique cards name their origin, give doable steps and say honestly what the evidence supports (8.786863ms)
✔ every course states its purpose, scope and outcome, with usable lesson durations (0.400356ms)
✔ the bibliography distinguishes research from guidance and includes usable HTTPS references and limitations (0.92529ms)
✔ every lesson cites existing sources and every advertised research source is used (0.342719ms)
✔ each lesson has two reading paragraphs, three distinct practice instructions and reflection support (3.750077ms)
✔ each lesson offers three distinct answers, one valid correct index and explanatory feedback (1.210553ms)
✔ every lesson has one visual; charts quote a source the lesson cites (0.646329ms)
✔ Spanish editions mirror the English structure (7.917797ms)
✔ Spanish source ids are unique (0.230969ms)
✔ stable course IDs keep their ordered lesson IDs for stored progress (12.568889ms)
✔ every course and lesson has a real, distinct photo with Turkish alt text (2.037485ms)
✔ technique cards name their origin, give doable steps and say honestly what the evidence supports (1.109239ms)
✔ every course states its purpose, scope and outcome, with usable lesson durations (0.384793ms)
✔ the bibliography distinguishes research from guidance and includes usable HTTPS references and limitations (1.052304ms)
✔ every lesson cites existing sources and every advertised research source is used (0.758559ms)
✔ each lesson has two reading paragraphs, three distinct practice instructions and reflection support (5.354817ms)
✔ each lesson offers three distinct answers, one valid correct index and explanatory feedback (1.042718ms)
✔ every lesson has one visual; charts quote a source the lesson cites (0.615191ms)
✔ every untouched course previews its real edition without creating saved learning (5.542912ms)
✔ a saved tick, answer zero, reflection or completion constitutes learning, unlike a blank record (3.07804ms)
✔ saved progress resumes each of the 103 actual lessons across all three editions and Today agrees (65.637155ms)
✔ a later draft cannot skip unfinished prerequisite lessons (0.598135ms)
✔ workbook-only plans stay available for review without inventing lesson progress (0.833792ms)
✔ ordinary saves retain an explicit view while account and same-account backup replacement invalidate it (0.238151ms)
✔ course entry instructions have matching localized keys and keep the actual lesson-number placeholder (0.586868ms)
✔ all 18 courses have distinct, actionable guides in every supported language (2.898609ms)
✔ studio is optional and initially collapsed; completed courses open their transfer practice (64.917424ms)
✔ new plans preserve optionality and keep an independent copy of private fields (0.891329ms)
✔ untrusted backup data cannot introduce unknown courses, malformed dates, duplicate entries, or oversized notes (1.20213ms)
✔ retrying the same journal entry is idempotent; paused and adapted entries retain honest observations (0.668863ms)
✔ journal keeps the most recent bounded entries and does not mutate input during normalization (0.635292ms)
✔ calendar validation handles leap days, impossible dates, and week/month/year transitions (0.225611ms)
✔ due review needs a usable plan; completing review sets a fresh revisit without losing reflection (0.235407ms)
✔ course progress saves and completed lessons keep the plan, journal, and review after an interrupted round trip (7.586846ms)
✔ a practice plan cannot unlock lessons or manufacture completion (0.500688ms)
✔ a localized portable artifact retains ordinary private text without embedding executable HTML (0.630855ms)
✔ rapid edits remain visible and are replayed in order under serialized persistence (5.613289ms)
✔ failed drafts survive later edits and a retry rebases them over unrelated saved work (9.628167ms)
✔ same-tab save notifications retain newer input while an earlier batch is committing (0.453998ms)
✔ unexpected persistence exceptions preserve private work and allow a later successful save (0.29728ms)
✔ retry clicked while a failed write is settling starts a fresh persistence attempt (0.419825ms)
✔ malformed and unsupported records recover to separate empty states (2.413294ms)
✔ unknown IDs and properties are discarded; checklists are resized with strict booleans (0.843997ms)
✔ negative, fractional, nonnumeric and out-of-range answers do not satisfy a lesson (1.024551ms)
✔ notes are bounded while their newlines and ordinary content survive (0.312253ms)
✔ tampered completion cannot bypass the exercise, answer or preceding lessons (0.391623ms)
✔ valid completed prefixes survive independently for different courses (0.379054ms)
✔ draft updates are immutable and cannot mark a lesson complete (0.378042ms)
✔ completion follows the real course in order and is idempotent (2.18676ms)
✔ editing a completed prerequisite revalidates later lessons without losing drafts (0.512235ms)
✔ caller-supplied lesson and course objects cannot change the answer or bypass a course (0.520859ms)
✔ saving and reloading preserve a completed lesson and an unfinished draft (2.280884ms)
✔ blocked storage and quota failures are reported without throwing (1.135109ms)
✔ a decision kept today takes priority over array order and an older active carry-over (2.463049ms)
✔ a newly chosen decision after a kept one remains actionable today (0.386285ms)
✔ yesterday’s completion, archived decisions, invalid timestamps and future plans never masquerade as today (0.410402ms)
✔ daily decisions use the local calendar around UTC midnight in both timezone directions (0.802705ms)
✔ a missed weekly review remains available on Wednesday and follows local Sunday boundaries (0.263048ms)
✔ weekly evidence counts actual distinct days and bounds entries to the reviewed calendar week (11.70389ms)
✔ an unfinished decision can be reviewed without inventing completed progress (0.378213ms)
✔ saving and editing a daily reflection preserves other pages, rewards once, and survives JSON backup replacement (1.801608ms)
✔ course continuation resumes selected work before the suggested course and advances to the actual incomplete lesson (0.576323ms)
✔ course continuation recognizes an interrupted first answer of zero and never offers an already completed course (0.456752ms)
✔ daily loop copy has explicit matching nonempty English, Turkish and Spanish strings (0.432124ms)
✔ concurrent retries of a kept daily decision record evidence and reward exactly once (21.827838ms)
node:internal/modules/esm/get_format:243
  throw new ERR_UNKNOWN_FILE_EXTENSION(ext, filepath);
        ^

TypeError [ERR_UNKNOWN_FILE_EXTENSION]: Unknown file extension ".css" for /workspace/oda-reference-redesign/src/styles/growth.css
    at Object.getFileProtocolModuleFormat [as file:] (node:internal/modules/esm/get_format:243:9)
    at defaultGetFormat (node:internal/modules/esm/get_format:283:36)
    at defaultLoadSync (node:internal/modules/esm/load:161:16)
    at #loadAndMaybeBlockOnLoaderThread (node:internal/modules/esm/loader:802:12)
    at nextStep (node:internal/modules/customization_hooks:189:26)
    at load (file:///workspace/oda-reference-redesign/node_modules/tsx/dist/register-SoqaU4rg.mjs:2:5714)
    at nextStep (node:internal/modules/customization_hooks:189:26)
    at loadWithHooks (node:internal/modules/customization_hooks:374:18)
    at #loadSync (node:internal/modules/esm/loader:825:16)
    at ModuleLoader.load (node:internal/modules/esm/loader:783:26) {
  code: 'ERR_UNKNOWN_FILE_EXTENSION'
}

Node.js v24.19.0
✖ tests/deep-backup-review.test.ts (481.690757ms)
✔ an earlier account sync timestamp cannot hide another account cloud record (19.679905ms)
✔ a legacy unscoped timestamp is not proof that this account is synchronized (2.55638ms)
✔ an account deletion response cannot sign out a later signed-in account (10.298742ms)
✔ an account deletion response cannot clear a new project connection (0.893002ms)
✔ a late cloud coach reply cannot be accepted in another account scope (25.130548ms)
✔ account deletion cannot start with another account after awaiting the client (1.94208ms)
✔ cloud coach context consent is isolated between accounts and projects (0.356801ms)
✔ a token refresh keeps the current account coach request valid (0.853532ms)
✔ a project change while reading a coach response also expires its content (0.512416ms)
✔ stopping the coach cancels a response body still being downloaded (0.654871ms)
✔ a queued backup cannot upload a local document rolled back while it waited (7.935565ms)
✔ the latest queued backup still uploads after a preceding slower backup (13.320877ms)
✔ returning to an earlier account cannot reuse its timestamp for another account local record (6.312407ms)
✔ a replaced dataset cannot inherit this account historical synchronization proof (8.21016ms)
✔ an owner-metadata quota failure cannot advertise a newer synchronized local record (17.185378ms)
✔ every localized course can complete and carry its notes into the other editions (33.485457ms)
✔ practice calendar keeps the local day across UTC midnight and daylight-saving weeks (1.225165ms)
✔ a transient personal-record read failure cannot replace already saved course work with an empty fallback (2.742812ms)
✔ a blocked-save session retains private edits and warning after its only view unmounts, then retries successfully (0.871199ms)
✔ explicit replacement cancels a queued old draft while allowing new edits to save after the lock releases (1.685722ms)
✔ a transient legacy-course read failure cannot overwrite the previous separate course record (0.556152ms)
✔ a different tab replacement discards old private draft before replay even when its storage event has not arrived (2.599286ms)
✔ other-tab provisional replacement notifications wait for rollback before inspecting epochs or discarding private drafts (2.546816ms)
✔ same-tab course publication runs under the lock before another tab can project a provisional replacement (0.921144ms)
✔ purchases and payments committed within one clock tick keep distinct identities (24.4712ms)
✔ habit completion dates agree with the local Today calendar on either side of UTC midnight (1.289312ms)
✔ habit yesterday and streaks count actual calendar dates through both DST changes (0.288126ms)
✔ habits roll over at local midnight and keep the previous local day history (1.504738ms)
✔ rollover fallback converts the last-opened instant to its local day (0.256408ms)
✔ date-only values display their saved day while timestamps retain instant conversion (12.988725ms)
✔ calendar formatting rejects normalized impossible days and keeps invalid values readable (0.282588ms)
✔ habit reward identity survives undo, reload and UTC midnight without paying the same local day twice (0.365833ms)
✔ local midnight cannot earn the same habit twice in the UTC reward day (0.134203ms)
✔ habit and check-in rewards share the notebook UTC ceiling, including partial and exhausted budgets (0.250449ms)
✔ a profile save captured before a decision completion retains the kept decision and its evidence (16.708317ms)
✔ concurrent purchases retain both dreams and both payments (3.517937ms)
✔ concurrent purchase checks reject a second claim for the same dream (1.474592ms)
✔ concurrent purchases check affordability against the payment that committed first (1.353809ms)
✔ concurrent savings additions retain both amounts and log entries (1.757051ms)
✔ disjoint profile changes from the same baseline both survive (1.057441ms)
✔ conflicting edits to the same profile field reject before any write and notify the UI (1.309603ms)
✔ an intentional mission deletion and reorder survive a disjoint newer settings save (0.946082ms)
✔ concurrent edits to the mission array reject rather than inventing a merged list (0.962407ms)
✔ even an identical explicit restore invalidates snapshots that were captured before it (1.927207ms)
✔ a profile write queued behind a restore cannot resurrect pre-restore writing (2.149895ms)
✔ legacy records missing transactions can merge a settings edit after a course-only write (0.770336ms)
✔ clearing and recreating the personal record invalidates earlier editable snapshots (0.807142ms)
✔ deleting imported own magic keys while another nested field changes never revives them (2.63511ms)
✔ mission evidence, generated bridges and savings logs keep unique IDs in a single clock tick (2.47001ms)
✔ all 160 shipped English cue identities/text hashes match the 11 runtime sessions (2.781461ms)
✔ every public MP3 byte count/checksum matches delivered metadata and no model/runtime is shipped (24.416326ms)
✔ all shipped decoded/container durations fit the original cue windows with at least250ms margin (0.5023ms)
✔ service worker leaves narration to the verified on-demand cache and does not precache MP3s (0.334887ms)
✔ levels are ordered free < essentials < pro < coach (1.383094ms)
✔ coach message allowances follow the product spec (0.167154ms)
✔ essential courses exist, and Turning Day is not one of them (it is free for all) (0.255587ms)
✔ nothing is locked where subscriptions cannot be bought (web), at any level (0.432044ms)
✔ free level: Turning Day in full, first lessons of the rest, first sounds of each category (0.170879ms)
✔ essentials opens the six core courses and the whole Sound Room, not the rest (0.204259ms)
✔ pro and coach open every lesson and sound (0.266714ms)
✔ six products: two per paid level, ids match the App Store spec (0.352504ms)
✔ RevenueCat entitlements resolve to the highest active level (0.368097ms)
✔ annual saving is computed from real prices only (0.246413ms)
✔ Stop cancels a cue still waiting for synthesis without starting audio (2.147361ms)
✔ deferred synthesis starts at the latest requested volume 0 (0.777797ms)
✔ deferred audio resume starts at the latest requested volume 0 (0.428899ms)
✔ deferred Settings preview preserves requested volume 0 (0.37034ms)
✔ deferred synthesis starts at the latest requested volume 0.35 (0.500478ms)
✔ deferred audio resume starts at the latest requested volume 0.35 (0.817558ms)
✔ deferred Settings preview preserves requested volume 0.35 (0.321176ms)
✔ a volume change during loading preserves stop protection (0.366925ms)
✔ a volume change during loading preserves pause-resume protection (0.371332ms)
✔ a volume change during loading preserves new-session protection (0.405625ms)
✔ a newer cue owns playback when an older synthesis resolves later (0.320105ms)
✔ Pause then Resume cannot resurrect a cue waiting for synthesis (0.194735ms)
✔ Stop also cancels a cue waiting for the audio context to resume (0.202977ms)
✔ a new cue supersedes one waiting for the audio context to resume (0.345303ms)
✔ Pause and Resume invalidate pending context-resume playback (0.325282ms)
✔ replacement immediately stops active audio while the new clip is pending (0.450322ms)
✔ stale source completion cannot clear or end the new cue (0.393756ms)
✔ Pause and Resume preserve an already-started cue without starting it twice (0.243859ms)
✔ unavailable synthesis reports failure without creating an audio source (0.186522ms)
✔ a failed audio context resume reports failure without starting playback (1.637739ms)
✔ a failed source start reports failure and never announces playback (0.469671ms)
✔ English narration cache stays the same when UI locale changes (38.019571ms)
✔ a Settings preview resolving after Stop cannot start playback (0.318793ms)
✔ a Settings preview resolving after a newer cue cannot interrupt it (0.374887ms)
✔ every approved PNG and both approval manifests remain unchanged (20.066221ms)
✔ served responsive variants match actual lossless bitstream dimensions, hashes, and complete-frame geometry (44.387792ms)
✔ all real course covers and tree stages have deployment-scoped responsive sources and retain PNG fallbacks (31.075879ms)
✔ modern-image failures retry the original; PNG and malformed failures reach the existing final fallback (0.249758ms)
✔ 3D decorative growth preserves 60 kept decisions and 30 extra blossoms (1.216572ms)
✔ 3D display normalizes invalid counts without changing the evidence source (0.233514ms)
✔ static legal pages match src/data/legal.ts (run npx tsx scripts/build-legal.ts) (2.171829ms)
✔ every language has the same sections and names the company (0.182877ms)
✔ privacy policy covers what App Review checks (0.296679ms)
✔ local day keys and day gaps follow the calendar, not UTC (1.08934ms)
✔ evidence lists kept decisions newest first and counts the last seven days (6.969191ms)
✔ comeback is kind after a lapse and silent otherwise (0.387897ms)
✔ fresh starts land on the first of the month and on Mondays (0.136406ms)
✔ simple mode lasts a week or until three kept decisions, and can be switched off (0.299844ms)
✔ the day-14 question appears once, only for people who used decisions (0.410762ms)
✔ the weekly look-back is offered on Sunday and Monday, once per week, and its change lasts a week (0.877359ms)
✔ the chain forgives one missed day a week, but not two in a row or two in a week (1.04366ms)
✔ smart reminders aim 30 minutes before the usual kept time, once there is enough history (0.645948ms)
✔ every sign-up intent points at a real course and offers three easy decisions (128.419426ms)
✔ the reminder voice keeps one line per day and never threatens a streak (1.728197ms)
✔ every iOS project and application build configuration enforces the Safari 16.4 baseline (1.281391ms)
✔ Capacitor sync keeps a compatible generated Swift package floor without lowering the app minimum (146.838915ms)
✔ installed native dependency library floors are compatible with the Swift wrapper and app (0.46873ms)
✔ native metadata cannot override the application minimum with an older target (1.036769ms)
✔ native Settings and Account use the shared code flow with device copy in en (12.52317ms)
✔ native Settings and Account use the shared code flow with device copy in tr (34.79773ms)
✔ native Settings and Account use the shared code flow with device copy in es (19.54357ms)
✔ web backup keeps its inline magic-link form and Account keeps link copy (4.481726ms)
✔ native configured signed-in backup retains sync and sign-out actions (2.722262ms)
✔ unconfigured native cloud does not offer a sign-in request (1.782999ms)
✔ actual cloud request and verification use one injected auth adapter and trim input (1.120968ms)
✔ interrupted setup restores fields without allowing a nameless final step (2.035872ms)
✔ a fresh preview seeds only an empty decision and never overwrites restored or typed text (0.208946ms)
✔ unknown, malformed and oversized setup drafts are safely bounded (0.278732ms)
✔ trial length comes only from a free intro offer (0.748403ms)
✔ native reminders: a week ahead, past times skipped, stable ids (0.868215ms)
✔ native planner rejects malformed times and keeps a bounded week inside its namespace (0.75942ms)
✔ interrupted native scheduling leaves the newest state and preserves other notifications (11.125545ms)
✔ a native plugin error does not prevent the next reminder replacement (0.405444ms)
✔ startup waits for restored account rather than temporarily identifying anonymous (3.353457ms)
✔ known sign-out and rapid identity changes are announced immediately, same-ID retry events remain usable (0.36354ms)
✔ failed authentication hydration stays unbound and never identifies anonymous or reads SDK entitlement (0.272432ms)
✔ dispose during initial hydration prevents any late entitlement initialization (0.213503ms)
✔ retry hydrates a currently unknown account before requesting identity or offerings (0.370461ms)
✔ retry with failed hydration cannot bind anonymous or make a subscription request (0.246734ms)
✔ cloud initialization callers share the real restoration promise and never finish early (65.18267ms)
✔ actual failed cloud restoration remains unknown and a later retry can establish the same account (1.884553ms)
✔ a resolved auth error is unknown identity rather than a verified anonymous account (0.683775ms)
✔ unbound init leaves cached native A untouched and exposes prices without personal claims (2.823976ms)
✔ explicitly binding cached A confirms it without login or logout (1.012673ms)
✔ desired B is recorded during native setup before any cached A customer read (12.637053ms)
✔ failed logout clears A claims synchronously and leaves purchase and restore denied (1.665291ms)
✔ staged A, B, A login requests serialize native identity mutation (2.025687ms)
✔ an A purchase settling after desired B success cannot grant B (1.306078ms)
✔ an A purchase settling after desired B cancellation cannot grant B (0.764738ms)
✔ a failed same-ID login can retry without treating desired ID as confirmed ID (0.610574ms)
✔ an offline refresh for confirmed same A preserves its verified entitlement (0.872771ms)
✔ listener payload is only invalidation and canonical aliases do not impersonate another account (0.844128ms)
✔ late A offerings cannot install A packages or personal claims into desired B (1.265997ms)
✔ late A trial eligibility cannot restore a free-trial claim during a B transition (0.744587ms)
✔ a held A customer load from initialization cannot overwrite a later desired B (1.093465ms)
✔ an A restore settling after desired B fails without applying A customer info (1.142981ms)
✔ defer during a held purchase drops trust without native calls and explicit cached-A rebind refreshes it (0.745769ms)
✔ defer during first native setup cancels the old A load and leaves cached A for an explicit rebind (2.380735ms)
✔ defer and immediate same-A rebind cannot accept the older held A customer snapshot (0.702273ms)
✔ canonical A listener refresh rejects its held snapshot if native identity externally drifts to B (0.707812ms)
✔ initial getAppUserID failure at verification read 1 leaves A unconfirmed/free and retryable (0.431163ms)
✔ initial getAppUserID failure at verification read 2 leaves A unconfirmed/free and retryable (0.287064ms)
✔ initial getAppUserID failure at verification read 3 leaves A unconfirmed/free and retryable (0.256468ms)
✔ initial getAppUserID failure at verification read 4 leaves A unconfirmed/free and retryable (0.29742ms)
✔ initial isAnonymous failure at verification read 1 leaves A unconfirmed/free and retryable (0.185671ms)
✔ initial isAnonymous failure at verification read 2 leaves A unconfirmed/free and retryable (0.172842ms)
✔ initial isAnonymous failure at verification read 3 leaves A unconfirmed/free and retryable (0.195716ms)
✔ initial isAnonymous failure at verification read 4 leaves A unconfirmed/free and retryable (0.193282ms)
✔ native paid gates apply before SDK init and after defer while the free samples stay open (0.257841ms)
✔ web and keyless native gates stay open before init and after defer without loading an SDK (0.227875ms)
✔ purchase cannot commit A after desired B arrives in nested verification microtask depth 2 (3.284162ms)
✔ purchase cannot commit A after desired B arrives in nested verification microtask depth 3 (2.307173ms)
✔ restore cannot commit A after desired B arrives in nested verification microtask depth 2 (0.697526ms)
✔ restore cannot commit A after desired B arrives in nested verification microtask depth 3 (0.741352ms)
✔ init cannot commit A after desired B arrives in nested verification microtask depth 2 (0.819471ms)
✔ init cannot commit A after desired B arrives in nested verification microtask depth 3 (0.657996ms)
✔ offerings failure is retryable without configuring or listening twice (3.336021ms)
✔ concurrent initialization shares one pending configure and plan load (5.343811ms)
✔ failed configuration can retry, while a completed setup remains single (0.512786ms)
✔ listener setup failure retries the listener without configuring again (0.725048ms)
✔ a successful empty offering may retry when plans become available (0.675292ms)
✔ free intro pricing is advertised only for confirmed eligible customers (0.806121ms)
✔ missing or failed eligibility checks keep regular prices and unknown trial status (0.545827ms)
✔ an interrupted eligibility refresh after identity change clears the earlier free-trial claim (0.383221ms)
✔ cancelled, pending and failed purchase errors remain distinct and never grant access (0.857659ms)
✔ a successful store response without the requested entitlement remains unconfirmed (0.38299ms)
✔ confirmed entitlement grants access and later SDK updates retain the real highest level (1.6053ms)
✔ restore distinguishes store failure, successful no-plan check, and active entitlement (0.671337ms)
✔ web and unconfigured native flows never load a purchase SDK or create a purchase (0.277049ms)
✔ free duration uses valid store units and cycles, without inventing 30-day months (0.117438ms)
✔ scoped EN/TR/ES uncertain purchase feedback makes no charge or reminder guarantee (0.380386ms)
✔ preserves the first 300 passages and appends exactly 100 each from faith, science and philosophy in order (2.112238ms)
✔ all 600 sourced passages have unique IDs and bilingual text without recycling legacy lines (49.130957ms)
✔ six notifications stay distinct for 100 full days, then repeat, and match the server snapshot across a year boundary (6.019094ms)
✔ local day remains stable from morning to evening; six-time migration preserves existing preferences (1.195209ms)
✔ legacy three-reminder profiles keep their evening time and gain six distinct reminders (0.287716ms)
✔ migration resolves default collisions only in missing slots and reserves later saved slots first (0.269097ms)
✔ every thinker passage links to a Gutenberg book whose text is kept in docs/quote-sources (12.457681ms)
✔ construction does no fetch/decode; current/upcoming preload reuses the current request (28.812754ms)
✔ Stop aborts loading and no late response starts a source (0.963509ms)
✔ Pause cancels original load; Resume retries current cue with a frozen slot and latest volume (1.067186ms)
✔ Pause→Stop discards current loading retry and Resume does not resurrect it (0.472736ms)
✔ new session cancels old load and only the new session owns audio (0.75935ms)
✔ active pause/resume continues the same cue offset without repeating its start or accepting stale end (1.345297ms)
✔ Replay replaces current source at offset zero and reuses decoded audio (0.555721ms)
✔ latest volume 0 wins after delayed clip loading and changes active gain (0.398823ms)
✔ latest volume 0.35 wins after delayed clip loading and changes active gain (0.359454ms)
✔ latest volume after deferred context resume and Stop/new cue protects pending resume (2.320103ms)
✔ expired loading budget and decoder duration mismatch never start audio (0.986464ms)
✔ missing bytes, bad checksum/source text and nonrunning device fail without invoking a provider (0.866052ms)
✔ verified persisted bytes permit offline replay in a new player; corrupt cached bytes are rejected (2.58923ms)
✔ a definitive recording failure cannot retry on Pause→Resume over a device fallback (0.332924ms)
✔ resumed load failure retains only bounded fallback metadata, never a resumable recording (0.47524ms)
✔ root hosting retains history paths, including direct reloads (1.325677ms)
✔ project hosting keeps every navigation on the same static document (0.306995ms)
✔ landing URLs and non-route fragments do not become unknown routes (0.134063ms)
✔ back/forward hash entries resolve to canonical route IDs (0.17149ms)
✔ icons and service worker URLs stay under their deployment base (0.272953ms)
✔ each person reads and writes only their own backup; anonymous visitors get nothing (2059.228006ms)
✔ an oversized backup is refused (1341.853183ms)
✔ cloud coach counters: people read only their own rows and cannot write or call the increment (1233.32476ms)
✔ the monthly increment stops exactly at the limit and a refund gives one back (1216.814443ms)
✔ a strict Content Security Policy ships with the page (4.063793ms)
✔ index.html has no inline scripts (the CSP forbids them) (0.277661ms)
✔ no raw HTML or eval sinks in the app code (15.341938ms)
✔ links that open a new tab cannot reach back into ODA (14.169904ms)
✔ no secret keys in the shipped code (18.264864ms)
✔ production builds carry no source maps (0.513017ms)
✔ service worker precaches only its project directory (17.75386ms)
✔ standalone support remains available offline without replacing the application shell (5.178069ms)
✔ activation preserves sibling apps and this version media cache (1.7303ms)
✔ notification defaults and legacy targets open the project hash route (14.324218ms)
✔ installed app metadata refreshes instead of retaining the cached identity (2.30498ms)
✔ installed app metadata remains available offline (1.085814ms)
✔ native free direct starts and toggles cannot start an all-paid track (2.817045ms)
✔ downgrade hard-stops owned restricted playing selection without page subscribers (38.713424ms)
✔ downgrade hard-stops owned restricted paused selection without page subscribers (35.597947ms)
✔ downgrade hard-stops owned restricted expired selection without page subscribers (20.85773ms)
✔ owned paid playing selection revokes on identityConfirmed even with a paid cached tier (0.789946ms)
✔ owned paid paused selection revokes on identityConfirmed even with a paid cached tier (0.844749ms)
✔ owned paid expired selection revokes on identityConfirmed even with a paid cached tier (1.752314ms)
✔ owned paid playing selection revokes on identityRevision even with a paid cached tier (0.520849ms)
✔ owned paid paused selection revokes on identityRevision even with a paid cached tier (0.622002ms)
✔ owned paid expired selection revokes on identityRevision even with a paid cached tier (9.66922ms)
✔ same-account confirmed paid access survives offerings loading or failed offline refresh (0.66007ms)
✔ admission reads current purchase state even if a notification has not been emitted (0.272673ms)
✔ live resume and timer change reconcile access even without a purchase notification (0.434518ms)
✔ invalid or mismatched provenance rejects {"sectionId":"relax"} without replacing audio (66.024944ms)
✔ invalid or mismatched provenance rejects {"indexInCategory":3} without replacing audio (36.798765ms)
✔ invalid or mismatched provenance rejects {"sectionId":"focus","indexInCategory":0} without replacing audio (31.688698ms)
✔ invalid or mismatched provenance rejects {"sectionId":"relax","indexInCategory":-1} without replacing audio (22.619477ms)
✔ invalid or mismatched provenance rejects {"sectionId":"relax","indexInCategory":0.5} without replacing audio (29.222474ms)
✔ invalid or mismatched provenance rejects {"sectionId":"relax","indexInCategory":99} without replacing audio (22.932941ms)
✔ essentials admits all catalog origins and preserves the timer and user volume (493.709738ms)
✔ pro admits all catalog origins and preserves the timer and user volume (408.647842ms)
✔ coach admits all catalog origins and preserves the timer and user volume (363.248711ms)
✔ each category first two entries remain free, including duplicate 432 and brown-noise origins (155.174201ms)
✔ omitted-origin admission allows any-free aliases and denies exclusively paid tracks (35.726171ms)
✔ web and unconfigured purchases keep paid sounds open through identity transitions (0.563553ms)
✔ external Focus tibetan_bowls replacement survives Sound Room downgrade (2.029122ms)
✔ external Focus waves replacement survives Sound Room downgrade (74.677274ms)
✔ purchase event during an engine start cannot publish a revoked playing selection (0.551215ms)
✔ purchase event during player publication cannot re-arm the revoked timer (0.452045ms)
✔ external waves replacement during player publication retains its untimed graph (27.850968ms)
✔ external tibetan_bowls replacement during player publication retains its untimed graph (1.469675ms)
✔ an unavailable AudioContext rejects the actual engine start without claiming playback (0.426916ms)
✔ failed buffer allocation retains entitlement ownership of the existing paid graph (44.149003ms)
✔ failed no replacement retains entitlement ownership of the existing paid graph (0.739409ms)
✔ same-track no-op cannot take revocation ownership of an external Focus graph (0.710736ms)
✔ pause publication from SoundRoom cannot fade or time the reentrant external tibetan_bowls graph (3.377073ms)
✔ pause publication from Focus cannot fade or time the reentrant external tibetan_bowls graph (3.070568ms)
✔ pause publication from SoundRoom cannot fade or time the reentrant external waves graph (43.979427ms)
✔ pause publication from Focus cannot fade or time the reentrant external waves graph (27.785488ms)
✔ setTimer publication from SoundRoom cannot fade or time the reentrant external tibetan_bowls graph (3.270592ms)
✔ setTimer publication from Focus cannot fade or time the reentrant external tibetan_bowls graph (4.625463ms)
✔ setTimer publication from SoundRoom cannot fade or time the reentrant external waves graph (56.054939ms)
✔ setTimer publication from Focus cannot fade or time the reentrant external waves graph (26.498179ms)
✔ ordinary PlayerBar timer and pause controls still act on the current external Focus graph (55.141752ms)
✔ silence or an absent audio context cannot publish a playing selection (0.420858ms)
✔ breath pacer runs at about 5.5 breaths a minute (0.848184ms)
✔ breathPhase: inhale first, then exhale, then repeats (0.833613ms)
✔ breathPhase is safe with odd input (0.384131ms)
✔ formatRemaining (0.174424ms)
✔ timer fades: a minute for sleep, short otherwise, never over half the timer (0.162816ms)
✔ arming a timer retains the independent three-second attack and actual stereo loop (114.153294ms)
✔ mute and volume respond immediately at the beginning of a timer fade (44.036023ms)
✔ mute and volume respond immediately at the middle of a timer fade (19.666566ms)
✔ mute and volume respond immediately at the end of a timer fade (14.987622ms)
✔ running fades can shorten but do not extend, and timer cancellation preserves user volume (53.147848ms)
✔ shortening a running fade with a delay cannot restore a louder envelope (104.731138ms)
✔ browsers without cancelAndHold retain the current level when shortening a fade (83.866998ms)
✔ track switches release the previous graph and repeated switches/stops bound resources (969.72898ms)
✔ stop/restart of a tone cancels its initial bowl and recurring callbacks (1.451257ms)
✔ natural bowl endings disconnect their tails while the current ambient drone continues (0.794273ms)
✔ Sound Room timer arming, pause/resume and expiry keep player state and start fade intact (54.940613ms)
✔ external restart of the same track clears the Sound Room countdown and timer selection (85.845955ms)
✔ public support is generated from the same localized help as the app (3.035236ms)
✔ each store locale links to the shipped public support artifact (0.21168ms)
✔ growth keeps an exact capped ledger through every stage boundary and beyond the canopy (11.0697ms)
✔ approved tree pixels and normalized roots match their independent asset manifest (10.405535ms)
✔ rendered paywall claims a free trial only for confirmed eligibility (40.484685ms)
✔ rendered failed offerings include an explicit retry action (6.533332ms)
✔ web paywall keeps free access and does not offer a purchase CTA (5.718238ms)
✔ unconfirmed identity shows truthful verification retry and disables buy and restore even with cached prices (11.726234ms)
✔ pending identity verification does not render a trial or an enabled restore action (2.713308ms)
✔ guided narration keeps original English text and voice with en UI (3.150701ms)
✔ guided narration keeps original English text and voice with tr UI (17.887353ms)
✔ guided narration keeps original English text and voice with es UI (20.561416ms)
✔ English inventory accepts language tags and rejects names or unrelated prefixes (0.613208ms)
✔ an explicitly selected English voice wins over a preferred device name (0.405574ms)
✔ guided speech truthfully reports unavailable with empty inventory (0.441168ms)
✔ guided speech truthfully reports unavailable with non-English inventory (0.254836ms)
✔ late English voice installation refreshes availability and unsubscribe removes listeners (0.614991ms)
✔ Notebook retains verbatim tr text, matching device voice and saved meditation preferences (0.707751ms)
✔ Notebook retains verbatim es text, matching device voice and saved meditation preferences (3.03163ms)
✔ Notebook preserves implicit device language when its voice list has not loaded (0.494939ms)
✔ unsupported device speech does not report available or queued playback (0.228796ms)
✔ empty or disabled cues leave the device queue empty (0.298772ms)
✔ nonzero device volume changes apply to the next utterance without pretending to change active speech (0.75331ms)
✔ zero device volume cancels the owned paused utterance and Resume cannot revive it (0.501399ms)
✔ Stop while device speech is paused lets a new session resume the device queue (0.297831ms)
✔ device cancel failures produce an honest false result (0.288768ms)
✔ device enqueue failures produce an honest false result (0.202306ms)
✔ new cues and Stop detach utterance handlers and ignore captured stale callbacks (0.364703ms)
✔ pause and resume keep the active browser cue, restore speaking state and reject replay while paused (0.286134ms)
✔ stop prevents a delayed provider failure from reviving an obsolete English device cue (0.467087ms)
✔ pause-resume prevents a delayed provider failure from reviving an obsolete English device cue (0.259653ms)
✔ new-cue prevents a delayed provider failure from reviving an obsolete English device cue (0.172852ms)
✔ current provider failure falls back to English device speech; a non-English inventory cannot substitute (0.414868ms)
✔ the optional recorder remains dormant until registration and receives identified current/upcoming cues (0.635913ms)
✔ registered recorder missing clip uses truthful English device fallback without a provider (0.293494ms)
✔ registered recorder overlong clip uses truthful English device fallback without a provider (0.172932ms)
✔ registered recorder wrong language uses truthful English device fallback without a provider (0.241115ms)
✔ registered recorder missing text hash uses truthful English device fallback without a provider (0.242277ms)
✔ registered recorder missing checksum uses truthful English device fallback without a provider (0.156618ms)
✔ registered recorder missing version uses truthful English device fallback without a provider (0.148866ms)
✔ registered recorder wrong cue identity uses truthful English device fallback without a provider (0.187644ms)
✔ registered recorder expired cue slot uses truthful English device fallback without a provider (0.5814ms)
✔ registered recorder unbounded cue slot uses truthful English device fallback without a provider (0.182085ms)
✔ a recorder hash/source verification failure falls back, and absent English speech reports unavailable (0.324702ms)
✔ new cues stop clips and stale recorded callbacks/failures cannot change current playback (0.367186ms)
✔ recorded pause invalidates pending start/fallback even after resume, and Stop invalidates callbacks (0.259583ms)
✔ current recorded load failure falls back to English and unregistering restores device narration (0.267886ms)
✔ synchronous recorded verification and playback errors truthfully queue English fallback (0.314226ms)
✔ a recorded request that already ended cannot later fall back and revive the cue (0.180533ms)
✔ actual playback mode stays loading until recorded start and reports English device fallback (0.444844ms)
✔ a resumed recording failure uses only installed English device speech and rejects stale resume fallback (0.335669ms)
✔ registered recorded volume receives current preference and live zero/nonzero changes (0.232252ms)
ℹ tests 579
ℹ suites 0
ℹ pass 578
ℹ fail 1
ℹ cancelled 0
ℹ skipped 0
ℹ todo 0
ℹ duration_ms 10940.224204

✖ failing tests:

test at tests/deep-backup-review.test.ts:1:1
✖ tests/deep-backup-review.test.ts (481.690757ms)
  'test failed'
npm notice
npm notice New major version of npm available! 11.9.0 -> 12.2.0
npm notice Changelog: https://github.com/npm/cli/releases/tag/v12.2.0
npm notice To update run: npm install -g npm@12.2.0
npm notice
npm notice
npm notice New major version of npm available! 11.9.0 -> 12.2.0
npm notice Changelog: https://github.com/npm/cli/releases/tag/v12.2.0
npm notice To update run: npm install -g npm@12.2.0
npm notice
