
> oda-one-decision-away@1.0.0 build
> vite build

vite v6.4.3 building for production...
<script src="/one-decision-away/theme-init.js"> in "/index.html" can't be bundled without type="module" attribute
transforming...
✓ 3388 modules transformed.
rendering chunks...
[plugin vite:reporter] 
(!) /workspace/oda-reference-redesign/src/services/cloudSync.ts is dynamically imported by /workspace/oda-reference-redesign/src/main.tsx but also statically imported by /workspace/oda-reference-redesign/src/components/BackupAndCloudSettings.tsx, /workspace/oda-reference-redesign/src/components/BackupReminder.tsx, /workspace/oda-reference-redesign/src/components/DailyNudgesSettings.tsx, /workspace/oda-reference-redesign/src/pages/Account.tsx, /workspace/oda-reference-redesign/src/pages/Coach.tsx, /workspace/oda-reference-redesign/src/pages/Upgrade.tsx, /workspace/oda-reference-redesign/src/services/cloudCoach.ts, /workspace/oda-reference-redesign/src/services/courseProgress.ts, /workspace/oda-reference-redesign/src/services/pushNotifications.ts, /workspace/oda-reference-redesign/src/services/repository.ts, /workspace/oda-reference-redesign/src/services/useCloudState.ts, /workspace/oda-reference-redesign/src/store/useApp.tsx, dynamic import will not move module into another chunk.

computing gzip size...
dist/index.html                                                       3.43 kB │ gzip:     1.14 kB
dist/assets/hanken-grotesk-vietnamese-wght-normal-CHiFlh_0.woff2      9.32 kB
dist/assets/hanken-grotesk-latin-ext-wght-normal-Dg-wlmqe.woff2      19.59 kB
dist/assets/newsreader-vietnamese-opsz-normal-BjhtXyW2.woff2         27.25 kB
dist/assets/newsreader-vietnamese-opsz-italic-DTr-ymY4.woff2         27.90 kB
dist/assets/hanken-grotesk-latin-wght-normal-CaVRRdDk.woff2          34.70 kB
dist/assets/newsreader-latin-ext-opsz-normal-BQn1nviT.woff2          86.61 kB
dist/assets/newsreader-latin-ext-opsz-italic-CSPGnFdO.woff2          95.54 kB
dist/assets/newsreader-latin-opsz-normal-s-izfB6B.woff2             132.00 kB
dist/assets/newsreader-latin-opsz-italic-kJKFiXvB.woff2             146.87 kB
dist/assets/aiCoach.worker-C60CQ1Xm.js                            6,039.34 kB
dist/assets/Today-D76Bu5Fr.css                                        4.80 kB │ gzip:     1.29 kB
dist/assets/Coach-FmmySK6D.css                                        5.95 kB │ gzip:     2.15 kB
dist/assets/Notebook-D4Mn9VZC.css                                    14.15 kB │ gzip:     2.81 kB
dist/assets/workingSurfaces-Dx0H6yIi.css                             14.18 kB │ gzip:     3.18 kB
dist/assets/SoundRoom-D7sph2cN.css                                   15.99 kB │ gzip:     4.06 kB
dist/assets/Courses-BKn5AeI_.css                                     34.16 kB │ gzip:     5.96 kB
dist/assets/index-BD7SNJOJ.css                                      110.59 kB │ gzip:    23.16 kB
dist/assets/de-FmFgRqLi.js                                            0.03 kB │ gzip:     0.05 kB
dist/assets/fr-FmFgRqLi.js                                            0.03 kB │ gzip:     0.05 kB
dist/assets/it-FmFgRqLi.js                                            0.03 kB │ gzip:     0.05 kB
dist/assets/ru-FmFgRqLi.js                                            0.03 kB │ gzip:     0.05 kB
dist/assets/web-mCnl1kq1.js                                           0.18 kB │ gzip:     0.16 kB
dist/assets/useCloudState-DbUUrMTQ.js                                 0.20 kB │ gzip:     0.18 kB
dist/assets/chevron-right--x-FWS8Y.js                                 0.30 kB │ gzip:     0.25 kB
dist/assets/square-BvE-YXju.js                                        0.32 kB │ gzip:     0.26 kB
dist/assets/arrow-up-right-Bu2FIcyr.js                                0.34 kB │ gzip:     0.27 kB
dist/assets/search-CU-UxUvh.js                                        0.35 kB │ gzip:     0.28 kB
dist/assets/circle-check-BXPrWmR1.js                                  0.35 kB │ gzip:     0.28 kB
dist/assets/user-round-DWH8CtBG.js                                    0.36 kB │ gzip:     0.28 kB
dist/assets/rotate-ccw-CtMvo-nP.js                                    0.37 kB │ gzip:     0.29 kB
dist/assets/index-3Sj_0J7g.js                                         0.38 kB │ gzip:     0.27 kB
dist/assets/mail-CxmX-55s.js                                          0.39 kB │ gzip:     0.31 kB
dist/assets/moon-ByD3gqI3.js                                          0.39 kB │ gzip:     0.31 kB
dist/assets/headphones-DVlFAkjV.js                                    0.41 kB │ gzip:     0.29 kB
dist/assets/timer-BKzohWr3.js                                         0.41 kB │ gzip:     0.29 kB
dist/assets/wind-BovTsLFM.js                                          0.42 kB │ gzip:     0.30 kB
dist/assets/archive-De4ZnAWD.js                                       0.43 kB │ gzip:     0.31 kB
dist/assets/route-PzqdPBzv.js                                         0.43 kB │ gzip:     0.31 kB
dist/assets/lock-keyhole-qt1GWLM8.js                                  0.43 kB │ gzip:     0.33 kB
dist/assets/index-Cw8h6_Uj.js                                         0.45 kB │ gzip:     0.28 kB
dist/assets/pencil-Bhv5SFU9.js                                        0.45 kB │ gzip:     0.33 kB
dist/assets/pen-line-CB47Pkqd.js                                      0.45 kB │ gzip:     0.33 kB
dist/assets/index-Zi0Mw8Xs.js                                         0.48 kB │ gzip:     0.29 kB
dist/assets/refresh-cw-CqYv7ngk.js                                    0.50 kB │ gzip:     0.33 kB
dist/assets/trash-2-DCU8Mc3o.js                                       0.50 kB │ gzip:     0.32 kB
dist/assets/share-2-DZZKEEZg.js                                       0.53 kB │ gzip:     0.34 kB
dist/assets/shuffle-CLU_Z_Ke.js                                       0.56 kB │ gzip:     0.35 kB
dist/assets/sun-moon-BRDDixPS.js                                      0.57 kB │ gzip:     0.38 kB
dist/assets/waves-z5f3zXIJ.js                                         0.60 kB │ gzip:     0.32 kB
dist/assets/sparkles-DaDDrtKd.js                                      0.67 kB │ gzip:     0.39 kB
dist/assets/calendar-days-Bv4QaSnp.js                                 0.67 kB │ gzip:     0.37 kB
dist/assets/index-BLNn_X6R.js                                         0.67 kB │ gzip:     0.42 kB
dist/assets/trending-up-Y1zHZTVt.js                                   0.69 kB │ gzip:     0.34 kB
dist/assets/index-BkWRVJie.js                                         0.72 kB │ gzip:     0.40 kB
dist/assets/music-K0J-uqlD.js                                         0.75 kB │ gzip:     0.40 kB
dist/assets/purchaseIdentityBinding-tFcjnp2u.js                       0.78 kB │ gzip:     0.34 kB
dist/assets/web-C3t6-NeV.js                                           0.90 kB │ gzip:     0.43 kB
dist/assets/Focus-DG6JU08o.js                                         0.90 kB │ gzip:     0.48 kB
dist/assets/web-BA5R0Vgi.js                                           1.06 kB │ gzip:     0.52 kB
dist/assets/courseEntryCopy-ClIZWujk.js                               1.35 kB │ gzip:     0.72 kB
dist/assets/Legal-CPlHfalU.js                                         2.00 kB │ gzip:     0.91 kB
dist/assets/growth-CtfcX3mW.js                                        2.07 kB │ gzip:     0.92 kB
dist/assets/account-BG5wY4wE.js                                       2.95 kB │ gzip:     1.37 kB
dist/assets/Support-BLqCM6fE.js                                       3.54 kB │ gzip:     1.25 kB
dist/assets/Seasons-kgBkrrqO.js                                       3.65 kB │ gzip:     1.29 kB
dist/assets/rewards-KireqEDx.js                                       4.17 kB │ gzip:     1.81 kB
dist/assets/Budget-CCspn5Pa.js                                        4.45 kB │ gzip:     1.70 kB
dist/assets/web-BqFGyDo7.js                                           4.65 kB │ gzip:     1.40 kB
dist/assets/Evidence-BWPvW2Ly.js                                      5.45 kB │ gzip:     2.00 kB
dist/assets/Tools-P4cHkw2b.js                                         5.60 kB │ gzip:     2.18 kB
dist/assets/Missions-CvTfCQR_.js                                      5.65 kB │ gzip:     2.05 kB
dist/assets/LifeScore-BLC8279l.js                                     5.72 kB │ gzip:     1.92 kB
dist/assets/CourseCover-BX_cN5G4.js                                   6.18 kB │ gzip:     2.85 kB
dist/assets/Bridge-t8TkxvOg.js                                        6.53 kB │ gzip:     1.96 kB
dist/assets/FutureSelf-CXN7ZRxU.js                                    6.86 kB │ gzip:     1.94 kB
dist/assets/MissionFlows-CL_TOAKb.js                                  8.10 kB │ gzip:     2.50 kB
dist/assets/index-BEsenmIu.js                                         8.72 kB │ gzip:     3.31 kB
dist/assets/web-DJF30ke7.js                                          10.19 kB │ gzip:     2.10 kB
dist/assets/purchases-Dt_5d3lm.js                                    10.51 kB │ gzip:     3.49 kB
dist/assets/PublicTwoFutures-BMJV1Uro.js                             11.24 kB │ gzip:     3.71 kB
dist/assets/Account-DZx6GbwK.js                                      11.76 kB │ gzip:     3.63 kB
dist/assets/support-FitxK1qe.js                                      11.79 kB │ gzip:     4.95 kB
dist/assets/DreamArt-BV75UUHC.js                                     12.84 kB │ gzip:     2.50 kB
dist/assets/FocusTimerHub-CXwvc5s1.js                                15.21 kB │ gzip:     4.32 kB
dist/assets/Me-DnUy6DWU.js                                           16.31 kB │ gzip:     5.70 kB
dist/assets/Upgrade-DO2EL2FH.js                                      19.68 kB │ gzip:     6.40 kB
dist/assets/TwoFutures-DvX6I91o.js                                   19.69 kB │ gzip:     5.43 kB
dist/assets/media-2mgEiOLR.js                                        23.75 kB │ gzip:     9.29 kB
dist/assets/SoundRoom-WcjXXxNe.js                                    24.21 kB │ gzip:     8.87 kB
dist/assets/Bank-C9CV-3hz.js                                         29.78 kB │ gzip:     8.21 kB
dist/assets/Settings-DRC2KCJE.js                                     41.22 kB │ gzip:    12.89 kB
dist/assets/Coach-Bv77ThHM.js                                        49.37 kB │ gzip:    16.12 kB
dist/assets/Notebook-BlfteEuc.js                                     51.71 kB │ gzip:    14.90 kB
dist/assets/Dreams-9tuwzZ-D.js                                       53.11 kB │ gzip:    14.99 kB
dist/assets/DailyMicroHabits-ChudJsSi.js                             56.82 kB │ gzip:    14.79 kB
dist/assets/Progress-3EjMUY8Z.js                                     75.84 kB │ gzip:    18.18 kB
dist/assets/Courses-DWfdnP52.js                                     112.20 kB │ gzip:    35.93 kB
dist/assets/motion-HNvQpnN_.js                                      128.88 kB │ gzip:    42.38 kB
dist/assets/Today-BDoxGxGY.js                                       141.26 kB │ gzip:    43.78 kB
dist/assets/supabase--wUpN4Ei.js                                    228.14 kB │ gzip:    59.28 kB
dist/assets/react-5GCfeWye.js                                       229.42 kB │ gzip:    71.53 kB
dist/assets/genai-DNIGCYRr.js                                       409.93 kB │ gzip:    72.77 kB
dist/assets/charts-Bzd-XkHo.js                                      431.58 kB │ gzip:   124.87 kB
dist/assets/tr-COHWLD3Y.js                                          561.39 kB │ gzip:   219.33 kB
dist/assets/es-qQNFzrdv.js                                          573.85 kB │ gzip:   217.68 kB
dist/assets/index-DJ0BjXsl.js                                       951.68 kB │ gzip:   308.79 kB
dist/assets/courses-CKtnra3s.js                                   2,510.75 kB │ gzip:   813.28 kB
dist/assets/index-BMm9S-UO.js                                     5,959.05 kB │ gzip: 2,123.39 kB

(!) Some chunks are larger than 700 kB after minification. Consider:
- Using dynamic import() to code-split the application
- Use build.rollupOptions.output.manualChunks to improve chunking: https://rollupjs.org/configuration-options/#output-manualchunks
- Adjust chunk size limit for this warning via build.chunkSizeWarningLimit.
✓ built in 10.38s
npm notice
npm notice New major version of npm available! 11.9.0 -> 12.2.0
npm notice Changelog: https://github.com/npm/cli/releases/tag/v12.2.0
npm notice To update run: npm install -g npm@12.2.0
npm notice
