vite v6.4.3 building for production...
transforming...
✓ 3360 modules transformed.
rendering chunks...
computing gzip size...
dist/index.html                                                       3.43 kB │ gzip:     1.14 kB
dist/assets/hanken-grotesk-vietnamese-wght-normal-CHiFlh_0.woff2      9.32 kB
dist/assets/hanken-grotesk-latin-ext-wght-normal-Dg-wlmqe.woff2      19.59 kB
dist/assets/newsreader-vietnamese-opsz-normal-BjhtXyW2.woff2         27.25 kB
dist/assets/newsreader-vietnamese-opsz-italic-DTr-ymY4.woff2         27.90 kB
dist/assets/hanken-grotesk-latin-wght-normal-CaVRRdDk.woff2          34.70 kB
dist/assets/newsreader-latin-ext-opsz-normal-BQn1nviT.woff2          86.61 kB
dist/assets/newsreader-latin-ext-opsz-italic-CSPGnFdO.woff2          95.54 kB
dist/assets/newsreader-latin-opsz-normal-s-izfB6B.woff2             132.00 kB
dist/assets/newsreader-latin-opsz-italic-kJKFiXvB.woff2             146.87 kB
dist/assets/aiCoach.worker-C60CQ1Xm.js                            6,039.34 kB
dist/assets/Today-D76Bu5Fr.css                                        4.80 kB │ gzip:     1.29 kB
dist/assets/SoundRoom-CqaeVc25.css                                   10.94 kB │ gzip:     2.71 kB
dist/assets/Courses-COCHombq.css                                     26.53 kB │ gzip:     4.99 kB
dist/assets/index-BMv8rU5q.css                                      103.72 kB │ gzip:    21.77 kB
dist/assets/de-FmFgRqLi.js                                            0.03 kB │ gzip:     0.05 kB
dist/assets/fr-FmFgRqLi.js                                            0.03 kB │ gzip:     0.05 kB
dist/assets/it-FmFgRqLi.js                                            0.03 kB │ gzip:     0.05 kB
dist/assets/ru-FmFgRqLi.js                                            0.03 kB │ gzip:     0.05 kB
dist/assets/web-nYKV4IZc.js                                           0.18 kB │ gzip:     0.16 kB
dist/assets/useCloudState-Bina4mVN.js                                 0.20 kB │ gzip:     0.18 kB
dist/assets/chevron-right-D6TYpZMk.js                                 0.30 kB │ gzip:     0.25 kB
dist/assets/square-WCEFk0AX.js                                        0.32 kB │ gzip:     0.26 kB
dist/assets/arrow-up-right-CIF4vkNX.js                                0.34 kB │ gzip:     0.27 kB
dist/assets/search-C_EdfhZp.js                                        0.35 kB │ gzip:     0.28 kB
dist/assets/circle-check-DsZiK6jw.js                                  0.35 kB │ gzip:     0.28 kB
dist/assets/user-round-Be3LEj9m.js                                    0.36 kB │ gzip:     0.29 kB
dist/assets/rotate-ccw-DkRPOiIX.js                                    0.37 kB │ gzip:     0.29 kB
dist/assets/index-BojZPWWk.js                                         0.38 kB │ gzip:     0.27 kB
dist/assets/mail-Ckk257MB.js                                          0.39 kB │ gzip:     0.31 kB
dist/assets/moon-BC3GldoA.js                                          0.39 kB │ gzip:     0.31 kB
dist/assets/log-out-C-IKZOeA.js                                       0.40 kB │ gzip:     0.30 kB
dist/assets/headphones-BjVDpeVY.js                                    0.41 kB │ gzip:     0.29 kB
dist/assets/timer-D7KVb1mU.js                                         0.41 kB │ gzip:     0.29 kB
dist/assets/wind-BdJ_Qmn_.js                                          0.42 kB │ gzip:     0.30 kB
dist/assets/archive-CgkgXqn6.js                                       0.43 kB │ gzip:     0.32 kB
dist/assets/route-Bh0uHy90.js                                         0.43 kB │ gzip:     0.31 kB
dist/assets/lock-keyhole-DdVSnmLW.js                                  0.43 kB │ gzip:     0.33 kB
dist/assets/index-VhJDeGPj.js                                         0.45 kB │ gzip:     0.28 kB
dist/assets/pencil-D1Pm79k6.js                                        0.45 kB │ gzip:     0.33 kB
dist/assets/pen-line-BWF3WaWS.js                                      0.45 kB │ gzip:     0.33 kB
dist/assets/index-RjDmsp_B.js                                         0.48 kB │ gzip:     0.29 kB
dist/assets/refresh-cw-DhD26XX_.js                                    0.50 kB │ gzip:     0.33 kB
dist/assets/trash-2-diwrE-zH.js                                       0.50 kB │ gzip:     0.32 kB
dist/assets/Focus-BZSi9aNE.js                                         0.53 kB │ gzip:     0.33 kB
dist/assets/share-2-DhyC0Y3_.js                                       0.53 kB │ gzip:     0.34 kB
dist/assets/shuffle-BuuuA-W-.js                                       0.56 kB │ gzip:     0.35 kB
dist/assets/sun-moon-B0S9cixe.js                                      0.57 kB │ gzip:     0.38 kB
(!) Some chunks are larger than 700 kB after minification. Consider:
dist/assets/waves-Cb4VaC51.js                                         0.60 kB │ gzip:     0.32 kB
dist/assets/sparkles-Bfb_4wdQ.js                                      0.67 kB │ gzip:     0.39 kB
dist/assets/calendar-days-C7ztpvSF.js                                 0.67 kB │ gzip:     0.37 kB
dist/assets/index-CJ3Blosp.js                                         0.67 kB │ gzip:     0.42 kB
dist/assets/trending-up-BZc0WhKZ.js                                   0.69 kB │ gzip:     0.34 kB
dist/assets/index-BA1ahb6y.js                                         0.72 kB │ gzip:     0.41 kB
dist/assets/music-P8BS0xfr.js                                         0.75 kB │ gzip:     0.40 kB
dist/assets/web-YlYWwkSB.js                                           0.90 kB │ gzip:     0.43 kB
dist/assets/web-BDcLxDrg.js                                           1.06 kB │ gzip:     0.52 kB
dist/assets/Legal-BcouUUqa.js                                         2.00 kB │ gzip:     0.91 kB
dist/assets/Support-CW-gEjYQ.js                                       3.54 kB │ gzip:     1.26 kB
dist/assets/Seasons-BSq2hS5A.js                                       3.65 kB │ gzip:     1.29 kB
dist/assets/Budget-BvwuPnJ_.js                                        4.45 kB │ gzip:     1.70 kB
dist/assets/web-D0audzGn.js                                           4.65 kB │ gzip:     1.40 kB
dist/assets/purchases-J5OjTmfc.js                                     4.73 kB │ gzip:     2.16 kB
dist/assets/Evidence-BWFo-XqV.js                                      5.42 kB │ gzip:     1.98 kB
dist/assets/Tools-Bff3bkfD.js                                         5.60 kB │ gzip:     2.18 kB
dist/assets/Missions-BMyb87ZE.js                                      5.65 kB │ gzip:     2.05 kB
dist/assets/LifeScore-BoJZFAvb.js                                     5.72 kB │ gzip:     1.92 kB
dist/assets/Bridge-DuVekLlF.js                                        6.53 kB │ gzip:     1.96 kB
dist/assets/FutureSelf-B0caiU6s.js                                    6.86 kB │ gzip:     1.94 kB
dist/assets/MissionFlows-n6H_-QrW.js                                  8.10 kB │ gzip:     2.50 kB
dist/assets/index-E22nK8Bk.js                                         8.72 kB │ gzip:     3.31 kB
dist/assets/web-Cx3J_Tji.js                                          10.19 kB │ gzip:     2.10 kB
dist/assets/Account-tCaERep3.js                                      10.41 kB │ gzip:     3.24 kB
dist/assets/PublicTwoFutures-Cpqrgu_z.js                             11.24 kB │ gzip:     3.71 kB
dist/assets/support-BD20uSHV.js                                      11.79 kB │ gzip:     4.95 kB
dist/assets/DreamArt-B2bMaIDP.js                                     12.84 kB │ gzip:     2.51 kB
dist/assets/FocusTimerHub-Wk1Nplcg.js                                13.62 kB │ gzip:     3.86 kB
dist/assets/Upgrade-Ca9TwclR.js                                      14.05 kB │ gzip:     4.76 kB
dist/assets/Me-mkvvN19x.js                                           16.29 kB │ gzip:     5.65 kB
dist/assets/TwoFutures-BNggfmWR.js                                   19.69 kB │ gzip:     5.43 kB
dist/assets/SoundRoom-DMB6IxOe.js                                    20.33 kB │ gzip:     7.77 kB
dist/assets/media-2mgEiOLR.js                                        23.75 kB │ gzip:     9.29 kB
dist/assets/Bank-fzRYzAci.js                                         29.85 kB │ gzip:     8.22 kB
dist/assets/Settings-nBRSDoll.js                                     40.62 kB │ gzip:    12.75 kB
dist/assets/Coach-CVeCPjLp.js                                        48.49 kB │ gzip:    15.86 kB
dist/assets/Notebook-CRR-XKU5.js                                     48.78 kB │ gzip:    14.17 kB
dist/assets/Dreams-BwwXJcRg.js                                       53.04 kB │ gzip:    14.93 kB
dist/assets/DailyMicroHabits-dKXj50iq.js                             56.82 kB │ gzip:    14.78 kB
dist/assets/Progress-C6I11Zly.js                                     75.84 kB │ gzip:    18.19 kB
dist/assets/Courses-CRSULYg2.js                                     108.40 kB │ gzip:    35.14 kB
dist/assets/motion-HNvQpnN_.js                                      128.88 kB │ gzip:    42.38 kB
dist/assets/Today-C_2t5Xh4.js                                       135.01 kB │ gzip:    41.63 kB
dist/assets/supabase--wUpN4Ei.js                                    228.14 kB │ gzip:    59.28 kB
dist/assets/react-5GCfeWye.js                                       229.42 kB │ gzip:    71.53 kB
dist/assets/genai-DNIGCYRr.js                                       409.93 kB │ gzip:    72.77 kB
dist/assets/charts-CiESIKeW.js                                      431.59 kB │ gzip:   124.88 kB
dist/assets/tr-C8BDhSCr.js                                          560.83 kB │ gzip:   219.10 kB
dist/assets/es-CYCsPQH7.js                                          573.26 kB │ gzip:   217.48 kB
dist/assets/index-DDOqcXAh.js                                       785.29 kB │ gzip:   260.00 kB
dist/assets/courses-CKtnra3s.js                                   2,510.75 kB │ gzip:   813.28 kB
dist/assets/index-BMm9S-UO.js                                     5,959.05 kB │ gzip: 2,123.39 kB
✓ built in 11.79s
