
> oda-one-decision-away@1.0.0 check
> npm run lint && node scripts/validate-i18n.mjs && node --import tsx scripts/test-i18n.ts && node --import tsx scripts/test-notebook.ts && node --import tsx scripts/test-notebook-voice.ts && node --import tsx scripts/test-routing.ts && npm test && npm run build


> oda-one-decision-away@1.0.0 lint
> tsc --noEmit

npm notice
npm notice New major version of npm available! 11.9.0 -> 12.2.0
npm notice Changelog: https://github.com/npm/cli/releases/tag/v12.2.0
npm notice To update run: npm install -g npm@12.2.0
npm notice
tr: 6823 entries; missing keys 0; placeholder differences 0
es: 6823 entries; missing keys 0; placeholder differences 0
English-first startup, saved choices, EN/TR/ES switching, fallback and repeated placeholders passed.
✔ old backups normalize without copying or losing any legacy Dream Journal field (2.008341ms)
✔ new writing of every kind including affirmation earns 25 once; intention alone does not (1.955661ms)
✔ edit, no-op, delete and recreate preserve immutable once-per-day reward claims (0.410601ms)
✔ local writing day and existing UTC reward ceiling are separate and cap-safe (0.346865ms)
✔ 369 only counts matching written intentions, allows partial saves and retains archived histories (1.613022ms)
✔ 369 derives a real 33-day streak and preserves the achieved target after a gap (1.533492ms)
✔ 369 matches Turkish dotted/dotless uppercase pairs without stripping meaningful accents (0.373215ms)
✔ calendar streaks use local days across DST, not elapsed 24-hour periods (0.583874ms)
✔ validation rejects blank entries, future dates, past creation and excess slots without altering input (0.415469ms)
✔ legacy edits preserve photos, links and original date; unified JSON roundtrip is lossless (6.470266ms)
✔ real repository serializes concurrent writes, protects from stale saves, and honors explicit restore (10.049997ms)
✔ stale whole-document saves do not resurrect deleted legacy entries or lose new ones (1.541874ms)
✔ Notebook rebases after a delayed load against a concurrent profile and ledger save (0.930529ms)
✔ concurrent mission and Notebook reward evaluation share the same 2500 ceiling (7.557531ms)
✔ failed storage saves reject, do not push cloud or claim rewards, and queue recovers (1.34699ms)
✔ unreadable saved JSON is preserved, never silently replaced with seed data (0.221245ms)
✔ explicit local restore blocks older cloud data across failed uploads and is account/project scoped (17.465453ms)
✔ an old in-flight cloud upload cannot overwrite a newer restored snapshot or clear its marker (4.879637ms)
✔ a signed-out import binds to the first later connection and stays isolated from other accounts (6.721587ms)
ℹ tests 19
ℹ suites 0
ℹ pass 19
ℹ fail 0
ℹ cancelled 0
ℹ skipped 0
ℹ todo 0
ℹ duration_ms 89.588999
Notebook voice uses device speech only, preserves preferences and handles unavailable speech.
✔ root hosting retains history paths, including direct reloads (0.937739ms)
✔ project hosting keeps every navigation on the same static document (0.26424ms)
✔ landing URLs and non-route fragments do not become unknown routes (0.115505ms)
✔ back/forward hash entries resolve to canonical route IDs (0.149726ms)
✔ icons and service worker URLs stay under their deployment base (0.142846ms)
✔ service worker precaches only its project directory (15.715194ms)
✔ standalone support remains available offline without replacing the application shell (4.989595ms)
✔ activation preserves sibling apps and this version media cache (1.365437ms)
✔ notification defaults and legacy targets open the project hash route (1.08993ms)
✔ installed app metadata refreshes instead of retaining the cached identity (1.891954ms)
✔ installed app metadata remains available offline (0.923298ms)
ℹ tests 11
ℹ suites 0
ℹ pass 11
ℹ fail 0
ℹ cancelled 0
ℹ skipped 0
ℹ todo 0
ℹ duration_ms 59.427163

> oda-one-decision-away@1.0.0 test
> node --import tsx --test tests/*.test.ts supabase/functions/send-nudges/core.test.ts supabase/functions/send-nudges/push-worker.test.ts

✔ 600 scheduled selections are unique across 100 local calendar days and repeat only in the next cycle (2.266422ms)
✔ calendar-day index is independent of server timezone, DST boundaries and midnight UTC (0.295637ms)
✔ sender blocks private-network endpoints, embedded credentials, lookalike hosts and unexpected ports (0.27067ms)
✔ payload identifies adaptation/translation and routes stay valid for root and project hosting (1.309873ms)
✔ cron authenticator requires a substantial matching secret (9.029601ms)
✔ push event displays the real server payload without an open client (1.891173ms)
✔ unexpected push fields cannot become arbitrary notification options (2.492554ms)
✔ does not load a runtime before explicit initialization and blocks unsupported devices (8.481171ms)
✔ context retains the latest user turn, merges interrupted turns, and ignores injected roles (0.812911ms)
✔ streams accumulated visible content and disables reasoning output (1.626052ms)
✔ aborting initialization disposes the downloading runtime and allows retry (3.638389ms)
[ODA Coach] Generation failed: Error: GPU device lost: out of memory
    at Object.generate (/workspace/oda-reference-redesign/tests/ai-coach.test.ts:117:35)
    at <anonymous> (/workspace/oda-reference-redesign/src/services/aiCoach.ts:256:68)
    at Object.stream (/workspace/oda-reference-redesign/src/services/aiCoach.ts:300:5)
    at TestContext.<anonymous> (/workspace/oda-reference-redesign/tests/ai-coach.test.ts:122:30)
    at async Test.run (node:internal/test_runner/test:1389:7)
    at async Test.processPendingSubtests (node:internal/test_runner/test:960:7)
✔ cancellation drains generation, suppresses late text, and releases the next request (3.506198ms)
✔ generation failures are actionable, never become a canned coach reply, and require restart (2.991389ms)
✔ unload cancels an active operation, releases memory and supports a fresh initialization (0.598256ms)
✔ ambient renders are long independent stereo textures with finite bounded levels (148.996994ms)
✔ scene identities differ in spectrum and amplitude dynamics (30.99725ms)
✔ loop overlaps join continuous adjacent noise without a boundary spike (43.769668ms)
✔ seeds reproduce review samples and produce a new texture when changed (193.865196ms)
✔ one Sound Room track keeps one title across categories, including intentional noise reuse (0.522291ms)
✔ fresh startup seeds and absent records do not prompt for a backup (2.264689ms)
✔ empty notebook, lesson, experiment and weekly-review shells are not saved personal work (0.912692ms)
✔ the first saved journal, scripting or future letter qualifies without three older records (2.072557ms)
✔ a saved intention, gratitude note or affirmation qualifies before any decision completion (0.932822ms)
✔ an interrupted first lesson answer of zero, practice checkbox or reflection qualifies (0.919892ms)
✔ the first course plan, paused attempt or saved review qualifies independently of lesson completion (0.820652ms)
✔ one saved weekly review with no kept decisions qualifies (0.3043ms)
✔ one completion, kept decision, vision choice or dream-journal entry preserves existing eligibility (1.886737ms)
✔ a valid downloaded backup suppresses until the exact fourteen-day boundary (0.756015ms)
✔ invalid, absent and future export or cloud timestamps never suppress protection (0.638537ms)
✔ freshness compares actual ISO instants and accepts leap days without calendar normalization (0.161594ms)
✔ only configured, signed-in, recent scoped cloud success with no error suppresses the reminder (0.450722ms)
✔ a recent export still protects work when cloud sync fails, and session dismissal remains respected (0.866963ms)
✔ eligibility does not alter saved work or cloud status, and all three locales explain protection without promising sync (0.569712ms)
✔ restore safety: weekly review text cannot be an object (5.279733ms)
✔ restore safety: life score records need sortable timestamps (0.815274ms)
✔ restore safety: bridge records need their rendered amounts (3.147566ms)
✔ restore safety: a pinned dream name cannot be a React object child (0.654932ms)
✔ legacy course storage migrates into the personal record without changing other data (5.784808ms)
✔ course edits, completion, experiment plans and logs roundtrip through JSON backup (3.699641ms)
✔ a stale save from another feature retains newer lesson notes and practice logs (2.577954ms)
✔ a legacy backup keeps local courses; an explicit empty course backup clears them (1.862811ms)
✔ validation rejects malformed personal, notebook and course data before any storage write (4.220861ms)
✔ quota failures keep the entire previous record and legacy key intact, and a retry succeeds (1.665592ms)
✔ unreadable main data is never replaced by a course-only save (0.717617ms)
✔ lesson edits and re-completion retain the real-world experiment history (0.252993ms)
✔ course mutations wait for the shared write lock and rebase onto a concurrent notebook commit (1.020795ms)
✔ ledger and notebook rewards retain one UTC ceiling when the local decision day differs (15.160484ms)
✔ cloud upload captures current courses and invalid cloud backups leave local storage untouched (16.37341ms)
✔ cloud previews do not change last-sync or local data until the reviewed record is committed (11.855981ms)
✔ Bank chart keeps UTC ledger Today and date labels aligned at New York evening (24.946911ms)
✔ Bank seven-day earnings window is Sep 25 through Oct 1 for the UTC ledger day (2.967172ms)
✔ Savings includes the first displayed UTC day in net and pace, excluding opening history (4.853709ms)
✔ Savings net includes mixed first-day credits, spending and the current UTC day (3.126523ms)
✔ Bank chart formats ledger dates in selected tr UI locale (83.156145ms)
✔ Bank chart formats ledger dates in selected es UI locale (84.60232ms)
✔ a welcome grant preserves the balance and supplies zero practice evidence (1.968701ms)
✔ mixed financial deposits cannot inflate distinct kept days or completed decisions (7.064685ms)
✔ practice week follows local calendar boundaries and repeated days count once (0.221025ms)
✔ reward labels distinguish symbolic unlocking from actual D$ pace estimates in every locale (0.351542ms)
✔ client and server agree on the message limits (0.716265ms)
✔ the request keeps the last 12 messages, trims each to 1500 characters and drops empty ones (0.245402ms)
✔ context is sent only when there is something to send, and is trimmed (0.286844ms)
✔ responses map to a result or a typed error (0.875255ms)
✔ the shared context holds only today, the last kept decisions and short journal lines (7.772868ms)
✔ a matching current durable document uploads and records current plus historical confirmation (29.039176ms)
✔ a stale rendered profile payload cannot roll acknowledged cloud work backward (5.193522ms)
✔ a stale rendered notebook payload cannot roll acknowledged cloud work backward (3.593641ms)
✔ a stale rendered futureSelf payload cannot roll acknowledged cloud work backward (4.312299ms)
✔ missing authoritative local record rejects a push before any cloud query (4.605002ms)
✔ invalid-json authoritative local record rejects a push before any cloud query (2.685826ms)
✔ invalid-document authoritative local record rejects a push before any cloud query (3.500841ms)
✔ a course-only stale caller uses the existing latest-course normalization and can upload (6.929361ms)
✔ an ordinary repository save invalidates current confirmation immediately and retains history (5.947515ms)
✔ a durable Notebook action invalidates confirmation without waiting for its debounce (3.865453ms)
✔ a durable course save invalidates confirmation without requiring the AppProvider event listener (2.917597ms)
✔ a save suppressed by its account guard still makes the current durable document dirty (2.753589ms)
✔ a failed durable repository write preserves previous current confirmation (3.014684ms)
✔ a failed durable notebook write preserves previous current confirmation (6.497246ms)
✔ a failed durable course write preserves previous current confirmation (5.398774ms)
✔ dirty startup does not automatically restore the same acknowledged cloud baseline over newer device work (3.290082ms)
✔ an old in-flight upload retains its remote baseline while the latest durable document remains dirty (8.349761ms)
✔ the latest queued durable payload updates after an older in-flight upload without reverting cloud or device (8.175518ms)
✔ a cloud-restore fingerprint resolve after account drift returns false without publishing obsolete status (11.395439ms)
✔ a cloud-restore fingerprint reject after account drift returns false without publishing obsolete status (4.583769ms)
✔ a cloud-restore fingerprint resolve after project drift returns false without publishing obsolete status (4.988142ms)
✔ a cloud-restore fingerprint reject after project drift returns false without publishing obsolete status (4.276485ms)
✔ a cloud-restore fingerprint resolve after local-record drift returns false without publishing obsolete status (15.516222ms)
✔ a cloud-restore fingerprint reject after local-record drift returns false without publishing obsolete status (4.991186ms)
✔ a rejected current cloud-restore fingerprint returns false, preserves durable data and reports unconfirmed backup (4.643931ms)
✔ cloud-restore acknowledgement owner-quota failure returns a boolean and keeps the durable restored record (4.633375ms)
✔ cloud-restore acknowledgement document-read failure returns a boolean and keeps the durable restored record (5.593689ms)
✔ a clean-reload confirmation fingerprint resolve after account B cannot publish account A status (4.441594ms)
✔ a clean-reload confirmation fingerprint reject after account B cannot publish account A status (8.339517ms)
✔ confirmation bootstrap after a clean reload is tied to the actual persisted document (10.160374ms)
✔ confirmation bootstrap after a dirty reload preserves device work and historical cloud time (3.46812ms)
✔ a coherently hydrated external-tab edit cannot inherit another tab’s current-document confirmation (4.587816ms)
✔ a pending cloud SELECT cannot replace data after account switch (2.623332ms)
✔ a pending cloud SELECT cannot replace data after project switch (0.38906ms)
✔ a pending cloud SELECT cannot replace data after logout and reauthentication as the same account (0.862616ms)
✔ a pending cloud SELECT cannot replace data after an explicit local import barrier (0.697606ms)
✔ a pending cloud SELECT cannot replace data after newer saved personal writing (0.612157ms)
✔ a reviewed cloud restore is checked inside the write lock after account switch (8.240316ms)
✔ a reviewed cloud restore is checked inside the write lock after project switch (2.312371ms)
✔ a reviewed cloud restore is checked inside the write lock after logout and reauthentication as the same account (3.15084ms)
✔ a reviewed cloud restore is checked inside the write lock after an explicit local import barrier (5.229467ms)
✔ a reviewed cloud restore is checked inside the write lock after newer saved personal writing (1.762839ms)
✔ an unchanged reviewed cloud record commits once and records its scoped sync (3.345395ms)
✔ manual sync cannot fall back to uploading a captured previous-account snapshot (0.527599ms)
✔ a delayed automatic backup remains bound to its original account (0.358453ms)
✔ an old upload success cannot mark or emit the new cloud scope (3.722946ms)
✔ an old upload failure cannot mark or emit the new cloud scope (6.095289ms)
✔ fresh OTP sign-in cannot overwrite existing cloud work on the first ordinary save (8.182579ms)
✔ an absent cloud row is inserted once and acknowledges the returned server version and exact data (16.245186ms)
✔ offline SELECT throws and reconnect retain both records (4.168011ms)
✔ offline SELECT resolved and reconnect retain both records (2.791386ms)
✔ shared device A→B→A cannot reuse the historical acknowledgement of A after B owns the record (19.255793ms)
✔ a stale upload SELECT after account cannot write or alter current-scope status (2.812058ms)
✔ a stale upload SELECT after project cannot write or alter current-scope status (1.017801ms)
✔ a stale upload SELECT after logout-return cannot write or alter current-scope status (1.074257ms)
✔ a stale upload SELECT after local-edit cannot write or alter current-scope status (1.113456ms)
✔ a stale upload SELECT after import cannot write or alter current-scope status (1.254409ms)
✔ same-version remote content changed at the fresh read cannot authorize overwrite (5.048614ms)
✔ canonical acknowledgement treats reordered object keys as equal, but retains array order (7.389648ms)
✔ a changed remote version between SELECT and UPDATE yields zero rows and never acknowledges success (4.421634ms)
✔ an absent-row insert race preserves the winning cloud record and holds the import token (1.738662ms)
✔ empty returned write representation never acknowledges or clears import intent (1.535074ms)
✔ missing returned write representation never acknowledges or clears import intent (2.574458ms)
✔ invalid-data returned write representation never acknowledges or clears import intent (1.449655ms)
✔ invalid-version returned write representation never acknowledges or clears import intent (1.497197ms)
✔ multiple returned write representation never acknowledges or clears import intent (1.245535ms)
✔ a legacy timestamp-only acknowledgement cannot authorize an existing-row upload (1.034907ms)
✔ previewing or declining a cloud restore creates no acknowledgement and later saves remain held (1.722177ms)
✔ accepted cloud restore acknowledges the raw fetched JSON, including omitted legacy course data (4.454965ms)
✔ an explicit import facing unacknowledged existing cloud keeps bytes/token and cannot bypass review protection (1.158284ms)
✔ an explicit import into absent cloud can insert and clear only its still-current token (5.033622ms)
✔ a late write response cannot acknowledge a new account or clear a newer import token (1.993969ms)
✔ a write response cannot clear an import created while that same account upload waited (2.309587ms)
✔ acknowledgement storage failure does not report sync success or clear imported intent (2.400625ms)
✔ hash failure cannot mutate cloud or acknowledge the local record (2.647368ms)
✔ awaited remote fingerprint after account cannot authorize a stale write (2.709683ms)
✔ awaited remote fingerprint after local-edit cannot authorize a stale write (5.496771ms)
✔ awaited remote fingerprint after import cannot authorize a stale write (2.744395ms)
✔ a malformed-data SELECT pauses upload without choosing a winner (0.861905ms)
✔ a invalid-version SELECT pauses upload without choosing a winner (0.716645ms)
✔ successful upload acknowledges the actual returned server version rather than the attempted client timestamp (2.42412ms)
✔ a rejected reviewed restore cannot establish cloud acknowledgement (1.717861ms)
✔ a regressed clock advances the conditional write beyond remote microseconds 2040-01-01T00:00:00.999999Z (5.544174ms)
✔ a regressed clock advances the conditional write beyond remote microseconds 2040-01-01T00:00:00.000001+00:00 (4.199769ms)
✔ a valid returned document differing from the sent snapshot cannot establish upload permission (2.347354ms)
✔ a represented conditional write that fails to advance its version cannot be acknowledged (4.360803ms)
✔ an absent-row insert is not attempted when payload hashing is unavailable (1.030991ms)
✔ another owner recorded during hashing invalidates an earlier acknowledgement without changing device bytes (4.724984ms)
✔ another owner recorded during an upload response cannot be overwritten by its late acknowledgement (1.589798ms)
✔ an acknowledgement storage-read failure after durable restore returns false and preserves the restored record (1.503155ms)
✔ a rejected SELECT after a newer local save cannot replace that newer status (1.067487ms)
✔ a manual preview stays paused without acknowledging cloud work until an accepted commit (1.729959ms)
✔ manual review exposes unacknowledged/changed cloud at -1000ms while default startup policy remains unchanged (3.054324ms)
✔ manual review exposes unacknowledged/changed cloud at 0ms while default startup policy remains unchanged (2.761ms)
✔ manual review exposes unacknowledged/changed cloud at 1000ms while default startup policy remains unchanged (2.000658ms)
✔ known limitation: a legacy same-version mutation after SELECT can pass timestamp-only CAS (3.062697ms)
✔ levels and monthly limits match the plan (1.146616ms)
✔ the highest active RevenueCat entitlement wins; expired ones do not count (0.456691ms)
✔ the tier cache is fresh for ten minutes (0.154744ms)
✔ requests are validated, trimmed and may be empty for a status check (0.4885ms)
✔ crisis words in English, Turkish and Spanish are caught; everyday worry is not (2.577012ms)
✔ the prompt sets the persona, safety rules and reply language; context reaches only the coach level (0.219623ms)
✔ the function keeps secrets and message text out of code and logs (1.361912ms)
✔ no AI provider secret is referenced from the app bundle code (26.199146ms)
✔ lightweight course previews and restore metadata match each real edition (2.97892ms)
✔ English editions keep every course and lesson ID of the Turkish edition (1.257084ms)
✔ every English lesson goes deeper and tells an example story (5.17169ms)
✔ every course and lesson has a real, distinct photo with alt text (0.382899ms)
✔ technique cards name their origin, give doable steps and say honestly what the evidence supports (0.740651ms)
✔ every course states its purpose, scope and outcome, with usable lesson durations (0.330691ms)
✔ the bibliography distinguishes research from guidance and includes usable HTTPS references and limitations (0.926943ms)
✔ every lesson cites existing sources and every advertised research source is used (0.393475ms)
✔ each lesson has two reading paragraphs, three distinct practice instructions and reflection support (4.090854ms)
✔ each lesson offers three distinct answers, one valid correct index and explanatory feedback (1.055588ms)
✔ every lesson has one visual; charts quote a source the lesson cites (0.554299ms)
✔ Spanish editions mirror the English structure (5.867454ms)
✔ Spanish source ids are unique (0.208586ms)
✔ stable course IDs keep their ordered lesson IDs for stored progress (4.946429ms)
✔ every course and lesson has a real, distinct photo with Turkish alt text (1.584949ms)
✔ technique cards name their origin, give doable steps and say honestly what the evidence supports (0.967315ms)
✔ every course states its purpose, scope and outcome, with usable lesson durations (0.344011ms)
✔ the bibliography distinguishes research from guidance and includes usable HTTPS references and limitations (0.929347ms)
✔ every lesson cites existing sources and every advertised research source is used (0.552146ms)
✔ each lesson has two reading paragraphs, three distinct practice instructions and reflection support (3.453559ms)
✔ each lesson offers three distinct answers, one valid correct index and explanatory feedback (0.930429ms)
✔ every lesson has one visual; charts quote a source the lesson cites (0.605868ms)
✔ every untouched course previews its real edition without creating saved learning (3.084781ms)
✔ a saved tick, answer zero, reflection or completion constitutes learning, unlike a blank record (1.844974ms)
✔ saved progress resumes each of the 103 actual lessons across all three editions and Today agrees (30.681044ms)
✔ a later draft cannot skip unfinished prerequisite lessons (0.360115ms)
✔ workbook-only plans stay available for review without inventing lesson progress (0.755804ms)
✔ ordinary saves retain an explicit view while account and same-account backup replacement invalidate it (0.143016ms)
✔ course entry instructions have matching localized keys and keep the actual lesson-number placeholder (0.414578ms)
✔ all 18 courses have distinct, actionable guides in every supported language (1.270764ms)
✔ studio is optional and initially collapsed; completed courses open their transfer practice (37.591437ms)
✔ new plans preserve optionality and keep an independent copy of private fields (0.595072ms)
✔ untrusted backup data cannot introduce unknown courses, malformed dates, duplicate entries, or oversized notes (1.041938ms)
✔ retrying the same journal entry is idempotent; paused and adapted entries retain honest observations (0.463412ms)
✔ journal keeps the most recent bounded entries and does not mutate input during normalization (0.532747ms)
✔ calendar validation handles leap days, impossible dates, and week/month/year transitions (0.201815ms)
✔ due review needs a usable plan; completing review sets a fresh revisit without losing reflection (0.222216ms)
✔ course progress saves and completed lessons keep the plan, journal, and review after an interrupted round trip (1.021526ms)
✔ a practice plan cannot unlock lessons or manufacture completion (0.296409ms)
✔ a localized portable artifact retains ordinary private text without embedding executable HTML (0.351963ms)
✔ rapid edits remain visible and are replayed in order under serialized persistence (9.593751ms)
✔ failed drafts survive later edits and a retry rebases them over unrelated saved work (0.562582ms)
✔ same-tab save notifications retain newer input while an earlier batch is committing (0.385884ms)
✔ unexpected persistence exceptions preserve private work and allow a later successful save (0.420957ms)
✔ retry clicked while a failed write is settling starts a fresh persistence attempt (0.525446ms)
✔ malformed and unsupported records recover to separate empty states (1.782709ms)
✔ unknown IDs and properties are discarded; checklists are resized with strict booleans (0.72003ms)
✔ negative, fractional, nonnumeric and out-of-range answers do not satisfy a lesson (0.882627ms)
✔ notes are bounded while their newlines and ordinary content survive (0.214174ms)
✔ tampered completion cannot bypass the exercise, answer or preceding lessons (0.276649ms)
✔ valid completed prefixes survive independently for different courses (0.247895ms)
✔ draft updates are immutable and cannot mark a lesson complete (0.255007ms)
✔ completion follows the real course in order and is idempotent (1.969462ms)
✔ editing a completed prerequisite revalidates later lessons without losing drafts (0.382118ms)
✔ caller-supplied lesson and course objects cannot change the answer or bypass a course (0.434708ms)
✔ saving and reloading preserve a completed lesson and an unfinished draft (1.616477ms)
✔ blocked storage and quota failures are reported without throwing (0.788534ms)
✔ a decision kept today takes priority over array order and an older active carry-over (1.699082ms)
✔ a newly chosen decision after a kept one remains actionable today (0.293455ms)
✔ yesterday’s completion, archived decisions, invalid timestamps and future plans never masquerade as today (0.24479ms)
✔ daily decisions use the local calendar around UTC midnight in both timezone directions (0.447488ms)
✔ a missed weekly review remains available on Wednesday and follows local Sunday boundaries (0.154604ms)
✔ weekly evidence counts actual distinct days and bounds entries to the reviewed calendar week (7.789554ms)
✔ an unfinished decision can be reviewed without inventing completed progress (0.262808ms)
✔ saving and editing a daily reflection preserves other pages, rewards once, and survives JSON backup replacement (1.57839ms)
✔ course continuation resumes selected work before the suggested course and advances to the actual incomplete lesson (0.562742ms)
✔ course continuation recognizes an interrupted first answer of zero and never offers an already completed course (0.311893ms)
✔ daily loop copy has explicit matching nonempty English, Turkish and Spanish strings (0.249778ms)
✔ concurrent retries of a kept daily decision record evidence and reward exactly once (16.445089ms)
✔ deep backup safety: reject unparseable notebook day before replacing any storage (4.818425ms)
✔ deep backup safety: reject impossible calendar day before replacing any storage (0.873973ms)
✔ deep backup safety: reject object mood rendered in journal before replacing any storage (0.792109ms)
✔ deep backup safety: reject object prompt assigned to editor before replacing any storage (0.724006ms)
✔ deep backup safety: reject unknown kind hidden by every writing surface before replacing any storage (0.899502ms)
✔ deep backup safety: reject unparseable gratitude day before replacing any storage (0.650195ms)
✔ deep backup safety: reject invalid writing activity day before replacing any storage (0.602112ms)
✔ deep backup safety: reject invalid ledger day before replacing any storage (0.492385ms)
✔ deep backup safety: reject object activity transaction reference before replacing any storage (0.628081ms)
✔ deep backup safety: reject invalid 369 start day before replacing any storage (0.725398ms)
✔ deep backup safety: reject invalid 369 history day before replacing any storage (0.597796ms)
✔ deep backup safety: reject object archive marker hiding a practice before replacing any storage (0.512176ms)
✔ deep backup safety: reject object 369 day timestamp before replacing any storage (0.515601ms)
✔ deep backup safety: reject dream instant producing an invalid display day before replacing any storage (0.443041ms)
✔ deep backup safety: reject invalid course attempt day silently dropping a note before replacing any storage (1.077321ms)
✔ deep backup safety: reject invalid course review due date before replacing any storage (0.556843ms)
✔ deep backup safety: reject invalid course review completion date before replacing any storage (0.630995ms)
✔ deep backup safety: legitimate exported writing, legacy moods, and leap days roundtrip and render (32.822711ms)
✔ deep backup safety: legacy backups without a notebook retain dream fields and local courses (0.476892ms)
✔ an earlier account sync timestamp cannot hide another account cloud record (15.174706ms)
✔ a legacy unscoped timestamp is not proof that this account is synchronized (1.746555ms)
✔ an account deletion response cannot sign out a later signed-in account (0.986063ms)
✔ an account deletion response cannot clear a new project connection (0.269097ms)
✔ a late cloud coach reply cannot be accepted in another account scope (22.037527ms)
✔ account deletion cannot start with another account after awaiting the client (0.471674ms)
✔ cloud coach context consent is isolated between accounts and projects (0.488921ms)
✔ a token refresh keeps the current account coach request valid (1.104031ms)
✔ a project change while reading a coach response also expires its content (0.749455ms)
✔ stopping the coach cancels a response body still being downloaded (0.421599ms)
✔ a queued backup cannot upload a local document rolled back while it waited (10.408685ms)
✔ the latest queued backup still uploads after a preceding slower backup (6.669448ms)
✔ returning to an earlier account cannot reuse its timestamp for another account local record (6.380971ms)
✔ a replaced dataset cannot inherit this account historical synchronization proof (3.959485ms)
✔ an owner-metadata quota failure cannot advertise a newer synchronized local record (6.990243ms)
✔ every localized course can complete and carry its notes into the other editions (28.153141ms)
✔ practice calendar keeps the local day across UTC midnight and daylight-saving weeks (0.513758ms)
✔ a transient personal-record read failure cannot replace already saved course work with an empty fallback (2.420545ms)
✔ a blocked-save session retains private edits and warning after its only view unmounts, then retries successfully (0.478695ms)
✔ explicit replacement cancels a queued old draft while allowing new edits to save after the lock releases (0.699018ms)
✔ a transient legacy-course read failure cannot overwrite the previous separate course record (0.385864ms)
✔ a different tab replacement discards old private draft before replay even when its storage event has not arrived (2.075072ms)
✔ other-tab provisional replacement notifications wait for rollback before inspecting epochs or discarding private drafts (1.231325ms)
✔ same-tab course publication runs under the lock before another tab can project a provisional replacement (0.551004ms)
✔ purchases and payments committed within one clock tick keep distinct identities (5.045068ms)
✔ habit completion dates agree with the local Today calendar on either side of UTC midnight (1.153767ms)
✔ habit yesterday and streaks count actual calendar dates through both DST changes (0.511033ms)
✔ habits roll over at local midnight and keep the previous local day history (1.43335ms)
✔ rollover fallback converts the last-opened instant to its local day (0.41586ms)
✔ date-only values display their saved day while timestamps retain instant conversion (13.81045ms)
✔ calendar formatting rejects normalized impossible days and keeps invalid values readable (0.260214ms)
✔ habit reward identity survives undo, reload and UTC midnight without paying the same local day twice (0.354346ms)
✔ local midnight cannot earn the same habit twice in the UTC reward day (0.121114ms)
✔ habit and check-in rewards share the notebook UTC ceiling, including partial and exhausted budgets (0.189356ms)
✔ a profile save captured before a decision completion retains the kept decision and its evidence (17.758047ms)
✔ concurrent purchases retain both dreams and both payments (2.359182ms)
✔ concurrent purchase checks reject a second claim for the same dream (1.693564ms)
✔ concurrent purchases check affordability against the payment that committed first (2.391782ms)
✔ concurrent savings additions retain both amounts and log entries (1.768928ms)
✔ disjoint profile changes from the same baseline both survive (0.881354ms)
✔ conflicting edits to the same profile field reject before any write and notify the UI (1.081979ms)
✔ an intentional mission deletion and reorder survive a disjoint newer settings save (0.835926ms)
✔ concurrent edits to the mission array reject rather than inventing a merged list (0.761693ms)
✔ even an identical explicit restore invalidates snapshots that were captured before it (1.667765ms)
✔ a profile write queued behind a restore cannot resurrect pre-restore writing (2.258379ms)
✔ legacy records missing transactions can merge a settings edit after a course-only write (0.77914ms)
✔ clearing and recreating the personal record invalidates earlier editable snapshots (0.909146ms)
✔ deleting imported own magic keys while another nested field changes never revives them (2.177938ms)
✔ mission evidence, generated bridges and savings logs keep unique IDs in a single clock tick (3.972936ms)
✔ all 160 shipped English cue identities/text hashes match the 11 runtime sessions (1.474712ms)
✔ every public MP3 byte count/checksum matches delivered metadata and no model/runtime is shipped (23.491478ms)
✔ all shipped decoded/container durations fit the original cue windows with at least250ms margin (0.437322ms)
✔ service worker leaves narration to the verified on-demand cache and does not precache MP3s (0.241215ms)
✔ levels are ordered free < essentials < pro < coach (1.295111ms)
✔ coach message allowances follow the product spec (0.17813ms)
✔ essential courses exist, and Turning Day is not one of them (it is free for all) (0.215576ms)
✔ nothing is locked where subscriptions cannot be bought (web), at any level (0.243339ms)
✔ free level: Turning Day in full, first lessons of the rest, first sounds of each category (0.143517ms)
✔ essentials opens the six core courses and the whole Sound Room, not the rest (0.190468ms)
✔ pro and coach open every lesson and sound (0.25751ms)
✔ six products: two per paid level, ids match the App Store spec (0.372444ms)
✔ RevenueCat entitlements resolve to the highest active level (0.305272ms)
✔ annual saving is computed from real prices only (0.230149ms)
✔ Stop cancels a cue still waiting for synthesis without starting audio (3.400799ms)
✔ deferred synthesis starts at the latest requested volume 0 (1.582055ms)
✔ deferred audio resume starts at the latest requested volume 0 (0.391853ms)
✔ deferred Settings preview preserves requested volume 0 (0.353845ms)
✔ deferred synthesis starts at the latest requested volume 0.35 (0.308167ms)
✔ deferred audio resume starts at the latest requested volume 0.35 (0.301286ms)
✔ deferred Settings preview preserves requested volume 0.35 (0.257721ms)
✔ a volume change during loading preserves stop protection (0.347436ms)
✔ a volume change during loading preserves pause-resume protection (0.268387ms)
✔ a volume change during loading preserves new-session protection (0.379285ms)
✔ a newer cue owns playback when an older synthesis resolves later (0.322738ms)
✔ Pause then Resume cannot resurrect a cue waiting for synthesis (0.564255ms)
✔ Stop also cancels a cue waiting for the audio context to resume (0.259473ms)
✔ a new cue supersedes one waiting for the audio context to resume (0.372514ms)
✔ Pause and Resume invalidate pending context-resume playback (0.298782ms)
✔ replacement immediately stops active audio while the new clip is pending (0.741242ms)
✔ stale source completion cannot clear or end the new cue (0.417251ms)
✔ Pause and Resume preserve an already-started cue without starting it twice (0.240464ms)
✔ unavailable synthesis reports failure without creating an audio source (0.186052ms)
✔ a failed audio context resume reports failure without starting playback (0.424302ms)
✔ a failed source start reports failure and never announces playback (0.343801ms)
✔ English narration cache stays the same when UI locale changes (39.715653ms)
✔ a Settings preview resolving after Stop cannot start playback (0.349509ms)
✔ a Settings preview resolving after a newer cue cannot interrupt it (0.3697ms)
✔ every approved PNG and both approval manifests remain unchanged (17.058939ms)
✔ served responsive variants match actual lossless bitstream dimensions, hashes, and complete-frame geometry (31.999901ms)
✔ all real course covers and tree stages have deployment-scoped responsive sources and retain PNG fallbacks (21.934331ms)
✔ modern-image failures retry the original; PNG and malformed failures reach the existing final fallback (0.215757ms)
✔ 3D decorative growth preserves 60 kept decisions and 30 extra blossoms (1.217153ms)
✔ 3D display normalizes invalid counts without changing the evidence source (0.322198ms)
✔ static legal pages match src/data/legal.ts (run npx tsx scripts/build-legal.ts) (6.236973ms)
✔ every language has the same sections and names the company (0.231781ms)
✔ privacy policy covers what App Review checks (0.201645ms)
✔ local day keys and day gaps follow the calendar, not UTC (1.507512ms)
✔ evidence lists kept decisions newest first and counts the last seven days (9.393132ms)
✔ comeback is kind after a lapse and silent otherwise (0.30381ms)
✔ fresh starts land on the first of the month and on Mondays (0.17851ms)
✔ simple mode lasts a week or until three kept decisions, and can be switched off (0.415379ms)
✔ the day-14 question appears once, only for people who used decisions (0.486487ms)
✔ the weekly look-back is offered on Sunday and Monday, once per week, and its change lasts a week (1.136812ms)
✔ the chain forgives one missed day a week, but not two in a row or two in a week (0.924951ms)
✔ smart reminders aim 30 minutes before the usual kept time, once there is enough history (0.510693ms)
✔ every sign-up intent points at a real course and offers three easy decisions (105.749578ms)
✔ the reminder voice keeps one line per day and never threatens a streak (1.726915ms)
✔ every iOS project and application build configuration enforces the Safari 16.4 baseline (1.069119ms)
✔ Capacitor sync keeps a compatible generated Swift package floor without lowering the app minimum (149.634795ms)
✔ installed native dependency library floors are compatible with the Swift wrapper and app (0.480948ms)
✔ native metadata cannot override the application minimum with an older target (0.73969ms)
✔ native Settings and Account use the shared code flow with device copy in en (18.33488ms)
✔ native Settings and Account use the shared code flow with device copy in tr (30.396293ms)
✔ native Settings and Account use the shared code flow with device copy in es (17.48225ms)
✔ web backup keeps its inline magic-link form and Account keeps link copy (4.86753ms)
✔ native configured signed-in backup retains sync and sign-out actions (3.131641ms)
✔ unconfigured native cloud does not offer a sign-in request (2.012997ms)
✔ actual cloud request and verification use one injected auth adapter and trim input (1.141779ms)
✔ interrupted setup restores fields without allowing a nameless final step (1.22179ms)
✔ a fresh preview seeds only an empty decision and never overwrites restored or typed text (0.15185ms)
✔ unknown, malformed and oversized setup drafts are safely bounded (0.162015ms)
✔ trial length comes only from a free intro offer (0.731908ms)
✔ native reminders: a week ahead, past times skipped, stable ids (0.731447ms)
✔ native planner rejects malformed times and keeps a bounded week inside its namespace (0.792791ms)
✔ interrupted native scheduling leaves the newest state and preserves other notifications (5.695603ms)
✔ a native plugin error does not prevent the next reminder replacement (0.472986ms)
✔ startup waits for restored account rather than temporarily identifying anonymous (1.770621ms)
✔ known sign-out and rapid identity changes are announced immediately, same-ID retry events remain usable (0.170238ms)
✔ failed authentication hydration stays unbound and never identifies anonymous or reads SDK entitlement (0.193934ms)
✔ dispose during initial hydration prevents any late entitlement initialization (0.159652ms)
✔ retry hydrates a currently unknown account before requesting identity or offerings (0.374828ms)
✔ retry with failed hydration cannot bind anonymous or make a subscription request (0.11908ms)
✔ cloud initialization callers share the real restoration promise and never finish early (37.272604ms)
✔ actual failed cloud restoration remains unknown and a later retry can establish the same account (0.790307ms)
✔ a resolved auth error is unknown identity rather than a verified anonymous account (0.414598ms)
✔ unbound init leaves cached native A untouched and exposes prices without personal claims (2.213181ms)
✔ explicitly binding cached A confirms it without login or logout (0.747262ms)
✔ desired B is recorded during native setup before any cached A customer read (6.489786ms)
✔ failed logout clears A claims synchronously and leaves purchase and restore denied (1.72381ms)
✔ staged A, B, A login requests serialize native identity mutation (2.856735ms)
✔ an A purchase settling after desired B success cannot grant B (2.87328ms)
✔ an A purchase settling after desired B cancellation cannot grant B (0.895456ms)
✔ a failed same-ID login can retry without treating desired ID as confirmed ID (0.65385ms)
✔ an offline refresh for confirmed same A preserves its verified entitlement (0.937659ms)
✔ listener payload is only invalidation and canonical aliases do not impersonate another account (1.220798ms)
✔ late A offerings cannot install A packages or personal claims into desired B (1.161378ms)
✔ late A trial eligibility cannot restore a free-trial claim during a B transition (0.8779ms)
✔ a held A customer load from initialization cannot overwrite a later desired B (1.943873ms)
✔ an A restore settling after desired B fails without applying A customer info (3.164882ms)
✔ defer during a held purchase drops trust without native calls and explicit cached-A rebind refreshes it (0.851359ms)
✔ defer during first native setup cancels the old A load and leaves cached A for an explicit rebind (0.52863ms)
✔ defer and immediate same-A rebind cannot accept the older held A customer snapshot (0.558055ms)
✔ canonical A listener refresh rejects its held snapshot if native identity externally drifts to B (0.64783ms)
✔ initial getAppUserID failure at verification read 1 leaves A unconfirmed/free and retryable (0.347245ms)
✔ initial getAppUserID failure at verification read 2 leaves A unconfirmed/free and retryable (0.26435ms)
✔ initial getAppUserID failure at verification read 3 leaves A unconfirmed/free and retryable (0.363761ms)
✔ initial getAppUserID failure at verification read 4 leaves A unconfirmed/free and retryable (0.233744ms)
✔ initial isAnonymous failure at verification read 1 leaves A unconfirmed/free and retryable (0.232262ms)
✔ initial isAnonymous failure at verification read 2 leaves A unconfirmed/free and retryable (0.201174ms)
✔ initial isAnonymous failure at verification read 3 leaves A unconfirmed/free and retryable (0.22454ms)
✔ initial isAnonymous failure at verification read 4 leaves A unconfirmed/free and retryable (0.216458ms)
✔ native paid gates apply before SDK init and after defer while the free samples stay open (0.248366ms)
✔ web and keyless native gates stay open before init and after defer without loading an SDK (0.208896ms)
✔ purchase cannot commit A after desired B arrives in nested verification microtask depth 2 (2.98521ms)
✔ purchase cannot commit A after desired B arrives in nested verification microtask depth 3 (1.325136ms)
✔ restore cannot commit A after desired B arrives in nested verification microtask depth 2 (0.898951ms)
✔ restore cannot commit A after desired B arrives in nested verification microtask depth 3 (0.745179ms)
✔ init cannot commit A after desired B arrives in nested verification microtask depth 2 (0.838059ms)
✔ init cannot commit A after desired B arrives in nested verification microtask depth 3 (0.612237ms)
✔ offerings failure is retryable without configuring or listening twice (2.683012ms)
✔ concurrent initialization shares one pending configure and plan load (6.30724ms)
✔ failed configuration can retry, while a completed setup remains single (0.506517ms)
✔ listener setup failure retries the listener without configuring again (0.361858ms)
✔ a successful empty offering may retry when plans become available (0.404713ms)
✔ free intro pricing is advertised only for confirmed eligible customers (0.794704ms)
✔ missing or failed eligibility checks keep regular prices and unknown trial status (0.945061ms)
✔ an interrupted eligibility refresh after identity change clears the earlier free-trial claim (0.392053ms)
✔ cancelled, pending and failed purchase errors remain distinct and never grant access (0.913893ms)
✔ a successful store response without the requested entitlement remains unconfirmed (0.46231ms)
✔ confirmed entitlement grants access and later SDK updates retain the real highest level (2.347404ms)
✔ restore distinguishes store failure, successful no-plan check, and active entitlement (0.603284ms)
✔ web and unconfigured native flows never load a purchase SDK or create a purchase (0.192732ms)
✔ free duration uses valid store units and cycles, without inventing 30-day months (0.102655ms)
✔ scoped EN/TR/ES uncertain purchase feedback makes no charge or reminder guarantee (0.306815ms)
✔ preserves the first 300 passages and appends exactly 100 each from faith, science and philosophy in order (1.633604ms)
✔ all 600 sourced passages have unique IDs and bilingual text without recycling legacy lines (38.53838ms)
✔ six notifications stay distinct for 100 full days, then repeat, and match the server snapshot across a year boundary (5.276689ms)
✔ local day remains stable from morning to evening; six-time migration preserves existing preferences (0.923979ms)
✔ legacy three-reminder profiles keep their evening time and gain six distinct reminders (0.252733ms)
✔ migration resolves default collisions only in missing slots and reserves later saved slots first (0.231ms)
✔ every thinker passage links to a Gutenberg book whose text is kept in docs/quote-sources (15.925973ms)
✔ construction does no fetch/decode; current/upcoming preload reuses the current request (30.991945ms)
✔ Stop aborts loading and no late response starts a source (0.923378ms)
✔ Pause cancels original load; Resume retries current cue with a frozen slot and latest volume (0.947715ms)
✔ Pause→Stop discards current loading retry and Resume does not resurrect it (0.496202ms)
✔ new session cancels old load and only the new session owns audio (0.902757ms)
✔ active pause/resume continues the same cue offset without repeating its start or accepting stale end (1.232456ms)
✔ Replay replaces current source at offset zero and reuses decoded audio (0.421979ms)
✔ latest volume 0 wins after delayed clip loading and changes active gain (0.467198ms)
✔ latest volume 0.35 wins after delayed clip loading and changes active gain (0.374006ms)
✔ latest volume after deferred context resume and Stop/new cue protects pending resume (2.712587ms)
✔ expired loading budget and decoder duration mismatch never start audio (0.662443ms)
✔ missing bytes, bad checksum/source text and nonrunning device fail without invoking a provider (0.839521ms)
✔ verified persisted bytes permit offline replay in a new player; corrupt cached bytes are rejected (2.363088ms)
✔ a definitive recording failure cannot retry on Pause→Resume over a device fallback (0.254906ms)
✔ resumed load failure retains only bounded fallback metadata, never a resumable recording (0.474869ms)
✔ root hosting retains history paths, including direct reloads (0.925181ms)
✔ project hosting keeps every navigation on the same static document (0.421908ms)
✔ landing URLs and non-route fragments do not become unknown routes (0.128514ms)
✔ back/forward hash entries resolve to canonical route IDs (0.131059ms)
✔ icons and service worker URLs stay under their deployment base (0.179712ms)
✔ each person reads and writes only their own backup; anonymous visitors get nothing (1979.459742ms)
✔ an oversized backup is refused (1425.596369ms)
✔ cloud coach counters: people read only their own rows and cannot write or call the increment (1146.102921ms)
✔ the monthly increment stops exactly at the limit and a refund gives one back (1190.204023ms)
✔ a strict Content Security Policy ships with the page (0.878841ms)
✔ index.html has no inline scripts (the CSP forbids them) (0.271471ms)
✔ no raw HTML or eval sinks in the app code (14.467424ms)
✔ links that open a new tab cannot reach back into ODA (4.661478ms)
✔ no secret keys in the shipped code (13.92245ms)
✔ production builds carry no source maps (0.351672ms)
✔ service worker precaches only its project directory (18.172264ms)
✔ standalone support remains available offline without replacing the application shell (5.969288ms)
✔ activation preserves sibling apps and this version media cache (1.528104ms)
✔ notification defaults and legacy targets open the project hash route (2.616872ms)
✔ installed app metadata refreshes instead of retaining the cached identity (2.515879ms)
✔ installed app metadata remains available offline (1.124142ms)
✔ native free direct starts and toggles cannot start an all-paid track (2.84639ms)
✔ downgrade hard-stops owned restricted playing selection without page subscribers (36.58952ms)
✔ downgrade hard-stops owned restricted paused selection without page subscribers (37.34304ms)
✔ downgrade hard-stops owned restricted expired selection without page subscribers (16.242553ms)
✔ owned paid playing selection revokes on identityConfirmed even with a paid cached tier (0.865681ms)
✔ owned paid paused selection revokes on identityConfirmed even with a paid cached tier (1.336414ms)
✔ owned paid expired selection revokes on identityConfirmed even with a paid cached tier (2.016362ms)
✔ owned paid playing selection revokes on identityRevision even with a paid cached tier (0.754412ms)
✔ owned paid paused selection revokes on identityRevision even with a paid cached tier (0.573579ms)
✔ owned paid expired selection revokes on identityRevision even with a paid cached tier (1.229591ms)
✔ same-account confirmed paid access survives offerings loading or failed offline refresh (0.827222ms)
✔ admission reads current purchase state even if a notification has not been emitted (0.29738ms)
✔ live resume and timer change reconcile access even without a purchase notification (0.429821ms)
✔ invalid or mismatched provenance rejects {"sectionId":"relax"} without replacing audio (74.816769ms)
✔ invalid or mismatched provenance rejects {"indexInCategory":3} without replacing audio (40.284364ms)
✔ invalid or mismatched provenance rejects {"sectionId":"focus","indexInCategory":0} without replacing audio (54.121069ms)
✔ invalid or mismatched provenance rejects {"sectionId":"relax","indexInCategory":-1} without replacing audio (33.999568ms)
✔ invalid or mismatched provenance rejects {"sectionId":"relax","indexInCategory":0.5} without replacing audio (22.723896ms)
✔ invalid or mismatched provenance rejects {"sectionId":"relax","indexInCategory":99} without replacing audio (22.153472ms)
✔ essentials admits all catalog origins and preserves the timer and user volume (423.604813ms)
✔ pro admits all catalog origins and preserves the timer and user volume (306.342157ms)
✔ coach admits all catalog origins and preserves the timer and user volume (394.267374ms)
✔ each category first two entries remain free, including duplicate 432 and brown-noise origins (194.979684ms)
✔ omitted-origin admission allows any-free aliases and denies exclusively paid tracks (27.461096ms)
✔ web and unconfigured purchases keep paid sounds open through identity transitions (0.577103ms)
✔ external Focus tibetan_bowls replacement survives Sound Room downgrade (1.82938ms)
✔ external Focus waves replacement survives Sound Room downgrade (54.176996ms)
✔ purchase event during an engine start cannot publish a revoked playing selection (0.7002ms)
✔ purchase event during player publication cannot re-arm the revoked timer (0.470852ms)
✔ external waves replacement during player publication retains its untimed graph (45.451254ms)
✔ external tibetan_bowls replacement during player publication retains its untimed graph (4.056251ms)
✔ an unavailable AudioContext rejects the actual engine start without claiming playback (0.580669ms)
✔ failed buffer allocation retains entitlement ownership of the existing paid graph (53.825773ms)
✔ failed no replacement retains entitlement ownership of the existing paid graph (0.643344ms)
✔ same-track no-op cannot take revocation ownership of an external Focus graph (0.54161ms)
✔ pause publication from SoundRoom cannot fade or time the reentrant external tibetan_bowls graph (4.047548ms)
✔ pause publication from Focus cannot fade or time the reentrant external tibetan_bowls graph (4.226218ms)
✔ pause publication from SoundRoom cannot fade or time the reentrant external waves graph (37.423189ms)
✔ pause publication from Focus cannot fade or time the reentrant external waves graph (25.894715ms)
✔ setTimer publication from SoundRoom cannot fade or time the reentrant external tibetan_bowls graph (3.21678ms)
✔ setTimer publication from Focus cannot fade or time the reentrant external tibetan_bowls graph (2.832018ms)
✔ setTimer publication from SoundRoom cannot fade or time the reentrant external waves graph (34.026706ms)
✔ setTimer publication from Focus cannot fade or time the reentrant external waves graph (25.726781ms)
✔ ordinary PlayerBar timer and pause controls still act on the current external Focus graph (45.583324ms)
✔ silence or an absent audio context cannot publish a playing selection (0.395308ms)
✔ breath pacer runs at about 5.5 breaths a minute (1.048918ms)
✔ breathPhase: inhale first, then exhale, then repeats (0.852911ms)
✔ breathPhase is safe with odd input (0.172701ms)
✔ formatRemaining (0.15224ms)
✔ timer fades: a minute for sleep, short otherwise, never over half the timer (0.17826ms)
✔ arming a timer retains the independent three-second attack and actual stereo loop (93.998491ms)
✔ mute and volume respond immediately at the beginning of a timer fade (39.401838ms)
✔ mute and volume respond immediately at the middle of a timer fade (23.205495ms)
✔ mute and volume respond immediately at the end of a timer fade (21.909623ms)
✔ running fades can shorten but do not extend, and timer cancellation preserves user volume (67.062482ms)
✔ shortening a running fade with a delay cannot restore a louder envelope (80.099166ms)
✔ browsers without cancelAndHold retain the current level when shortening a fade (89.124903ms)
✔ track switches release the previous graph and repeated switches/stops bound resources (870.454254ms)
✔ stop/restart of a tone cancels its initial bowl and recurring callbacks (1.074818ms)
✔ natural bowl endings disconnect their tails while the current ambient drone continues (0.694702ms)
✔ Sound Room timer arming, pause/resume and expiry keep player state and start fade intact (115.846345ms)
✔ external restart of the same track clears the Sound Room countdown and timer selection (79.406153ms)
✔ public support is generated from the same localized help as the app (2.66873ms)
✔ each store locale links to the shipped public support artifact (0.312213ms)
✔ growth keeps an exact capped ledger through every stage boundary and beyond the canopy (14.153419ms)
✔ approved tree pixels and normalized roots match their independent asset manifest (10.460507ms)
✔ rendered paywall claims a free trial only for confirmed eligibility (59.235595ms)
✔ rendered failed offerings include an explicit retry action (7.963276ms)
✔ web paywall keeps free access and does not offer a purchase CTA (8.008475ms)
✔ unconfirmed identity shows truthful verification retry and disables buy and restore even with cached prices (5.363681ms)
✔ pending identity verification does not render a trial or an enabled restore action (3.398295ms)
✔ guided narration keeps original English text and voice with en UI (4.488746ms)
✔ guided narration keeps original English text and voice with tr UI (20.32974ms)
✔ guided narration keeps original English text and voice with es UI (30.308828ms)
✔ English inventory accepts language tags and rejects names or unrelated prefixes (0.556913ms)
✔ an explicitly selected English voice wins over a preferred device name (0.688713ms)
✔ guided speech truthfully reports unavailable with empty inventory (0.530083ms)
✔ guided speech truthfully reports unavailable with non-English inventory (3.082928ms)
✔ late English voice installation refreshes availability and unsubscribe removes listeners (0.429891ms)
✔ Notebook retains verbatim tr text, matching device voice and saved meditation preferences (0.609433ms)
✔ Notebook retains verbatim es text, matching device voice and saved meditation preferences (0.352373ms)
✔ Notebook preserves implicit device language when its voice list has not loaded (0.302448ms)
✔ unsupported device speech does not report available or queued playback (0.175055ms)
✔ empty or disabled cues leave the device queue empty (0.404463ms)
✔ nonzero device volume changes apply to the next utterance without pretending to change active speech (0.549592ms)
✔ zero device volume cancels the owned paused utterance and Resume cannot revive it (0.501199ms)
✔ Stop while device speech is paused lets a new session resume the device queue (0.306363ms)
✔ device cancel failures produce an honest false result (0.240263ms)
✔ device enqueue failures produce an honest false result (0.19827ms)
✔ new cues and Stop detach utterance handlers and ignore captured stale callbacks (0.386465ms)
✔ pause and resume keep the active browser cue, restore speaking state and reject replay while paused (0.342558ms)
✔ stop prevents a delayed provider failure from reviving an obsolete English device cue (0.452696ms)
✔ pause-resume prevents a delayed provider failure from reviving an obsolete English device cue (0.211209ms)
✔ new-cue prevents a delayed provider failure from reviving an obsolete English device cue (0.225983ms)
✔ current provider failure falls back to English device speech; a non-English inventory cannot substitute (0.442971ms)
✔ the optional recorder remains dormant until registration and receives identified current/upcoming cues (0.576973ms)
✔ registered recorder missing clip uses truthful English device fallback without a provider (0.489981ms)
✔ registered recorder overlong clip uses truthful English device fallback without a provider (0.195426ms)
✔ registered recorder wrong language uses truthful English device fallback without a provider (0.204951ms)
✔ registered recorder missing text hash uses truthful English device fallback without a provider (0.172741ms)
✔ registered recorder missing checksum uses truthful English device fallback without a provider (0.245962ms)
✔ registered recorder missing version uses truthful English device fallback without a provider (0.165902ms)
✔ registered recorder wrong cue identity uses truthful English device fallback without a provider (0.216427ms)
✔ registered recorder expired cue slot uses truthful English device fallback without a provider (0.202657ms)
✔ registered recorder unbounded cue slot uses truthful English device fallback without a provider (0.218441ms)
✔ a recorder hash/source verification failure falls back, and absent English speech reports unavailable (0.255857ms)
✔ new cues stop clips and stale recorded callbacks/failures cannot change current playback (0.370291ms)
✔ recorded pause invalidates pending start/fallback even after resume, and Stop invalidates callbacks (0.300455ms)
✔ current recorded load failure falls back to English and unregistering restores device narration (0.336199ms)
✔ synchronous recorded verification and playback errors truthfully queue English fallback (0.281706ms)
✔ a recorded request that already ended cannot later fall back and revive the cue (0.187094ms)
✔ actual playback mode stays loading until recorded start and reports English device fallback (0.448128ms)
✔ a resumed recording failure uses only installed English device speech and rejects stale resume fallback (0.450352ms)
✔ registered recorded volume receives current preference and live zero/nonzero changes (0.322118ms)
ℹ tests 597
ℹ suites 0
ℹ pass 597
ℹ fail 0
ℹ cancelled 0
ℹ skipped 0
ℹ todo 0
ℹ duration_ms 12353.40753
npm notice
npm notice New major version of npm available! 11.9.0 -> 12.2.0
npm notice Changelog: https://github.com/npm/cli/releases/tag/v12.2.0
npm notice To update run: npm install -g npm@12.2.0
npm notice

> oda-one-decision-away@1.0.0 build
> vite build

vite v6.4.3 building for production...
<script src="/one-decision-away/theme-init.js"> in "/index.html" can't be bundled without type="module" attribute
transforming...
✓ 3387 modules transformed.
rendering chunks...
[plugin vite:reporter] 
(!) /workspace/oda-reference-redesign/src/services/cloudSync.ts is dynamically imported by /workspace/oda-reference-redesign/src/main.tsx but also statically imported by /workspace/oda-reference-redesign/src/components/BackupAndCloudSettings.tsx, /workspace/oda-reference-redesign/src/components/BackupReminder.tsx, /workspace/oda-reference-redesign/src/components/DailyNudgesSettings.tsx, /workspace/oda-reference-redesign/src/pages/Account.tsx, /workspace/oda-reference-redesign/src/pages/Coach.tsx, /workspace/oda-reference-redesign/src/pages/Upgrade.tsx, /workspace/oda-reference-redesign/src/services/cloudCoach.ts, /workspace/oda-reference-redesign/src/services/courseProgress.ts, /workspace/oda-reference-redesign/src/services/pushNotifications.ts, /workspace/oda-reference-redesign/src/services/repository.ts, /workspace/oda-reference-redesign/src/services/useCloudState.ts, /workspace/oda-reference-redesign/src/store/useApp.tsx, dynamic import will not move module into another chunk.

computing gzip size...
dist/index.html                                                       3.43 kB │ gzip:     1.13 kB
dist/assets/hanken-grotesk-vietnamese-wght-normal-CHiFlh_0.woff2      9.32 kB
dist/assets/hanken-grotesk-latin-ext-wght-normal-Dg-wlmqe.woff2      19.59 kB
dist/assets/newsreader-vietnamese-opsz-normal-BjhtXyW2.woff2         27.25 kB
dist/assets/newsreader-vietnamese-opsz-italic-DTr-ymY4.woff2         27.90 kB
dist/assets/hanken-grotesk-latin-wght-normal-CaVRRdDk.woff2          34.70 kB
dist/assets/newsreader-latin-ext-opsz-normal-BQn1nviT.woff2          86.61 kB
dist/assets/newsreader-latin-ext-opsz-italic-CSPGnFdO.woff2          95.54 kB
dist/assets/newsreader-latin-opsz-normal-s-izfB6B.woff2             132.00 kB
dist/assets/newsreader-latin-opsz-italic-kJKFiXvB.woff2             146.87 kB
dist/assets/aiCoach.worker-C60CQ1Xm.js                            6,039.34 kB
dist/assets/Today-D76Bu5Fr.css                                        4.80 kB │ gzip:     1.29 kB
dist/assets/Notebook-CHnwX2Is.css                                     5.75 kB │ gzip:     1.43 kB
dist/assets/Coach-CHXIqrGu.css                                        6.30 kB │ gzip:     2.24 kB
dist/assets/SoundRoom-CeBMxxCK.css                                   13.39 kB │ gzip:     3.48 kB
dist/assets/Courses-kKtlHSwg.css                                     28.68 kB │ gzip:     5.20 kB
dist/assets/index-DPoEYJc6.css                                      112.54 kB │ gzip:    23.61 kB
dist/assets/de-FmFgRqLi.js                                            0.03 kB │ gzip:     0.05 kB
dist/assets/fr-FmFgRqLi.js                                            0.03 kB │ gzip:     0.05 kB
dist/assets/it-FmFgRqLi.js                                            0.03 kB │ gzip:     0.05 kB
dist/assets/ru-FmFgRqLi.js                                            0.03 kB │ gzip:     0.05 kB
dist/assets/web-_5BKAEjT.js                                           0.18 kB │ gzip:     0.16 kB
dist/assets/useCloudState-CK7ljgQU.js                                 0.20 kB │ gzip:     0.18 kB
dist/assets/chevron-right-CoCgN_Aj.js                                 0.30 kB │ gzip:     0.25 kB
dist/assets/square-CVnF-TCv.js                                        0.32 kB │ gzip:     0.26 kB
dist/assets/arrow-up-right-DiER40K2.js                                0.34 kB │ gzip:     0.27 kB
dist/assets/search-BGdRaMTj.js                                        0.35 kB │ gzip:     0.28 kB
dist/assets/circle-check-BqOuhhGw.js                                  0.35 kB │ gzip:     0.28 kB
dist/assets/user-round-CjDQGeXf.js                                    0.36 kB │ gzip:     0.28 kB
dist/assets/rotate-ccw-LJMMB2_V.js                                    0.37 kB │ gzip:     0.29 kB
dist/assets/index-MQdpGVg6.js                                         0.38 kB │ gzip:     0.27 kB
dist/assets/mail-s8sf2tew.js                                          0.39 kB │ gzip:     0.31 kB
dist/assets/moon-DVa7WISQ.js                                          0.39 kB │ gzip:     0.31 kB
dist/assets/headphones-CIGwFwYg.js                                    0.41 kB │ gzip:     0.29 kB
dist/assets/timer-WJvgy-_5.js                                         0.41 kB │ gzip:     0.29 kB
dist/assets/wind-DPWkDUyC.js                                          0.42 kB │ gzip:     0.30 kB
dist/assets/archive-Bj41JcrI.js                                       0.43 kB │ gzip:     0.31 kB
dist/assets/route-DkC7TBpe.js                                         0.43 kB │ gzip:     0.31 kB
dist/assets/lock-keyhole-C7rYGV-f.js                                  0.43 kB │ gzip:     0.33 kB
dist/assets/index-D8kpQV7Y.js                                         0.45 kB │ gzip:     0.28 kB
dist/assets/pencil-BPIFqBI_.js                                        0.45 kB │ gzip:     0.33 kB
dist/assets/pen-line-CrVmcPAz.js                                      0.45 kB │ gzip:     0.33 kB
dist/assets/index-Bv89n1gz.js                                         0.48 kB │ gzip:     0.29 kB
dist/assets/refresh-cw-CCEyaKSE.js                                    0.50 kB │ gzip:     0.33 kB
dist/assets/trash-2-D0Bk6dBH.js                                       0.50 kB │ gzip:     0.32 kB
dist/assets/Focus-D7mrEKfA.js                                         0.53 kB │ gzip:     0.33 kB
dist/assets/share-2-BsQcQY3Y.js                                       0.53 kB │ gzip:     0.34 kB
dist/assets/shuffle-DXs-4Odm.js                                       0.56 kB │ gzip:     0.35 kB
dist/assets/sun-moon-C8QRyRkN.js                                      0.57 kB │ gzip:     0.38 kB
dist/assets/waves-D0_crkm-.js                                         0.60 kB │ gzip:     0.32 kB
dist/assets/sparkles-DzERVaVl.js                                      0.67 kB │ gzip:     0.39 kB
dist/assets/calendar-days-lSOd8VwH.js                                 0.67 kB │ gzip:     0.37 kB
dist/assets/index-K8807UBl.js                                         0.67 kB │ gzip:     0.42 kB
dist/assets/trending-up-BOwCrrp0.js                                   0.69 kB │ gzip:     0.34 kB
dist/assets/index-C9T6-ZQe.js                                         0.72 kB │ gzip:     0.41 kB
dist/assets/music-wTH8IY-O.js                                         0.75 kB │ gzip:     0.40 kB
dist/assets/purchaseIdentityBinding-tFcjnp2u.js                       0.78 kB │ gzip:     0.34 kB
dist/assets/web-ma2D2fGR.js                                           0.90 kB │ gzip:     0.43 kB
dist/assets/web-ADHw7QMS.js                                           1.06 kB │ gzip:     0.52 kB
dist/assets/courseEntryCopy-ClIZWujk.js                               1.35 kB │ gzip:     0.72 kB
dist/assets/Legal-ukR_Yoi3.js                                         2.00 kB │ gzip:     0.91 kB
dist/assets/growth-CtfcX3mW.js                                        2.07 kB │ gzip:     0.92 kB
dist/assets/account-Cdg53s9l.js                                       2.95 kB │ gzip:     1.37 kB
dist/assets/Support-DJnDP6Bo.js                                       3.54 kB │ gzip:     1.25 kB
dist/assets/Seasons-cpxtnu2f.js                                       3.65 kB │ gzip:     1.29 kB
dist/assets/rewards-yw8vENDZ.js                                       4.17 kB │ gzip:     1.81 kB
dist/assets/Budget-mF0lDrRO.js                                        4.45 kB │ gzip:     1.70 kB
dist/assets/web-28UQUrJN.js                                           4.65 kB │ gzip:     1.40 kB
dist/assets/Evidence-YchR-cre.js                                      5.45 kB │ gzip:     2.00 kB
dist/assets/Tools-D_hpay-q.js                                         5.60 kB │ gzip:     2.18 kB
dist/assets/Missions-BXOA9I-7.js                                      5.65 kB │ gzip:     2.05 kB
dist/assets/LifeScore-luPe2HA2.js                                     5.72 kB │ gzip:     1.92 kB
dist/assets/Bridge-BFzwybNU.js                                        6.53 kB │ gzip:     1.96 kB
dist/assets/FutureSelf-DYJ4CTaV.js                                    6.86 kB │ gzip:     1.94 kB
dist/assets/MissionFlows-BUvE3mx3.js                                  8.10 kB │ gzip:     2.50 kB
dist/assets/index-B8I4rwjl.js                                         8.72 kB │ gzip:     3.31 kB
dist/assets/web-BRQY5o3N.js                                          10.19 kB │ gzip:     2.10 kB
dist/assets/purchases-DH0EKhX5.js                                    10.51 kB │ gzip:     3.49 kB
dist/assets/PublicTwoFutures-CUbtcsHl.js                             11.24 kB │ gzip:     3.71 kB
dist/assets/Account-BUtpmQCt.js                                      11.76 kB │ gzip:     3.62 kB
dist/assets/support-DlYYkNf6.js                                      11.79 kB │ gzip:     4.95 kB
dist/assets/DreamArt-DtY52jYN.js                                     12.84 kB │ gzip:     2.50 kB
dist/assets/FocusTimerHub-Bq1-D6uK.js                                14.91 kB │ gzip:     4.26 kB
dist/assets/Me-DqQQ0xJf.js                                           16.31 kB │ gzip:     5.69 kB
dist/assets/Upgrade-B6J7yFhl.js                                      19.68 kB │ gzip:     6.40 kB
dist/assets/TwoFutures-ExdUrXga.js                                   19.69 kB │ gzip:     5.43 kB
dist/assets/SoundRoom-CVt4Apmv.js                                    22.49 kB │ gzip:     8.39 kB
dist/assets/media-2mgEiOLR.js                                        23.75 kB │ gzip:     9.29 kB
dist/assets/Bank-B4fHeHe9.js                                         29.78 kB │ gzip:     8.21 kB
dist/assets/Settings-D-u70Lji.js                                     41.22 kB │ gzip:    12.89 kB
dist/assets/Coach-DhfyC5Qc.js                                        49.29 kB │ gzip:    16.06 kB
dist/assets/Notebook-u2yAuwXw.js                                     49.89 kB │ gzip:    14.50 kB
dist/assets/Dreams-DrjXl75v.js                                       53.11 kB │ gzip:    14.99 kB
dist/assets/DailyMicroHabits-BCTXc6ot.js                             56.82 kB │ gzip:    14.79 kB
dist/assets/Progress-DKEF5pmA.js                                     75.84 kB │ gzip:    18.19 kB
dist/assets/Courses-P1l8XnpS.js                                     118.04 kB │ gzip:    37.99 kB
dist/assets/motion-HNvQpnN_.js                                      128.88 kB │ gzip:    42.38 kB
dist/assets/Today-BKLgSgkZ.js                                       140.18 kB │ gzip:    43.48 kB
dist/assets/supabase--wUpN4Ei.js                                    228.14 kB │ gzip:    59.28 kB
dist/assets/react-5GCfeWye.js                                       229.42 kB │ gzip:    71.53 kB
dist/assets/genai-DNIGCYRr.js                                       409.93 kB │ gzip:    72.77 kB
dist/assets/charts-Bzd-XkHo.js                                      431.58 kB │ gzip:   124.87 kB
dist/assets/tr-Bxmf0hre.js                                          561.31 kB │ gzip:   219.30 kB
dist/assets/es-D_dh5elY.js                                          573.76 kB │ gzip:   217.65 kB
dist/assets/index-mkXUpFut.js                                       951.59 kB │ gzip:   308.75 kB
dist/assets/courses-CKtnra3s.js                                   2,510.75 kB │ gzip:   813.28 kB
dist/assets/index-BMm9S-UO.js                                     5,959.05 kB │ gzip: 2,123.39 kB

(!) Some chunks are larger than 700 kB after minification. Consider:
- Using dynamic import() to code-split the application
- Use build.rollupOptions.output.manualChunks to improve chunking: https://rollupjs.org/configuration-options/#output-manualchunks
- Adjust chunk size limit for this warning via build.chunkSizeWarningLimit.
✓ built in 9.94s
npm notice
npm notice New major version of npm available! 11.9.0 -> 12.2.0
npm notice Changelog: https://github.com/npm/cli/releases/tag/v12.2.0
npm notice To update run: npm install -g npm@12.2.0
npm notice
npm notice
npm notice New major version of npm available! 11.9.0 -> 12.2.0
npm notice Changelog: https://github.com/npm/cli/releases/tag/v12.2.0
npm notice To update run: npm install -g npm@12.2.0
npm notice
