
> oda-one-decision-away@1.0.0 check
> npm run lint && node scripts/validate-i18n.mjs && node --import tsx scripts/test-i18n.ts && node --import tsx scripts/test-notebook.ts && node --import tsx scripts/test-notebook-voice.ts && node --import tsx scripts/test-routing.ts && npm test && npm run build


> oda-one-decision-away@1.0.0 lint
> tsc --noEmit

tr: 6821 entries; missing keys 0; placeholder differences 0
es: 6821 entries; missing keys 0; placeholder differences 0
English-first startup, saved choices, EN/TR/ES switching, fallback and repeated placeholders passed.
TAP version 13
# Subtest: old backups normalize without copying or losing any legacy Dream Journal field
ok 1 - old backups normalize without copying or losing any legacy Dream Journal field
  ---
  duration_ms: 3.27243
  type: 'test'
  ...
# Subtest: new writing of every kind including affirmation earns 25 once; intention alone does not
ok 2 - new writing of every kind including affirmation earns 25 once; intention alone does not
  ---
  duration_ms: 2.372218
  type: 'test'
  ...
# Subtest: edit, no-op, delete and recreate preserve immutable once-per-day reward claims
ok 3 - edit, no-op, delete and recreate preserve immutable once-per-day reward claims
  ---
  duration_ms: 0.596071
  type: 'test'
  ...
# Subtest: local writing day and existing UTC reward ceiling are separate and cap-safe
ok 4 - local writing day and existing UTC reward ceiling are separate and cap-safe
  ---
  duration_ms: 0.452765
  type: 'test'
  ...
# Subtest: 369 only counts matching written intentions, allows partial saves and retains archived histories
ok 5 - 369 only counts matching written intentions, allows partial saves and retains archived histories
  ---
  duration_ms: 1.518036
  type: 'test'
  ...
# Subtest: 369 derives a real 33-day streak and preserves the achieved target after a gap
ok 6 - 369 derives a real 33-day streak and preserves the achieved target after a gap
  ---
  duration_ms: 1.595984
  type: 'test'
  ...
# Subtest: 369 matches Turkish dotted/dotless uppercase pairs without stripping meaningful accents
ok 7 - 369 matches Turkish dotted/dotless uppercase pairs without stripping meaningful accents
  ---
  duration_ms: 0.446886
  type: 'test'
  ...
# Subtest: calendar streaks use local days across DST, not elapsed 24-hour periods
ok 8 - calendar streaks use local days across DST, not elapsed 24-hour periods
  ---
  duration_ms: 0.753149
  type: 'test'
  ...
# Subtest: validation rejects blank entries, future dates, past creation and excess slots without altering input
ok 9 - validation rejects blank entries, future dates, past creation and excess slots without altering input
  ---
  duration_ms: 0.60144
  type: 'test'
  ...
# Subtest: legacy edits preserve photos, links and original date; unified JSON roundtrip is lossless
ok 10 - legacy edits preserve photos, links and original date; unified JSON roundtrip is lossless
  ---
  duration_ms: 8.611233
  type: 'test'
  ...
# Subtest: real repository serializes concurrent writes, protects from stale saves, and honors explicit restore
ok 11 - real repository serializes concurrent writes, protects from stale saves, and honors explicit restore
  ---
  duration_ms: 11.092476
  type: 'test'
  ...
# Subtest: stale whole-document saves do not resurrect deleted legacy entries or lose new ones
ok 12 - stale whole-document saves do not resurrect deleted legacy entries or lose new ones
  ---
  duration_ms: 1.837038
  type: 'test'
  ...
# Subtest: Notebook rebases after a delayed load against a concurrent profile and ledger save
ok 13 - Notebook rebases after a delayed load against a concurrent profile and ledger save
  ---
  duration_ms: 1.588012
  type: 'test'
  ...
# Subtest: concurrent mission and Notebook reward evaluation share the same 2500 ceiling
ok 14 - concurrent mission and Notebook reward evaluation share the same 2500 ceiling
  ---
  duration_ms: 9.665338
  type: 'test'
  ...
# Subtest: failed storage saves reject, do not push cloud or claim rewards, and queue recovers
ok 15 - failed storage saves reject, do not push cloud or claim rewards, and queue recovers
  ---
  duration_ms: 1.532178
  type: 'test'
  ...
# Subtest: unreadable saved JSON is preserved, never silently replaced with seed data
ok 16 - unreadable saved JSON is preserved, never silently replaced with seed data
  ---
  duration_ms: 0.211089
  type: 'test'
  ...
# Subtest: explicit local restore blocks older cloud data across failed uploads and is account/project scoped
ok 17 - explicit local restore blocks older cloud data across failed uploads and is account/project scoped
  ---
  duration_ms: 3.033197
  type: 'test'
  ...
# Subtest: an old in-flight cloud upload cannot overwrite a newer restored snapshot or clear its marker
ok 18 - an old in-flight cloud upload cannot overwrite a newer restored snapshot or clear its marker
  ---
  duration_ms: 1.214117
  type: 'test'
  ...
# Subtest: a signed-out import binds to the first later connection and stays isolated from other accounts
ok 19 - a signed-out import binds to the first later connection and stays isolated from other accounts
  ---
  duration_ms: 2.351236
  type: 'test'
  ...
1..19
# tests 19
# suites 0
# pass 19
# fail 0
# cancelled 0
# skipped 0
# todo 0
# duration_ms 74.612347
Notebook voice uses device speech only, preserves preferences and handles unavailable speech.
TAP version 13
# Subtest: root hosting retains history paths, including direct reloads
ok 1 - root hosting retains history paths, including direct reloads
  ---
  duration_ms: 1.247848
  type: 'test'
  ...
# Subtest: project hosting keeps every navigation on the same static document
ok 2 - project hosting keeps every navigation on the same static document
  ---
  duration_ms: 0.356619
  type: 'test'
  ...
# Subtest: landing URLs and non-route fragments do not become unknown routes
ok 3 - landing URLs and non-route fragments do not become unknown routes
  ---
  duration_ms: 0.169136
  type: 'test'
  ...
# Subtest: back/forward hash entries resolve to canonical route IDs
ok 4 - back/forward hash entries resolve to canonical route IDs
  ---
  duration_ms: 0.131058
  type: 'test'
  ...
# Subtest: icons and service worker URLs stay under their deployment base
ok 5 - icons and service worker URLs stay under their deployment base
  ---
  duration_ms: 0.19208
  type: 'test'
  ...
# Subtest: service worker precaches only its project directory
ok 6 - service worker precaches only its project directory
  ---
  duration_ms: 15.967458
  type: 'test'
  ...
# Subtest: standalone support remains available offline without replacing the application shell
ok 7 - standalone support remains available offline without replacing the application shell
  ---
  duration_ms: 4.800241
  type: 'test'
  ...
# Subtest: activation preserves sibling apps and this version media cache
ok 8 - activation preserves sibling apps and this version media cache
  ---
  duration_ms: 1.242969
  type: 'test'
  ...
# Subtest: notification defaults and legacy targets open the project hash route
ok 9 - notification defaults and legacy targets open the project hash route
  ---
  duration_ms: 1.000012
  type: 'test'
  ...
# Subtest: installed app metadata refreshes instead of retaining the cached identity
ok 10 - installed app metadata refreshes instead of retaining the cached identity
  ---
  duration_ms: 2.060576
  type: 'test'
  ...
# Subtest: installed app metadata remains available offline
ok 11 - installed app metadata remains available offline
  ---
  duration_ms: 0.947152
  type: 'test'
  ...
1..11
# tests 11
# suites 0
# pass 11
# fail 0
# cancelled 0
# skipped 0
# todo 0
# duration_ms 40.130112

> oda-one-decision-away@1.0.0 test
> node --import tsx --test tests/*.test.ts supabase/functions/send-nudges/core.test.ts supabase/functions/send-nudges/push-worker.test.ts

TAP version 13
# Subtest: supabase/functions/send-nudges/core.test.ts
ok 1 - supabase/functions/send-nudges/core.test.ts
  ---
  duration_ms: 475.206213
  type: 'test'
  ...
# Subtest: supabase/functions/send-nudges/push-worker.test.ts
ok 2 - supabase/functions/send-nudges/push-worker.test.ts
  ---
  duration_ms: 335.171528
  type: 'test'
  ...
# Subtest: tests/ai-coach.test.ts
ok 3 - tests/ai-coach.test.ts
  ---
  duration_ms: 393.757201
  type: 'test'
  ...
# Subtest: tests/backup-rendering-safety.test.ts
ok 4 - tests/backup-rendering-safety.test.ts
  ---
  duration_ms: 378.27785
  type: 'test'
  ...
# Subtest: tests/backup.test.ts
ok 5 - tests/backup.test.ts
  ---
  duration_ms: 565.090243
  type: 'test'
  ...
# Subtest: tests/cloud-coach.test.ts
ok 6 - tests/cloud-coach.test.ts
  ---
  duration_ms: 370.266004
  type: 'test'
  ...
# Subtest: tests/cloud-restore-scope.test.ts
ok 7 - tests/cloud-restore-scope.test.ts
  ---
  duration_ms: 287.297785
  type: 'test'
  ...
# Subtest: tests/coach-chat-logic.test.ts
ok 8 - tests/coach-chat-logic.test.ts
  ---
  duration_ms: 184.926935
  type: 'test'
  ...
# Subtest: tests/course-catalog.test.ts
ok 9 - tests/course-catalog.test.ts
  ---
  duration_ms: 287.828547
  type: 'test'
  ...
# Subtest: tests/course-content-en.test.ts
ok 10 - tests/course-content-en.test.ts
  ---
  duration_ms: 283.403555
  type: 'test'
  ...
# Subtest: tests/course-content-es.test.ts
ok 11 - tests/course-content-es.test.ts
  ---
  duration_ms: 278.758515
  type: 'test'
  ...
# Subtest: tests/course-content.test.ts
ok 12 - tests/course-content.test.ts
  ---
  duration_ms: 259.424739
  type: 'test'
  ...
# Subtest: tests/course-learning.test.ts
ok 13 - tests/course-learning.test.ts
  ---
  duration_ms: 583.553951
  type: 'test'
  ...
# Subtest: tests/course-progress-draft.test.ts
ok 14 - tests/course-progress-draft.test.ts
  ---
  duration_ms: 168.785648
  type: 'test'
  ...
# Subtest: tests/course-progress.test.ts
ok 15 - tests/course-progress.test.ts
  ---
  duration_ms: 287.400459
  type: 'test'
  ...
# Subtest: tests/daily-loop.test.ts
ok 16 - tests/daily-loop.test.ts
  ---
  duration_ms: 140.071823
  type: 'test'
  ...
# Subtest: tests/decision-completion.test.ts
ok 17 - tests/decision-completion.test.ts
  ---
  duration_ms: 178.669261
  type: 'test'
  ...
# Subtest: tests/deep-backup-review.test.ts
ok 18 - tests/deep-backup-review.test.ts
  ---
  duration_ms: 651.162206
  type: 'test'
  ...
# Subtest: tests/deep-cloud-review.test.ts
ok 19 - tests/deep-cloud-review.test.ts
  ---
  duration_ms: 187.450647
  type: 'test'
  ...
# Subtest: tests/deep-course-review.test.ts
ok 20 - tests/deep-course-review.test.ts
  ---
  duration_ms: 341.049207
  type: 'test'
  ...
# Subtest: tests/deep-identity-review.test.ts
ok 21 - tests/deep-identity-review.test.ts
  ---
  duration_ms: 192.19397
  type: 'test'
  ...
# Subtest: tests/deep-mobile-date-review.test.ts
ok 22 - tests/deep-mobile-date-review.test.ts
  ---
  duration_ms: 191.650013
  type: 'test'
  ...
# Subtest: tests/deep-storage-review.test.ts
ok 23 - tests/deep-storage-review.test.ts
  ---
  duration_ms: 202.46533
  type: 'test'
  ...
# Subtest: tests/entitlements.test.ts
ok 24 - tests/entitlements.test.ts
  ---
  duration_ms: 242.837278
  type: 'test'
  ...
# Subtest: tests/legal.test.ts
ok 25 - tests/legal.test.ts
  ---
  duration_ms: 122.249563
  type: 'test'
  ...
# Subtest: tests/momentum.test.ts
ok 26 - tests/momentum.test.ts
  ---
  duration_ms: 237.033475
  type: 'test'
  ...
# Subtest: tests/native-baseline.test.ts
ok 27 - tests/native-baseline.test.ts
  ---
  duration_ms: 271.523782
  type: 'test'
  ...
# Subtest: tests/onboarding-draft.test.ts
ok 28 - tests/onboarding-draft.test.ts
  ---
  duration_ms: 136.058197
  type: 'test'
  ...
# Subtest: tests/pro-and-native.test.ts
ok 29 - tests/pro-and-native.test.ts
  ---
  duration_ms: 155.149235
  type: 'test'
  ...
# Subtest: tests/quote-collection.test.ts
ok 30 - tests/quote-collection.test.ts
  ---
  duration_ms: 227.358965
  type: 'test'
  ...
# Subtest: tests/quote-sources.test.ts
ok 31 - tests/quote-sources.test.ts
  ---
  duration_ms: 122.778718
  type: 'test'
  ...
# Subtest: tests/routing.test.ts
ok 32 - tests/routing.test.ts
  ---
  duration_ms: 99.653629
  type: 'test'
  ...
# Subtest: tests/schema-rls.test.ts
ok 33 - tests/schema-rls.test.ts
  ---
  duration_ms: 5843.409634
  type: 'test'
  ...
# Subtest: tests/security.test.ts
ok 34 - tests/security.test.ts
  ---
  duration_ms: 160.355604
  type: 'test'
  ...
# Subtest: tests/service-worker.test.ts
ok 35 - tests/service-worker.test.ts
  ---
  duration_ms: 143.972646
  type: 'test'
  ...
# Subtest: tests/sound-room.test.ts
ok 36 - tests/sound-room.test.ts
  ---
  duration_ms: 117.998484
  type: 'test'
  ...
# Subtest: tests/support.test.ts
ok 37 - tests/support.test.ts
  ---
  duration_ms: 148.018135
  type: 'test'
  ...
1..37
# tests 37
# suites 0
# pass 37
# fail 0
# cancelled 0
# skipped 0
# todo 0
# duration_ms 8812.781333

> oda-one-decision-away@1.0.0 build
> vite build

vite v6.4.3 building for production...
transforming...
✓ 3360 modules transformed.
rendering chunks...
[plugin vite:reporter] 
(!) /workspace/one-decision-away/src/services/cloudSync.ts is dynamically imported by /workspace/one-decision-away/src/main.tsx but also statically imported by /workspace/one-decision-away/src/components/BackupAndCloudSettings.tsx, /workspace/one-decision-away/src/components/BackupReminder.tsx, /workspace/one-decision-away/src/components/DailyNudgesSettings.tsx, /workspace/one-decision-away/src/pages/Account.tsx, /workspace/one-decision-away/src/pages/Coach.tsx, /workspace/one-decision-away/src/services/cloudCoach.ts, /workspace/one-decision-away/src/services/courseProgress.ts, /workspace/one-decision-away/src/services/pushNotifications.ts, /workspace/one-decision-away/src/services/repository.ts, /workspace/one-decision-away/src/services/useCloudState.ts, /workspace/one-decision-away/src/store/useApp.tsx, dynamic import will not move module into another chunk.

computing gzip size...
dist/index.html                                                       3.27 kB │ gzip:     1.13 kB
dist/assets/hanken-grotesk-vietnamese-wght-normal-CHiFlh_0.woff2      9.32 kB
dist/assets/hanken-grotesk-latin-ext-wght-normal-Dg-wlmqe.woff2      19.59 kB
dist/assets/newsreader-vietnamese-opsz-normal-BjhtXyW2.woff2         27.25 kB
dist/assets/newsreader-vietnamese-opsz-italic-DTr-ymY4.woff2         27.90 kB
dist/assets/hanken-grotesk-latin-wght-normal-CaVRRdDk.woff2          34.70 kB
dist/assets/newsreader-latin-ext-opsz-normal-BQn1nviT.woff2          86.61 kB
dist/assets/newsreader-latin-ext-opsz-italic-CSPGnFdO.woff2          95.54 kB
dist/assets/newsreader-latin-opsz-normal-s-izfB6B.woff2             132.00 kB
dist/assets/newsreader-latin-opsz-italic-kJKFiXvB.woff2             146.87 kB
dist/assets/aiCoach.worker-C60CQ1Xm.js                            6,039.34 kB
dist/assets/Today-D76Bu5Fr.css                                        4.80 kB │ gzip:     1.29 kB
dist/assets/SoundRoom-CqaeVc25.css                                   10.94 kB │ gzip:     2.71 kB
dist/assets/Courses-COCHombq.css                                     26.53 kB │ gzip:     4.99 kB
dist/assets/index-BmJXko6Y.css                                      103.56 kB │ gzip:    21.76 kB
dist/assets/de-FmFgRqLi.js                                            0.03 kB │ gzip:     0.05 kB
dist/assets/fr-FmFgRqLi.js                                            0.03 kB │ gzip:     0.05 kB
dist/assets/it-FmFgRqLi.js                                            0.03 kB │ gzip:     0.05 kB
dist/assets/ru-FmFgRqLi.js                                            0.03 kB │ gzip:     0.05 kB
dist/assets/web-CTbohUgh.js                                           0.18 kB │ gzip:     0.16 kB
dist/assets/useCloudState-DfVZ5_k-.js                                 0.20 kB │ gzip:     0.18 kB
dist/assets/chevron-right-CMDCWwH_.js                                 0.30 kB │ gzip:     0.25 kB
dist/assets/square-BjAYfCL4.js                                        0.32 kB │ gzip:     0.26 kB
dist/assets/arrow-up-right-I42XbIsg.js                                0.34 kB │ gzip:     0.27 kB
dist/assets/search-CXnR5hap.js                                        0.35 kB │ gzip:     0.28 kB
dist/assets/circle-check-CmqOJ-pq.js                                  0.35 kB │ gzip:     0.28 kB
dist/assets/user-round-CPs9_LH-.js                                    0.36 kB │ gzip:     0.28 kB
dist/assets/rotate-ccw-Djt_YhX9.js                                    0.37 kB │ gzip:     0.29 kB
dist/assets/index-BQpH8XnR.js                                         0.38 kB │ gzip:     0.27 kB
dist/assets/mail-C4APHbTX.js                                          0.39 kB │ gzip:     0.31 kB
dist/assets/moon-Cs-Prboc.js                                          0.39 kB │ gzip:     0.31 kB
dist/assets/log-out-BowziUBw.js                                       0.40 kB │ gzip:     0.29 kB
dist/assets/headphones-CnINZXTR.js                                    0.41 kB │ gzip:     0.29 kB
dist/assets/timer-D4ZoWrl0.js                                         0.41 kB │ gzip:     0.29 kB
dist/assets/wind-Cv3JTrFe.js                                          0.42 kB │ gzip:     0.30 kB
dist/assets/archive-Nr7QpFb_.js                                       0.43 kB │ gzip:     0.31 kB
dist/assets/route-AhCVLl16.js                                         0.43 kB │ gzip:     0.31 kB
dist/assets/lock-keyhole-Br7Mg7C6.js                                  0.43 kB │ gzip:     0.33 kB
dist/assets/index-DaKb2Kh6.js                                         0.45 kB │ gzip:     0.28 kB
dist/assets/pencil-D-D0Oswo.js                                        0.45 kB │ gzip:     0.33 kB
dist/assets/pen-line-Dbk5DbC6.js                                      0.45 kB │ gzip:     0.33 kB
dist/assets/index-K0Rt74pg.js                                         0.48 kB │ gzip:     0.29 kB
dist/assets/refresh-cw-DjCsPy_x.js                                    0.50 kB │ gzip:     0.33 kB
dist/assets/trash-2-CKfFIoKc.js                                       0.50 kB │ gzip:     0.32 kB
dist/assets/Focus-BEEqJXnq.js                                         0.53 kB │ gzip:     0.33 kB
dist/assets/share-2-ClPkeBZG.js                                       0.53 kB │ gzip:     0.34 kB
dist/assets/shuffle-CIwuQow6.js                                       0.56 kB │ gzip:     0.35 kB
dist/assets/sun-moon-BQXrxRNv.js                                      0.57 kB │ gzip:     0.38 kB
dist/assets/waves-CD2GfMOX.js                                         0.60 kB │ gzip:     0.32 kB
dist/assets/sparkles-CIOpVbpT.js                                      0.67 kB │ gzip:     0.39 kB
dist/assets/calendar-days-BfDU2WIw.js                                 0.67 kB │ gzip:     0.37 kB
dist/assets/index-BvWzOa0i.js                                         0.67 kB │ gzip:     0.42 kB
dist/assets/trending-up-CDHB5C7R.js                                   0.69 kB │ gzip:     0.34 kB
dist/assets/index-CwsMZrYh.js                                         0.72 kB │ gzip:     0.41 kB
dist/assets/music-C28gBp-c.js                                         0.75 kB │ gzip:     0.40 kB
dist/assets/web-CW9sowvf.js                                           0.90 kB │ gzip:     0.43 kB
dist/assets/web-DPmOmOu_.js                                           1.06 kB │ gzip:     0.52 kB
dist/assets/Legal-C2ugz1ha.js                                         2.00 kB │ gzip:     0.91 kB
dist/assets/Support-Bd2LKnX3.js                                       3.54 kB │ gzip:     1.26 kB
dist/assets/Seasons-BlS-35JH.js                                       3.65 kB │ gzip:     1.29 kB
dist/assets/Budget-BU_DK5hS.js                                        4.45 kB │ gzip:     1.70 kB
dist/assets/web-CWhm8vmr.js                                           4.65 kB │ gzip:     1.40 kB
dist/assets/purchases-CueHeDm5.js                                     4.73 kB │ gzip:     2.16 kB
dist/assets/Evidence-Dqmd3dgF.js                                      5.42 kB │ gzip:     1.98 kB
dist/assets/Tools-RbEU7mi8.js                                         5.60 kB │ gzip:     2.18 kB
dist/assets/Missions-CMXtUhh1.js                                      5.65 kB │ gzip:     2.05 kB
dist/assets/LifeScore-BWHp5nye.js                                     5.72 kB │ gzip:     1.92 kB
dist/assets/Bridge-DkTA-PKg.js                                        6.53 kB │ gzip:     1.96 kB
dist/assets/FutureSelf-D6W7AQlB.js                                    6.86 kB │ gzip:     1.94 kB
dist/assets/MissionFlows-C611XvXc.js                                  8.10 kB │ gzip:     2.50 kB
dist/assets/index-CnQMWpHV.js                                         8.72 kB │ gzip:     3.31 kB
dist/assets/web-B-f8anx0.js                                          10.19 kB │ gzip:     2.10 kB
dist/assets/Account-CwRI9VAZ.js                                      10.41 kB │ gzip:     3.25 kB
dist/assets/PublicTwoFutures-Bx7hj2no.js                             11.24 kB │ gzip:     3.71 kB
dist/assets/support-bM7yCa5P.js                                      11.79 kB │ gzip:     4.95 kB
dist/assets/DreamArt-DfxP8Dla.js                                     12.84 kB │ gzip:     2.50 kB
dist/assets/FocusTimerHub-tHBpritq.js                                13.62 kB │ gzip:     3.86 kB
dist/assets/Upgrade-DaUViFwt.js                                      14.05 kB │ gzip:     4.75 kB
dist/assets/Me-xz9phlAm.js                                           16.29 kB │ gzip:     5.65 kB
dist/assets/TwoFutures-DpoGesQJ.js                                   19.69 kB │ gzip:     5.42 kB
dist/assets/SoundRoom-vTP8t-bE.js                                    20.33 kB │ gzip:     7.76 kB
dist/assets/media-2mgEiOLR.js                                        23.75 kB │ gzip:     9.29 kB
dist/assets/Bank-pczqAIs8.js                                         29.85 kB │ gzip:     8.21 kB
dist/assets/Settings-C1JdKmMj.js                                     40.62 kB │ gzip:    12.75 kB
dist/assets/Coach-B4VUW_vV.js                                        48.48 kB │ gzip:    15.85 kB
dist/assets/Notebook-DtjU35kX.js                                     48.78 kB │ gzip:    14.17 kB
dist/assets/Dreams-CPLATg1Y.js                                       53.04 kB │ gzip:    14.92 kB
dist/assets/DailyMicroHabits-E4vDJPPM.js                             56.82 kB │ gzip:    14.78 kB
dist/assets/Progress-C4yyLyha.js                                     75.84 kB │ gzip:    18.18 kB
dist/assets/Courses-Cc3AgWpB.js                                     108.40 kB │ gzip:    35.13 kB
dist/assets/motion-HNvQpnN_.js                                      128.88 kB │ gzip:    42.38 kB
dist/assets/Today-BS8lDF1-.js                                       135.01 kB │ gzip:    41.62 kB
dist/assets/supabase--wUpN4Ei.js                                    228.14 kB │ gzip:    59.28 kB
dist/assets/react-5GCfeWye.js                                       229.42 kB │ gzip:    71.53 kB
dist/assets/genai-DNIGCYRr.js                                       409.93 kB │ gzip:    72.77 kB
dist/assets/charts-CiESIKeW.js                                      431.59 kB │ gzip:   124.88 kB
dist/assets/tr-C8BDhSCr.js                                          560.83 kB │ gzip:   219.10 kB
dist/assets/es-CYCsPQH7.js                                          573.26 kB │ gzip:   217.48 kB
dist/assets/index-CbIekk7Z.js                                       785.01 kB │ gzip:   259.86 kB
dist/assets/courses-CKtnra3s.js                                   2,510.75 kB │ gzip:   813.28 kB
dist/assets/index-BMm9S-UO.js                                     5,959.05 kB │ gzip: 2,123.39 kB

(!) Some chunks are larger than 700 kB after minification. Consider:
- Using dynamic import() to code-split the application
- Use build.rollupOptions.output.manualChunks to improve chunking: https://rollupjs.org/configuration-options/#output-manualchunks
- Adjust chunk size limit for this warning via build.chunkSizeWarningLimit.
✓ built in 10.51s
