vite v6.4.3 building for production...

(!) outDir /tmp/oda-hero-copy-project-build is not inside project root and will not be emptied.
Use --emptyOutDir to override.

<script src="/one-decision-away/theme-init.js"> in "/index.html" can't be bundled without type="module" attribute
transforming...
✓ 3360 modules transformed.
rendering chunks...
[plugin vite:reporter] 
(!) /workspace/one-decision-away/src/services/cloudSync.ts is dynamically imported by /workspace/one-decision-away/src/main.tsx but also statically imported by /workspace/one-decision-away/src/components/BackupAndCloudSettings.tsx, /workspace/one-decision-away/src/components/BackupReminder.tsx, /workspace/one-decision-away/src/components/DailyNudgesSettings.tsx, /workspace/one-decision-away/src/pages/Account.tsx, /workspace/one-decision-away/src/pages/Coach.tsx, /workspace/one-decision-away/src/services/cloudCoach.ts, /workspace/one-decision-away/src/services/courseProgress.ts, /workspace/one-decision-away/src/services/pushNotifications.ts, /workspace/one-decision-away/src/services/repository.ts, /workspace/one-decision-away/src/services/useCloudState.ts, /workspace/one-decision-away/src/store/useApp.tsx, dynamic import will not move module into another chunk.

computing gzip size...
../../tmp/oda-hero-copy-project-build/index.html                                                       3.43 kB │ gzip:     1.14 kB
../../tmp/oda-hero-copy-project-build/assets/hanken-grotesk-vietnamese-wght-normal-CHiFlh_0.woff2      9.32 kB
../../tmp/oda-hero-copy-project-build/assets/hanken-grotesk-latin-ext-wght-normal-Dg-wlmqe.woff2      19.59 kB
../../tmp/oda-hero-copy-project-build/assets/newsreader-vietnamese-opsz-normal-BjhtXyW2.woff2         27.25 kB
../../tmp/oda-hero-copy-project-build/assets/newsreader-vietnamese-opsz-italic-DTr-ymY4.woff2         27.90 kB
../../tmp/oda-hero-copy-project-build/assets/hanken-grotesk-latin-wght-normal-CaVRRdDk.woff2          34.70 kB
../../tmp/oda-hero-copy-project-build/assets/newsreader-latin-ext-opsz-normal-BQn1nviT.woff2          86.61 kB
../../tmp/oda-hero-copy-project-build/assets/newsreader-latin-ext-opsz-italic-CSPGnFdO.woff2          95.54 kB
../../tmp/oda-hero-copy-project-build/assets/newsreader-latin-opsz-normal-s-izfB6B.woff2             132.00 kB
../../tmp/oda-hero-copy-project-build/assets/newsreader-latin-opsz-italic-kJKFiXvB.woff2             146.87 kB
../../tmp/oda-hero-copy-project-build/assets/aiCoach.worker-C60CQ1Xm.js                            6,039.34 kB
../../tmp/oda-hero-copy-project-build/assets/Today-D76Bu5Fr.css                                        4.80 kB │ gzip:     1.29 kB
../../tmp/oda-hero-copy-project-build/assets/SoundRoom-CqaeVc25.css                                   10.94 kB │ gzip:     2.71 kB
../../tmp/oda-hero-copy-project-build/assets/Courses-COCHombq.css                                     26.53 kB │ gzip:     4.99 kB
../../tmp/oda-hero-copy-project-build/assets/index-BMv8rU5q.css                                      103.72 kB │ gzip:    21.77 kB
../../tmp/oda-hero-copy-project-build/assets/de-FmFgRqLi.js                                            0.03 kB │ gzip:     0.05 kB
../../tmp/oda-hero-copy-project-build/assets/fr-FmFgRqLi.js                                            0.03 kB │ gzip:     0.05 kB
../../tmp/oda-hero-copy-project-build/assets/it-FmFgRqLi.js                                            0.03 kB │ gzip:     0.05 kB
../../tmp/oda-hero-copy-project-build/assets/ru-FmFgRqLi.js                                            0.03 kB │ gzip:     0.05 kB
../../tmp/oda-hero-copy-project-build/assets/web-5wsmhEz1.js                                           0.18 kB │ gzip:     0.16 kB
../../tmp/oda-hero-copy-project-build/assets/useCloudState-B5foBfh-.js                                 0.20 kB │ gzip:     0.18 kB
../../tmp/oda-hero-copy-project-build/assets/chevron-right-Sy4EaIow.js                                 0.30 kB │ gzip:     0.25 kB
../../tmp/oda-hero-copy-project-build/assets/square-Crjgacir.js                                        0.32 kB │ gzip:     0.26 kB
../../tmp/oda-hero-copy-project-build/assets/arrow-up-right-yMK990YI.js                                0.34 kB │ gzip:     0.27 kB
../../tmp/oda-hero-copy-project-build/assets/search-BRKT_y0C.js                                        0.35 kB │ gzip:     0.28 kB
../../tmp/oda-hero-copy-project-build/assets/circle-check-C31vEjh7.js                                  0.35 kB │ gzip:     0.28 kB
../../tmp/oda-hero-copy-project-build/assets/user-round-Cuo_jyIo.js                                    0.36 kB │ gzip:     0.28 kB
../../tmp/oda-hero-copy-project-build/assets/rotate-ccw-Df3ADMxd.js                                    0.37 kB │ gzip:     0.29 kB
../../tmp/oda-hero-copy-project-build/assets/index-BiyYTxFV.js                                         0.38 kB │ gzip:     0.27 kB
../../tmp/oda-hero-copy-project-build/assets/mail-B-n4wdsa.js                                          0.39 kB │ gzip:     0.31 kB
../../tmp/oda-hero-copy-project-build/assets/moon-CIk_63h4.js                                          0.39 kB │ gzip:     0.31 kB
../../tmp/oda-hero-copy-project-build/assets/log-out-zA4THxaA.js                                       0.40 kB │ gzip:     0.30 kB
../../tmp/oda-hero-copy-project-build/assets/headphones-Bl_YsUJZ.js                                    0.41 kB │ gzip:     0.29 kB
../../tmp/oda-hero-copy-project-build/assets/timer-BBFg9cwb.js                                         0.41 kB │ gzip:     0.29 kB
../../tmp/oda-hero-copy-project-build/assets/wind-DXvCuZbJ.js                                          0.42 kB │ gzip:     0.30 kB
../../tmp/oda-hero-copy-project-build/assets/archive-D8Ywn2SO.js                                       0.43 kB │ gzip:     0.32 kB
../../tmp/oda-hero-copy-project-build/assets/route-DKmA3-d7.js                                         0.43 kB │ gzip:     0.31 kB
../../tmp/oda-hero-copy-project-build/assets/lock-keyhole-hSeZ6lCE.js                                  0.43 kB │ gzip:     0.33 kB
../../tmp/oda-hero-copy-project-build/assets/index-BYH0et9T.js                                         0.45 kB │ gzip:     0.28 kB
../../tmp/oda-hero-copy-project-build/assets/pencil-DWwLegB_.js                                        0.45 kB │ gzip:     0.33 kB
../../tmp/oda-hero-copy-project-build/assets/pen-line-NTV41asN.js                                      0.45 kB │ gzip:     0.33 kB
../../tmp/oda-hero-copy-project-build/assets/index-bP8Qwu3l.js                                         0.48 kB │ gzip:     0.29 kB
../../tmp/oda-hero-copy-project-build/assets/refresh-cw-BQPe8pbR.js                                    0.50 kB │ gzip:     0.33 kB
../../tmp/oda-hero-copy-project-build/assets/trash-2-D538EozK.js                                       0.50 kB │ gzip:     0.32 kB
../../tmp/oda-hero-copy-project-build/assets/Focus-BzlF4BTx.js                                         0.53 kB │ gzip:     0.33 kB
../../tmp/oda-hero-copy-project-build/assets/share-2-F4sn213y.js                                       0.53 kB │ gzip:     0.34 kB
../../tmp/oda-hero-copy-project-build/assets/shuffle-VGTR6K-3.js                                       0.56 kB │ gzip:     0.35 kB
../../tmp/oda-hero-copy-project-build/assets/sun-moon-DUc9qaIj.js                                      0.57 kB │ gzip:     0.38 kB
../../tmp/oda-hero-copy-project-build/assets/waves-sDySA5sC.js                                         0.60 kB │ gzip:     0.32 kB
../../tmp/oda-hero-copy-project-build/assets/sparkles-DAfjDYrY.js                                      0.67 kB │ gzip:     0.39 kB
../../tmp/oda-hero-copy-project-build/assets/calendar-days-C-0ykWl8.js                                 0.67 kB │ gzip:     0.37 kB
../../tmp/oda-hero-copy-project-build/assets/index-BjnxDOHR.js                                         0.67 kB │ gzip:     0.42 kB
../../tmp/oda-hero-copy-project-build/assets/trending-up-0Joli0Wu.js                                   0.69 kB │ gzip:     0.34 kB
../../tmp/oda-hero-copy-project-build/assets/index-HRD0M4-T.js                                         0.72 kB │ gzip:     0.41 kB
../../tmp/oda-hero-copy-project-build/assets/music-BQCBni00.js                                         0.75 kB │ gzip:     0.40 kB
../../tmp/oda-hero-copy-project-build/assets/web-LWCVhoTv.js                                           0.90 kB │ gzip:     0.43 kB
../../tmp/oda-hero-copy-project-build/assets/web-Dob0w2ET.js                                           1.06 kB │ gzip:     0.52 kB
../../tmp/oda-hero-copy-project-build/assets/Legal-kajCmqWK.js                                         2.00 kB │ gzip:     0.91 kB
../../tmp/oda-hero-copy-project-build/assets/Support-B2s4Oz_r.js                                       3.54 kB │ gzip:     1.26 kB
../../tmp/oda-hero-copy-project-build/assets/Seasons-CuIXDRBA.js                                       3.65 kB │ gzip:     1.29 kB
../../tmp/oda-hero-copy-project-build/assets/Budget-BiIxetJz.js                                        4.45 kB │ gzip:     1.70 kB
../../tmp/oda-hero-copy-project-build/assets/web-DIHIIDeo.js                                           4.65 kB │ gzip:     1.40 kB
../../tmp/oda-hero-copy-project-build/assets/purchases-BYihNNOa.js                                     4.73 kB │ gzip:     2.16 kB
../../tmp/oda-hero-copy-project-build/assets/Evidence-DA_rivfU.js                                      5.42 kB │ gzip:     1.98 kB
../../tmp/oda-hero-copy-project-build/assets/Tools-VkrodyVK.js                                         5.60 kB │ gzip:     2.18 kB
../../tmp/oda-hero-copy-project-build/assets/Missions-CdVFk6pl.js                                      5.65 kB │ gzip:     2.05 kB
../../tmp/oda-hero-copy-project-build/assets/LifeScore-BKv8isZf.js                                     5.72 kB │ gzip:     1.92 kB
../../tmp/oda-hero-copy-project-build/assets/Bridge-DqETrEbr.js                                        6.53 kB │ gzip:     1.96 kB
../../tmp/oda-hero-copy-project-build/assets/FutureSelf-BX1FwARA.js                                    6.86 kB │ gzip:     1.94 kB
../../tmp/oda-hero-copy-project-build/assets/MissionFlows-D1TH20x_.js                                  8.10 kB │ gzip:     2.50 kB
../../tmp/oda-hero-copy-project-build/assets/index-BnpeuLN3.js                                         8.72 kB │ gzip:     3.31 kB
../../tmp/oda-hero-copy-project-build/assets/web-Cj5L0zoJ.js                                          10.19 kB │ gzip:     2.10 kB
../../tmp/oda-hero-copy-project-build/assets/Account-t6H-cSto.js                                      10.41 kB │ gzip:     3.24 kB
../../tmp/oda-hero-copy-project-build/assets/PublicTwoFutures-Y-gFuslb.js                             11.24 kB │ gzip:     3.71 kB
../../tmp/oda-hero-copy-project-build/assets/support-DgFGyuUw.js                                      11.79 kB │ gzip:     4.95 kB
../../tmp/oda-hero-copy-project-build/assets/DreamArt-CSikLx28.js                                     12.84 kB │ gzip:     2.50 kB
../../tmp/oda-hero-copy-project-build/assets/FocusTimerHub-CmquNMaB.js                                13.62 kB │ gzip:     3.86 kB
../../tmp/oda-hero-copy-project-build/assets/Upgrade-BYlgo5vc.js                                      14.05 kB │ gzip:     4.76 kB
../../tmp/oda-hero-copy-project-build/assets/Me-BbgqCCjN.js                                           16.29 kB │ gzip:     5.65 kB
../../tmp/oda-hero-copy-project-build/assets/TwoFutures-wPW6kqlA.js                                   19.69 kB │ gzip:     5.43 kB
../../tmp/oda-hero-copy-project-build/assets/SoundRoom-DulFjsY_.js                                    20.33 kB │ gzip:     7.76 kB
../../tmp/oda-hero-copy-project-build/assets/media-2mgEiOLR.js                                        23.75 kB │ gzip:     9.29 kB
../../tmp/oda-hero-copy-project-build/assets/Bank-DGh7abqH.js                                         29.85 kB │ gzip:     8.22 kB
../../tmp/oda-hero-copy-project-build/assets/Settings-hy6GQqHy.js                                     40.62 kB │ gzip:    12.75 kB
../../tmp/oda-hero-copy-project-build/assets/Coach-BNKqK6hS.js                                        48.49 kB │ gzip:    15.86 kB
../../tmp/oda-hero-copy-project-build/assets/Notebook-Dp-3klT1.js                                     48.78 kB │ gzip:    14.17 kB
../../tmp/oda-hero-copy-project-build/assets/Dreams-DKsAkrtK.js                                       53.04 kB │ gzip:    14.93 kB
../../tmp/oda-hero-copy-project-build/assets/DailyMicroHabits-69sbrcpA.js                             56.82 kB │ gzip:    14.79 kB
../../tmp/oda-hero-copy-project-build/assets/Progress-COjtA3hC.js                                     75.84 kB │ gzip:    18.19 kB
../../tmp/oda-hero-copy-project-build/assets/Courses-3uWteItC.js                                     108.40 kB │ gzip:    35.13 kB
../../tmp/oda-hero-copy-project-build/assets/motion-HNvQpnN_.js                                      128.88 kB │ gzip:    42.38 kB
../../tmp/oda-hero-copy-project-build/assets/Today-DHuV4Dmn.js                                       135.01 kB │ gzip:    41.62 kB
../../tmp/oda-hero-copy-project-build/assets/supabase--wUpN4Ei.js                                    228.14 kB │ gzip:    59.28 kB
../../tmp/oda-hero-copy-project-build/assets/react-5GCfeWye.js                                       229.42 kB │ gzip:    71.53 kB
../../tmp/oda-hero-copy-project-build/assets/genai-DNIGCYRr.js                                       409.93 kB │ gzip:    72.77 kB
../../tmp/oda-hero-copy-project-build/assets/charts-CiESIKeW.js                                      431.59 kB │ gzip:   124.88 kB
../../tmp/oda-hero-copy-project-build/assets/tr-C8BDhSCr.js                                          560.83 kB │ gzip:   219.10 kB
../../tmp/oda-hero-copy-project-build/assets/es-CYCsPQH7.js                                          573.26 kB │ gzip:   217.48 kB
../../tmp/oda-hero-copy-project-build/assets/index-DT_R8Gxz.js                                       785.09 kB │ gzip:   259.88 kB
../../tmp/oda-hero-copy-project-build/assets/courses-CKtnra3s.js                                   2,510.75 kB │ gzip:   813.28 kB
../../tmp/oda-hero-copy-project-build/assets/index-BMm9S-UO.js                                     5,959.05 kB │ gzip: 2,123.39 kB

(!) Some chunks are larger than 700 kB after minification. Consider:
- Using dynamic import() to code-split the application
- Use build.rollupOptions.output.manualChunks to improve chunking: https://rollupjs.org/configuration-options/#output-manualchunks
- Adjust chunk size limit for this warning via build.chunkSizeWarningLimit.
✓ built in 14.39s
