PASS cached official WebKit 26.6 launched against owned loopback HTTPS production preview
PASS en-320x740-light: exact localized headline/subheadline and requested theme render
PASS en-320x740-light: rendered line boxes stay in bounds without clipping, block/preview overlap, or CTA/logo overflow
PASS en-320x740-light: hero/header CTAs scroll into view and receive unobscured center hit-tests
PASS en-390x844-light: exact localized headline/subheadline and requested theme render
PASS en-390x844-light: rendered line boxes stay in bounds without clipping, block/preview overlap, or CTA/logo overflow
PASS en-390x844-light: hero/header CTAs scroll into view and receive unobscured center hit-tests
PASS en-1440x1000-light: exact localized headline/subheadline and requested theme render
PASS en-1440x1000-light: rendered line boxes stay in bounds without clipping, block/preview overlap, or CTA/logo overflow
PASS en-1440x1000-light: hero/header CTAs scroll into view and receive unobscured center hit-tests
PASS en-390x844-dark: exact localized headline/subheadline and requested theme render
PASS en-390x844-dark: rendered line boxes stay in bounds without clipping, block/preview overlap, or CTA/logo overflow
PASS en-390x844-dark: hero/header CTAs scroll into view and receive unobscured center hit-tests
PASS tr-320x740-light: exact localized headline/subheadline and requested theme render
PASS tr-320x740-light: rendered line boxes stay in bounds without clipping, block/preview overlap, or CTA/logo overflow
PASS tr-320x740-light: hero/header CTAs scroll into view and receive unobscured center hit-tests
PASS tr-390x844-light: exact localized headline/subheadline and requested theme render
PASS tr-390x844-light: rendered line boxes stay in bounds without clipping, block/preview overlap, or CTA/logo overflow
PASS tr-390x844-light: hero/header CTAs scroll into view and receive unobscured center hit-tests
PASS tr-1440x1000-light: exact localized headline/subheadline and requested theme render
PASS tr-1440x1000-light: rendered line boxes stay in bounds without clipping, block/preview overlap, or CTA/logo overflow
PASS tr-1440x1000-light: hero/header CTAs scroll into view and receive unobscured center hit-tests
PASS tr-390x844-dark: exact localized headline/subheadline and requested theme render
PASS tr-390x844-dark: rendered line boxes stay in bounds without clipping, block/preview overlap, or CTA/logo overflow
PASS tr-390x844-dark: hero/header CTAs scroll into view and receive unobscured center hit-tests
PASS es-320x740-light: exact localized headline/subheadline and requested theme render
PASS es-320x740-light: rendered line boxes stay in bounds without clipping, block/preview overlap, or CTA/logo overflow
PASS es-320x740-light: hero/header CTAs scroll into view and receive unobscured center hit-tests
PASS es-390x844-light: exact localized headline/subheadline and requested theme render
PASS es-390x844-light: rendered line boxes stay in bounds without clipping, block/preview overlap, or CTA/logo overflow
PASS es-390x844-light: hero/header CTAs scroll into view and receive unobscured center hit-tests
PASS es-1440x1000-light: exact localized headline/subheadline and requested theme render
PASS es-1440x1000-light: rendered line boxes stay in bounds without clipping, block/preview overlap, or CTA/logo overflow
PASS es-1440x1000-light: hero/header CTAs scroll into view and receive unobscured center hit-tests
PASS es-390x844-dark: exact localized headline/subheadline and requested theme render
PASS es-390x844-dark: rendered line boxes stay in bounds without clipping, block/preview overlap, or CTA/logo overflow
PASS es-390x844-dark: hero/header CTAs scroll into view and receive unobscured center hit-tests
PASS all twelve hero-copy cases have zero uncaught browser errors
