node:internal/child_process:1120
    result.error = new ErrnoException(result.error, 'spawnSync ' + options.file);
                   ^

<ref *1> Error: spawnSync git EPERM
    at Object.spawnSync (node:internal/child_process:1120:20)
    at spawnSync (node:child_process:902:24)
    at execFileSync (node:child_process:945:15)
    at file:///workspace/one-decision-away/scripts/qa-hero-copy.mjs:27:17
    at ModuleJob.run (node:internal/modules/esm/module_job:343:25)
    at async onImport.tracePromise.__proto__ (node:internal/modules/esm/loader:681:26)
    at async asyncRunEntryPointWithESMLoader (node:internal/modules/run_main:117:5) {
  errno: -1,
  code: 'EPERM',
  syscall: 'spawnSync git',
  path: 'git',
  spawnargs: [ 'rev-parse', 'HEAD' ],
  error: [Circular *1],
  status: 0,
  signal: null,
  output: [ null, 'a793799d008f3577bcced1e608f60b08ab70a1e4\n', '' ],
  pid: 18060,
  stdout: 'a793799d008f3577bcced1e608f60b08ab70a1e4\n',
  stderr: ''
}

Node.js v22.23.3
