
> oda-one-decision-away@1.0.0 build
> vite build

vite v6.4.3 building for production...
<script src="/one-decision-away/theme-init.js"> in "/index.html" can't be bundled without type="module" attribute
transforming...
✓ 3388 modules transformed.
rendering chunks...
[plugin vite:reporter] 
(!) /workspace/oda-reference-redesign/src/services/cloudSync.ts is dynamically imported by /workspace/oda-reference-redesign/src/main.tsx but also statically imported by /workspace/oda-reference-redesign/src/components/BackupAndCloudSettings.tsx, /workspace/oda-reference-redesign/src/components/BackupReminder.tsx, /workspace/oda-reference-redesign/src/components/DailyNudgesSettings.tsx, /workspace/oda-reference-redesign/src/pages/Account.tsx, /workspace/oda-reference-redesign/src/pages/Coach.tsx, /workspace/oda-reference-redesign/src/pages/Upgrade.tsx, /workspace/oda-reference-redesign/src/services/cloudCoach.ts, /workspace/oda-reference-redesign/src/services/courseProgress.ts, /workspace/oda-reference-redesign/src/services/pushNotifications.ts, /workspace/oda-reference-redesign/src/services/repository.ts, /workspace/oda-reference-redesign/src/services/useCloudState.ts, /workspace/oda-reference-redesign/src/store/useApp.tsx, dynamic import will not move module into another chunk.

computing gzip size...
dist/index.html                                                       3.43 kB │ gzip:     1.14 kB
dist/assets/hanken-grotesk-vietnamese-wght-normal-CHiFlh_0.woff2      9.32 kB
dist/assets/hanken-grotesk-latin-ext-wght-normal-Dg-wlmqe.woff2      19.59 kB
dist/assets/newsreader-vietnamese-opsz-normal-BjhtXyW2.woff2         27.25 kB
dist/assets/newsreader-vietnamese-opsz-italic-DTr-ymY4.woff2         27.90 kB
dist/assets/hanken-grotesk-latin-wght-normal-CaVRRdDk.woff2          34.70 kB
dist/assets/newsreader-latin-ext-opsz-normal-BQn1nviT.woff2          86.61 kB
dist/assets/newsreader-latin-ext-opsz-italic-CSPGnFdO.woff2          95.54 kB
dist/assets/newsreader-latin-opsz-normal-s-izfB6B.woff2             132.00 kB
dist/assets/newsreader-latin-opsz-italic-kJKFiXvB.woff2             146.87 kB
dist/assets/aiCoach.worker-C60CQ1Xm.js                            6,039.34 kB
dist/assets/Today-D76Bu5Fr.css                                        4.80 kB │ gzip:     1.29 kB
dist/assets/Coach-6QKBAJWv.css                                        6.87 kB │ gzip:     2.29 kB
dist/assets/workingSurfaces-C_QYHkGt.css                             11.94 kB │ gzip:     2.77 kB
dist/assets/Notebook-BkOktFbP.css                                    14.26 kB │ gzip:     2.83 kB
dist/assets/SoundRoom-DXOAzWrc.css                                   19.05 kB │ gzip:     4.65 kB
dist/assets/Courses-BKn5AeI_.css                                     34.16 kB │ gzip:     5.96 kB
dist/assets/index-BD7SNJOJ.css                                      110.59 kB │ gzip:    23.16 kB
dist/assets/de-FmFgRqLi.js                                            0.03 kB │ gzip:     0.05 kB
dist/assets/fr-FmFgRqLi.js                                            0.03 kB │ gzip:     0.05 kB
dist/assets/it-FmFgRqLi.js                                            0.03 kB │ gzip:     0.05 kB
dist/assets/ru-FmFgRqLi.js                                            0.03 kB │ gzip:     0.05 kB
dist/assets/web-CskKLkMS.js                                           0.18 kB │ gzip:     0.16 kB
dist/assets/useCloudState-BxilgMSA.js                                 0.20 kB │ gzip:     0.18 kB
dist/assets/chevron-right-Dk4AvARt.js                                 0.30 kB │ gzip:     0.25 kB
dist/assets/square-DbBkiPzr.js                                        0.32 kB │ gzip:     0.26 kB
dist/assets/arrow-up-right-D0_vhS3A.js                                0.34 kB │ gzip:     0.27 kB
dist/assets/search-QIWbOoBn.js                                        0.35 kB │ gzip:     0.28 kB
dist/assets/circle-check-tqhD34PD.js                                  0.35 kB │ gzip:     0.28 kB
dist/assets/user-round-ECo4xOCG.js                                    0.36 kB │ gzip:     0.28 kB
dist/assets/rotate-ccw-BOU4rV6P.js                                    0.37 kB │ gzip:     0.29 kB
dist/assets/index-i0f5oDTU.js                                         0.38 kB │ gzip:     0.27 kB
dist/assets/mail-CaIDhrim.js                                          0.39 kB │ gzip:     0.31 kB
dist/assets/moon-DtpjdrAp.js                                          0.39 kB │ gzip:     0.31 kB
dist/assets/headphones-B2J0Ywgm.js                                    0.41 kB │ gzip:     0.29 kB
dist/assets/timer-xETT-D-3.js                                         0.41 kB │ gzip:     0.29 kB
dist/assets/wind-CJN7zQB5.js                                          0.42 kB │ gzip:     0.30 kB
dist/assets/archive-5tgcWrpA.js                                       0.43 kB │ gzip:     0.31 kB
dist/assets/route-DoxUuP0x.js                                         0.43 kB │ gzip:     0.31 kB
dist/assets/lock-keyhole-B_5Qx_Kq.js                                  0.43 kB │ gzip:     0.33 kB
dist/assets/index--_UcbIIZ.js                                         0.45 kB │ gzip:     0.28 kB
dist/assets/pencil-M4yShhvF.js                                        0.45 kB │ gzip:     0.33 kB
dist/assets/pen-line-C6ofqHxM.js                                      0.45 kB │ gzip:     0.33 kB
dist/assets/index-DYqaPQxB.js                                         0.48 kB │ gzip:     0.29 kB
dist/assets/refresh-cw-DTNn3X7T.js                                    0.50 kB │ gzip:     0.33 kB
dist/assets/trash-2-BpmI0zHC.js                                       0.50 kB │ gzip:     0.32 kB
dist/assets/share-2-CV93OQE9.js                                       0.53 kB │ gzip:     0.34 kB
dist/assets/shuffle-DAYzuC9z.js                                       0.56 kB │ gzip:     0.35 kB
dist/assets/sun-moon-mzfFoIff.js                                      0.57 kB │ gzip:     0.38 kB
dist/assets/waves-B7RmlfIC.js                                         0.60 kB │ gzip:     0.32 kB
dist/assets/sparkles-D58HqfDJ.js                                      0.67 kB │ gzip:     0.39 kB
dist/assets/calendar-days-CXAi6JbV.js                                 0.67 kB │ gzip:     0.37 kB
dist/assets/index-C4QR9HHK.js                                         0.67 kB │ gzip:     0.42 kB
dist/assets/trending-up-IHmrAoEt.js                                   0.69 kB │ gzip:     0.34 kB
dist/assets/index-CN5HJqwj.js                                         0.72 kB │ gzip:     0.41 kB
dist/assets/music-DCnjqk-t.js                                         0.75 kB │ gzip:     0.39 kB
dist/assets/purchaseIdentityBinding-tFcjnp2u.js                       0.78 kB │ gzip:     0.34 kB
dist/assets/Focus-C84K9gUh.js                                         0.87 kB │ gzip:     0.47 kB
dist/assets/web-IcDakheN.js                                           0.90 kB │ gzip:     0.43 kB
dist/assets/web-Bmt0_oN1.js                                           1.06 kB │ gzip:     0.52 kB
dist/assets/courseEntryCopy-ClIZWujk.js                               1.35 kB │ gzip:     0.72 kB
dist/assets/Legal-CQbirf1G.js                                         2.00 kB │ gzip:     0.91 kB
dist/assets/growth-CtfcX3mW.js                                        2.07 kB │ gzip:     0.92 kB
dist/assets/account-BQbpgi4m.js                                       2.95 kB │ gzip:     1.37 kB
dist/assets/Support-Co0DyqjZ.js                                       3.54 kB │ gzip:     1.25 kB
dist/assets/Seasons-CSWTdv2A.js                                       3.65 kB │ gzip:     1.29 kB
dist/assets/rewards-7Qy2fTeT.js                                       4.17 kB │ gzip:     1.81 kB
dist/assets/Budget-D7nHrzXJ.js                                        4.45 kB │ gzip:     1.70 kB
dist/assets/web-8NI71sAD.js                                           4.65 kB │ gzip:     1.40 kB
dist/assets/Evidence-mtSG4JpN.js                                      5.45 kB │ gzip:     2.00 kB
dist/assets/Tools-Dqty-xs7.js                                         5.60 kB │ gzip:     2.18 kB
dist/assets/Missions-ApfRW6UJ.js                                      5.65 kB │ gzip:     2.05 kB
dist/assets/LifeScore-CZhj84AH.js                                     5.72 kB │ gzip:     1.92 kB
dist/assets/CourseCover-B9WCnuD9.js                                   6.18 kB │ gzip:     2.85 kB
dist/assets/Bridge-DGIy-7Jr.js                                        6.53 kB │ gzip:     1.96 kB
dist/assets/FutureSelf-BXk1efBD.js                                    6.86 kB │ gzip:     1.94 kB
dist/assets/MissionFlows-DhXs66xA.js                                  8.10 kB │ gzip:     2.50 kB
dist/assets/index-DmgWHqGY.js                                         8.72 kB │ gzip:     3.31 kB
dist/assets/web-CEXad7Dh.js                                          10.19 kB │ gzip:     2.10 kB
dist/assets/purchases-B_zo2KsA.js                                    10.51 kB │ gzip:     3.49 kB
dist/assets/PublicTwoFutures-Buj7UtpV.js                             11.24 kB │ gzip:     3.71 kB
dist/assets/Account-CKs3aGJG.js                                      11.76 kB │ gzip:     3.62 kB
dist/assets/support-0uPUAYn7.js                                      11.79 kB │ gzip:     4.95 kB
dist/assets/DreamArt-ByUaptry.js                                     12.84 kB │ gzip:     2.50 kB
dist/assets/FocusTimerHub-D_WrnCay.js                                15.21 kB │ gzip:     4.32 kB
dist/assets/Me-CL6rf5xn.js                                           16.31 kB │ gzip:     5.69 kB
dist/assets/Upgrade-T0bICzrw.js                                      19.68 kB │ gzip:     6.40 kB
dist/assets/TwoFutures-Ckq4zV7a.js                                   19.69 kB │ gzip:     5.43 kB
dist/assets/media-2mgEiOLR.js                                        23.75 kB │ gzip:     9.29 kB
dist/assets/SoundRoom-zt_zl2NG.js                                    26.67 kB │ gzip:     9.71 kB
dist/assets/Bank-8E_NQFg3.js                                         29.78 kB │ gzip:     8.21 kB
dist/assets/Settings-UtXjgjB5.js                                     41.22 kB │ gzip:    12.88 kB
dist/assets/Coach-DUGMyTWv.js                                        49.37 kB │ gzip:    16.12 kB
dist/assets/Notebook-DKZGfjfd.js                                     51.75 kB │ gzip:    14.88 kB
dist/assets/Dreams-odwagsIU.js                                       53.11 kB │ gzip:    14.99 kB
dist/assets/DailyMicroHabits-BcX8BQ4k.js                             56.82 kB │ gzip:    14.79 kB
dist/assets/Progress-CzOdlkwt.js                                     75.84 kB │ gzip:    18.19 kB
dist/assets/Courses-BCviDTBV.js                                     112.20 kB │ gzip:    35.93 kB
dist/assets/motion-HNvQpnN_.js                                      128.88 kB │ gzip:    42.38 kB
dist/assets/Today-pC5jrgYR.js                                       140.65 kB │ gzip:    43.60 kB
dist/assets/supabase--wUpN4Ei.js                                    228.14 kB │ gzip:    59.28 kB
dist/assets/react-5GCfeWye.js                                       229.42 kB │ gzip:    71.53 kB
dist/assets/genai-DNIGCYRr.js                                       409.93 kB │ gzip:    72.77 kB
dist/assets/charts-Bzd-XkHo.js                                      431.58 kB │ gzip:   124.87 kB
dist/assets/tr-COHWLD3Y.js                                          561.39 kB │ gzip:   219.33 kB
dist/assets/es-qQNFzrdv.js                                          573.85 kB │ gzip:   217.68 kB
dist/assets/index-EH0Rhsza.js                                       951.68 kB │ gzip:   308.77 kB
dist/assets/courses-CKtnra3s.js                                   2,510.75 kB │ gzip:   813.28 kB
dist/assets/index-BMm9S-UO.js                                     5,959.05 kB │ gzip: 2,123.39 kB

(!) Some chunks are larger than 700 kB after minification. Consider:
- Using dynamic import() to code-split the application
- Use build.rollupOptions.output.manualChunks to improve chunking: https://rollupjs.org/configuration-options/#output-manualchunks
- Adjust chunk size limit for this warning via build.chunkSizeWarningLimit.
✓ built in 9.97s
npm notice
npm notice New major version of npm available! 11.9.0 -> 12.2.0
npm notice Changelog: https://github.com/npm/cli/releases/tag/v12.2.0
npm notice To update run: npm install -g npm@12.2.0
npm notice
