PASS en-320: overflow is localized and discoverable in a named keyboard region without page overflow
PASS en-320: native keyboard arrows scroll the calendar region
PASS en-320: keyboard reaches, selects and clears the weekend date without writing user records
PASS en-320: previous/next month handlers retain their original round-trip behavior
PASS en-390: overflow is localized and discoverable in a named keyboard region without page overflow
PASS en-390: native keyboard arrows scroll the calendar region
PASS en-390: keyboard reaches, selects and clears the weekend date without writing user records
PASS en-390: previous/next month handlers retain their original round-trip behavior
PASS tr-320: overflow is localized and discoverable in a named keyboard region without page overflow
PASS tr-320: native keyboard arrows scroll the calendar region
PASS tr-320: keyboard reaches, selects and clears the weekend date without writing user records
PASS tr-320: previous/next month handlers retain their original round-trip behavior
PASS tr-390: overflow is localized and discoverable in a named keyboard region without page overflow
PASS tr-390: native keyboard arrows scroll the calendar region
PASS tr-390: keyboard reaches, selects and clears the weekend date without writing user records
PASS tr-390: previous/next month handlers retain their original round-trip behavior
PASS es-320: overflow is localized and discoverable in a named keyboard region without page overflow
PASS es-320: native keyboard arrows scroll the calendar region
PASS es-320: keyboard reaches, selects and clears the weekend date without writing user records
PASS es-320: previous/next month handlers retain their original round-trip behavior
PASS es-390: overflow is localized and discoverable in a named keyboard region without page overflow
PASS es-390: native keyboard arrows scroll the calendar region
PASS es-390: keyboard reaches, selects and clears the weekend date without writing user records
PASS es-390: previous/next month handlers retain their original round-trip behavior
{"status":"passed","cases":6,"checks":24,"errors":0}
