
> oda-one-decision-away@1.0.0 check
> npm run lint && node scripts/validate-i18n.mjs && node --import tsx scripts/test-i18n.ts && node --import tsx scripts/test-notebook.ts && node --import tsx scripts/test-notebook-voice.ts && node --import tsx scripts/test-routing.ts && npm test && npm run build


> oda-one-decision-away@1.0.0 lint
> tsc --noEmit

npm notice
npm notice New major version of npm available! 11.9.0 -> 12.2.0
npm notice Changelog: https://github.com/npm/cli/releases/tag/v12.2.0
npm notice To update run: npm install -g npm@12.2.0
npm notice
tr: 6824 entries; missing keys 0; placeholder differences 0
es: 6824 entries; missing keys 0; placeholder differences 0
English-first startup, saved choices, EN/TR/ES switching, fallback and repeated placeholders passed.
✔ old backups normalize without copying or losing any legacy Dream Journal field (2.310107ms)
✔ new writing of every kind including affirmation earns 25 once; intention alone does not (3.39487ms)
✔ edit, no-op, delete and recreate preserve immutable once-per-day reward claims (0.480948ms)
✔ local writing day and existing UTC reward ceiling are separate and cap-safe (0.351963ms)
✔ 369 only counts matching written intentions, allows partial saves and retains archived histories (1.986227ms)
✔ 369 derives a real 33-day streak and preserves the achieved target after a gap (1.605221ms)
✔ 369 matches Turkish dotted/dotless uppercase pairs without stripping meaningful accents (0.410772ms)
✔ calendar streaks use local days across DST, not elapsed 24-hour periods (0.648182ms)
✔ validation rejects blank entries, future dates, past creation and excess slots without altering input (0.543663ms)
✔ legacy edits preserve photos, links and original date; unified JSON roundtrip is lossless (6.910143ms)
✔ real repository serializes concurrent writes, protects from stale saves, and honors explicit restore (11.789851ms)
✔ stale whole-document saves do not resurrect deleted legacy entries or lose new ones (1.75717ms)
✔ Notebook rebases after a delayed load against a concurrent profile and ledger save (0.926693ms)
✔ concurrent mission and Notebook reward evaluation share the same 2500 ceiling (7.558914ms)
✔ failed storage saves reject, do not push cloud or claim rewards, and queue recovers (1.325737ms)
✔ unreadable saved JSON is preserved, never silently replaced with seed data (0.282147ms)
✔ explicit local restore blocks older cloud data across failed uploads and is account/project scoped (16.346249ms)
✔ an old in-flight cloud upload cannot overwrite a newer restored snapshot or clear its marker (4.43201ms)
✔ a signed-out import binds to the first later connection and stays isolated from other accounts (4.99291ms)
ℹ tests 19
ℹ suites 0
ℹ pass 19
ℹ fail 0
ℹ cancelled 0
ℹ skipped 0
ℹ todo 0
ℹ duration_ms 73.170082
Notebook voice uses device speech only, preserves preferences and handles unavailable speech.
✔ root hosting retains history paths, including direct reloads (1.061066ms)
✔ project hosting keeps every navigation on the same static document (0.286614ms)
✔ landing URLs and non-route fragments do not become unknown routes (0.733671ms)
✔ back/forward hash entries resolve to canonical route IDs (0.203699ms)
✔ icons and service worker URLs stay under their deployment base (0.189127ms)
✔ service worker precaches only its project directory (14.927181ms)
✔ standalone support remains available offline without replacing the application shell (6.690239ms)
✔ activation preserves sibling apps and this version media cache (1.542135ms)
✔ notification defaults and legacy targets open the project hash route (1.240708ms)
✔ installed app metadata refreshes instead of retaining the cached identity (2.013728ms)
✔ installed app metadata remains available offline (1.084552ms)
ℹ tests 11
ℹ suites 0
ℹ pass 11
ℹ fail 0
ℹ cancelled 0
ℹ skipped 0
ℹ todo 0
ℹ duration_ms 37.318551

> oda-one-decision-away@1.0.0 test
> node --import tsx --test tests/*.test.ts supabase/functions/send-nudges/core.test.ts supabase/functions/send-nudges/push-worker.test.ts

✔ 600 scheduled selections are unique across 100 local calendar days and repeat only in the next cycle (3.866474ms)
✔ calendar-day index is independent of server timezone, DST boundaries and midnight UTC (0.369129ms)
✔ sender blocks private-network endpoints, embedded credentials, lookalike hosts and unexpected ports (0.480458ms)
✔ payload identifies adaptation/translation and routes stay valid for root and project hosting (1.63161ms)
✔ cron authenticator requires a substantial matching secret (10.335989ms)
✔ push event displays the real server payload without an open client (2.697755ms)
✔ unexpected push fields cannot become arbitrary notification options (1.086134ms)
✔ does not load a runtime before explicit initialization and blocks unsupported devices (2.139059ms)
✔ context retains the latest user turn, merges interrupted turns, and ignores injected roles (0.558015ms)
✔ streams accumulated visible content and disables reasoning output (1.519311ms)
✔ aborting initialization disposes the downloading runtime and allows retry (3.319866ms)
[ODA Coach] Generation failed: Error: GPU device lost: out of memory
    at Object.generate (/workspace/oda-reference-redesign/tests/ai-coach.test.ts:117:35)
    at <anonymous> (/workspace/oda-reference-redesign/src/services/aiCoach.ts:256:68)
    at Object.stream (/workspace/oda-reference-redesign/src/services/aiCoach.ts:300:5)
    at TestContext.<anonymous> (/workspace/oda-reference-redesign/tests/ai-coach.test.ts:122:30)
    at async Test.run (node:internal/test_runner/test:1389:7)
    at async Test.processPendingSubtests (node:internal/test_runner/test:960:7)
✔ cancellation drains generation, suppresses late text, and releases the next request (3.160955ms)
✔ generation failures are actionable, never become a canned coach reply, and require restart (4.07467ms)
✔ unload cancels an active operation, releases memory and supports a fresh initialization (0.850438ms)
✔ ambient renders are long independent stereo textures with finite bounded levels (182.555454ms)
✔ scene identities differ in spectrum and amplitude dynamics (36.26074ms)
✔ loop overlaps join continuous adjacent noise without a boundary spike (58.404922ms)
✔ seeds reproduce review samples and produce a new texture when changed (142.609415ms)
✔ one Sound Room track keeps one title across categories, including intentional noise reuse (0.330871ms)
✔ fresh startup seeds and absent records do not prompt for a backup (2.261339ms)
✔ empty notebook, lesson, experiment and weekly-review shells are not saved personal work (0.781914ms)
✔ the first saved journal, scripting or future letter qualifies without three older records (1.573252ms)
✔ a saved intention, gratitude note or affirmation qualifies before any decision completion (0.697205ms)
✔ an interrupted first lesson answer of zero, practice checkbox or reflection qualifies (0.941185ms)
✔ the first course plan, paused attempt or saved review qualifies independently of lesson completion (0.625758ms)
✔ one saved weekly review with no kept decisions qualifies (0.303439ms)
✔ one completion, kept decision, vision choice or dream-journal entry preserves existing eligibility (0.740702ms)
✔ a valid downloaded backup suppresses until the exact fourteen-day boundary (0.587559ms)
✔ invalid, absent and future export or cloud timestamps never suppress protection (0.623534ms)
✔ freshness compares actual ISO instants and accepts leap days without calendar normalization (0.153662ms)
✔ only configured, signed-in, recent scoped cloud success with no error suppresses the reminder (0.347506ms)
✔ a recent export still protects work when cloud sync fails, and session dismissal remains respected (0.328808ms)
✔ eligibility does not alter saved work or cloud status, and all three locales explain protection without promising sync (0.482611ms)
✔ restore safety: weekly review text cannot be an object (3.980697ms)
✔ restore safety: life score records need sortable timestamps (0.806991ms)
✔ restore safety: bridge records need their rendered amounts (0.70668ms)
✔ restore safety: a pinned dream name cannot be a React object child (0.691677ms)
✔ legacy course storage migrates into the personal record without changing other data (7.696733ms)
✔ course edits, completion, experiment plans and logs roundtrip through JSON backup (6.022057ms)
✔ a stale save from another feature retains newer lesson notes and practice logs (3.185633ms)
✔ a legacy backup keeps local courses; an explicit empty course backup clears them (2.963417ms)
✔ validation rejects malformed personal, notebook and course data before any storage write (6.185755ms)
✔ quota failures keep the entire previous record and legacy key intact, and a retry succeeds (2.215614ms)
✔ unreadable main data is never replaced by a course-only save (0.64753ms)
✔ lesson edits and re-completion retain the real-world experiment history (0.396009ms)
✔ course mutations wait for the shared write lock and rebase onto a concurrent notebook commit (1.265776ms)
✔ ledger and notebook rewards retain one UTC ceiling when the local decision day differs (22.031227ms)
✔ cloud upload captures current courses and invalid cloud backups leave local storage untouched (31.403155ms)
✔ cloud previews do not change last-sync or local data until the reviewed record is committed (4.176027ms)
✔ Bank chart keeps UTC ledger Today and date labels aligned at New York evening (39.946ms)
✔ Bank seven-day earnings window is Sep 25 through Oct 1 for the UTC ledger day (5.128605ms)
✔ Savings includes the first displayed UTC day in net and pace, excluding opening history (8.06403ms)
✔ Savings net includes mixed first-day credits, spending and the current UTC day (5.474018ms)
✔ Bank chart formats ledger dates in selected tr UI locale (32.880562ms)
✔ Bank chart formats ledger dates in selected es UI locale (26.901299ms)
✔ a welcome grant preserves the balance and supplies zero practice evidence (1.965236ms)
✔ mixed financial deposits cannot inflate distinct kept days or completed decisions (7.163876ms)
✔ practice week follows local calendar boundaries and repeated days count once (0.367517ms)
✔ reward labels distinguish symbolic unlocking from actual D$ pace estimates in every locale (0.549912ms)
✔ client and server agree on the message limits (0.896788ms)
✔ the request keeps the last 12 messages, trims each to 1500 characters and drops empty ones (0.279192ms)
✔ context is sent only when there is something to send, and is trimmed (0.208796ms)
✔ responses map to a result or a typed error (0.918521ms)
✔ the shared context holds only today, the last kept decisions and short journal lines (6.59807ms)
✔ a matching current durable document uploads and records current plus historical confirmation (26.989482ms)
✔ a stale rendered profile payload cannot roll acknowledged cloud work backward (10.966154ms)
✔ a stale rendered notebook payload cannot roll acknowledged cloud work backward (7.306282ms)
✔ a stale rendered futureSelf payload cannot roll acknowledged cloud work backward (3.313176ms)
✔ missing authoritative local record rejects a push before any cloud query (3.185753ms)
✔ invalid-json authoritative local record rejects a push before any cloud query (3.536715ms)
✔ invalid-document authoritative local record rejects a push before any cloud query (2.878138ms)
✔ a course-only stale caller uses the existing latest-course normalization and can upload (9.43871ms)
✔ an ordinary repository save invalidates current confirmation immediately and retains history (5.546407ms)
✔ a durable Notebook action invalidates confirmation without waiting for its debounce (7.474427ms)
✔ a durable course save invalidates confirmation without requiring the AppProvider event listener (3.414871ms)
✔ a save suppressed by its account guard still makes the current durable document dirty (4.190995ms)
✔ a failed durable repository write preserves previous current confirmation (8.992234ms)
✔ a failed durable notebook write preserves previous current confirmation (5.471794ms)
✔ a failed durable course write preserves previous current confirmation (10.888546ms)
✔ dirty startup does not automatically restore the same acknowledged cloud baseline over newer device work (8.156018ms)
✔ an old in-flight upload retains its remote baseline while the latest durable document remains dirty (7.06095ms)
✔ the latest queued durable payload updates after an older in-flight upload without reverting cloud or device (14.532042ms)
✔ a cloud-restore fingerprint resolve after account drift returns false without publishing obsolete status (5.617575ms)
✔ a cloud-restore fingerprint reject after account drift returns false without publishing obsolete status (4.607876ms)
✔ a cloud-restore fingerprint resolve after project drift returns false without publishing obsolete status (5.89117ms)
✔ a cloud-restore fingerprint reject after project drift returns false without publishing obsolete status (4.502146ms)
✔ a cloud-restore fingerprint resolve after local-record drift returns false without publishing obsolete status (4.87429ms)
✔ a cloud-restore fingerprint reject after local-record drift returns false without publishing obsolete status (6.470126ms)
✔ a rejected current cloud-restore fingerprint returns false, preserves durable data and reports unconfirmed backup (5.669274ms)
✔ cloud-restore acknowledgement owner-quota failure returns a boolean and keeps the durable restored record (4.736572ms)
✔ cloud-restore acknowledgement document-read failure returns a boolean and keeps the durable restored record (4.496398ms)
✔ a clean-reload confirmation fingerprint resolve after account B cannot publish account A status (4.017232ms)
✔ a clean-reload confirmation fingerprint reject after account B cannot publish account A status (4.356546ms)
✔ confirmation bootstrap after a clean reload is tied to the actual persisted document (5.345122ms)
✔ confirmation bootstrap after a dirty reload preserves device work and historical cloud time (5.6673ms)
✔ a coherently hydrated external-tab edit cannot inherit another tab’s current-document confirmation (4.198627ms)
✔ a pending cloud SELECT cannot replace data after account switch (2.818037ms)
✔ a pending cloud SELECT cannot replace data after project switch (0.64721ms)
✔ a pending cloud SELECT cannot replace data after logout and reauthentication as the same account (0.744787ms)
✔ a pending cloud SELECT cannot replace data after an explicit local import barrier (0.749124ms)
✔ a pending cloud SELECT cannot replace data after newer saved personal writing (0.687761ms)
✔ a reviewed cloud restore is checked inside the write lock after account switch (8.618679ms)
✔ a reviewed cloud restore is checked inside the write lock after project switch (1.781738ms)
✔ a reviewed cloud restore is checked inside the write lock after logout and reauthentication as the same account (1.441152ms)
✔ a reviewed cloud restore is checked inside the write lock after an explicit local import barrier (1.513611ms)
✔ a reviewed cloud restore is checked inside the write lock after newer saved personal writing (1.383465ms)
✔ an unchanged reviewed cloud record commits once and records its scoped sync (3.375921ms)
✔ manual sync cannot fall back to uploading a captured previous-account snapshot (0.69978ms)
✔ a delayed automatic backup remains bound to its original account (0.418945ms)
✔ an old upload success cannot mark or emit the new cloud scope (3.955128ms)
✔ an old upload failure cannot mark or emit the new cloud scope (1.73073ms)
✔ fresh OTP sign-in cannot overwrite existing cloud work on the first ordinary save (7.811137ms)
✔ an absent cloud row is inserted once and acknowledges the returned server version and exact data (10.318353ms)
✔ offline SELECT throws and reconnect retain both records (3.875117ms)
✔ offline SELECT resolved and reconnect retain both records (2.581438ms)
✔ shared device A→B→A cannot reuse the historical acknowledgement of A after B owns the record (12.059368ms)
✔ a stale upload SELECT after account cannot write or alter current-scope status (1.813496ms)
✔ a stale upload SELECT after project cannot write or alter current-scope status (1.053545ms)
✔ a stale upload SELECT after logout-return cannot write or alter current-scope status (1.099495ms)
✔ a stale upload SELECT after local-edit cannot write or alter current-scope status (1.013284ms)
✔ a stale upload SELECT after import cannot write or alter current-scope status (1.18203ms)
✔ same-version remote content changed at the fresh read cannot authorize overwrite (3.951252ms)
✔ canonical acknowledgement treats reordered object keys as equal, but retains array order (6.601585ms)
✔ a changed remote version between SELECT and UPDATE yields zero rows and never acknowledges success (3.26954ms)
✔ an absent-row insert race preserves the winning cloud record and holds the import token (1.790281ms)
✔ empty returned write representation never acknowledges or clears import intent (1.32701ms)
✔ missing returned write representation never acknowledges or clears import intent (1.346278ms)
✔ invalid-data returned write representation never acknowledges or clears import intent (1.259727ms)
✔ invalid-version returned write representation never acknowledges or clears import intent (1.35378ms)
✔ multiple returned write representation never acknowledges or clears import intent (1.718693ms)
✔ a legacy timestamp-only acknowledgement cannot authorize an existing-row upload (1.249541ms)
✔ previewing or declining a cloud restore creates no acknowledgement and later saves remain held (2.090584ms)
✔ accepted cloud restore acknowledges the raw fetched JSON, including omitted legacy course data (7.387876ms)
✔ an explicit import facing unacknowledged existing cloud keeps bytes/token and cannot bypass review protection (1.32098ms)
✔ an explicit import into absent cloud can insert and clear only its still-current token (2.233762ms)
✔ a late write response cannot acknowledge a new account or clear a newer import token (1.655767ms)
✔ a write response cannot clear an import created while that same account upload waited (1.801678ms)
✔ acknowledgement storage failure does not report sync success or clear imported intent (4.243736ms)
✔ hash failure cannot mutate cloud or acknowledge the local record (3.060694ms)
✔ awaited remote fingerprint after account cannot authorize a stale write (4.058575ms)
✔ awaited remote fingerprint after local-edit cannot authorize a stale write (6.585541ms)
✔ awaited remote fingerprint after import cannot authorize a stale write (2.356337ms)
✔ a malformed-data SELECT pauses upload without choosing a winner (1.586902ms)
✔ a invalid-version SELECT pauses upload without choosing a winner (0.712068ms)
✔ successful upload acknowledges the actual returned server version rather than the attempted client timestamp (2.715912ms)
✔ a rejected reviewed restore cannot establish cloud acknowledgement (1.781126ms)
✔ a regressed clock advances the conditional write beyond remote microseconds 2040-01-01T00:00:00.999999Z (5.424043ms)
✔ a regressed clock advances the conditional write beyond remote microseconds 2040-01-01T00:00:00.000001+00:00 (4.871455ms)
✔ a valid returned document differing from the sent snapshot cannot establish upload permission (2.955054ms)
✔ a represented conditional write that fails to advance its version cannot be acknowledged (6.017911ms)
✔ an absent-row insert is not attempted when payload hashing is unavailable (1.237534ms)
✔ another owner recorded during hashing invalidates an earlier acknowledgement without changing device bytes (7.354756ms)
✔ another owner recorded during an upload response cannot be overwritten by its late acknowledgement (1.671781ms)
✔ an acknowledgement storage-read failure after durable restore returns false and preserves the restored record (1.513411ms)
✔ a rejected SELECT after a newer local save cannot replace that newer status (1.049449ms)
✔ a manual preview stays paused without acknowledging cloud work until an accepted commit (2.812688ms)
✔ manual review exposes unacknowledged/changed cloud at -1000ms while default startup policy remains unchanged (3.020372ms)
✔ manual review exposes unacknowledged/changed cloud at 0ms while default startup policy remains unchanged (2.195744ms)
✔ manual review exposes unacknowledged/changed cloud at 1000ms while default startup policy remains unchanged (2.844476ms)
✔ known limitation: a legacy same-version mutation after SELECT can pass timestamp-only CAS (7.464702ms)
✔ levels and monthly limits match the plan (3.41484ms)
✔ the highest active RevenueCat entitlement wins; expired ones do not count (0.502782ms)
✔ the tier cache is fresh for ten minutes (0.221104ms)
✔ requests are validated, trimmed and may be empty for a status check (0.593809ms)
✔ crisis words in English, Turkish and Spanish are caught; everyday worry is not (3.234056ms)
✔ the prompt sets the persona, safety rules and reply language; context reaches only the coach level (0.311532ms)
✔ the function keeps secrets and message text out of code and logs (0.401098ms)
✔ no AI provider secret is referenced from the app bundle code (35.090022ms)
✔ lightweight course previews and restore metadata match each real edition (5.670876ms)
✔ English editions keep every course and lesson ID of the Turkish edition (1.248941ms)
✔ every English lesson goes deeper and tells an example story (6.515234ms)
✔ every course and lesson has a real, distinct photo with alt text (0.559087ms)
✔ technique cards name their origin, give doable steps and say honestly what the evidence supports (1.071723ms)
✔ every course states its purpose, scope and outcome, with usable lesson durations (0.316859ms)
✔ the bibliography distinguishes research from guidance and includes usable HTTPS references and limitations (1.007626ms)
✔ every lesson cites existing sources and every advertised research source is used (0.411302ms)
✔ each lesson has two reading paragraphs, three distinct practice instructions and reflection support (3.821476ms)
✔ each lesson offers three distinct answers, one valid correct index and explanatory feedback (1.032002ms)
✔ every lesson has one visual; charts quote a source the lesson cites (0.609203ms)
✔ Spanish editions mirror the English structure (1.91547ms)
✔ Spanish source ids are unique (0.309308ms)
✔ stable course IDs keep their ordered lesson IDs for stored progress (4.369626ms)
✔ every course and lesson has a real, distinct photo with Turkish alt text (1.336092ms)
✔ technique cards name their origin, give doable steps and say honestly what the evidence supports (1.458288ms)
✔ every course states its purpose, scope and outcome, with usable lesson durations (0.493717ms)
✔ the bibliography distinguishes research from guidance and includes usable HTTPS references and limitations (1.394171ms)
✔ every lesson cites existing sources and every advertised research source is used (0.671577ms)
✔ each lesson has two reading paragraphs, three distinct practice instructions and reflection support (4.80172ms)
✔ each lesson offers three distinct answers, one valid correct index and explanatory feedback (1.421332ms)
✔ every lesson has one visual; charts quote a source the lesson cites (0.838399ms)
✔ every untouched course previews its real edition without creating saved learning (5.019059ms)
✔ a saved tick, answer zero, reflection or completion constitutes learning, unlike a blank record (2.684875ms)
✔ saved progress resumes each of the 103 actual lessons across all three editions and Today agrees (40.043077ms)
✔ a later draft cannot skip unfinished prerequisite lessons (0.474609ms)
✔ workbook-only plans stay available for review without inventing lesson progress (0.646008ms)
✔ ordinary saves retain an explicit view while account and same-account backup replacement invalidate it (0.14519ms)
✔ course entry instructions have matching localized keys and keep the actual lesson-number placeholder (0.743515ms)
✔ all 18 courses have distinct, actionable guides in every supported language (1.331165ms)
✔ studio is optional and initially collapsed; completed courses open their transfer practice (34.353432ms)
✔ new plans preserve optionality and keep an independent copy of private fields (0.646519ms)
✔ untrusted backup data cannot introduce unknown courses, malformed dates, duplicate entries, or oversized notes (0.843357ms)
✔ retrying the same journal entry is idempotent; paused and adapted entries retain honest observations (0.399204ms)
✔ journal keeps the most recent bounded entries and does not mutate input during normalization (0.584035ms)
✔ calendar validation handles leap days, impossible dates, and week/month/year transitions (0.180133ms)
✔ due review needs a usable plan; completing review sets a fresh revisit without losing reflection (0.188024ms)
✔ course progress saves and completed lessons keep the plan, journal, and review after an interrupted round trip (0.955657ms)
✔ a practice plan cannot unlock lessons or manufacture completion (0.265492ms)
✔ a localized portable artifact retains ordinary private text without embedding executable HTML (0.364141ms)
✔ rapid edits remain visible and are replayed in order under serialized persistence (6.899807ms)
✔ failed drafts survive later edits and a retry rebases them over unrelated saved work (0.447508ms)
✔ same-tab save notifications retain newer input while an earlier batch is committing (0.40929ms)
✔ unexpected persistence exceptions preserve private work and allow a later successful save (0.453717ms)
✔ retry clicked while a failed write is settling starts a fresh persistence attempt (0.394798ms)
✔ malformed and unsupported records recover to separate empty states (2.299692ms)
✔ unknown IDs and properties are discarded; checklists are resized with strict booleans (0.648992ms)
✔ negative, fractional, nonnumeric and out-of-range answers do not satisfy a lesson (0.781513ms)
✔ notes are bounded while their newlines and ordinary content survive (0.198581ms)
✔ tampered completion cannot bypass the exercise, answer or preceding lessons (0.316979ms)
✔ valid completed prefixes survive independently for different courses (0.319243ms)
✔ draft updates are immutable and cannot mark a lesson complete (0.317ms)
✔ completion follows the real course in order and is idempotent (1.78314ms)
✔ editing a completed prerequisite revalidates later lessons without losing drafts (0.568812ms)
✔ caller-supplied lesson and course objects cannot change the answer or bypass a course (0.48216ms)
✔ saving and reloading preserve a completed lesson and an unfinished draft (2.160261ms)
✔ blocked storage and quota failures are reported without throwing (0.883658ms)
✔ a decision kept today takes priority over array order and an older active carry-over (1.685392ms)
✔ a newly chosen decision after a kept one remains actionable today (0.190538ms)
✔ yesterday’s completion, archived decisions, invalid timestamps and future plans never masquerade as today (0.155896ms)
✔ daily decisions use the local calendar around UTC midnight in both timezone directions (0.457092ms)
✔ a missed weekly review remains available on Wednesday and follows local Sunday boundaries (0.15201ms)
✔ weekly evidence counts actual distinct days and bounds entries to the reviewed calendar week (7.295626ms)
✔ an unfinished decision can be reviewed without inventing completed progress (0.199052ms)
✔ saving and editing a daily reflection preserves other pages, rewards once, and survives JSON backup replacement (1.109741ms)
✔ course continuation resumes selected work before the suggested course and advances to the actual incomplete lesson (0.521119ms)
✔ course continuation recognizes an interrupted first answer of zero and never offers an already completed course (0.368088ms)
✔ daily loop copy has explicit matching nonempty English, Turkish and Spanish strings (0.232122ms)
✔ concurrent retries of a kept daily decision record evidence and reward exactly once (23.344174ms)
✔ deep backup safety: reject unparseable notebook day before replacing any storage (5.265552ms)
✔ deep backup safety: reject impossible calendar day before replacing any storage (0.998592ms)
✔ deep backup safety: reject object mood rendered in journal before replacing any storage (0.938852ms)
✔ deep backup safety: reject object prompt assigned to editor before replacing any storage (0.846752ms)
✔ deep backup safety: reject unknown kind hidden by every writing surface before replacing any storage (0.886933ms)
✔ deep backup safety: reject unparseable gratitude day before replacing any storage (0.784578ms)
✔ deep backup safety: reject invalid writing activity day before replacing any storage (0.841694ms)
✔ deep backup safety: reject invalid ledger day before replacing any storage (0.574209ms)
✔ deep backup safety: reject object activity transaction reference before replacing any storage (0.74658ms)
✔ deep backup safety: reject invalid 369 start day before replacing any storage (1.158904ms)
✔ deep backup safety: reject invalid 369 history day before replacing any storage (0.661421ms)
✔ deep backup safety: reject object archive marker hiding a practice before replacing any storage (0.636484ms)
✔ deep backup safety: reject object 369 day timestamp before replacing any storage (0.592017ms)
✔ deep backup safety: reject dream instant producing an invalid display day before replacing any storage (0.804148ms)
✔ deep backup safety: reject invalid course attempt day silently dropping a note before replacing any storage (0.827452ms)
✔ deep backup safety: reject invalid course review due date before replacing any storage (0.910889ms)
✔ deep backup safety: reject invalid course review completion date before replacing any storage (0.771778ms)
✔ deep backup safety: legitimate exported writing, legacy moods, and leap days roundtrip and render (31.246127ms)
✔ deep backup safety: legacy backups without a notebook retain dream fields and local courses (0.618246ms)
✔ an earlier account sync timestamp cannot hide another account cloud record (14.011854ms)
✔ a legacy unscoped timestamp is not proof that this account is synchronized (1.379659ms)
✔ an account deletion response cannot sign out a later signed-in account (0.855555ms)
✔ an account deletion response cannot clear a new project connection (0.304231ms)
✔ a late cloud coach reply cannot be accepted in another account scope (17.072718ms)
✔ account deletion cannot start with another account after awaiting the client (1.362403ms)
✔ cloud coach context consent is isolated between accounts and projects (0.250389ms)
✔ a token refresh keeps the current account coach request valid (0.561119ms)
✔ a project change while reading a coach response also expires its content (0.390901ms)
✔ stopping the coach cancels a response body still being downloaded (0.58805ms)
✔ a queued backup cannot upload a local document rolled back while it waited (5.018548ms)
✔ the latest queued backup still uploads after a preceding slower backup (13.730979ms)
✔ returning to an earlier account cannot reuse its timestamp for another account local record (4.927621ms)
✔ a replaced dataset cannot inherit this account historical synchronization proof (2.328065ms)
✔ an owner-metadata quota failure cannot advertise a newer synchronized local record (5.237128ms)
✔ every localized course can complete and carry its notes into the other editions (30.122967ms)
✔ practice calendar keeps the local day across UTC midnight and daylight-saving weeks (0.498625ms)
✔ a transient personal-record read failure cannot replace already saved course work with an empty fallback (2.313873ms)
✔ a blocked-save session retains private edits and warning after its only view unmounts, then retries successfully (0.583433ms)
✔ explicit replacement cancels a queued old draft while allowing new edits to save after the lock releases (0.787493ms)
✔ a transient legacy-course read failure cannot overwrite the previous separate course record (0.3436ms)
✔ a different tab replacement discards old private draft before replay even when its storage event has not arrived (2.508097ms)
✔ other-tab provisional replacement notifications wait for rollback before inspecting epochs or discarding private drafts (1.884293ms)
✔ same-tab course publication runs under the lock before another tab can project a provisional replacement (0.874134ms)
✔ purchases and payments committed within one clock tick keep distinct identities (4.59742ms)
✔ habit completion dates agree with the local Today calendar on either side of UTC midnight (1.288431ms)
✔ habit yesterday and streaks count actual calendar dates through both DST changes (0.267154ms)
✔ habits roll over at local midnight and keep the previous local day history (1.446199ms)
✔ rollover fallback converts the last-opened instant to its local day (0.264019ms)
✔ date-only values display their saved day while timestamps retain instant conversion (13.01855ms)
✔ calendar formatting rejects normalized impossible days and keeps invalid values readable (0.333505ms)
✔ habit reward identity survives undo, reload and UTC midnight without paying the same local day twice (0.344863ms)
✔ local midnight cannot earn the same habit twice in the UTC reward day (0.131599ms)
✔ habit and check-in rewards share the notebook UTC ceiling, including partial and exhausted budgets (0.37588ms)
✔ a profile save captured before a decision completion retains the kept decision and its evidence (16.825314ms)
✔ concurrent purchases retain both dreams and both payments (3.399247ms)
✔ concurrent purchase checks reject a second claim for the same dream (1.412338ms)
✔ concurrent purchases check affordability against the payment that committed first (1.284855ms)
✔ concurrent savings additions retain both amounts and log entries (1.687916ms)
✔ disjoint profile changes from the same baseline both survive (1.008396ms)
✔ conflicting edits to the same profile field reject before any write and notify the UI (1.324806ms)
✔ an intentional mission deletion and reorder survive a disjoint newer settings save (0.897119ms)
✔ concurrent edits to the mission array reject rather than inventing a merged list (0.831048ms)
✔ even an identical explicit restore invalidates snapshots that were captured before it (1.785503ms)
✔ a profile write queued behind a restore cannot resurrect pre-restore writing (2.006599ms)
✔ legacy records missing transactions can merge a settings edit after a course-only write (0.761403ms)
✔ clearing and recreating the personal record invalidates earlier editable snapshots (1.769068ms)
✔ deleting imported own magic keys while another nested field changes never revives them (0.885701ms)
✔ mission evidence, generated bridges and savings logs keep unique IDs in a single clock tick (2.494987ms)
✔ all 160 shipped English cue identities/text hashes match the 11 runtime sessions (2.803675ms)
✔ every public MP3 byte count/checksum matches delivered metadata and no model/runtime is shipped (29.384439ms)
✔ all shipped decoded/container durations fit the original cue windows with at least250ms margin (2.328415ms)
✔ service worker leaves narration to the verified on-demand cache and does not precache MP3s (0.274555ms)
✔ levels are ordered free < essentials < pro < coach (2.091556ms)
✔ coach message allowances follow the product spec (0.160743ms)
✔ essential courses exist, and Turning Day is not one of them (it is free for all) (0.268076ms)
✔ nothing is locked where subscriptions cannot be bought (web), at any level (0.286103ms)
✔ free level: Turning Day in full, first lessons of the rest, first sounds of each category (0.145481ms)
✔ essentials opens the six core courses and the whole Sound Room, not the rest (0.31713ms)
✔ pro and coach open every lesson and sound (0.25061ms)
✔ six products: two per paid level, ids match the App Store spec (2.281324ms)
✔ RevenueCat entitlements resolve to the highest active level (0.364852ms)
✔ annual saving is computed from real prices only (0.528179ms)
✔ Stop cancels a cue still waiting for synthesis without starting audio (7.039068ms)
✔ deferred synthesis starts at the latest requested volume 0 (0.603383ms)
✔ deferred audio resume starts at the latest requested volume 0 (0.395318ms)
✔ deferred Settings preview preserves requested volume 0 (0.36325ms)
✔ deferred synthesis starts at the latest requested volume 0.35 (0.311291ms)
✔ deferred audio resume starts at the latest requested volume 0.35 (0.298261ms)
✔ deferred Settings preview preserves requested volume 0.35 (0.240924ms)
✔ a volume change during loading preserves stop protection (1.283534ms)
✔ a volume change during loading preserves pause-resume protection (0.271501ms)
✔ a volume change during loading preserves new-session protection (2.875233ms)
✔ a newer cue owns playback when an older synthesis resolves later (1.714245ms)
✔ Pause then Resume cannot resurrect a cue waiting for synthesis (0.209978ms)
✔ Stop also cancels a cue waiting for the audio context to resume (0.21801ms)
✔ a new cue supersedes one waiting for the audio context to resume (2.10726ms)
✔ Pause and Resume invalidate pending context-resume playback (0.380906ms)
✔ replacement immediately stops active audio while the new clip is pending (0.304171ms)
✔ stale source completion cannot clear or end the new cue (0.400536ms)
✔ Pause and Resume preserve an already-started cue without starting it twice (0.261166ms)
✔ unavailable synthesis reports failure without creating an audio source (0.182586ms)
✔ a failed audio context resume reports failure without starting playback (2.28826ms)
✔ a failed source start reports failure and never announces playback (0.56773ms)
✔ English narration cache stays the same when UI locale changes (40.599549ms)
✔ a Settings preview resolving after Stop cannot start playback (0.286474ms)
✔ a Settings preview resolving after a newer cue cannot interrupt it (0.662152ms)
✔ every approved PNG and both approval manifests remain unchanged (19.664072ms)
✔ served responsive variants match actual lossless bitstream dimensions, hashes, and complete-frame geometry (30.906123ms)
✔ all real course covers and tree stages have deployment-scoped responsive sources and retain PNG fallbacks (21.688322ms)
✔ modern-image failures retry the original; PNG and malformed failures reach the existing final fallback (0.253193ms)
✔ 3D decorative growth preserves 60 kept decisions and 30 extra blossoms (1.257554ms)
✔ 3D display normalizes invalid counts without changing the evidence source (0.221966ms)
✔ static legal pages match src/data/legal.ts (run npx tsx scripts/build-legal.ts) (1.627034ms)
✔ every language has the same sections and names the company (0.282859ms)
✔ privacy policy covers what App Review checks (0.299473ms)
✔ local day keys and day gaps follow the calendar, not UTC (1.053575ms)
✔ evidence lists kept decisions newest first and counts the last seven days (7.134482ms)
✔ comeback is kind after a lapse and silent otherwise (0.295788ms)
✔ fresh starts land on the first of the month and on Mondays (0.129406ms)
✔ simple mode lasts a week or until three kept decisions, and can be switched off (0.274105ms)
✔ the day-14 question appears once, only for people who used decisions (0.272543ms)
✔ the weekly look-back is offered on Sunday and Monday, once per week, and its change lasts a week (0.627079ms)
✔ the chain forgives one missed day a week, but not two in a row or two in a week (0.636844ms)
✔ smart reminders aim 30 minutes before the usual kept time, once there is enough history (0.518425ms)
✔ every sign-up intent points at a real course and offers three easy decisions (136.794757ms)
✔ the reminder voice keeps one line per day and never threatens a streak (3.656596ms)
✔ every iOS project and application build configuration enforces the Safari 16.4 baseline (1.388792ms)
✔ Capacitor sync keeps a compatible generated Swift package floor without lowering the app minimum (138.937977ms)
✔ installed native dependency library floors are compatible with the Swift wrapper and app (0.392715ms)
✔ native metadata cannot override the application minimum with an older target (0.636234ms)
✔ native Settings and Account use the shared code flow with device copy in en (14.072626ms)
✔ native Settings and Account use the shared code flow with device copy in tr (31.632854ms)
✔ native Settings and Account use the shared code flow with device copy in es (21.136791ms)
✔ web backup keeps its inline magic-link form and Account keeps link copy (4.281362ms)
✔ native configured signed-in backup retains sync and sign-out actions (2.513075ms)
✔ unconfigured native cloud does not offer a sign-in request (2.243176ms)
✔ actual cloud request and verification use one injected auth adapter and trim input (1.557728ms)
✔ interrupted setup restores fields without allowing a nameless final step (1.209011ms)
✔ a fresh preview seeds only an empty decision and never overwrites restored or typed text (0.165551ms)
✔ unknown, malformed and oversized setup drafts are safely bounded (0.182997ms)
✔ trial length comes only from a free intro offer (1.031411ms)
✔ native reminders: a week ahead, past times skipped, stable ids (0.825609ms)
✔ native planner rejects malformed times and keeps a bounded week inside its namespace (0.711608ms)
✔ interrupted native scheduling leaves the newest state and preserves other notifications (5.868064ms)
✔ a native plugin error does not prevent the next reminder replacement (0.471684ms)
✔ startup waits for restored account rather than temporarily identifying anonymous (1.595215ms)
✔ known sign-out and rapid identity changes are announced immediately, same-ID retry events remain usable (0.211771ms)
✔ failed authentication hydration stays unbound and never identifies anonymous or reads SDK entitlement (0.182326ms)
✔ dispose during initial hydration prevents any late entitlement initialization (0.168185ms)
✔ retry hydrates a currently unknown account before requesting identity or offerings (0.193723ms)
✔ retry with failed hydration cannot bind anonymous or make a subscription request (0.79953ms)
✔ cloud initialization callers share the real restoration promise and never finish early (34.385731ms)
✔ actual failed cloud restoration remains unknown and a later retry can establish the same account (0.921085ms)
✔ a resolved auth error is unknown identity rather than a verified anonymous account (0.48819ms)
✔ unbound init leaves cached native A untouched and exposes prices without personal claims (2.369337ms)
✔ explicitly binding cached A confirms it without login or logout (1.778082ms)
✔ desired B is recorded during native setup before any cached A customer read (5.209027ms)
✔ failed logout clears A claims synchronously and leaves purchase and restore denied (1.220999ms)
✔ staged A, B, A login requests serialize native identity mutation (1.703669ms)
✔ an A purchase settling after desired B success cannot grant B (0.950038ms)
✔ an A purchase settling after desired B cancellation cannot grant B (0.649754ms)
✔ a failed same-ID login can retry without treating desired ID as confirmed ID (0.58107ms)
✔ an offline refresh for confirmed same A preserves its verified entitlement (1.065984ms)
✔ listener payload is only invalidation and canonical aliases do not impersonate another account (0.842185ms)
✔ late A offerings cannot install A packages or personal claims into desired B (0.765118ms)
✔ late A trial eligibility cannot restore a free-trial claim during a B transition (0.806802ms)
✔ a held A customer load from initialization cannot overwrite a later desired B (0.59416ms)
✔ an A restore settling after desired B fails without applying A customer info (1.423706ms)
✔ defer during a held purchase drops trust without native calls and explicit cached-A rebind refreshes it (2.242565ms)
✔ defer during first native setup cancels the old A load and leaves cached A for an explicit rebind (0.434027ms)
✔ defer and immediate same-A rebind cannot accept the older held A customer snapshot (0.62776ms)
✔ canonical A listener refresh rejects its held snapshot if native identity externally drifts to B (0.595521ms)
✔ initial getAppUserID failure at verification read 1 leaves A unconfirmed/free and retryable (0.329839ms)
✔ initial getAppUserID failure at verification read 2 leaves A unconfirmed/free and retryable (0.226423ms)
✔ initial getAppUserID failure at verification read 3 leaves A unconfirmed/free and retryable (0.268807ms)
✔ initial getAppUserID failure at verification read 4 leaves A unconfirmed/free and retryable (0.220965ms)
✔ initial isAnonymous failure at verification read 1 leaves A unconfirmed/free and retryable (0.156607ms)
✔ initial isAnonymous failure at verification read 2 leaves A unconfirmed/free and retryable (0.520288ms)
✔ initial isAnonymous failure at verification read 3 leaves A unconfirmed/free and retryable (0.286844ms)
✔ initial isAnonymous failure at verification read 4 leaves A unconfirmed/free and retryable (0.263068ms)
✔ native paid gates apply before SDK init and after defer while the free samples stay open (0.245251ms)
✔ web and keyless native gates stay open before init and after defer without loading an SDK (0.213303ms)
✔ purchase cannot commit A after desired B arrives in nested verification microtask depth 2 (2.013609ms)
✔ purchase cannot commit A after desired B arrives in nested verification microtask depth 3 (0.527889ms)
✔ restore cannot commit A after desired B arrives in nested verification microtask depth 2 (0.584104ms)
✔ restore cannot commit A after desired B arrives in nested verification microtask depth 3 (0.66054ms)
✔ init cannot commit A after desired B arrives in nested verification microtask depth 2 (0.572597ms)
✔ init cannot commit A after desired B arrives in nested verification microtask depth 3 (0.547368ms)
✔ offerings failure is retryable without configuring or listening twice (3.156308ms)
✔ concurrent initialization shares one pending configure and plan load (7.182956ms)
✔ failed configuration can retry, while a completed setup remains single (0.711627ms)
✔ listener setup failure retries the listener without configuring again (0.565136ms)
✔ a successful empty offering may retry when plans become available (0.424392ms)
✔ free intro pricing is advertised only for confirmed eligible customers (1.013605ms)
✔ missing or failed eligibility checks keep regular prices and unknown trial status (0.716405ms)
✔ an interrupted eligibility refresh after identity change clears the earlier free-trial claim (0.42902ms)
✔ cancelled, pending and failed purchase errors remain distinct and never grant access (0.978181ms)
✔ a successful store response without the requested entitlement remains unconfirmed (0.436661ms)
✔ confirmed entitlement grants access and later SDK updates retain the real highest level (2.825688ms)
✔ restore distinguishes store failure, successful no-plan check, and active entitlement (0.834334ms)
✔ web and unconfigured native flows never load a purchase SDK or create a purchase (0.226944ms)
✔ free duration uses valid store units and cycles, without inventing 30-day months (0.156677ms)
✔ scoped EN/TR/ES uncertain purchase feedback makes no charge or reminder guarantee (0.324882ms)
✔ preserves the first 300 passages and appends exactly 100 each from faith, science and philosophy in order (1.779714ms)
✔ all 600 sourced passages have unique IDs and bilingual text without recycling legacy lines (37.217098ms)
✔ six notifications stay distinct for 100 full days, then repeat, and match the server snapshot across a year boundary (6.075739ms)
✔ local day remains stable from morning to evening; six-time migration preserves existing preferences (0.902015ms)
✔ legacy three-reminder profiles keep their evening time and gain six distinct reminders (0.284251ms)
✔ migration resolves default collisions only in missing slots and reserves later saved slots first (0.233754ms)
✔ every thinker passage links to a Gutenberg book whose text is kept in docs/quote-sources (13.317412ms)
✔ construction does no fetch/decode; current/upcoming preload reuses the current request (27.896547ms)
✔ Stop aborts loading and no late response starts a source (1.460812ms)
✔ Pause cancels original load; Resume retries current cue with a frozen slot and latest volume (1.121508ms)
✔ Pause→Stop discards current loading retry and Resume does not resurrect it (0.584155ms)
✔ new session cancels old load and only the new session owns audio (1.160287ms)
✔ active pause/resume continues the same cue offset without repeating its start or accepting stale end (1.302241ms)
✔ Replay replaces current source at offset zero and reuses decoded audio (0.489491ms)
✔ latest volume 0 wins after delayed clip loading and changes active gain (0.437852ms)
✔ latest volume 0.35 wins after delayed clip loading and changes active gain (0.496332ms)
✔ latest volume after deferred context resume and Stop/new cue protects pending resume (3.566199ms)
✔ expired loading budget and decoder duration mismatch never start audio (1.121147ms)
✔ missing bytes, bad checksum/source text and nonrunning device fail without invoking a provider (0.88522ms)
✔ verified persisted bytes permit offline replay in a new player; corrupt cached bytes are rejected (2.462588ms)
✔ a definitive recording failure cannot retry on Pause→Resume over a device fallback (0.408478ms)
✔ resumed load failure retains only bounded fallback metadata, never a resumable recording (0.678047ms)
✔ root hosting retains history paths, including direct reloads (0.875476ms)
✔ project hosting keeps every navigation on the same static document (0.301987ms)
✔ landing URLs and non-route fragments do not become unknown routes (0.165891ms)
✔ back/forward hash entries resolve to canonical route IDs (0.138009ms)
✔ icons and service worker URLs stay under their deployment base (0.158249ms)
✔ each person reads and writes only their own backup; anonymous visitors get nothing (1830.66988ms)
✔ an oversized backup is refused (1314.424189ms)
✔ cloud coach counters: people read only their own rows and cannot write or call the increment (1194.736553ms)
✔ the monthly increment stops exactly at the limit and a refund gives one back (1218.240253ms)
✔ a strict Content Security Policy ships with the page (0.936959ms)
✔ index.html has no inline scripts (the CSP forbids them) (0.240184ms)
✔ no raw HTML or eval sinks in the app code (13.375121ms)
✔ links that open a new tab cannot reach back into ODA (4.639725ms)
✔ no secret keys in the shipped code (14.852927ms)
✔ production builds carry no source maps (0.273424ms)
✔ service worker precaches only its project directory (20.862311ms)
✔ standalone support remains available offline without replacing the application shell (5.086321ms)
✔ activation preserves sibling apps and this version media cache (1.530898ms)
✔ notification defaults and legacy targets open the project hash route (2.087901ms)
✔ installed app metadata refreshes instead of retaining the cached identity (2.072417ms)
✔ installed app metadata remains available offline (0.976598ms)
✔ native free direct starts and toggles cannot start an all-paid track (2.85974ms)
✔ downgrade hard-stops owned restricted playing selection without page subscribers (29.545874ms)
✔ downgrade hard-stops owned restricted paused selection without page subscribers (28.867557ms)
✔ downgrade hard-stops owned restricted expired selection without page subscribers (16.337756ms)
✔ owned paid playing selection revokes on identityConfirmed even with a paid cached tier (0.760671ms)
✔ owned paid paused selection revokes on identityConfirmed even with a paid cached tier (0.818049ms)
✔ owned paid expired selection revokes on identityConfirmed even with a paid cached tier (2.221924ms)
✔ owned paid playing selection revokes on identityRevision even with a paid cached tier (0.503623ms)
✔ owned paid paused selection revokes on identityRevision even with a paid cached tier (0.652518ms)
✔ owned paid expired selection revokes on identityRevision even with a paid cached tier (1.276623ms)
✔ same-account confirmed paid access survives offerings loading or failed offline refresh (0.63372ms)
✔ admission reads current purchase state even if a notification has not been emitted (0.259123ms)
✔ live resume and timer change reconcile access even without a purchase notification (0.404353ms)
✔ invalid or mismatched provenance rejects {"sectionId":"relax"} without replacing audio (70.7481ms)
✔ invalid or mismatched provenance rejects {"indexInCategory":3} without replacing audio (43.517537ms)
✔ invalid or mismatched provenance rejects {"sectionId":"focus","indexInCategory":0} without replacing audio (28.479529ms)
✔ invalid or mismatched provenance rejects {"sectionId":"relax","indexInCategory":-1} without replacing audio (31.237394ms)
✔ invalid or mismatched provenance rejects {"sectionId":"relax","indexInCategory":0.5} without replacing audio (31.248772ms)
✔ invalid or mismatched provenance rejects {"sectionId":"relax","indexInCategory":99} without replacing audio (48.822449ms)
✔ essentials admits all catalog origins and preserves the timer and user volume (576.232037ms)
✔ pro admits all catalog origins and preserves the timer and user volume (456.599426ms)
✔ coach admits all catalog origins and preserves the timer and user volume (284.748172ms)
✔ each category first two entries remain free, including duplicate 432 and brown-noise origins (195.346736ms)
✔ omitted-origin admission allows any-free aliases and denies exclusively paid tracks (32.551564ms)
✔ web and unconfigured purchases keep paid sounds open through identity transitions (0.538636ms)
✔ external Focus tibetan_bowls replacement survives Sound Room downgrade (3.798892ms)
✔ external Focus waves replacement survives Sound Room downgrade (49.508367ms)
✔ purchase event during an engine start cannot publish a revoked playing selection (0.615262ms)
✔ purchase event during player publication cannot re-arm the revoked timer (0.415269ms)
✔ external waves replacement during player publication retains its untimed graph (27.465453ms)
✔ external tibetan_bowls replacement during player publication retains its untimed graph (1.319798ms)
✔ an unavailable AudioContext rejects the actual engine start without claiming playback (0.358253ms)
✔ failed buffer allocation retains entitlement ownership of the existing paid graph (41.392058ms)
✔ failed no replacement retains entitlement ownership of the existing paid graph (0.493327ms)
✔ same-track no-op cannot take revocation ownership of an external Focus graph (0.415099ms)
✔ pause publication from SoundRoom cannot fade or time the reentrant external tibetan_bowls graph (1.901189ms)
✔ pause publication from Focus cannot fade or time the reentrant external tibetan_bowls graph (1.811833ms)
✔ pause publication from SoundRoom cannot fade or time the reentrant external waves graph (29.374023ms)
✔ pause publication from Focus cannot fade or time the reentrant external waves graph (38.489929ms)
✔ setTimer publication from SoundRoom cannot fade or time the reentrant external tibetan_bowls graph (2.042723ms)
✔ setTimer publication from Focus cannot fade or time the reentrant external tibetan_bowls graph (8.441621ms)
✔ setTimer publication from SoundRoom cannot fade or time the reentrant external waves graph (37.770206ms)
✔ setTimer publication from Focus cannot fade or time the reentrant external waves graph (39.332731ms)
✔ ordinary PlayerBar timer and pause controls still act on the current external Focus graph (78.778964ms)
✔ silence or an absent audio context cannot publish a playing selection (0.461658ms)
✔ breath pacer runs at about 5.5 breaths a minute (0.85194ms)
✔ breathPhase: inhale first, then exhale, then repeats (0.723746ms)
✔ breathPhase is safe with odd input (0.141213ms)
✔ formatRemaining (0.139251ms)
✔ timer fades: a minute for sleep, short otherwise, never over half the timer (0.226503ms)
✔ arming a timer retains the independent three-second attack and actual stereo loop (81.450609ms)
✔ mute and volume respond immediately at the beginning of a timer fade (43.172735ms)
✔ mute and volume respond immediately at the middle of a timer fade (26.850272ms)
✔ mute and volume respond immediately at the end of a timer fade (25.194184ms)
✔ running fades can shorten but do not extend, and timer cancellation preserves user volume (51.356856ms)
✔ shortening a running fade with a delay cannot restore a louder envelope (69.316847ms)
✔ browsers without cancelAndHold retain the current level when shortening a fade (47.013369ms)
✔ track switches release the previous graph and repeated switches/stops bound resources (837.03672ms)
✔ stop/restart of a tone cancels its initial bowl and recurring callbacks (1.438037ms)
✔ natural bowl endings disconnect their tails while the current ambient drone continues (0.622603ms)
✔ Sound Room timer arming, pause/resume and expiry keep player state and start fade intact (65.797259ms)
✔ external restart of the same track clears the Sound Room countdown and timer selection (66.633435ms)
✔ public support is generated from the same localized help as the app (7.715792ms)
✔ each store locale links to the shipped public support artifact (0.253685ms)
✔ growth keeps an exact capped ledger through every stage boundary and beyond the canopy (7.116134ms)
✔ approved tree pixels and normalized roots match their independent asset manifest (8.987117ms)
✔ rendered paywall claims a free trial only for confirmed eligibility (40.425706ms)
✔ rendered failed offerings include an explicit retry action (6.788478ms)
✔ web paywall keeps free access and does not offer a purchase CTA (13.438656ms)
✔ unconfirmed identity shows truthful verification retry and disables buy and restore even with cached prices (4.546273ms)
✔ pending identity verification does not render a trial or an enabled restore action (2.769903ms)
✔ guided narration keeps original English text and voice with en UI (3.987347ms)
✔ guided narration keeps original English text and voice with tr UI (18.28898ms)
✔ guided narration keeps original English text and voice with es UI (14.59058ms)
✔ English inventory accepts language tags and rejects names or unrelated prefixes (0.425824ms)
✔ an explicitly selected English voice wins over a preferred device name (0.371302ms)
✔ guided speech truthfully reports unavailable with empty inventory (0.397272ms)
✔ guided speech truthfully reports unavailable with non-English inventory (0.230228ms)
✔ late English voice installation refreshes availability and unsubscribe removes listeners (0.44881ms)
✔ Notebook retains verbatim tr text, matching device voice and saved meditation preferences (0.608692ms)
✔ Notebook retains verbatim es text, matching device voice and saved meditation preferences (0.467358ms)
✔ Notebook preserves implicit device language when its voice list has not loaded (0.303049ms)
✔ unsupported device speech does not report available or queued playback (0.220614ms)
✔ empty or disabled cues leave the device queue empty (0.551364ms)
✔ nonzero device volume changes apply to the next utterance without pretending to change active speech (0.44204ms)
✔ zero device volume cancels the owned paused utterance and Resume cannot revive it (0.456562ms)
✔ Stop while device speech is paused lets a new session resume the device queue (0.295457ms)
✔ device cancel failures produce an honest false result (0.264902ms)
✔ device enqueue failures produce an honest false result (0.302578ms)
✔ new cues and Stop detach utterance handlers and ignore captured stale callbacks (0.379555ms)
✔ pause and resume keep the active browser cue, restore speaking state and reject replay while paused (0.318542ms)
✔ stop prevents a delayed provider failure from reviving an obsolete English device cue (0.425855ms)
✔ pause-resume prevents a delayed provider failure from reviving an obsolete English device cue (0.227895ms)
✔ new-cue prevents a delayed provider failure from reviving an obsolete English device cue (0.258922ms)
✔ current provider failure falls back to English device speech; a non-English inventory cannot substitute (0.338512ms)
✔ the optional recorder remains dormant until registration and receives identified current/upcoming cues (0.712188ms)
✔ registered recorder missing clip uses truthful English device fallback without a provider (0.444734ms)
✔ registered recorder overlong clip uses truthful English device fallback without a provider (0.301036ms)
✔ registered recorder wrong language uses truthful English device fallback without a provider (3.430194ms)
✔ registered recorder missing text hash uses truthful English device fallback without a provider (0.208146ms)
✔ registered recorder missing checksum uses truthful English device fallback without a provider (0.195816ms)
✔ registered recorder missing version uses truthful English device fallback without a provider (0.162235ms)
✔ registered recorder wrong cue identity uses truthful English device fallback without a provider (0.28377ms)
✔ registered recorder expired cue slot uses truthful English device fallback without a provider (0.228336ms)
✔ registered recorder unbounded cue slot uses truthful English device fallback without a provider (0.175265ms)
✔ a recorder hash/source verification failure falls back, and absent English speech reports unavailable (0.306244ms)
✔ new cues stop clips and stale recorded callbacks/failures cannot change current playback (0.359204ms)
✔ recorded pause invalidates pending start/fallback even after resume, and Stop invalidates callbacks (0.253684ms)
✔ current recorded load failure falls back to English and unregistering restores device narration (0.268917ms)
✔ synchronous recorded verification and playback errors truthfully queue English fallback (1.4529ms)
✔ a recorded request that already ended cannot later fall back and revive the cue (0.203739ms)
✔ actual playback mode stays loading until recorded start and reports English device fallback (0.349469ms)
✔ a resumed recording failure uses only installed English device speech and rejects stale resume fallback (0.370781ms)
✔ registered recorded volume receives current preference and live zero/nonzero changes (0.233874ms)
ℹ tests 597
ℹ suites 0
ℹ pass 597
ℹ fail 0
ℹ cancelled 0
ℹ skipped 0
ℹ todo 0
ℹ duration_ms 10229.970661
npm notice
npm notice New major version of npm available! 11.9.0 -> 12.2.0
npm notice Changelog: https://github.com/npm/cli/releases/tag/v12.2.0
npm notice To update run: npm install -g npm@12.2.0
npm notice

> oda-one-decision-away@1.0.0 build
> vite build

vite v6.4.3 building for production...
<script src="/one-decision-away/theme-init.js"> in "/index.html" can't be bundled without type="module" attribute
transforming...
✓ 3388 modules transformed.
rendering chunks...
[plugin vite:reporter] 
(!) /workspace/oda-reference-redesign/src/services/cloudSync.ts is dynamically imported by /workspace/oda-reference-redesign/src/main.tsx but also statically imported by /workspace/oda-reference-redesign/src/components/BackupAndCloudSettings.tsx, /workspace/oda-reference-redesign/src/components/BackupReminder.tsx, /workspace/oda-reference-redesign/src/components/DailyNudgesSettings.tsx, /workspace/oda-reference-redesign/src/pages/Account.tsx, /workspace/oda-reference-redesign/src/pages/Coach.tsx, /workspace/oda-reference-redesign/src/pages/Upgrade.tsx, /workspace/oda-reference-redesign/src/services/cloudCoach.ts, /workspace/oda-reference-redesign/src/services/courseProgress.ts, /workspace/oda-reference-redesign/src/services/pushNotifications.ts, /workspace/oda-reference-redesign/src/services/repository.ts, /workspace/oda-reference-redesign/src/services/useCloudState.ts, /workspace/oda-reference-redesign/src/store/useApp.tsx, dynamic import will not move module into another chunk.

computing gzip size...
dist/index.html                                                       3.43 kB │ gzip:     1.14 kB
dist/assets/hanken-grotesk-vietnamese-wght-normal-CHiFlh_0.woff2      9.32 kB
dist/assets/hanken-grotesk-latin-ext-wght-normal-Dg-wlmqe.woff2      19.59 kB
dist/assets/newsreader-vietnamese-opsz-normal-BjhtXyW2.woff2         27.25 kB
dist/assets/newsreader-vietnamese-opsz-italic-DTr-ymY4.woff2         27.90 kB
dist/assets/hanken-grotesk-latin-wght-normal-CaVRRdDk.woff2          34.70 kB
dist/assets/newsreader-latin-ext-opsz-normal-BQn1nviT.woff2          86.61 kB
dist/assets/newsreader-latin-ext-opsz-italic-CSPGnFdO.woff2          95.54 kB
dist/assets/newsreader-latin-opsz-normal-s-izfB6B.woff2             132.00 kB
dist/assets/newsreader-latin-opsz-italic-kJKFiXvB.woff2             146.87 kB
dist/assets/aiCoach.worker-C60CQ1Xm.js                            6,039.34 kB
dist/assets/Today-D76Bu5Fr.css                                        4.80 kB │ gzip:     1.29 kB
dist/assets/Coach-FmmySK6D.css                                        5.95 kB │ gzip:     2.15 kB
dist/assets/Notebook-D4Mn9VZC.css                                    14.15 kB │ gzip:     2.81 kB
dist/assets/workingSurfaces-C7ThxB-U.css                             14.43 kB │ gzip:     3.23 kB
dist/assets/SoundRoom-D7sph2cN.css                                   15.99 kB │ gzip:     4.06 kB
dist/assets/Courses-BKn5AeI_.css                                     34.16 kB │ gzip:     5.96 kB
dist/assets/index-BD7SNJOJ.css                                      110.59 kB │ gzip:    23.16 kB
dist/assets/de-FmFgRqLi.js                                            0.03 kB │ gzip:     0.05 kB
dist/assets/fr-FmFgRqLi.js                                            0.03 kB │ gzip:     0.05 kB
dist/assets/it-FmFgRqLi.js                                            0.03 kB │ gzip:     0.05 kB
dist/assets/ru-FmFgRqLi.js                                            0.03 kB │ gzip:     0.05 kB
dist/assets/web-D58yoJYe.js                                           0.18 kB │ gzip:     0.16 kB
dist/assets/useCloudState-K00nOFZH.js                                 0.20 kB │ gzip:     0.18 kB
dist/assets/chevron-right-BDAYAbRP.js                                 0.30 kB │ gzip:     0.25 kB
dist/assets/square-C7EVho8q.js                                        0.32 kB │ gzip:     0.26 kB
dist/assets/arrow-up-right-CxW44OEE.js                                0.34 kB │ gzip:     0.27 kB
dist/assets/search-Rk-dfqLb.js                                        0.35 kB │ gzip:     0.28 kB
dist/assets/circle-check-B0jjxZ1w.js                                  0.35 kB │ gzip:     0.28 kB
dist/assets/user-round-Dusc9Z0B.js                                    0.36 kB │ gzip:     0.28 kB
dist/assets/rotate-ccw-D4Vk_l9X.js                                    0.37 kB │ gzip:     0.29 kB
dist/assets/index-CKnDqe0Q.js                                         0.38 kB │ gzip:     0.27 kB
dist/assets/mail-BfFX-zXk.js                                          0.39 kB │ gzip:     0.31 kB
dist/assets/moon-QU1IsNdX.js                                          0.39 kB │ gzip:     0.31 kB
dist/assets/headphones-NWBjV-LN.js                                    0.41 kB │ gzip:     0.29 kB
dist/assets/timer-R8ZZmi61.js                                         0.41 kB │ gzip:     0.29 kB
dist/assets/wind-DYzbf7VQ.js                                          0.42 kB │ gzip:     0.30 kB
dist/assets/archive-gpr_6Y3F.js                                       0.43 kB │ gzip:     0.31 kB
dist/assets/route-7eN6LqKh.js                                         0.43 kB │ gzip:     0.31 kB
dist/assets/lock-keyhole-Dmw6Tvri.js                                  0.43 kB │ gzip:     0.33 kB
dist/assets/index-C4y7G68f.js                                         0.45 kB │ gzip:     0.28 kB
dist/assets/pencil-C0Ol4oxN.js                                        0.45 kB │ gzip:     0.33 kB
dist/assets/pen-line-D79oz0Ai.js                                      0.45 kB │ gzip:     0.33 kB
dist/assets/index-DDRbzIpT.js                                         0.48 kB │ gzip:     0.29 kB
dist/assets/refresh-cw-DpyR8EG0.js                                    0.50 kB │ gzip:     0.33 kB
dist/assets/trash-2-BUEkVt3_.js                                       0.50 kB │ gzip:     0.32 kB
dist/assets/share-2-DgeydMQg.js                                       0.53 kB │ gzip:     0.34 kB
dist/assets/shuffle-Cbat7C_v.js                                       0.56 kB │ gzip:     0.35 kB
dist/assets/sun-moon-BnVS48cx.js                                      0.57 kB │ gzip:     0.38 kB
dist/assets/waves-BQdBDCzf.js                                         0.60 kB │ gzip:     0.32 kB
dist/assets/sparkles-DFJcHBbQ.js                                      0.67 kB │ gzip:     0.39 kB
dist/assets/calendar-days-DIegiwvP.js                                 0.67 kB │ gzip:     0.37 kB
dist/assets/index-ChzAsrsi.js                                         0.67 kB │ gzip:     0.42 kB
dist/assets/trending-up-CEWon7SU.js                                   0.69 kB │ gzip:     0.34 kB
dist/assets/index-BFaas6yb.js                                         0.72 kB │ gzip:     0.41 kB
dist/assets/music-JV0YFr67.js                                         0.75 kB │ gzip:     0.40 kB
dist/assets/purchaseIdentityBinding-tFcjnp2u.js                       0.78 kB │ gzip:     0.34 kB
dist/assets/web-CJsFYp4W.js                                           0.90 kB │ gzip:     0.43 kB
dist/assets/Focus-d9zTXBGs.js                                         0.90 kB │ gzip:     0.48 kB
dist/assets/web-CPHF10zT.js                                           1.06 kB │ gzip:     0.52 kB
dist/assets/courseEntryCopy-ClIZWujk.js                               1.35 kB │ gzip:     0.72 kB
dist/assets/Legal-DIRc0PxV.js                                         2.00 kB │ gzip:     0.91 kB
dist/assets/growth-CtfcX3mW.js                                        2.07 kB │ gzip:     0.92 kB
dist/assets/account-dsycojCa.js                                       2.95 kB │ gzip:     1.37 kB
dist/assets/Support-BjoSkJeX.js                                       3.54 kB │ gzip:     1.26 kB
dist/assets/Seasons-D-sFi7PZ.js                                       3.65 kB │ gzip:     1.29 kB
dist/assets/rewards-CHfgIbrs.js                                       4.17 kB │ gzip:     1.81 kB
dist/assets/Budget-BQj6OO_f.js                                        4.45 kB │ gzip:     1.70 kB
dist/assets/web-QNZWbscG.js                                           4.65 kB │ gzip:     1.40 kB
dist/assets/Evidence-C81v9CcN.js                                      5.45 kB │ gzip:     2.00 kB
dist/assets/Tools-j0wS85YP.js                                         5.60 kB │ gzip:     2.18 kB
dist/assets/Missions-B-2Wv4q5.js                                      5.65 kB │ gzip:     2.05 kB
dist/assets/LifeScore-BRwNVUxv.js                                     5.72 kB │ gzip:     1.92 kB
dist/assets/CourseCover-CWObC5wY.js                                   6.18 kB │ gzip:     2.85 kB
dist/assets/Bridge-CdMm2yYO.js                                        6.53 kB │ gzip:     1.96 kB
dist/assets/FutureSelf-CV_Wd1zg.js                                    6.86 kB │ gzip:     1.94 kB
dist/assets/MissionFlows-wCH5EKtV.js                                  8.10 kB │ gzip:     2.50 kB
dist/assets/index-DCZd3clG.js                                         8.72 kB │ gzip:     3.31 kB
dist/assets/web-C4BoAV3f.js                                          10.19 kB │ gzip:     2.10 kB
dist/assets/purchases-B7weGxQa.js                                    10.51 kB │ gzip:     3.49 kB
dist/assets/PublicTwoFutures-HYjhSYLm.js                             11.24 kB │ gzip:     3.71 kB
dist/assets/Account-B55AVs9v.js                                      11.76 kB │ gzip:     3.62 kB
dist/assets/support-DThR-5W1.js                                      11.79 kB │ gzip:     4.95 kB
dist/assets/DreamArt-B7_PR_32.js                                     12.84 kB │ gzip:     2.50 kB
dist/assets/FocusTimerHub-Azv1sJe2.js                                15.21 kB │ gzip:     4.32 kB
dist/assets/Me-B1AQuvtb.js                                           16.31 kB │ gzip:     5.70 kB
dist/assets/Upgrade-BR51xnJn.js                                      19.68 kB │ gzip:     6.40 kB
dist/assets/TwoFutures-Bkebc-mn.js                                   19.69 kB │ gzip:     5.43 kB
dist/assets/media-2mgEiOLR.js                                        23.75 kB │ gzip:     9.29 kB
dist/assets/SoundRoom-ChqXJkTy.js                                    24.21 kB │ gzip:     8.87 kB
dist/assets/Bank-CsSgAeBa.js                                         29.78 kB │ gzip:     8.21 kB
dist/assets/Settings-CuiOH-k7.js                                     41.22 kB │ gzip:    12.89 kB
dist/assets/Coach-DFQUsGrz.js                                        49.37 kB │ gzip:    16.12 kB
dist/assets/Notebook-BpVWSCZr.js                                     51.75 kB │ gzip:    14.89 kB
dist/assets/Dreams-D-wUY_Dz.js                                       53.11 kB │ gzip:    14.99 kB
dist/assets/DailyMicroHabits-Do7kyg55.js                             56.82 kB │ gzip:    14.79 kB
dist/assets/Progress-C0pxFPXI.js                                     75.84 kB │ gzip:    18.19 kB
dist/assets/Courses-Bkf70NIs.js                                     112.20 kB │ gzip:    35.93 kB
dist/assets/motion-HNvQpnN_.js                                      128.88 kB │ gzip:    42.38 kB
dist/assets/Today-DLDLVCvI.js                                       141.26 kB │ gzip:    43.78 kB
dist/assets/supabase--wUpN4Ei.js                                    228.14 kB │ gzip:    59.28 kB
dist/assets/react-5GCfeWye.js                                       229.42 kB │ gzip:    71.53 kB
dist/assets/genai-DNIGCYRr.js                                       409.93 kB │ gzip:    72.77 kB
dist/assets/charts-Bzd-XkHo.js                                      431.58 kB │ gzip:   124.87 kB
dist/assets/tr-COHWLD3Y.js                                          561.39 kB │ gzip:   219.33 kB
dist/assets/es-qQNFzrdv.js                                          573.85 kB │ gzip:   217.68 kB
dist/assets/index-BGWxpwgw.js                                       951.68 kB │ gzip:   308.78 kB
dist/assets/courses-CKtnra3s.js                                   2,510.75 kB │ gzip:   813.28 kB
dist/assets/index-BMm9S-UO.js                                     5,959.05 kB │ gzip: 2,123.39 kB

(!) Some chunks are larger than 700 kB after minification. Consider:
- Using dynamic import() to code-split the application
- Use build.rollupOptions.output.manualChunks to improve chunking: https://rollupjs.org/configuration-options/#output-manualchunks
- Adjust chunk size limit for this warning via build.chunkSizeWarningLimit.
✓ built in 10.29s
npm notice
npm notice New major version of npm available! 11.9.0 -> 12.2.0
npm notice Changelog: https://github.com/npm/cli/releases/tag/v12.2.0
npm notice To update run: npm install -g npm@12.2.0
npm notice
npm notice
npm notice New major version of npm available! 11.9.0 -> 12.2.0
npm notice Changelog: https://github.com/npm/cli/releases/tag/v12.2.0
npm notice To update run: npm install -g npm@12.2.0
npm notice
