DONE en-light-320: 0 states
DONE en-light-390: 0 states
DONE en-dark-320: 0 states
DONE en-light-1440: 0 states
DONE en-dark-1440: 0 states
DONE en-dark-390: 0 states
DONE tr-light-390: 0 states
DONE tr-light-320: 0 states
DONE tr-dark-320: 0 states
DONE tr-light-1440: 0 states
DONE tr-dark-1440: 0 states
DONE tr-dark-390: 0 states
node:internal/modules/run_main:107
    triggerUncaughtException(
    ^

browserContext.newPage: Target page, context or browser has been closed
Browser logs:

<launching> /usr/bin/chromium --disable-field-trial-config --disable-background-networking --disable-background-timer-throttling --disable-backgrounding-occluded-windows --disable-back-forward-cache --disable-breakpad --disable-client-side-phishing-detection --disable-component-extensions-with-background-pages --disable-component-update --no-default-browser-check --disable-default-apps --disable-dev-shm-usage --disable-edgeupdater --disable-extensions --disable-features=AvoidUnnecessaryBeforeUnloadCheckSync,DestroyProfileOnBrowserClose,DialMediaRouteProvider,GlobalMediaControls,HttpsUpgrades,LensOverlay,MediaRouter,PaintHolding,ThirdPartyStoragePartitioning,BlockOriginHeaderModificationOnRedirect,Translate,AutoDeElevate,OptimizationHints,msForceBrowserSignIn,msEdgeUpdateLaunchServicesPreferredVersion --enable-features=CDPScreenshotNewSurface --allow-pre-commit-input --disable-hang-monitor --disable-ipc-flooding-protection --disable-popup-blocking --disable-prompt-on-repost --disable-renderer-backgrounding --disable-updater-scheduler --force-color-profile=srgb --metrics-recording-only --no-first-run --password-store=basic --use-mock-keychain --no-service-autorun --export-tagged-pdf --disable-search-engine-choice-screen --unsafely-disable-devtools-self-xss-warnings --edge-skip-compat-layer-relaunch --disable-infobars --disable-search-engine-choice-screen --disable-sync --enable-unsafe-swiftshader --headless --hide-scrollbars --mute-audio --blink-settings=primaryHoverType=2,availableHoverTypes=2,primaryPointerType=4,availablePointerTypes=4 --no-sandbox --user-data-dir=/tmp/playwright_chromiumdev_profile-tgpcRn --remote-debugging-pipe --no-startup-window
<launched> pid=211476
[pid=211476][err] [211476:211476:1002/205245.809820:ERROR:third_party/crashpad/crashpad/util/file/filesystem_posix.cc:63] mkdir : No such file or directory (2)
[pid=211476][err] chrome_crashpad_handler: --database is required
[pid=211476][err] Try 'chrome_crashpad_handler --help' for more information.
[pid=211476][err] [211476:211500:1002/205245.852326:ERROR:dbus/bus.cc:405] Failed to connect to the bus: Failed to connect to socket /run/dbus/system_bus_socket: No such file or directory
[pid=211476][err] [211476:211500:1002/205245.855832:ERROR:dbus/bus.cc:405] Failed to connect to the bus: Could not parse server address: Unknown address type (examples of valid types are "tcp" and on UNIX "unix")
[pid=211476][err] [211476:211500:1002/205245.855890:ERROR:dbus/bus.cc:405] Failed to connect to the bus: Failed to connect to socket /run/dbus/system_bus_socket: No such file or directory
[pid=211476][err] [211476:211500:1002/205245.855943:ERROR:dbus/bus.cc:405] Failed to connect to the bus: Failed to connect to socket /run/dbus/system_bus_socket: No such file or directory
[pid=211476][err] [211476:211500:1002/205245.855950:ERROR:dbus/bus.cc:405] Failed to connect to the bus: Could not parse server address: Unknown address type (examples of valid types are "tcp" and on UNIX "unix")
[pid=211476][err] Fontconfig error: No writable cache directories
[pid=211476][err] [211476:211513:1002/205245.862527:ERROR:content/browser/zygote_host/zygote_host_impl_linux.cc:279] Failed to adjust OOM score of renderer with pid 211516: Read-only file system (30)
[pid=211476][err] Fontconfig error: No writable cache directories
[pid=211476][err] Fontconfig error: No writable cache directories
[pid=211476][err] Fontconfig error: No writable cache directories
[pid=211476][err] Fontconfig error: No writable cache directories
[pid=211476][err] Fontconfig error: No writable cache directories
[pid=211476][err] Fontconfig error: No writable cache directories
[pid=211476][err] Fontconfig error: No writable cache directories
[pid=211476][err] Fontconfig error: No writable cache directories
[pid=211476][err] Fontconfig error: No writable cache directories
[pid=211476][err] Fontconfig error: No writable cache directories
[pid=211476][err] Fontconfig error: No writable cache directories
[pid=211476][err] Fontconfig error: No writable cache directories
[pid=211476][err] Fontconfig error: No writable cache directories
[pid=211476][err] Fontconfig error: No writable cache directories
[pid=211476][err] Fontconfig error: No writable cache directories
[pid=211476][err] Fontconfig error: No writable cache directories
[pid=211476][err] Fontconfig error: No writable cache directories
[pid=211476][err] Fontconfig error: No writable cache directories
[pid=211476][err] Fontconfig error: No writable cache directories
[pid=211476][err] Fontconfig error: No writable cache directories
[pid=211476][err] Fontconfig error: No writable cache directories
[pid=211476][err] Fontconfig error: No writable cache directories
[pid=211476][err] Fontconfig error: No writable cache directories
[pid=211476][err] Fontconfig error: No writable cache directories
[pid=211476][err] Fontconfig error: No writable cache directories
[pid=211476][err] Fontconfig error: No writable cache directories
[pid=211476][err] Fontconfig error: No writable cache directories
[pid=211476][err] Fontconfig error: No writable cache directories
[pid=211476][err] [211476:211500:1002/205246.190196:ERROR:dbus/bus.cc:405] Failed to connect to the bus: Could not parse server address: Unknown address type (examples of valid types are "tcp" and on UNIX "unix")
[pid=211476][err] [211476:211513:1002/205246.190382:ERROR:content/browser/zygote_host/zygote_host_impl_linux.cc:279] Failed to adjust OOM score of renderer with pid 211532: Read-only file system (30)
[pid=211476][err] [211476:211476:1002/205246.200260:ERROR:dbus/object_proxy.cc:572] Failed to call method: org.freedesktop.DBus.NameHasOwner: object_path= /org/freedesktop/DBus: unknown error type: 
[pid=211476][err] [211476:211476:1002/205246.200337:ERROR:dbus/object_proxy.cc:572] Failed to call method: org.freedesktop.DBus.NameHasOwner: object_path= /org/freedesktop/DBus: unknown error type: 
[pid=211476][err] [211476:211500:1002/205246.200364:ERROR:dbus/bus.cc:405] Failed to connect to the bus: Could not parse server address: Unknown address type (examples of valid types are "tcp" and on UNIX "unix")
[pid=211476][err] [211476:211500:1002/205246.200381:ERROR:dbus/bus.cc:405] Failed to connect to the bus: Could not parse server address: Unknown address type (examples of valid types are "tcp" and on UNIX "unix")
[pid=211476][err] [211476:211476:1002/205246.227797:ERROR:dbus/object_proxy.cc:572] Failed to call method: org.freedesktop.DBus.NameHasOwner: object_path= /org/freedesktop/DBus: unknown error type: 
[pid=211476][err] [211476:211500:1002/205246.228975:ERROR:dbus/bus.cc:405] Failed to connect to the bus: Failed to connect to socket /run/dbus/system_bus_socket: No such file or directory
[pid=211476][err] [211476:211476:1002/205246.228981:ERROR:dbus/object_proxy.cc:572] Failed to call method: org.freedesktop.DBus.NameHasOwner: object_path= /org/freedesktop/DBus: unknown error type: 
[pid=211476][err] [211476:211500:1002/205246.229004:ERROR:dbus/bus.cc:405] Failed to connect to the bus: Failed to connect to socket /run/dbus/system_bus_socket: No such file or directory
[pid=211476][err] [211476:211476:1002/205246.229011:ERROR:dbus/object_proxy.cc:572] Failed to call method: org.freedesktop.DBus.NameHasOwner: object_path= /org/freedesktop/DBus: unknown error type: 
[pid=211476][err] [211476:211500:1002/205246.229039:ERROR:dbus/bus.cc:405] Failed to connect to the bus: Could not parse server address: Unknown address type (examples of valid types are "tcp" and on UNIX "unix")
[pid=211476][err] [211476:211476:1002/205246.232270:ERROR:dbus/object_proxy.cc:572] Failed to call method: org.freedesktop.DBus.Properties.GetAll: object_path= /org/freedesktop/UPower/devices/DisplayDevice: unknown error type: 
[pid=211476][err] [211476:211476:1002/205246.232290:ERROR:dbus/object_proxy.cc:572] Failed to call method: org.freedesktop.DBus.NameHasOwner: object_path= /org/freedesktop/DBus: unknown error type: 
[pid=211476][err] [211476:211500:1002/205246.232392:ERROR:dbus/bus.cc:405] Failed to connect to the bus: Could not parse server address: Unknown address type (examples of valid types are "tcp" and on UNIX "unix")
[pid=211476][err] [211476:211476:1002/205246.234425:ERROR:dbus/object_proxy.cc:572] Failed to call method: org.freedesktop.DBus.NameHasOwner: object_path= /org/freedesktop/DBus: unknown error type: 
[pid=211476][err] [211476:211500:1002/205246.234477:ERROR:dbus/bus.cc:405] Failed to connect to the bus: Could not parse server address: Unknown address type (examples of valid types are "tcp" and on UNIX "unix")
[pid=211476][err] [211476:211476:1002/205246.235773:ERROR:dbus/object_proxy.cc:572] Failed to call method: org.freedesktop.DBus.NameHasOwner: object_path= /org/freedesktop/DBus: unknown error type: 
[pid=211476][err] 
[pid=211476][err] (process:211476): dconf-CRITICAL **: 20:52:46.252: unable to create directory '/home/agent/.cache/dconf': Read-only file system.  dconf will not work properly.
[pid=211476][err] 
[pid=211476][err] (process:211476): dconf-CRITICAL **: 20:52:46.252: unable to create directory '/home/agent/.cache/dconf': Read-only file system.  dconf will not work properly.
[pid=211476][err] 
[pid=211476][err] (process:211476): dconf-CRITICAL **: 20:52:46.252: unable to create directory '/home/agent/.cache/dconf': Read-only file system.  dconf will not work properly.
[pid=211476][err] [211476:211513:1002/205246.271620:ERROR:content/browser/zygote_host/zygote_host_impl_linux.cc:279] Failed to adjust OOM score of renderer with pid 211561: Read-only file system (30)
[pid=211476][err] [211476:211513:1002/205246.291967:ERROR:content/browser/zygote_host/zygote_host_impl_linux.cc:279] Failed to adjust OOM score of renderer with pid 211570: Read-only file system (30)
[pid=211476][err] [211476:211513:1002/205246.293814:ERROR:content/browser/zygote_host/zygote_host_impl_linux.cc:279] Failed to adjust OOM score of renderer with pid 211571: Read-only file system (30)
[pid=211476][err] [211476:211513:1002/205246.308126:ERROR:content/browser/zygote_host/zygote_host_impl_linux.cc:279] Failed to adjust OOM score of renderer with pid 211588: Read-only file system (30)
[pid=211476][err] [211476:211513:1002/205246.321958:ERROR:content/browser/zygote_host/zygote_host_impl_linux.cc:279] Failed to adjust OOM score of renderer with pid 211595: Read-only file system (30)
[pid=211476][err] [211476:211513:1002/205246.334371:ERROR:content/browser/zygote_host/zygote_host_impl_linux.cc:279] Failed to adjust OOM score of renderer with pid 211604: Read-only file system (30)
[pid=211476][err] [211476:211513:1002/205246.382558:ERROR:content/browser/zygote_host/zygote_host_impl_linux.cc:279] Failed to adjust OOM score of renderer with pid 211622: Read-only file system (30)
[pid=211476][err] [211476:211513:1002/205246.414883:ERROR:content/browser/zygote_host/zygote_host_impl_linux.cc:279] Failed to adjust OOM score of renderer with pid 211632: Read-only file system (30)
[pid=211476][err] [211476:211513:1002/205317.867049:ERROR:content/browser/zygote_host/zygote_host_impl_linux.cc:279] Failed to adjust OOM score of renderer with pid 211703: Read-only file system (30)
[pid=211476][err] [211476:211513:1002/205317.883518:ERROR:content/browser/zygote_host/zygote_host_impl_linux.cc:279] Failed to adjust OOM score of renderer with pid 211712: Read-only file system (30)
[pid=211476][err] [211476:211513:1002/205317.887482:ERROR:content/browser/zygote_host/zygote_host_impl_linux.cc:279] Failed to adjust OOM score of renderer with pid 211713: Read-only file system (30)
[pid=211476][err] [211476:211513:1002/205317.904078:ERROR:content/browser/zygote_host/zygote_host_impl_linux.cc:279] Failed to adjust OOM score of renderer with pid 211728: Read-only file system (30)
[pid=211476][err] [211476:211513:1002/205317.919174:ERROR:content/browser/zygote_host/zygote_host_impl_linux.cc:279] Failed to adjust OOM score of renderer with pid 211737: Read-only file system (30)
[pid=211476][err] [211476:211513:1002/205317.921430:ERROR:content/browser/zygote_host/zygote_host_impl_linux.cc:279] Failed to adjust OOM score of renderer with pid 211738: Read-only file system (30)
[pid=211476][err] [211476:211513:1002/205317.989497:ERROR:content/browser/zygote_host/zygote_host_impl_linux.cc:279] Failed to adjust OOM score of renderer with pid 211761: Read-only file system (30)
[pid=211476][err] [211476:211513:1002/205318.009648:ERROR:content/browser/zygote_host/zygote_host_impl_linux.cc:279] Failed to adjust OOM score of renderer with pid 211768: Read-only file system (30)
[pid=211476][err] [211476:211513:1002/205318.028056:ERROR:content/browser/zygote_host/zygote_host_impl_linux.cc:279] Failed to adjust OOM score of renderer with pid 211775: Read-only file system (30)
[pid=211476][err] [211476:211513:1002/205318.048406:ERROR:content/browser/zygote_host/zygote_host_impl_linux.cc:279] Failed to adjust OOM score of renderer with pid 211782: Read-only file system (30)
[pid=211476][err] [211476:211513:1002/205349.539193:ERROR:content/browser/zygote_host/zygote_host_impl_linux.cc:279] Failed to adjust OOM score of renderer with pid 211864: Read-only file system (30)
[pid=211476][err] [211476:211513:1002/205349.556252:ERROR:content/browser/zygote_host/zygote_host_impl_linux.cc:279] Failed to adjust OOM score of renderer with pid 211873: Read-only file system (30)
[pid=211476][err] [211476:211513:1002/205349.558929:ERROR:content/browser/zygote_host/zygote_host_impl_linux.cc:279] Failed to adjust OOM score of renderer with pid 211874: Read-only file system (30)
[pid=211476][err] [211476:211513:1002/205349.573074:ERROR:content/browser/zygote_host/zygote_host_impl_linux.cc:279] Failed to adjust OOM score of renderer with pid 211889: Read-only file system (30)
[pid=211476][err] [211476:211513:1002/205349.595924:ERROR:content/browser/zygote_host/zygote_host_impl_linux.cc:279] Failed to adjust OOM score of renderer with pid 211900: Read-only file system (30)
[pid=211476][err] [211476:211513:1002/205349.597295:ERROR:content/browser/zygote_host/zygote_host_impl_linux.cc:279] Failed to adjust OOM score of renderer with pid 211901: Read-only file system (30)
[pid=211476][err] [211476:211513:1002/205349.683800:ERROR:content/browser/zygote_host/zygote_host_impl_linux.cc:279] Failed to adjust OOM score of renderer with pid 211922: Read-only file system (30)
[pid=211476][err] [211476:211513:1002/205349.685208:ERROR:content/browser/zygote_host/zygote_host_impl_linux.cc:279] Failed to adjust OOM score of renderer with pid 211923: Read-only file system (30)
[pid=211476][err] [211476:211513:1002/205349.732004:ERROR:content/browser/zygote_host/zygote_host_impl_linux.cc:279] Failed to adjust OOM score of renderer with pid 211941: Read-only file system (30)
[pid=211476][err] [211476:211513:1002/205349.745547:ERROR:content/browser/zygote_host/zygote_host_impl_linux.cc:279] Failed to adjust OOM score of renderer with pid 211945: Read-only file system (30)
[pid=211476][err] [211476:211513:1002/205421.162168:ERROR:content/browser/zygote_host/zygote_host_impl_linux.cc:279] Failed to adjust OOM score of renderer with pid 212034: Read-only file system (30)
[pid=211476][err] [211476:211513:1002/205421.176568:ERROR:content/browser/zygote_host/zygote_host_impl_linux.cc:279] Failed to adjust OOM score of renderer with pid 212043: Read-only file system (30)
[pid=211476][err] [211476:211513:1002/205421.177952:ERROR:content/browser/zygote_host/zygote_host_impl_linux.cc:279] Failed to adjust OOM score of renderer with pid 212044: Read-only file system (30)
[pid=211476][err] [211476:211513:1002/205421.192809:ERROR:content/browser/zygote_host/zygote_host_impl_linux.cc:279] Failed to adjust OOM score of renderer with pid 212057: Read-only file system (30)
[pid=211476][err] [211476:211513:1002/205421.211653:ERROR:content/browser/zygote_host/zygote_host_impl_linux.cc:279] Failed to adjust OOM score of renderer with pid 212068: Read-only file system (30)
[pid=211476][err] [211476:211513:1002/205421.216623:ERROR:content/browser/zygote_host/zygote_host_impl_linux.cc:279] Failed to adjust OOM score of renderer with pid 212071: Read-only file system (30)
[pid=211476][err] [211476:211513:1002/205421.314832:ERROR:content/browser/zygote_host/zygote_host_impl_linux.cc:279] Failed to adjust OOM score of renderer with pid 212092: Read-only file system (30)
[pid=211476][err] [211476:211513:1002/205421.346176:ERROR:content/browser/zygote_host/zygote_host_impl_linux.cc:279] Failed to adjust OOM score of renderer with pid 212101: Read-only file system (30)
[pid=211476][err] [211476:211513:1002/205421.378199:ERROR:content/browser/zygote_host/zygote_host_impl_linux.cc:279] Failed to adjust OOM score of renderer with pid 212109: Read-only file system (30)
[pid=211476][err] [211476:211513:1002/205421.397508:ERROR:content/browser/zygote_host/zygote_host_impl_linux.cc:279] Failed to adjust OOM score of renderer with pid 212115: Read-only file system (30)
[pid=211476][err] [211476:211513:1002/205452.764492:ERROR:content/browser/zygote_host/zygote_host_impl_linux.cc:279] Failed to adjust OOM score of renderer with pid 212210: Read-only file system (30)
[pid=211476][err] [211476:211513:1002/205452.786520:ERROR:content/browser/zygote_host/zygote_host_impl_linux.cc:279] Failed to adjust OOM score of renderer with pid 212219: Read-only file system (30)
[pid=211476][err] [211476:211513:1002/205452.788763:ERROR:content/browser/zygote_host/zygote_host_impl_linux.cc:279] Failed to adjust OOM score of renderer with pid 212221: Read-only file system (30)
[pid=211476][err] [211476:211476:1002/205452.789440:ERROR:chrome/browser/ui/views/user_education/impl/browser_user_education_interface_impl.cc:186] Attempting to show IPH IPH_ExtensionsZeroStatePromo before browser initialization complete; IPH will not be shown.
[pid=211476][err] [211476:211513:1002/205452.802317:ERROR:content/browser/zygote_host/zygote_host_impl_linux.cc:279] Failed to adjust OOM score of renderer with pid 212233: Read-only file system (30)
[pid=211476][err] [211476:211513:1002/205452.820497:ERROR:content/browser/zygote_host/zygote_host_impl_linux.cc:279] Failed to adjust OOM score of renderer with pid 212246: Read-only file system (30)
[pid=211476][err] [211476:211513:1002/205452.823349:ERROR:content/browser/zygote_host/zygote_host_impl_linux.cc:279] Failed to adjust OOM score of renderer with pid 212247: Read-only file system (30)
[pid=211476][err] [211476:211513:1002/205452.890324:ERROR:content/browser/zygote_host/zygote_host_impl_linux.cc:279] Failed to adjust OOM score of renderer with pid 212268: Read-only file system (30)
[pid=211476][err] [211476:211513:1002/205452.900701:ERROR:content/browser/zygote_host/zygote_host_impl_linux.cc:279] Failed to adjust OOM score of renderer with pid 212270: Read-only file system (30)
[pid=211476][err] [211476:211513:1002/205452.925421:ERROR:content/browser/zygote_host/zygote_host_impl_linux.cc:279] Failed to adjust OOM score of renderer with pid 212283: Read-only file system (30)
[pid=211476][err] [211476:211513:1002/205452.937095:ERROR:content/browser/zygote_host/zygote_host_impl_linux.cc:279] Failed to adjust OOM score of renderer with pid 212284: Read-only file system (30)
[pid=211476][err] [211476:211513:1002/205524.418661:ERROR:content/browser/zygote_host/zygote_host_impl_linux.cc:279] Failed to adjust OOM score of renderer with pid 212364: Read-only file system (30)
[pid=211476][err] [211476:211513:1002/205524.439466:ERROR:content/browser/zygote_host/zygote_host_impl_linux.cc:279] Failed to adjust OOM score of renderer with pid 212371: Read-only file system (30)
[pid=211476][err] [211476:211513:1002/205524.443098:ERROR:content/browser/zygote_host/zygote_host_impl_linux.cc:279] Failed to adjust OOM score of renderer with pid 212374: Read-only file system (30)
[pid=211476][err] [211476:211513:1002/205524.460596:ERROR:content/browser/zygote_host/zygote_host_impl_linux.cc:279] Failed to adjust OOM score of renderer with pid 212391: Read-only file system (30)
[pid=211476][err] [211476:211513:1002/205524.483346:ERROR:content/browser/zygote_host/zygote_host_impl_linux.cc:279] Failed to adjust OOM score of renderer with pid 212400: Read-only file system (30)
[pid=211476][err] [211476:211513:1002/205524.484981:ERROR:content/browser/zygote_host/zygote_host_impl_linux.cc:279] Failed to adjust OOM score of renderer with pid 212401: Read-only file system (30)
[pid=211476][err] [211476:211513:1002/205524.559725:ERROR:content/browser/zygote_host/zygote_host_impl_linux.cc:279] Failed to adjust OOM score of renderer with pid 212422: Read-only file system (30)
[pid=211476][err] [211476:211513:1002/205524.572720:ERROR:content/browser/zygote_host/zygote_host_impl_linux.cc:279] Failed to adjust OOM score of renderer with pid 212424: Read-only file system (30)
[pid=211476][err] [211476:211513:1002/205524.600061:ERROR:content/browser/zygote_host/zygote_host_impl_linux.cc:279] Failed to adjust OOM score of renderer with pid 212435: Read-only file system (30)
[pid=211476][err] [211476:211513:1002/205524.604024:ERROR:content/browser/zygote_host/zygote_host_impl_linux.cc:279] Failed to adjust OOM score of renderer with pid 212437: Read-only file system (30)
[pid=211476] <gracefully close start>
    at run (/workspace/scratch/oda-reference-redesign/fidelity-rework/final/contrast-fix/calendar-correction.mjs:107:30)
    at async file:///workspace/scratch/oda-reference-redesign/fidelity-rework/final/contrast-fix/calendar-correction.mjs:128:58 {
  log: []
}

Node.js v24.19.0
