DONE en-light-320: 10 states
DONE en-light-390: 10 states
DONE en-dark-320: 10 states
DONE en-light-1440: 10 states
DONE en-dark-1440: 10 states
DONE en-dark-390: 10 states
node:internal/modules/run_main:107
    triggerUncaughtException(
    ^

browserContext.newPage: Target page, context or browser has been closed
Browser logs:

[pid=202878][err] [202878:202904:1002/204641.916863:ERROR:dbus/bus.cc:405] Failed to connect to the bus: Failed to connect to socket /run/dbus/system_bus_socket: No such file or directory
[pid=202878][err] [202878:202904:1002/204641.916878:ERROR:dbus/bus.cc:405] Failed to connect to the bus: Could not parse server address: Unknown address type (examples of valid types are "tcp" and on UNIX "unix")
[pid=202878][err] [202878:202916:1002/204641.920166:ERROR:content/browser/zygote_host/zygote_host_impl_linux.cc:279] Failed to adjust OOM score of renderer with pid 202919: Read-only file system (30)
[pid=202878][err] Fontconfig error: No writable cache directories
[pid=202878][err] Fontconfig error: No writable cache directories
[pid=202878][err] Fontconfig error: No writable cache directories
[pid=202878][err] Fontconfig error: No writable cache directories
[pid=202878][err] Fontconfig error: No writable cache directories
[pid=202878][err] Fontconfig error: No writable cache directories
[pid=202878][err] Fontconfig error: No writable cache directories
[pid=202878][err] Fontconfig error: No writable cache directories
[pid=202878][err] Fontconfig error: No writable cache directories
[pid=202878][err] Fontconfig error: No writable cache directories
[pid=202878][err] Fontconfig error: No writable cache directories
[pid=202878][err] Fontconfig error: No writable cache directories
[pid=202878][err] Fontconfig error: No writable cache directories
[pid=202878][err] Fontconfig error: No writable cache directories
[pid=202878][err] Fontconfig error: No writable cache directories
[pid=202878][err] Fontconfig error: No writable cache directories
[pid=202878][err] Fontconfig error: No writable cache directories
[pid=202878][err] Fontconfig error: No writable cache directories
[pid=202878][err] Fontconfig error: No writable cache directories
[pid=202878][err] Fontconfig error: No writable cache directories
[pid=202878][err] Fontconfig error: No writable cache directories
[pid=202878][err] Fontconfig error: No writable cache directories
[pid=202878][err] Fontconfig error: No writable cache directories
[pid=202878][err] Fontconfig error: No writable cache directories
[pid=202878][err] Fontconfig error: No writable cache directories
[pid=202878][err] Fontconfig error: No writable cache directories
[pid=202878][err] Fontconfig error: No writable cache directories
[pid=202878][err] Fontconfig error: No writable cache directories
[pid=202878][err] Fontconfig error: No writable cache directories
[pid=202878][err] [202878:202904:1002/204642.246658:ERROR:dbus/bus.cc:405] Failed to connect to the bus: Could not parse server address: Unknown address type (examples of valid types are "tcp" and on UNIX "unix")
[pid=202878][err] [202878:202916:1002/204642.248332:ERROR:content/browser/zygote_host/zygote_host_impl_linux.cc:279] Failed to adjust OOM score of renderer with pid 202935: Read-only file system (30)
[pid=202878][err] [202878:202878:1002/204642.257676:ERROR:dbus/object_proxy.cc:572] Failed to call method: org.freedesktop.DBus.NameHasOwner: object_path= /org/freedesktop/DBus: unknown error type: 
[pid=202878][err] [202878:202878:1002/204642.257772:ERROR:dbus/object_proxy.cc:572] Failed to call method: org.freedesktop.DBus.NameHasOwner: object_path= /org/freedesktop/DBus: unknown error type: 
[pid=202878][err] [202878:202904:1002/204642.257794:ERROR:dbus/bus.cc:405] Failed to connect to the bus: Could not parse server address: Unknown address type (examples of valid types are "tcp" and on UNIX "unix")
[pid=202878][err] [202878:202904:1002/204642.257806:ERROR:dbus/bus.cc:405] Failed to connect to the bus: Could not parse server address: Unknown address type (examples of valid types are "tcp" and on UNIX "unix")
[pid=202878][err] [202878:202878:1002/204642.272436:ERROR:dbus/object_proxy.cc:572] Failed to call method: org.freedesktop.DBus.NameHasOwner: object_path= /org/freedesktop/DBus: unknown error type: 
[pid=202878][err] [202878:202878:1002/204642.273398:ERROR:dbus/object_proxy.cc:572] Failed to call method: org.freedesktop.DBus.NameHasOwner: object_path= /org/freedesktop/DBus: unknown error type: 
[pid=202878][err] [202878:202878:1002/204642.273419:ERROR:dbus/object_proxy.cc:572] Failed to call method: org.freedesktop.DBus.NameHasOwner: object_path= /org/freedesktop/DBus: unknown error type: 
[pid=202878][err] [202878:202904:1002/204642.274245:ERROR:dbus/bus.cc:405] Failed to connect to the bus: Failed to connect to socket /run/dbus/system_bus_socket: No such file or directory
[pid=202878][err] [202878:202904:1002/204642.274271:ERROR:dbus/bus.cc:405] Failed to connect to the bus: Failed to connect to socket /run/dbus/system_bus_socket: No such file or directory
[pid=202878][err] [202878:202904:1002/204642.274277:ERROR:dbus/bus.cc:405] Failed to connect to the bus: Could not parse server address: Unknown address type (examples of valid types are "tcp" and on UNIX "unix")
[pid=202878][err] [202878:202878:1002/204642.276048:ERROR:dbus/object_proxy.cc:572] Failed to call method: org.freedesktop.DBus.Properties.GetAll: object_path= /org/freedesktop/UPower/devices/DisplayDevice: unknown error type: 
[pid=202878][err] [202878:202878:1002/204642.276058:ERROR:dbus/object_proxy.cc:572] Failed to call method: org.freedesktop.DBus.NameHasOwner: object_path= /org/freedesktop/DBus: unknown error type: 
[pid=202878][err] [202878:202904:1002/204642.276179:ERROR:dbus/bus.cc:405] Failed to connect to the bus: Could not parse server address: Unknown address type (examples of valid types are "tcp" and on UNIX "unix")
[pid=202878][err] [202878:202878:1002/204642.277261:ERROR:dbus/object_proxy.cc:572] Failed to call method: org.freedesktop.DBus.NameHasOwner: object_path= /org/freedesktop/DBus: unknown error type: 
[pid=202878][err] [202878:202904:1002/204642.277297:ERROR:dbus/bus.cc:405] Failed to connect to the bus: Could not parse server address: Unknown address type (examples of valid types are "tcp" and on UNIX "unix")
[pid=202878][err] [202878:202878:1002/204642.278436:ERROR:dbus/object_proxy.cc:572] Failed to call method: org.freedesktop.DBus.NameHasOwner: object_path= /org/freedesktop/DBus: unknown error type: 
[pid=202878][err] 
[pid=202878][err] (process:202878): dconf-CRITICAL **: 20:46:42.296: unable to create directory '/home/agent/.cache/dconf': Read-only file system.  dconf will not work properly.
[pid=202878][err] 
[pid=202878][err] (process:202878): dconf-CRITICAL **: 20:46:42.297: unable to create directory '/home/agent/.cache/dconf': Read-only file system.  dconf will not work properly.
[pid=202878][err] 
[pid=202878][err] (process:202878): dconf-CRITICAL **: 20:46:42.297: unable to create directory '/home/agent/.cache/dconf': Read-only file system.  dconf will not work properly.
[pid=202878][err] [202878:202916:1002/204642.317217:ERROR:content/browser/zygote_host/zygote_host_impl_linux.cc:279] Failed to adjust OOM score of renderer with pid 202964: Read-only file system (30)
[pid=202878][err] [202878:202916:1002/204642.339211:ERROR:content/browser/zygote_host/zygote_host_impl_linux.cc:279] Failed to adjust OOM score of renderer with pid 202973: Read-only file system (30)
[pid=202878][err] [202878:202916:1002/204642.340882:ERROR:content/browser/zygote_host/zygote_host_impl_linux.cc:279] Failed to adjust OOM score of renderer with pid 202974: Read-only file system (30)
[pid=202878][err] [202878:202916:1002/204642.358855:ERROR:content/browser/zygote_host/zygote_host_impl_linux.cc:279] Failed to adjust OOM score of renderer with pid 202991: Read-only file system (30)
[pid=202878][err] [202878:202916:1002/204642.384432:ERROR:content/browser/zygote_host/zygote_host_impl_linux.cc:279] Failed to adjust OOM score of renderer with pid 203000: Read-only file system (30)
[pid=202878][err] [202878:202916:1002/204642.385731:ERROR:content/browser/zygote_host/zygote_host_impl_linux.cc:279] Failed to adjust OOM score of renderer with pid 203001: Read-only file system (30)
[pid=202878][err] [202878:202916:1002/204642.478666:ERROR:content/browser/zygote_host/zygote_host_impl_linux.cc:279] Failed to adjust OOM score of renderer with pid 203037: Read-only file system (30)
[pid=202878][err] [202878:202916:1002/204642.498460:ERROR:content/browser/zygote_host/zygote_host_impl_linux.cc:279] Failed to adjust OOM score of renderer with pid 203044: Read-only file system (30)
[pid=202878][err] [202878:202916:1002/204642.529200:ERROR:content/browser/zygote_host/zygote_host_impl_linux.cc:279] Failed to adjust OOM score of renderer with pid 203052: Read-only file system (30)
[pid=202878][err] [202878:202916:1002/204642.536015:ERROR:content/browser/zygote_host/zygote_host_impl_linux.cc:279] Failed to adjust OOM score of renderer with pid 203055: Read-only file system (30)
[pid=202878][err] [202878:202916:1002/204645.369258:ERROR:content/browser/zygote_host/zygote_host_impl_linux.cc:279] Failed to adjust OOM score of renderer with pid 203255: Read-only file system (30)
[pid=202878][err] [202878:202916:1002/204646.589496:ERROR:content/browser/zygote_host/zygote_host_impl_linux.cc:279] Failed to adjust OOM score of renderer with pid 203308: Read-only file system (30)
[pid=202878][err] [202878:202916:1002/204646.716836:ERROR:content/browser/zygote_host/zygote_host_impl_linux.cc:279] Failed to adjust OOM score of renderer with pid 203317: Read-only file system (30)
[pid=202878][err] [202878:202916:1002/204646.718182:ERROR:content/browser/zygote_host/zygote_host_impl_linux.cc:279] Failed to adjust OOM score of renderer with pid 203318: Read-only file system (30)
[pid=202878][err] Failed to create secure directory (/home/agent/.config/pulse): Read-only file system
[pid=202878][err] [202878:202916:1002/204647.892326:ERROR:content/browser/zygote_host/zygote_host_impl_linux.cc:279] Failed to adjust OOM score of renderer with pid 203363: Read-only file system (30)
[pid=202878][err] [202878:202916:1002/204648.954019:ERROR:content/browser/zygote_host/zygote_host_impl_linux.cc:279] Failed to adjust OOM score of renderer with pid 203399: Read-only file system (30)
[pid=202878][err] [202878:202916:1002/204650.085213:ERROR:content/browser/zygote_host/zygote_host_impl_linux.cc:279] Failed to adjust OOM score of renderer with pid 203453: Read-only file system (30)
[pid=202878][err] [202878:202916:1002/204650.086579:ERROR:content/browser/zygote_host/zygote_host_impl_linux.cc:279] Failed to adjust OOM score of renderer with pid 203454: Read-only file system (30)
[pid=202878][err] [202878:202916:1002/204650.863429:ERROR:content/browser/zygote_host/zygote_host_impl_linux.cc:279] Failed to adjust OOM score of renderer with pid 203500: Read-only file system (30)
[pid=202878][err] [202878:202916:1002/204651.429250:ERROR:content/browser/zygote_host/zygote_host_impl_linux.cc:279] Failed to adjust OOM score of renderer with pid 203512: Read-only file system (30)
[pid=202878][err] [202878:202916:1002/204653.228005:ERROR:content/browser/zygote_host/zygote_host_impl_linux.cc:279] Failed to adjust OOM score of renderer with pid 203526: Read-only file system (30)
[pid=202878][err] [202878:202916:1002/204654.691316:ERROR:content/browser/zygote_host/zygote_host_impl_linux.cc:279] Failed to adjust OOM score of renderer with pid 203572: Read-only file system (30)
[pid=202878][err] [202878:202916:1002/204725.079151:ERROR:content/browser/zygote_host/zygote_host_impl_linux.cc:279] Failed to adjust OOM score of renderer with pid 204198: Read-only file system (30)
[pid=202878][err] [202878:202916:1002/204725.094187:ERROR:content/browser/zygote_host/zygote_host_impl_linux.cc:279] Failed to adjust OOM score of renderer with pid 204207: Read-only file system (30)
[pid=202878][err] [202878:202916:1002/204725.095883:ERROR:content/browser/zygote_host/zygote_host_impl_linux.cc:279] Failed to adjust OOM score of renderer with pid 204208: Read-only file system (30)
[pid=202878][err] [202878:202916:1002/204725.109024:ERROR:content/browser/zygote_host/zygote_host_impl_linux.cc:279] Failed to adjust OOM score of renderer with pid 204221: Read-only file system (30)
[pid=202878][err] [202878:202916:1002/204725.130358:ERROR:content/browser/zygote_host/zygote_host_impl_linux.cc:279] Failed to adjust OOM score of renderer with pid 204234: Read-only file system (30)
[pid=202878][err] [202878:202916:1002/204725.131831:ERROR:content/browser/zygote_host/zygote_host_impl_linux.cc:279] Failed to adjust OOM score of renderer with pid 204235: Read-only file system (30)
[pid=202878][err] [202878:202916:1002/204725.201169:ERROR:content/browser/zygote_host/zygote_host_impl_linux.cc:279] Failed to adjust OOM score of renderer with pid 204256: Read-only file system (30)
[pid=202878][err] [202878:202916:1002/204725.219755:ERROR:content/browser/zygote_host/zygote_host_impl_linux.cc:279] Failed to adjust OOM score of renderer with pid 204263: Read-only file system (30)
[pid=202878][err] [202878:202916:1002/204725.236606:ERROR:content/browser/zygote_host/zygote_host_impl_linux.cc:279] Failed to adjust OOM score of renderer with pid 204270: Read-only file system (30)
[pid=202878][err] [202878:202916:1002/204725.247391:ERROR:content/browser/zygote_host/zygote_host_impl_linux.cc:279] Failed to adjust OOM score of renderer with pid 204272: Read-only file system (30)
[pid=202878][err] [202878:202916:1002/204727.210983:ERROR:content/browser/zygote_host/zygote_host_impl_linux.cc:279] Failed to adjust OOM score of renderer with pid 204346: Read-only file system (30)
[pid=202878][err] [202878:202916:1002/204727.212532:ERROR:content/browser/zygote_host/zygote_host_impl_linux.cc:279] Failed to adjust OOM score of renderer with pid 204347: Read-only file system (30)
[pid=202878][err] [202878:202916:1002/204728.657169:ERROR:content/browser/zygote_host/zygote_host_impl_linux.cc:279] Failed to adjust OOM score of renderer with pid 204419: Read-only file system (30)
[pid=202878][err] [202878:202916:1002/204728.829073:ERROR:content/browser/zygote_host/zygote_host_impl_linux.cc:279] Failed to adjust OOM score of renderer with pid 204428: Read-only file system (30)
[pid=202878][err] [202878:202916:1002/204729.836951:ERROR:content/browser/zygote_host/zygote_host_impl_linux.cc:279] Failed to adjust OOM score of renderer with pid 204485: Read-only file system (30)
[pid=202878][err] [202878:202916:1002/204729.842286:ERROR:content/browser/zygote_host/zygote_host_impl_linux.cc:279] Failed to adjust OOM score of renderer with pid 204487: Read-only file system (30)
[pid=202878][err] [202878:202916:1002/204731.136280:ERROR:content/browser/zygote_host/zygote_host_impl_linux.cc:279] Failed to adjust OOM score of renderer with pid 204514: Read-only file system (30)
[pid=202878][err] [202878:202916:1002/204732.403215:ERROR:content/browser/zygote_host/zygote_host_impl_linux.cc:279] Failed to adjust OOM score of renderer with pid 204670: Read-only file system (30)
[pid=202878][err] [202878:202916:1002/204732.404222:ERROR:content/browser/zygote_host/zygote_host_impl_linux.cc:279] Failed to adjust OOM score of renderer with pid 204672: Read-only file system (30)
[pid=202878][err] [202878:202916:1002/204733.438384:ERROR:content/browser/zygote_host/zygote_host_impl_linux.cc:279] Failed to adjust OOM score of renderer with pid 205015: Read-only file system (30)
[pid=202878][err] [202878:202916:1002/204734.528603:ERROR:content/browser/zygote_host/zygote_host_impl_linux.cc:279] Failed to adjust OOM score of renderer with pid 205287: Read-only file system (30)
[pid=202878][err] [202878:202916:1002/204736.584336:ERROR:content/browser/zygote_host/zygote_host_impl_linux.cc:279] Failed to adjust OOM score of renderer with pid 206021: Read-only file system (30)
[pid=202878][err] [202878:202916:1002/204737.860744:ERROR:content/browser/zygote_host/zygote_host_impl_linux.cc:279] Failed to adjust OOM score of renderer with pid 206531: Read-only file system (30)
[pid=202878][err] [202878:202916:1002/204808.335015:ERROR:content/browser/zygote_host/zygote_host_impl_linux.cc:279] Failed to adjust OOM score of renderer with pid 206618: Read-only file system (30)
[pid=202878][err] [202878:202916:1002/204808.350991:ERROR:content/browser/zygote_host/zygote_host_impl_linux.cc:279] Failed to adjust OOM score of renderer with pid 206627: Read-only file system (30)
[pid=202878][err] [202878:202916:1002/204808.353660:ERROR:content/browser/zygote_host/zygote_host_impl_linux.cc:279] Failed to adjust OOM score of renderer with pid 206628: Read-only file system (30)
[pid=202878][err] [202878:202916:1002/204808.368809:ERROR:content/browser/zygote_host/zygote_host_impl_linux.cc:279] Failed to adjust OOM score of renderer with pid 206644: Read-only file system (30)
[pid=202878][err] [202878:202916:1002/204808.396399:ERROR:content/browser/zygote_host/zygote_host_impl_linux.cc:279] Failed to adjust OOM score of renderer with pid 206654: Read-only file system (30)
[pid=202878][err] [202878:202916:1002/204808.398784:ERROR:content/browser/zygote_host/zygote_host_impl_linux.cc:279] Failed to adjust OOM score of renderer with pid 206655: Read-only file system (30)
[pid=202878][err] [202878:202916:1002/204808.471478:ERROR:content/browser/zygote_host/zygote_host_impl_linux.cc:279] Failed to adjust OOM score of renderer with pid 206676: Read-only file system (30)
[pid=202878][err] [202878:202916:1002/204808.483543:ERROR:content/browser/zygote_host/zygote_host_impl_linux.cc:279] Failed to adjust OOM score of renderer with pid 206682: Read-only file system (30)
[pid=202878][err] [202878:202916:1002/204808.508756:ERROR:content/browser/zygote_host/zygote_host_impl_linux.cc:279] Failed to adjust OOM score of renderer with pid 206689: Read-only file system (30)
[pid=202878][err] [202878:202916:1002/204808.532546:ERROR:content/browser/zygote_host/zygote_host_impl_linux.cc:279] Failed to adjust OOM score of renderer with pid 206693: Read-only file system (30)
[pid=202878][err] [202878:202916:1002/204810.135640:ERROR:content/browser/zygote_host/zygote_host_impl_linux.cc:279] Failed to adjust OOM score of renderer with pid 206719: Read-only file system (30)
[pid=202878][err] [202878:202916:1002/204810.776248:ERROR:content/browser/zygote_host/zygote_host_impl_linux.cc:279] Failed to adjust OOM score of renderer with pid 206732: Read-only file system (30)
[pid=202878][err] [202878:202916:1002/204810.777787:ERROR:content/browser/zygote_host/zygote_host_impl_linux.cc:279] Failed to adjust OOM score of renderer with pid 206733: Read-only file system (30)
[pid=202878][err] [202878:202916:1002/204811.421623:ERROR:content/browser/zygote_host/zygote_host_impl_linux.cc:279] Failed to adjust OOM score of renderer with pid 206755: Read-only file system (30)
[pid=202878][err] [202878:202916:1002/204811.423629:ERROR:content/browser/zygote_host/zygote_host_impl_linux.cc:279] Failed to adjust OOM score of renderer with pid 206756: Read-only file system (30)
[pid=202878][err] [202878:202916:1002/204811.910959:ERROR:content/browser/zygote_host/zygote_host_impl_linux.cc:279] Failed to adjust OOM score of renderer with pid 206777: Read-only file system (30)
[pid=202878][err] [202878:202916:1002/204811.912071:ERROR:content/browser/zygote_host/zygote_host_impl_linux.cc:279] Failed to adjust OOM score of renderer with pid 206778: Read-only file system (30)
[pid=202878][err] [202878:202916:1002/204812.515492:ERROR:content/browser/zygote_host/zygote_host_impl_linux.cc:279] Failed to adjust OOM score of renderer with pid 206800: Read-only file system (30)
[pid=202878][err] [202878:202916:1002/204812.516391:ERROR:content/browser/zygote_host/zygote_host_impl_linux.cc:279] Failed to adjust OOM score of renderer with pid 206801: Read-only file system (30)
[pid=202878][err] [202878:202916:1002/204813.072164:ERROR:content/browser/zygote_host/zygote_host_impl_linux.cc:279] Failed to adjust OOM score of renderer with pid 206822: Read-only file system (30)
[pid=202878][err] [202878:202916:1002/204813.074165:ERROR:content/browser/zygote_host/zygote_host_impl_linux.cc:279] Failed to adjust OOM score of renderer with pid 206824: Read-only file system (30)
[pid=202878][err] [202878:202916:1002/204813.213286:ERROR:content/browser/zygote_host/zygote_host_impl_linux.cc:279] Failed to adjust OOM score of renderer with pid 206840: Read-only file system (30)
[pid=202878][err] [202878:202916:1002/204813.644197:ERROR:content/browser/zygote_host/zygote_host_impl_linux.cc:279] Failed to adjust OOM score of renderer with pid 206852: Read-only file system (30)
[pid=202878][err] [202878:202916:1002/204814.786672:ERROR:content/browser/zygote_host/zygote_host_impl_linux.cc:279] Failed to adjust OOM score of renderer with pid 206866: Read-only file system (30)
[pid=202878][err] [202878:202916:1002/204814.787617:ERROR:content/browser/zygote_host/zygote_host_impl_linux.cc:279] Failed to adjust OOM score of renderer with pid 206867: Read-only file system (30)
[pid=202878][err] [202878:202916:1002/204815.051147:ERROR:content/browser/zygote_host/zygote_host_impl_linux.cc:279] Failed to adjust OOM score of renderer with pid 206888: Read-only file system (30)
[pid=202878][err] [202878:202916:1002/204815.052115:ERROR:content/browser/zygote_host/zygote_host_impl_linux.cc:279] Failed to adjust OOM score of renderer with pid 206890: Read-only file system (30)
[pid=202878][err] [202878:202916:1002/204815.746789:ERROR:content/browser/zygote_host/zygote_host_impl_linux.cc:279] Failed to adjust OOM score of renderer with pid 206916: Read-only file system (30)
[pid=202878][err] [202878:202916:1002/204815.747841:ERROR:content/browser/zygote_host/zygote_host_impl_linux.cc:279] Failed to adjust OOM score of renderer with pid 206917: Read-only file system (30)
[pid=202878][err] [202878:202916:1002/204815.799209:ERROR:content/browser/zygote_host/zygote_host_impl_linux.cc:279] Failed to adjust OOM score of renderer with pid 206934: Read-only file system (30)
[pid=202878][err] [202878:202916:1002/204815.802075:ERROR:content/browser/zygote_host/zygote_host_impl_linux.cc:279] Failed to adjust OOM score of renderer with pid 206935: Read-only file system (30)
[pid=202878][err] [202878:202916:1002/204816.605633:ERROR:content/browser/zygote_host/zygote_host_impl_linux.cc:279] Failed to adjust OOM score of renderer with pid 206959: Read-only file system (30)
[pid=202878][err] [202878:202916:1002/204816.612186:ERROR:content/browser/zygote_host/zygote_host_impl_linux.cc:279] Failed to adjust OOM score of renderer with pid 206965: Read-only file system (30)
[pid=202878][err] [202878:202916:1002/204816.651350:ERROR:content/browser/zygote_host/zygote_host_impl_linux.cc:279] Failed to adjust OOM score of renderer with pid 206977: Read-only file system (30)
[pid=202878][err] [202878:202916:1002/204816.654690:ERROR:content/browser/zygote_host/zygote_host_impl_linux.cc:279] Failed to adjust OOM score of renderer with pid 206978: Read-only file system (30)
[pid=202878][err] [202878:202916:1002/204817.553796:ERROR:content/browser/zygote_host/zygote_host_impl_linux.cc:279] Failed to adjust OOM score of renderer with pid 207006: Read-only file system (30)
[pid=202878][err] [202878:202916:1002/204817.616954:ERROR:content/browser/zygote_host/zygote_host_impl_linux.cc:279] Failed to adjust OOM score of renderer with pid 207015: Read-only file system (30)
[pid=202878][err] [202878:202916:1002/204818.832537:ERROR:content/browser/zygote_host/zygote_host_impl_linux.cc:279] Failed to adjust OOM score of renderer with pid 207029: Read-only file system (30)
[pid=202878][err] [202878:202916:1002/204818.835275:ERROR:content/browser/zygote_host/zygote_host_impl_linux.cc:279] Failed to adjust OOM score of renderer with pid 207030: Read-only file system (30)
[pid=202878][err] [202878:202916:1002/204818.975219:ERROR:content/browser/zygote_host/zygote_host_impl_linux.cc:279] Failed to adjust OOM score of renderer with pid 207047: Read-only file system (30)
[pid=202878][err] [202878:202916:1002/204818.977840:ERROR:content/browser/zygote_host/zygote_host_impl_linux.cc:279] Failed to adjust OOM score of renderer with pid 207049: Read-only file system (30)
[pid=202878][err] [202878:202916:1002/204819.164154:ERROR:content/browser/zygote_host/zygote_host_impl_linux.cc:279] Failed to adjust OOM score of renderer with pid 207068: Read-only file system (30)
[pid=202878][err] [202878:202916:1002/204819.275234:ERROR:content/browser/zygote_host/zygote_host_impl_linux.cc:279] Failed to adjust OOM score of renderer with pid 207080: Read-only file system (30)
[pid=202878][err] [202878:202916:1002/204819.936404:ERROR:content/browser/zygote_host/zygote_host_impl_linux.cc:279] Failed to adjust OOM score of renderer with pid 207089: Read-only file system (30)
[pid=202878][err] [202878:202916:1002/204819.938777:ERROR:content/browser/zygote_host/zygote_host_impl_linux.cc:279] Failed to adjust OOM score of renderer with pid 207090: Read-only file system (30)
[pid=202878][err] [202878:202916:1002/204820.488747:ERROR:content/browser/zygote_host/zygote_host_impl_linux.cc:279] Failed to adjust OOM score of renderer with pid 207111: Read-only file system (30)
[pid=202878][err] [202878:202916:1002/204820.489757:ERROR:content/browser/zygote_host/zygote_host_impl_linux.cc:279] Failed to adjust OOM score of renderer with pid 207112: Read-only file system (30)
[pid=202878] <gracefully close start>
    at run (/workspace/scratch/oda-reference-redesign/fidelity-rework/final/diagnostics.mjs:107:30)
    at async file:///workspace/scratch/oda-reference-redesign/fidelity-rework/final/diagnostics.mjs:246:58 {
  log: []
}

Node.js v24.19.0
