
> oda-one-decision-away@1.0.0 qa:courses
> node --import tsx scripts/qa-course-learning.mjs

PASS en catalog mobile: no horizontal overflow or serious/critical axe findings
PASS en: course filters/search and keyboard workbook opening
PASS en: example starter preserves the reader's existing field
PASS en: plan, entry, reflection and partial practice survive reload
PASS en: review and portable notes download
PASS en open workbook mobile: no horizontal overflow or serious/critical axe findings
PASS blocked storage retains multiple edits and retry saves the whole draft
PASS open workbook 320px: no horizontal overflow or serious/critical axe findings
PASS open workbook desktop: no horizontal overflow or serious/critical axe findings
PASS sequential lesson completion preserves course practice work
PASS catalog desktop: no horizontal overflow or serious/critical axe findings
PASS empty search recovery and research jump disclose the bibliography
PASS landing/Today selection contract opens the intended course for an onboarded user
PASS blocked original covers retain stable cards, readable titles and all course navigation
PASS catalog dark: no horizontal overflow or serious/critical axe findings
PASS open workbook dark: no horizontal overflow or serious/critical axe findings
PASS tr catalog mobile: no horizontal overflow or serious/critical axe findings
PASS tr: course filters/search and keyboard workbook opening
PASS tr: example starter preserves the reader's existing field
PASS tr: plan, entry, reflection and partial practice survive reload
PASS tr: review and portable notes download
PASS tr open workbook mobile: no horizontal overflow or serious/critical axe findings
PASS es catalog mobile: no horizontal overflow or serious/critical axe findings
PASS es: course filters/search and keyboard workbook opening
PASS es: example starter preserves the reader's existing field
PASS es: plan, entry, reflection and partial practice survive reload
PASS es: review and portable notes download
PASS es open workbook mobile: no horizontal overflow or serious/critical axe findings
npm notice
npm notice New major version of npm available! 11.9.0 -> 12.2.0
npm notice Changelog: https://github.com/npm/cli/releases/tag/v12.2.0
npm notice To update run: npm install -g npm@12.2.0
npm notice
