
> oda-one-decision-away@1.0.0 check
> npm run lint && node scripts/validate-i18n.mjs && node --import tsx scripts/test-i18n.ts && node --import tsx scripts/test-notebook.ts && node --import tsx scripts/test-notebook-voice.ts && node --import tsx scripts/test-routing.ts && npm test && npm run build


> oda-one-decision-away@1.0.0 lint
> tsc --noEmit

npm notice
npm notice New major version of npm available! 11.9.0 -> 12.2.0
npm notice Changelog: https://github.com/npm/cli/releases/tag/v12.2.0
npm notice To update run: npm install -g npm@12.2.0
npm notice
tr: 6821 entries; missing keys 0; placeholder differences 0
es: 6821 entries; missing keys 0; placeholder differences 0
English-first startup, saved choices, EN/TR/ES switching, fallback and repeated placeholders passed.
✔ old backups normalize without copying or losing any legacy Dream Journal field (2.21914ms)
✔ new writing of every kind including affirmation earns 25 once; intention alone does not (1.966277ms)
✔ edit, no-op, delete and recreate preserve immutable once-per-day reward claims (0.485174ms)
✔ local writing day and existing UTC reward ceiling are separate and cap-safe (0.352003ms)
✔ 369 only counts matching written intentions, allows partial saves and retains archived histories (1.639212ms)
✔ 369 derives a real 33-day streak and preserves the achieved target after a gap (2.215254ms)
✔ 369 matches Turkish dotted/dotless uppercase pairs without stripping meaningful accents (0.470753ms)
✔ calendar streaks use local days across DST, not elapsed 24-hour periods (0.492706ms)
✔ validation rejects blank entries, future dates, past creation and excess slots without altering input (0.483973ms)
✔ legacy edits preserve photos, links and original date; unified JSON roundtrip is lossless (6.626983ms)
✔ real repository serializes concurrent writes, protects from stale saves, and honors explicit restore (13.210045ms)
✔ stale whole-document saves do not resurrect deleted legacy entries or lose new ones (2.697243ms)
✔ Notebook rebases after a delayed load against a concurrent profile and ledger save (1.365567ms)
✔ concurrent mission and Notebook reward evaluation share the same 2500 ceiling (9.480422ms)
✔ failed storage saves reject, do not push cloud or claim rewards, and queue recovers (1.422613ms)
✔ unreadable saved JSON is preserved, never silently replaced with seed data (0.205141ms)
✔ explicit local restore blocks older cloud data across failed uploads and is account/project scoped (2.205649ms)
✔ an old in-flight cloud upload cannot overwrite a newer restored snapshot or clear its marker (0.70694ms)
✔ a signed-out import binds to the first later connection and stays isolated from other accounts (1.428332ms)
ℹ tests 19
ℹ suites 0
ℹ pass 19
ℹ fail 0
ℹ cancelled 0
ℹ skipped 0
ℹ todo 0
ℹ duration_ms 65.330941
Notebook voice uses device speech only, preserves preferences and handles unavailable speech.
✔ root hosting retains history paths, including direct reloads (1.044321ms)
✔ project hosting keeps every navigation on the same static document (0.276088ms)
✔ landing URLs and non-route fragments do not become unknown routes (0.170018ms)
✔ back/forward hash entries resolve to canonical route IDs (0.942917ms)
✔ icons and service worker URLs stay under their deployment base (0.19184ms)
✔ service worker precaches only its project directory (18.691618ms)
✔ standalone support remains available offline without replacing the application shell (12.961091ms)
✔ activation preserves sibling apps and this version media cache (3.599419ms)
✔ notification defaults and legacy targets open the project hash route (1.074026ms)
✔ installed app metadata refreshes instead of retaining the cached identity (7.176805ms)
✔ installed app metadata remains available offline (1.016238ms)
ℹ tests 11
ℹ suites 0
ℹ pass 11
ℹ fail 0
ℹ cancelled 0
ℹ skipped 0
ℹ todo 0
ℹ duration_ms 59.728624

> oda-one-decision-away@1.0.0 test
> node --import tsx --test tests/*.test.ts supabase/functions/send-nudges/core.test.ts supabase/functions/send-nudges/push-worker.test.ts

✔ 600 scheduled selections are unique across 100 local calendar days and repeat only in the next cycle (4.014167ms)
✔ calendar-day index is independent of server timezone, DST boundaries and midnight UTC (0.434357ms)
✔ sender blocks private-network endpoints, embedded credentials, lookalike hosts and unexpected ports (0.450442ms)
✔ payload identifies adaptation/translation and routes stay valid for root and project hosting (1.566011ms)
✔ cron authenticator requires a substantial matching secret (8.903028ms)
✔ push event displays the real server payload without an open client (2.620677ms)
✔ unexpected push fields cannot become arbitrary notification options (0.969928ms)
✔ does not load a runtime before explicit initialization and blocks unsupported devices (2.359502ms)
✔ context retains the latest user turn, merges interrupted turns, and ignores injected roles (0.736114ms)
✔ streams accumulated visible content and disables reasoning output (2.887361ms)
✔ aborting initialization disposes the downloading runtime and allows retry (4.526523ms)
[ODA Coach] Generation failed: Error: GPU device lost: out of memory
    at Object.generate (/workspace/one-decision-away/tests/ai-coach.test.ts:117:35)
    at <anonymous> (/workspace/one-decision-away/src/services/aiCoach.ts:256:68)
    at Object.stream (/workspace/one-decision-away/src/services/aiCoach.ts:300:5)
    at TestContext.<anonymous> (/workspace/one-decision-away/tests/ai-coach.test.ts:122:30)
    at async Test.run (node:internal/test_runner/test:1389:7)
    at async Test.processPendingSubtests (node:internal/test_runner/test:960:7)
✔ cancellation drains generation, suppresses late text, and releases the next request (2.463259ms)
✔ generation failures are actionable, never become a canned coach reply, and require restart (4.276855ms)
✔ unload cancels an active operation, releases memory and supports a fresh initialization (2.182534ms)
✔ restore safety: weekly review text cannot be an object (3.498927ms)
✔ restore safety: life score records need sortable timestamps (0.884569ms)
✔ restore safety: bridge records need their rendered amounts (0.81256ms)
✔ restore safety: a pinned dream name cannot be a React object child (0.863778ms)
✔ legacy course storage migrates into the personal record without changing other data (9.402149ms)
✔ course edits, completion, experiment plans and logs roundtrip through JSON backup (4.268693ms)
✔ a stale save from another feature retains newer lesson notes and practice logs (2.277798ms)
✔ a legacy backup keeps local courses; an explicit empty course backup clears them (3.727423ms)
✔ validation rejects malformed personal, notebook and course data before any storage write (5.329849ms)
✔ quota failures keep the entire previous record and legacy key intact, and a retry succeeds (2.015331ms)
✔ unreadable main data is never replaced by a course-only save (0.610955ms)
✔ lesson edits and re-completion retain the real-world experiment history (0.309559ms)
✔ course mutations wait for the shared write lock and rebase onto a concurrent notebook commit (0.901865ms)
✔ ledger and notebook rewards retain one UTC ceiling when the local decision day differs (20.31132ms)
✔ cloud upload captures current courses and invalid cloud backups leave local storage untouched (3.386917ms)
✔ cloud previews do not change last-sync or local data until the reviewed record is committed (4.215631ms)
✔ client and server agree on the message limits (0.969118ms)
✔ the request keeps the last 12 messages, trims each to 1500 characters and drops empty ones (0.426496ms)
✔ context is sent only when there is something to send, and is trimmed (0.377671ms)
✔ responses map to a result or a typed error (1.284084ms)
✔ the shared context holds only today, the last kept decisions and short journal lines (10.502459ms)
✔ a pending cloud SELECT cannot replace data after account switch (4.04908ms)
✔ a pending cloud SELECT cannot replace data after project switch (0.721812ms)
✔ a pending cloud SELECT cannot replace data after logout and reauthentication as the same account (0.864239ms)
✔ a pending cloud SELECT cannot replace data after an explicit local import barrier (0.933002ms)
✔ a pending cloud SELECT cannot replace data after newer saved personal writing (0.875335ms)
✔ a reviewed cloud restore is checked inside the write lock after account switch (3.5013ms)
✔ a reviewed cloud restore is checked inside the write lock after project switch (1.084763ms)
✔ a reviewed cloud restore is checked inside the write lock after logout and reauthentication as the same account (5.380235ms)
✔ a reviewed cloud restore is checked inside the write lock after an explicit local import barrier (3.759006ms)
✔ a reviewed cloud restore is checked inside the write lock after newer saved personal writing (1.24827ms)
✔ an unchanged reviewed cloud record commits once and records its scoped sync (2.617722ms)
✔ manual sync cannot fall back to uploading a captured previous-account snapshot (0.623945ms)
✔ a delayed automatic backup remains bound to its original account (0.48923ms)
✔ an old upload success cannot mark or emit the new cloud scope (0.973994ms)
✔ an old upload failure cannot mark or emit the new cloud scope (0.472215ms)
✔ levels and monthly limits match the plan (1.874298ms)
✔ the highest active RevenueCat entitlement wins; expired ones do not count (2.541748ms)
✔ the tier cache is fresh for ten minutes (0.214956ms)
✔ requests are validated, trimmed and may be empty for a status check (0.595782ms)
✔ crisis words in English, Turkish and Spanish are caught; everyday worry is not (4.368334ms)
✔ the prompt sets the persona, safety rules and reply language; context reaches only the coach level (0.638767ms)
✔ the function keeps secrets and message text out of code and logs (0.557985ms)
✔ no AI provider secret is referenced from the app bundle code (34.77736ms)
✔ lightweight course previews and restore metadata match each real edition (2.439013ms)
✔ English editions keep every course and lesson ID of the Turkish edition (1.379789ms)
✔ every English lesson goes deeper and tells an example story (6.559421ms)
✔ every course and lesson has a real, distinct photo with alt text (0.654671ms)
✔ technique cards name their origin, give doable steps and say honestly what the evidence supports (1.054998ms)
✔ every course states its purpose, scope and outcome, with usable lesson durations (0.465244ms)
✔ the bibliography distinguishes research from guidance and includes usable HTTPS references and limitations (1.335422ms)
✔ every lesson cites existing sources and every advertised research source is used (0.506077ms)
✔ each lesson has two reading paragraphs, three distinct practice instructions and reflection support (5.144128ms)
✔ each lesson offers three distinct answers, one valid correct index and explanatory feedback (1.524398ms)
✔ every lesson has one visual; charts quote a source the lesson cites (0.814693ms)
✔ Spanish editions mirror the English structure (13.4426ms)
✔ Spanish source ids are unique (0.202967ms)
✔ stable course IDs keep their ordered lesson IDs for stored progress (1.202731ms)
✔ every course and lesson has a real, distinct photo with Turkish alt text (5.053ms)
✔ technique cards name their origin, give doable steps and say honestly what the evidence supports (1.041497ms)
✔ every course states its purpose, scope and outcome, with usable lesson durations (0.513447ms)
✔ the bibliography distinguishes research from guidance and includes usable HTTPS references and limitations (1.252305ms)
✔ every lesson cites existing sources and every advertised research source is used (0.63376ms)
✔ each lesson has two reading paragraphs, three distinct practice instructions and reflection support (3.404894ms)
✔ each lesson offers three distinct answers, one valid correct index and explanatory feedback (1.014946ms)
✔ every lesson has one visual; charts quote a source the lesson cites (0.550033ms)
✔ all 18 courses have distinct, actionable guides in every supported language (1.317775ms)
✔ studio is optional and initially collapsed; completed courses open their transfer practice (36.976208ms)
✔ new plans preserve optionality and keep an independent copy of private fields (0.742194ms)
✔ untrusted backup data cannot introduce unknown courses, malformed dates, duplicate entries, or oversized notes (0.933353ms)
✔ retrying the same journal entry is idempotent; paused and adapted entries retain honest observations (0.456421ms)
✔ journal keeps the most recent bounded entries and does not mutate input during normalization (0.551485ms)
✔ calendar validation handles leap days, impossible dates, and week/month/year transitions (0.173122ms)
✔ due review needs a usable plan; completing review sets a fresh revisit without losing reflection (0.230098ms)
✔ course progress saves and completed lessons keep the plan, journal, and review after an interrupted round trip (1.089219ms)
✔ a practice plan cannot unlock lessons or manufacture completion (0.437332ms)
✔ a localized portable artifact retains ordinary private text without embedding executable HTML (0.288507ms)
✔ rapid edits remain visible and are replayed in order under serialized persistence (16.333498ms)
✔ failed drafts survive later edits and a retry rebases them over unrelated saved work (0.689894ms)
✔ same-tab save notifications retain newer input while an earlier batch is committing (0.54123ms)
✔ unexpected persistence exceptions preserve private work and allow a later successful save (0.393305ms)
✔ retry clicked while a failed write is settling starts a fresh persistence attempt (1.338737ms)
✔ malformed and unsupported records recover to separate empty states (1.868358ms)
✔ unknown IDs and properties are discarded; checklists are resized with strict booleans (0.473467ms)
✔ negative, fractional, nonnumeric and out-of-range answers do not satisfy a lesson (0.583754ms)
✔ notes are bounded while their newlines and ordinary content survive (0.201234ms)
✔ tampered completion cannot bypass the exercise, answer or preceding lessons (0.450552ms)
✔ valid completed prefixes survive independently for different courses (0.238922ms)
✔ draft updates are immutable and cannot mark a lesson complete (0.294696ms)
✔ completion follows the real course in order and is idempotent (1.860967ms)
✔ editing a completed prerequisite revalidates later lessons without losing drafts (0.454007ms)
✔ caller-supplied lesson and course objects cannot change the answer or bypass a course (0.417803ms)
✔ saving and reloading preserve a completed lesson and an unfinished draft (1.206046ms)
✔ blocked storage and quota failures are reported without throwing (0.921796ms)
✔ a decision kept today takes priority over array order and an older active carry-over (1.797441ms)
✔ a newly chosen decision after a kept one remains actionable today (0.292773ms)
✔ yesterday’s completion, archived decisions, invalid timestamps and future plans never masquerade as today (0.202516ms)
✔ daily decisions use the local calendar around UTC midnight in both timezone directions (0.610093ms)
✔ a missed weekly review remains available on Wednesday and follows local Sunday boundaries (0.23152ms)
✔ weekly evidence counts actual distinct days and bounds entries to the reviewed calendar week (10.314736ms)
✔ an unfinished decision can be reviewed without inventing completed progress (0.34332ms)
✔ saving and editing a daily reflection preserves other pages, rewards once, and survives JSON backup replacement (1.63799ms)
✔ course continuation resumes selected work before the suggested course and advances to the actual incomplete lesson (0.459536ms)
✔ course continuation recognizes an interrupted first answer of zero and never offers an already completed course (0.360186ms)
✔ daily loop copy has explicit matching nonempty English, Turkish and Spanish strings (0.324341ms)
✔ concurrent retries of a kept daily decision record evidence and reward exactly once (16.457906ms)
✔ deep backup safety: reject unparseable notebook day before replacing any storage (5.711757ms)
✔ deep backup safety: reject impossible calendar day before replacing any storage (1.454111ms)
✔ deep backup safety: reject object mood rendered in journal before replacing any storage (1.39401ms)
✔ deep backup safety: reject object prompt assigned to editor before replacing any storage (1.183622ms)
✔ deep backup safety: reject unknown kind hidden by every writing surface before replacing any storage (1.451096ms)
✔ deep backup safety: reject unparseable gratitude day before replacing any storage (1.0043ms)
✔ deep backup safety: reject invalid writing activity day before replacing any storage (1.403024ms)
✔ deep backup safety: reject invalid ledger day before replacing any storage (0.647049ms)
✔ deep backup safety: reject object activity transaction reference before replacing any storage (1.194879ms)
✔ deep backup safety: reject invalid 369 start day before replacing any storage (2.026708ms)
✔ deep backup safety: reject invalid 369 history day before replacing any storage (1.114857ms)
✔ deep backup safety: reject object archive marker hiding a practice before replacing any storage (0.654531ms)
✔ deep backup safety: reject object 369 day timestamp before replacing any storage (0.70003ms)
✔ deep backup safety: reject dream instant producing an invalid display day before replacing any storage (0.507979ms)
✔ deep backup safety: reject invalid course attempt day silently dropping a note before replacing any storage (0.883037ms)
✔ deep backup safety: reject invalid course review due date before replacing any storage (0.692598ms)
✔ deep backup safety: reject invalid course review completion date before replacing any storage (1.153256ms)
✔ deep backup safety: legitimate exported writing, legacy moods, and leap days roundtrip and render (50.50507ms)
✔ deep backup safety: legacy backups without a notebook retain dream fields and local courses (0.730146ms)
✔ an earlier account sync timestamp cannot hide another account cloud record (5.904949ms)
✔ a legacy unscoped timestamp is not proof that this account is synchronized (0.787332ms)
✔ an account deletion response cannot sign out a later signed-in account (1.039223ms)
✔ an account deletion response cannot clear a new project connection (0.421648ms)
✔ a late cloud coach reply cannot be accepted in another account scope (24.786104ms)
✔ account deletion cannot start with another account after awaiting the client (0.397321ms)
✔ cloud coach context consent is isolated between accounts and projects (0.278121ms)
✔ a token refresh keeps the current account coach request valid (0.780392ms)
✔ a project change while reading a coach response also expires its content (0.320666ms)
✔ stopping the coach cancels a response body still being downloaded (0.400566ms)
✔ a queued backup cannot upload a local document rolled back while it waited (3.428661ms)
✔ the latest queued backup still uploads after a preceding slower backup (3.182689ms)
✔ returning to an earlier account cannot reuse its timestamp for another account local record (5.870136ms)
✔ a replaced dataset cannot inherit this account historical synchronization proof (0.914885ms)
✔ an owner-metadata quota failure cannot advertise a newer synchronized local record (1.410596ms)
✔ every localized course can complete and carry its notes into the other editions (30.509448ms)
✔ practice calendar keeps the local day across UTC midnight and daylight-saving weeks (0.712879ms)
✔ a transient personal-record read failure cannot replace already saved course work with an empty fallback (1.848648ms)
✔ a blocked-save session retains private edits and warning after its only view unmounts, then retries successfully (0.579588ms)
✔ explicit replacement cancels a queued old draft while allowing new edits to save after the lock releases (1.14929ms)
✔ a transient legacy-course read failure cannot overwrite the previous separate course record (0.430983ms)
✔ a different tab replacement discards old private draft before replay even when its storage event has not arrived (2.308835ms)
✔ other-tab provisional replacement notifications wait for rollback before inspecting epochs or discarding private drafts (2.079318ms)
✔ same-tab course publication runs under the lock before another tab can project a provisional replacement (0.728813ms)
✔ purchases and payments committed within one clock tick keep distinct identities (14.476576ms)
✔ habit completion dates agree with the local Today calendar on either side of UTC midnight (1.419759ms)
✔ habit yesterday and streaks count actual calendar dates through both DST changes (0.266253ms)
✔ habits roll over at local midnight and keep the previous local day history (1.576606ms)
✔ rollover fallback converts the last-opened instant to its local day (0.253945ms)
✔ date-only values display their saved day while timestamps retain instant conversion (26.36251ms)
✔ calendar formatting rejects normalized impossible days and keeps invalid values readable (0.404442ms)
✔ habit reward identity survives undo, reload and UTC midnight without paying the same local day twice (0.334627ms)
✔ local midnight cannot earn the same habit twice in the UTC reward day (0.201845ms)
✔ habit and check-in rewards share the notebook UTC ceiling, including partial and exhausted budgets (0.208696ms)
✔ a profile save captured before a decision completion retains the kept decision and its evidence (21.687042ms)
✔ concurrent purchases retain both dreams and both payments (3.232644ms)
✔ concurrent purchase checks reject a second claim for the same dream (1.384967ms)
✔ concurrent purchases check affordability against the payment that committed first (14.312547ms)
✔ concurrent savings additions retain both amounts and log entries (2.17272ms)
✔ disjoint profile changes from the same baseline both survive (5.048313ms)
✔ conflicting edits to the same profile field reject before any write and notify the UI (2.136274ms)
✔ an intentional mission deletion and reorder survive a disjoint newer settings save (5.563182ms)
✔ concurrent edits to the mission array reject rather than inventing a merged list (0.977559ms)
✔ even an identical explicit restore invalidates snapshots that were captured before it (4.573834ms)
✔ a profile write queued behind a restore cannot resurrect pre-restore writing (6.879997ms)
✔ legacy records missing transactions can merge a settings edit after a course-only write (1.188249ms)
✔ clearing and recreating the personal record invalidates earlier editable snapshots (5.239572ms)
✔ deleting imported own magic keys while another nested field changes never revives them (1.481292ms)
✔ mission evidence, generated bridges and savings logs keep unique IDs in a single clock tick (5.957779ms)
✔ levels are ordered free < essentials < pro < coach (1.395263ms)
✔ coach message allowances follow the product spec (0.136818ms)
✔ essential courses exist, and Turning Day is not one of them (it is free for all) (0.19108ms)
✔ nothing is locked where subscriptions cannot be bought (web), at any level (0.278792ms)
✔ free level: Turning Day in full, first lessons of the rest, first sounds of each category (0.167003ms)
✔ essentials opens the six core courses and the whole Sound Room, not the rest (0.500759ms)
✔ pro and coach open every lesson and sound (0.320986ms)
✔ six products: two per paid level, ids match the App Store spec (0.345212ms)
✔ RevenueCat entitlements resolve to the highest active level (0.238601ms)
✔ annual saving is computed from real prices only (0.315918ms)
✔ 3D decorative growth preserves 60 kept decisions and 30 extra blossoms (1.71025ms)
✔ 3D display normalizes invalid counts without changing the evidence source (0.477032ms)
✔ static legal pages match src/data/legal.ts (run npx tsx scripts/build-legal.ts) (1.504879ms)
✔ every language has the same sections and names the company (0.192642ms)
✔ privacy policy covers what App Review checks (0.365654ms)
✔ local day keys and day gaps follow the calendar, not UTC (1.340259ms)
✔ evidence lists kept decisions newest first and counts the last seven days (11.468723ms)
✔ comeback is kind after a lapse and silent otherwise (1.199516ms)
✔ fresh starts land on the first of the month and on Mondays (0.202126ms)
✔ simple mode lasts a week or until three kept decisions, and can be switched off (0.279873ms)
✔ the day-14 question appears once, only for people who used decisions (0.27729ms)
✔ the weekly look-back is offered on Sunday and Monday, once per week, and its change lasts a week (0.741182ms)
✔ the chain forgives one missed day a week, but not two in a row or two in a week (2.050484ms)
✔ smart reminders aim 30 minutes before the usual kept time, once there is enough history (0.503923ms)
✔ every sign-up intent points at a real course and offers three easy decisions (150.783242ms)
✔ the reminder voice keeps one line per day and never threatens a streak (2.264037ms)
✔ every iOS project and application build configuration enforces the Safari 16.4 baseline (1.104462ms)
✔ Capacitor sync keeps a compatible generated Swift package floor without lowering the app minimum (184.006774ms)
✔ installed native dependency library floors are compatible with the Swift wrapper and app (0.56818ms)
✔ native metadata cannot override the application minimum with an older target (0.953343ms)
✔ interrupted setup restores fields without allowing a nameless final step (1.703979ms)
✔ unknown, malformed and oversized setup drafts are safely bounded (0.254445ms)
✔ trial length comes only from a free intro offer (0.695984ms)
✔ native reminders: a week ahead, past times skipped, stable ids (0.683204ms)
✔ native planner rejects malformed times and keeps a bounded week inside its namespace (1.796945ms)
✔ interrupted native scheduling leaves the newest state and preserves other notifications (7.111847ms)
✔ a native plugin error does not prevent the next reminder replacement (0.82614ms)
✔ preserves the first 300 passages and appends exactly 100 each from faith, science and philosophy in order (2.091987ms)
✔ all 600 sourced passages have unique IDs and bilingual text without recycling legacy lines (57.97321ms)
✔ six notifications stay distinct for 100 full days, then repeat, and match the server snapshot across a year boundary (10.651996ms)
✔ local day remains stable from morning to evening; six-time migration preserves existing preferences (1.446329ms)
✔ legacy three-reminder profiles keep their evening time and gain six distinct reminders (0.427928ms)
✔ migration resolves default collisions only in missing slots and reserves later saved slots first (0.345213ms)
✔ every thinker passage links to a Gutenberg book whose text is kept in docs/quote-sources (14.978106ms)
✔ root hosting retains history paths, including direct reloads (0.906963ms)
✔ project hosting keeps every navigation on the same static document (0.27708ms)
✔ landing URLs and non-route fragments do not become unknown routes (1.354731ms)
✔ back/forward hash entries resolve to canonical route IDs (0.174324ms)
✔ icons and service worker URLs stay under their deployment base (0.579677ms)
✔ each person reads and writes only their own backup; anonymous visitors get nothing (1753.39616ms)
✔ an oversized backup is refused (1452.787114ms)
✔ cloud coach counters: people read only their own rows and cannot write or call the increment (1577.999165ms)
✔ the monthly increment stops exactly at the limit and a refund gives one back (1343.349054ms)
✔ a strict Content Security Policy ships with the page (0.848835ms)
✔ index.html has no inline scripts (the CSP forbids them) (0.212872ms)
✔ no raw HTML or eval sinks in the app code (13.749465ms)
✔ links that open a new tab cannot reach back into ODA (9.103632ms)
✔ no secret keys in the shipped code (18.311382ms)
✔ production builds carry no source maps (0.401418ms)
✔ service worker precaches only its project directory (29.510736ms)
✔ standalone support remains available offline without replacing the application shell (9.673745ms)
✔ activation preserves sibling apps and this version media cache (2.833419ms)
✔ notification defaults and legacy targets open the project hash route (3.99625ms)
✔ installed app metadata refreshes instead of retaining the cached identity (2.744575ms)
✔ installed app metadata remains available offline (1.198064ms)
✔ breath pacer runs at about 5.5 breaths a minute (0.934105ms)
✔ breathPhase: inhale first, then exhale, then repeats (0.691196ms)
✔ breathPhase is safe with odd input (0.142776ms)
✔ formatRemaining (0.147193ms)
✔ timer fades: a minute for sleep, short otherwise, never over half the timer (0.190548ms)
✔ public support is generated from the same localized help as the app (6.222271ms)
✔ each store locale links to the shipped public support artifact (0.291882ms)
✔ growth keeps an exact capped ledger through every stage boundary and beyond the canopy (10.136698ms)
✔ approved tree pixels and normalized roots match their independent asset manifest (8.400298ms)
ℹ tests 262
ℹ suites 0
ℹ pass 262
ℹ fail 0
ℹ cancelled 0
ℹ skipped 0
ℹ todo 0
ℹ duration_ms 9584.824324
npm notice
npm notice New major version of npm available! 11.9.0 -> 12.2.0
npm notice Changelog: https://github.com/npm/cli/releases/tag/v12.2.0
npm notice To update run: npm install -g npm@12.2.0
npm notice

> oda-one-decision-away@1.0.0 build
> vite build

vite v6.4.3 building for production...
transforming...
✓ 3365 modules transformed.
rendering chunks...
[plugin vite:reporter]
(!) /workspace/one-decision-away/src/services/cloudSync.ts is dynamically imported by /workspace/one-decision-away/src/main.tsx but also statically imported by /workspace/one-decision-away/src/components/BackupAndCloudSettings.tsx, /workspace/one-decision-away/src/components/BackupReminder.tsx, /workspace/one-decision-away/src/components/DailyNudgesSettings.tsx, /workspace/one-decision-away/src/pages/Account.tsx, /workspace/one-decision-away/src/pages/Coach.tsx, /workspace/one-decision-away/src/services/cloudCoach.ts, /workspace/one-decision-away/src/services/courseProgress.ts, /workspace/one-decision-away/src/services/pushNotifications.ts, /workspace/one-decision-away/src/services/repository.ts, /workspace/one-decision-away/src/services/useCloudState.ts, /workspace/one-decision-away/src/store/useApp.tsx, dynamic import will not move module into another chunk.

computing gzip size...
dist/index.html                                                       3.27 kB │ gzip:     1.12 kB
dist/assets/hanken-grotesk-vietnamese-wght-normal-CHiFlh_0.woff2      9.32 kB
dist/assets/hanken-grotesk-latin-ext-wght-normal-Dg-wlmqe.woff2      19.59 kB
dist/assets/newsreader-vietnamese-opsz-normal-BjhtXyW2.woff2         27.25 kB
dist/assets/newsreader-vietnamese-opsz-italic-DTr-ymY4.woff2         27.90 kB
dist/assets/hanken-grotesk-latin-wght-normal-CaVRRdDk.woff2          34.70 kB
dist/assets/newsreader-latin-ext-opsz-normal-BQn1nviT.woff2          86.61 kB
dist/assets/newsreader-latin-ext-opsz-italic-CSPGnFdO.woff2          95.54 kB
dist/assets/newsreader-latin-opsz-normal-s-izfB6B.woff2             132.00 kB
dist/assets/newsreader-latin-opsz-italic-kJKFiXvB.woff2             146.87 kB
dist/assets/aiCoach.worker-C60CQ1Xm.js                            6,039.34 kB
dist/assets/Today-D76Bu5Fr.css                                        4.80 kB │ gzip:     1.29 kB
dist/assets/SoundRoom-CqaeVc25.css                                   10.94 kB │ gzip:     2.71 kB
dist/assets/Courses-dAxxx90S.css                                     26.09 kB │ gzip:     4.85 kB
dist/assets/index-DR1fL9tE.css                                      109.85 kB │ gzip:    22.83 kB
dist/assets/de-FmFgRqLi.js                                            0.03 kB │ gzip:     0.05 kB
dist/assets/fr-FmFgRqLi.js                                            0.03 kB │ gzip:     0.05 kB
dist/assets/it-FmFgRqLi.js                                            0.03 kB │ gzip:     0.05 kB
dist/assets/ru-FmFgRqLi.js                                            0.03 kB │ gzip:     0.05 kB
dist/assets/web-Bg4byhaI.js                                           0.18 kB │ gzip:     0.16 kB
dist/assets/useCloudState-Bkdz5u6D.js                                 0.20 kB │ gzip:     0.18 kB
dist/assets/chevron-right-DTE04Xa8.js                                 0.30 kB │ gzip:     0.25 kB
dist/assets/square-QPjcbFbO.js                                        0.32 kB │ gzip:     0.26 kB
dist/assets/arrow-up-right-Q2atRLNM.js                                0.34 kB │ gzip:     0.27 kB
dist/assets/search-DYZgCroY.js                                        0.35 kB │ gzip:     0.28 kB
dist/assets/circle-check-BwNthO6E.js                                  0.35 kB │ gzip:     0.28 kB
dist/assets/user-round-DB1INiy6.js                                    0.36 kB │ gzip:     0.28 kB
dist/assets/rotate-ccw-Bt9RTeMR.js                                    0.37 kB │ gzip:     0.29 kB
dist/assets/index-Of8N4vDC.js                                         0.38 kB │ gzip:     0.27 kB
dist/assets/mail-nexOxyRv.js                                          0.39 kB │ gzip:     0.31 kB
dist/assets/moon-DaELIX80.js                                          0.39 kB │ gzip:     0.31 kB
dist/assets/log-out-BRLNaPah.js                                       0.40 kB │ gzip:     0.29 kB
dist/assets/headphones-DcUVEjIE.js                                    0.41 kB │ gzip:     0.29 kB
dist/assets/timer-UPCqS1tC.js                                         0.41 kB │ gzip:     0.29 kB
dist/assets/wind-BgmrWX1T.js                                          0.42 kB │ gzip:     0.30 kB
dist/assets/archive-DFjtaklo.js                                       0.43 kB │ gzip:     0.31 kB
dist/assets/route-Dvfce92o.js                                         0.43 kB │ gzip:     0.31 kB
dist/assets/lock-keyhole-DafBKWnx.js                                  0.43 kB │ gzip:     0.33 kB
dist/assets/index-D0gkWC-E.js                                         0.45 kB │ gzip:     0.28 kB
dist/assets/pencil-jlH2BdY5.js                                        0.45 kB │ gzip:     0.33 kB
dist/assets/pen-line-CcH_sAPn.js                                      0.45 kB │ gzip:     0.33 kB
dist/assets/index-DQd1M1cP.js                                         0.48 kB │ gzip:     0.29 kB
dist/assets/refresh-cw-Bczy-Qsh.js                                    0.50 kB │ gzip:     0.33 kB
dist/assets/trash-2-ChbLXXwi.js                                       0.50 kB │ gzip:     0.32 kB
dist/assets/Focus-Dlg5R8v1.js                                         0.53 kB │ gzip:     0.33 kB
dist/assets/share-2-DG4t2Dn5.js                                       0.53 kB │ gzip:     0.34 kB
dist/assets/shuffle-iFCLFAj0.js                                       0.56 kB │ gzip:     0.35 kB
dist/assets/sun-moon-Bi-VptYW.js                                      0.57 kB │ gzip:     0.38 kB
dist/assets/waves-5anFR9pr.js                                         0.60 kB │ gzip:     0.32 kB
dist/assets/sparkles-By3vLIoq.js                                      0.67 kB │ gzip:     0.39 kB
dist/assets/calendar-days-C0yEkuja.js                                 0.67 kB │ gzip:     0.37 kB
dist/assets/index-XOIgNal_.js                                         0.67 kB │ gzip:     0.42 kB
dist/assets/trending-up-xsGc4LOR.js                                   0.69 kB │ gzip:     0.34 kB
dist/assets/index-Cke5wKyl.js                                         0.72 kB │ gzip:     0.41 kB
dist/assets/music-CuuDDuS-.js                                         0.75 kB │ gzip:     0.40 kB
dist/assets/web-C4qZfaPK.js                                           0.90 kB │ gzip:     0.43 kB
dist/assets/web-DHsggxGx.js                                           1.06 kB │ gzip:     0.52 kB
dist/assets/Legal-BU8bbhJp.js                                         2.00 kB │ gzip:     0.91 kB
dist/assets/growth-CtfcX3mW.js                                        2.07 kB │ gzip:     0.92 kB
dist/assets/Support-CS54oR56.js                                       3.54 kB │ gzip:     1.25 kB
dist/assets/Seasons-BHMxT8_k.js                                       3.65 kB │ gzip:     1.29 kB
dist/assets/Budget-D4D_J4jo.js                                        4.45 kB │ gzip:     1.70 kB
dist/assets/web-yPmepKHc.js                                           4.65 kB │ gzip:     1.40 kB
dist/assets/purchases-YnsuD5AO.js                                     4.73 kB │ gzip:     2.16 kB
dist/assets/Evidence-DMc9QRkT.js                                      5.43 kB │ gzip:     1.99 kB
dist/assets/Tools-B0Pk4oMw.js                                         5.60 kB │ gzip:     2.18 kB
dist/assets/Missions-rTs3azez.js                                      5.65 kB │ gzip:     2.05 kB
dist/assets/LifeScore-BT_g4gsA.js                                     5.72 kB │ gzip:     1.92 kB
dist/assets/Bridge-pjEyvo9e.js                                        6.53 kB │ gzip:     1.96 kB
dist/assets/FutureSelf-l1aKq2AI.js                                    6.86 kB │ gzip:     1.94 kB
dist/assets/MissionFlows-ByVpyRwA.js                                  8.10 kB │ gzip:     2.50 kB
dist/assets/index-CiarYLtW.js                                         8.72 kB │ gzip:     3.31 kB
dist/assets/web-BLZt9rJu.js                                          10.19 kB │ gzip:     2.10 kB
dist/assets/Account-CH3jrirY.js                                      10.41 kB │ gzip:     3.24 kB
dist/assets/PublicTwoFutures-CNCKr4Kf.js                             11.24 kB │ gzip:     3.71 kB
dist/assets/support-pM4t7xiW.js                                      11.79 kB │ gzip:     4.95 kB
dist/assets/DreamArt-BbEKnFUp.js                                     12.84 kB │ gzip:     2.50 kB
dist/assets/FocusTimerHub-C-K1LJXi.js                                13.62 kB │ gzip:     3.86 kB
dist/assets/Upgrade-DgHKUXpR.js                                      14.05 kB │ gzip:     4.76 kB
dist/assets/Me--682LEiX.js                                           16.31 kB │ gzip:     5.70 kB
dist/assets/TwoFutures-CNqrlVA8.js                                   19.69 kB │ gzip:     5.43 kB
dist/assets/SoundRoom-BJVs0b7t.js                                    20.33 kB │ gzip:     7.77 kB
dist/assets/media-2mgEiOLR.js                                        23.75 kB │ gzip:     9.29 kB
dist/assets/Bank-BtrZfJfW.js                                         29.85 kB │ gzip:     8.22 kB
dist/assets/Settings-CNEOwpZL.js                                     40.62 kB │ gzip:    12.75 kB
dist/assets/Coach-BJLy3H6F.js                                        48.48 kB │ gzip:    15.85 kB
dist/assets/Notebook-DbZ46u_k.js                                     48.78 kB │ gzip:    14.17 kB
dist/assets/Dreams-DWPQAASy.js                                       53.04 kB │ gzip:    14.92 kB
dist/assets/DailyMicroHabits-dUNYdRI4.js                             56.82 kB │ gzip:    14.78 kB
dist/assets/Progress-DlaQCw5J.js                                     75.84 kB │ gzip:    18.19 kB
dist/assets/Courses-CdtaAXaT.js                                     113.89 kB │ gzip:    37.00 kB
dist/assets/motion-HNvQpnN_.js                                      128.88 kB │ gzip:    42.38 kB
dist/assets/Today-CkfNlkfn.js                                       135.70 kB │ gzip:    41.67 kB
dist/assets/supabase--wUpN4Ei.js                                    228.14 kB │ gzip:    59.28 kB
dist/assets/react-5GCfeWye.js                                       229.42 kB │ gzip:    71.53 kB
dist/assets/genai-DNIGCYRr.js                                       409.93 kB │ gzip:    72.77 kB
dist/assets/charts-CiESIKeW.js                                      431.59 kB │ gzip:   124.88 kB
dist/assets/tr-C8BDhSCr.js                                          560.83 kB │ gzip:   219.10 kB
dist/assets/es-CYCsPQH7.js                                          573.26 kB │ gzip:   217.48 kB
dist/assets/index-BoVFjEw9.js                                       782.28 kB │ gzip:   258.70 kB
dist/assets/courses-CKtnra3s.js                                   2,510.75 kB │ gzip:   813.28 kB
dist/assets/index-BMm9S-UO.js                                     5,959.05 kB │ gzip: 2,123.39 kB

(!) Some chunks are larger than 700 kB after minification. Consider:
- Using dynamic import() to code-split the application
- Use build.rollupOptions.output.manualChunks to improve chunking: https://rollupjs.org/configuration-options/#output-manualchunks
- Adjust chunk size limit for this warning via build.chunkSizeWarningLimit.
✓ built in 10.95s
npm notice
npm notice New major version of npm available! 11.9.0 -> 12.2.0
npm notice Changelog: https://github.com/npm/cli/releases/tag/v12.2.0
npm notice To update run: npm install -g npm@12.2.0
npm notice
npm notice
npm notice New major version of npm available! 11.9.0 -> 12.2.0
npm notice Changelog: https://github.com/npm/cli/releases/tag/v12.2.0
npm notice To update run: npm install -g npm@12.2.0
npm notice
