PASS en web welcome 320: controls fit and no serious/critical axe findings
PASS en web welcome 390: controls fit and no serious/critical axe findings
PASS en: a fresh web record boots to the real onboarding preview
PASS en: signed-out Today boots with real lightweight lesson metadata
PASS en untouched overview 320: controls fit and no serious/critical axe findings
PASS en untouched overview 390: controls fit and no serious/critical axe findings
PASS en: explicit Start and saved partial lesson/reflection survive web startup
PASS en returning lesson 320: controls fit and no serious/critical axe findings
PASS en returning lesson 390: controls fit and no serious/critical axe findings
PASS en: saved lesson two resumes directly and Today continuation retains actual metadata
PASS web Upgrade remains informational with no purchase/restore controls or SDK/payment interaction
PASS tr web welcome 320: controls fit and no serious/critical axe findings
PASS tr web welcome 390: controls fit and no serious/critical axe findings
PASS tr: a fresh web record boots to the real onboarding preview
PASS tr: signed-out Today boots with real lightweight lesson metadata
PASS tr untouched overview 320: controls fit and no serious/critical axe findings
PASS tr untouched overview 390: controls fit and no serious/critical axe findings
PASS tr: explicit Start and saved partial lesson/reflection survive web startup
PASS tr returning lesson 320: controls fit and no serious/critical axe findings
PASS tr returning lesson 390: controls fit and no serious/critical axe findings
PASS tr: saved lesson two resumes directly and Today continuation retains actual metadata
PASS es web welcome 320: controls fit and no serious/critical axe findings
PASS es web welcome 390: controls fit and no serious/critical axe findings
PASS es: a fresh web record boots to the real onboarding preview
PASS es: signed-out Today boots with real lightweight lesson metadata
PASS es untouched overview 320: controls fit and no serious/critical axe findings
PASS es untouched overview 390: controls fit and no serious/critical axe findings
PASS es: explicit Start and saved partial lesson/reflection survive web startup
PASS es returning lesson 320: controls fit and no serious/critical axe findings
PASS es returning lesson 390: controls fit and no serious/critical axe findings
PASS es: saved lesson two resumes directly and Today continuation retains actual metadata
