PASS en catalog mobile: no horizontal overflow or serious/critical axe findings
PASS en course overview mobile: no horizontal overflow or serious/critical axe findings
PASS course overview 320px: no horizontal overflow or serious/critical axe findings
PASS en: untouched overview uses real description, outcome, ordered lessons and explicit Start without saving progress
PASS en: course filters/search and keyboard workbook opening
PASS en: example starter preserves the reader's existing field
PASS en: plan, entry, reflection and partial practice survive reload
PASS en: review and portable notes download
PASS en open workbook mobile: no horizontal overflow or serious/critical axe findings
PASS blocked storage retains multiple edits and retry saves the whole draft
PASS open workbook 320px: no horizontal overflow or serious/critical axe findings
PASS open workbook desktop: no horizontal overflow or serious/critical axe findings
PASS sequential lesson completion preserves course practice work
PASS Today exposes actual next lesson title, minutes and goal and resumes saved lesson 2
PASS catalog desktop: no horizontal overflow or serious/critical axe findings
PASS empty search recovery and research jump disclose the bibliography
PASS landing/Today selection contract previews the intended untouched course before explicit Start
PASS blocked original covers retain stable cards, readable titles and all course navigation
PASS catalog dark: no horizontal overflow or serious/critical axe findings
PASS open workbook dark: no horizontal overflow or serious/critical axe findings
PASS tr catalog mobile: no horizontal overflow or serious/critical axe findings
PASS tr course overview mobile: no horizontal overflow or serious/critical axe findings
PASS tr: untouched overview uses real description, outcome, ordered lessons and explicit Start without saving progress
PASS tr: course filters/search and keyboard workbook opening
PASS tr: example starter preserves the reader's existing field
PASS tr: plan, entry, reflection and partial practice survive reload
PASS tr: review and portable notes download
PASS tr open workbook mobile: no horizontal overflow or serious/critical axe findings
PASS es catalog mobile: no horizontal overflow or serious/critical axe findings
PASS es course overview mobile: no horizontal overflow or serious/critical axe findings
PASS es: untouched overview uses real description, outcome, ordered lessons and explicit Start without saving progress
PASS es: course filters/search and keyboard workbook opening
PASS es: example starter preserves the reader's existing field
PASS es: plan, entry, reflection and partial practice survive reload
PASS es: review and portable notes download
PASS es open workbook mobile: no horizontal overflow or serious/critical axe findings
