✔ legacy course storage migrates into the personal record without changing other data (5.618626ms)
✔ course edits, completion, experiment plans and logs roundtrip through JSON backup (4.159237ms)
✔ a stale save from another feature retains newer lesson notes and practice logs (2.45745ms)
✔ a legacy backup keeps local courses; an explicit empty course backup clears them (2.353643ms)
✔ validation rejects malformed personal, notebook and course data before any storage write (3.991984ms)
✔ quota failures keep the entire previous record and legacy key intact, and a retry succeeds (1.560903ms)
✔ unreadable main data is never replaced by a course-only save (0.652373ms)
✔ lesson edits and re-completion retain the real-world experiment history (0.375138ms)
✔ course mutations wait for the shared write lock and rebase onto a concurrent notebook commit (1.109329ms)
✔ ledger and notebook rewards retain one UTC ceiling when the local decision day differs (16.759494ms)
✔ cloud upload captures current courses and invalid cloud backups leave local storage untouched (16.761466ms)
✔ cloud previews do not change last-sync or local data until the reviewed record is committed (4.033146ms)
✔ a matching current durable document uploads and records current plus historical confirmation (30.458584ms)
✔ a stale rendered profile payload cannot roll acknowledged cloud work backward (25.452559ms)
✔ a stale rendered notebook payload cannot roll acknowledged cloud work backward (6.971505ms)
✔ a stale rendered futureSelf payload cannot roll acknowledged cloud work backward (6.167087ms)
✔ missing authoritative local record rejects a push before any cloud query (8.50088ms)
✔ invalid-json authoritative local record rejects a push before any cloud query (2.736102ms)
✔ invalid-document authoritative local record rejects a push before any cloud query (2.707198ms)
✔ a course-only stale caller uses the existing latest-course normalization and can upload (6.672942ms)
✔ an ordinary repository save invalidates current confirmation immediately and retains history (3.709656ms)
✔ a durable Notebook action invalidates confirmation without waiting for its debounce (7.19997ms)
✔ a durable course save invalidates confirmation without requiring the AppProvider event listener (2.188273ms)
✔ a save suppressed by its account guard still makes the current durable document dirty (2.247162ms)
✔ a failed durable repository write preserves previous current confirmation (3.625579ms)
✔ a failed durable notebook write preserves previous current confirmation (2.43085ms)
✔ a failed durable course write preserves previous current confirmation (4.349265ms)
✔ dirty startup does not automatically restore the same acknowledged cloud baseline over newer device work (3.01839ms)
✔ an old in-flight upload retains its remote baseline while the latest durable document remains dirty (5.202386ms)
✔ the latest queued durable payload updates after an older in-flight upload without reverting cloud or device (6.711552ms)
✔ a cloud-restore fingerprint resolve after account drift returns false without publishing obsolete status (5.889606ms)
✔ a cloud-restore fingerprint reject after account drift returns false without publishing obsolete status (3.354068ms)
✔ a cloud-restore fingerprint resolve after project drift returns false without publishing obsolete status (7.285781ms)
✔ a cloud-restore fingerprint reject after project drift returns false without publishing obsolete status (2.809884ms)
✔ a cloud-restore fingerprint resolve after local-record drift returns false without publishing obsolete status (3.284723ms)
✔ a cloud-restore fingerprint reject after local-record drift returns false without publishing obsolete status (3.006642ms)
✔ a rejected current cloud-restore fingerprint returns false, preserves durable data and reports unconfirmed backup (6.088939ms)
✔ cloud-restore acknowledgement owner-quota failure returns a boolean and keeps the durable restored record (3.025601ms)
✔ cloud-restore acknowledgement document-read failure returns a boolean and keeps the durable restored record (2.480495ms)
✔ a clean-reload confirmation fingerprint resolve after account B cannot publish account A status (2.473435ms)
✔ a clean-reload confirmation fingerprint reject after account B cannot publish account A status (2.447866ms)
✔ confirmation bootstrap after a clean reload is tied to the actual persisted document (4.67011ms)
✔ confirmation bootstrap after a dirty reload preserves device work and historical cloud time (3.312586ms)
✔ a coherently hydrated external-tab edit cannot inherit another tab’s current-document confirmation (2.676782ms)
✔ a pending cloud SELECT cannot replace data after account switch (3.897932ms)
✔ a pending cloud SELECT cannot replace data after project switch (0.998597ms)
✔ a pending cloud SELECT cannot replace data after logout and reauthentication as the same account (0.907374ms)
✔ a pending cloud SELECT cannot replace data after an explicit local import barrier (1.271265ms)
✔ a pending cloud SELECT cannot replace data after newer saved personal writing (1.113636ms)
✔ a reviewed cloud restore is checked inside the write lock after account switch (11.564609ms)
✔ a reviewed cloud restore is checked inside the write lock after project switch (2.60887ms)
✔ a reviewed cloud restore is checked inside the write lock after logout and reauthentication as the same account (2.209255ms)
✔ a reviewed cloud restore is checked inside the write lock after an explicit local import barrier (2.12699ms)
✔ a reviewed cloud restore is checked inside the write lock after newer saved personal writing (2.054381ms)
✔ an unchanged reviewed cloud record commits once and records its scoped sync (3.449883ms)
✔ manual sync cannot fall back to uploading a captured previous-account snapshot (0.553719ms)
✔ a delayed automatic backup remains bound to its original account (0.363229ms)
✔ an old upload success cannot mark or emit the new cloud scope (5.274986ms)
✔ an old upload failure cannot mark or emit the new cloud scope (5.363506ms)
✔ fresh OTP sign-in cannot overwrite existing cloud work on the first ordinary save (7.537652ms)
✔ an absent cloud row is inserted once and acknowledges the returned server version and exact data (10.319754ms)
✔ offline SELECT throws and reconnect retain both records (3.439778ms)
✔ offline SELECT resolved and reconnect retain both records (1.713875ms)
✔ shared device A→B→A cannot reuse the historical acknowledgement of A after B owns the record (12.606266ms)
✔ a stale upload SELECT after account cannot write or alter current-scope status (1.727405ms)
✔ a stale upload SELECT after project cannot write or alter current-scope status (1.014416ms)
✔ a stale upload SELECT after logout-return cannot write or alter current-scope status (1.014475ms)
✔ a stale upload SELECT after local-edit cannot write or alter current-scope status (1.085714ms)
✔ a stale upload SELECT after import cannot write or alter current-scope status (1.101358ms)
✔ same-version remote content changed at the fresh read cannot authorize overwrite (6.28123ms)
✔ canonical acknowledgement treats reordered object keys as equal, but retains array order (7.844737ms)
✔ a changed remote version between SELECT and UPDATE yields zero rows and never acknowledges success (8.663517ms)
✔ an absent-row insert race preserves the winning cloud record and holds the import token (1.95502ms)
✔ empty returned write representation never acknowledges or clears import intent (1.587944ms)
✔ missing returned write representation never acknowledges or clears import intent (1.199496ms)
✔ invalid-data returned write representation never acknowledges or clears import intent (1.290434ms)
✔ invalid-version returned write representation never acknowledges or clears import intent (1.540893ms)
✔ multiple returned write representation never acknowledges or clears import intent (1.504698ms)
✔ a legacy timestamp-only acknowledgement cannot authorize an existing-row upload (1.287079ms)
✔ previewing or declining a cloud restore creates no acknowledgement and later saves remain held (1.911334ms)
✔ accepted cloud restore acknowledges the raw fetched JSON, including omitted legacy course data (11.492716ms)
✔ an explicit import facing unacknowledged existing cloud keeps bytes/token and cannot bypass review protection (1.592ms)
✔ an explicit import into absent cloud can insert and clear only its still-current token (3.278694ms)
✔ a late write response cannot acknowledge a new account or clear a newer import token (1.906126ms)
✔ a write response cannot clear an import created while that same account upload waited (2.072357ms)
✔ acknowledgement storage failure does not report sync success or clear imported intent (3.147445ms)
✔ hash failure cannot mutate cloud or acknowledge the local record (3.636996ms)
✔ awaited remote fingerprint after account cannot authorize a stale write (4.389536ms)
✔ awaited remote fingerprint after local-edit cannot authorize a stale write (3.563165ms)
✔ awaited remote fingerprint after import cannot authorize a stale write (2.982496ms)
✔ a malformed-data SELECT pauses upload without choosing a winner (1.033284ms)
✔ a invalid-version SELECT pauses upload without choosing a winner (0.700951ms)
✔ successful upload acknowledges the actual returned server version rather than the attempted client timestamp (2.633016ms)
✔ a rejected reviewed restore cannot establish cloud acknowledgement (2.003213ms)
✔ a regressed clock advances the conditional write beyond remote microseconds 2040-01-01T00:00:00.999999Z (5.355468ms)
✔ a regressed clock advances the conditional write beyond remote microseconds 2040-01-01T00:00:00.000001+00:00 (7.155714ms)
✔ a valid returned document differing from the sent snapshot cannot establish upload permission (2.667719ms)
✔ a represented conditional write that fails to advance its version cannot be acknowledged (2.901333ms)
✔ an absent-row insert is not attempted when payload hashing is unavailable (0.983639ms)
✔ another owner recorded during hashing invalidates an earlier acknowledgement without changing device bytes (2.605284ms)
✔ another owner recorded during an upload response cannot be overwritten by its late acknowledgement (1.921289ms)
✔ an acknowledgement storage-read failure after durable restore returns false and preserves the restored record (1.793014ms)
✔ a rejected SELECT after a newer local save cannot replace that newer status (1.199916ms)
✔ a manual preview stays paused without acknowledging cloud work until an accepted commit (3.31552ms)
✔ manual review exposes unacknowledged/changed cloud at -1000ms while default startup policy remains unchanged (2.522239ms)
✔ manual review exposes unacknowledged/changed cloud at 0ms while default startup policy remains unchanged (2.475689ms)
✔ manual review exposes unacknowledged/changed cloud at 1000ms while default startup policy remains unchanged (2.408267ms)
✔ known limitation: a legacy same-version mutation after SELECT can pass timestamp-only CAS (3.697648ms)
✔ deep backup safety: reject unparseable notebook day before replacing any storage (4.835231ms)
✔ deep backup safety: reject impossible calendar day before replacing any storage (0.970109ms)
✔ deep backup safety: reject object mood rendered in journal before replacing any storage (0.821494ms)
✔ deep backup safety: reject object prompt assigned to editor before replacing any storage (5.895596ms)
✔ deep backup safety: reject unknown kind hidden by every writing surface before replacing any storage (0.961275ms)
✔ deep backup safety: reject unparseable gratitude day before replacing any storage (0.659758ms)
✔ deep backup safety: reject invalid writing activity day before replacing any storage (0.632177ms)
✔ deep backup safety: reject invalid ledger day before replacing any storage (0.539607ms)
✔ deep backup safety: reject object activity transaction reference before replacing any storage (0.645727ms)
✔ deep backup safety: reject invalid 369 start day before replacing any storage (0.761873ms)
✔ deep backup safety: reject invalid 369 history day before replacing any storage (0.580599ms)
✔ deep backup safety: reject object archive marker hiding a practice before replacing any storage (0.487778ms)
✔ deep backup safety: reject object 369 day timestamp before replacing any storage (0.556732ms)
✔ deep backup safety: reject dream instant producing an invalid display day before replacing any storage (0.418333ms)
✔ deep backup safety: reject invalid course attempt day silently dropping a note before replacing any storage (0.765429ms)
✔ deep backup safety: reject invalid course review due date before replacing any storage (0.562271ms)
✔ deep backup safety: reject invalid course review completion date before replacing any storage (0.493547ms)
✔ deep backup safety: legitimate exported writing, legacy moods, and leap days roundtrip and render (30.044017ms)
✔ deep backup safety: legacy backups without a notebook retain dream fields and local courses (0.494529ms)
✔ an earlier account sync timestamp cannot hide another account cloud record (14.04248ms)
✔ a legacy unscoped timestamp is not proof that this account is synchronized (1.523496ms)
✔ an account deletion response cannot sign out a later signed-in account (0.869686ms)
✔ an account deletion response cannot clear a new project connection (0.308818ms)
✔ a late cloud coach reply cannot be accepted in another account scope (19.837134ms)
✔ account deletion cannot start with another account after awaiting the client (1.688556ms)
✔ cloud coach context consent is isolated between accounts and projects (0.234395ms)
✔ a token refresh keeps the current account coach request valid (0.618186ms)
✔ a project change while reading a coach response also expires its content (0.332803ms)
✔ stopping the coach cancels a response body still being downloaded (0.487678ms)
✔ a queued backup cannot upload a local document rolled back while it waited (18.492528ms)
✔ the latest queued backup still uploads after a preceding slower backup (9.522106ms)
✔ returning to an earlier account cannot reuse its timestamp for another account local record (5.459907ms)
✔ a replaced dataset cannot inherit this account historical synchronization proof (3.110259ms)
✔ an owner-metadata quota failure cannot advertise a newer synchronized local record (6.015227ms)
✔ native Settings and Account use the shared code flow with device copy in en (12.347534ms)
✔ native Settings and Account use the shared code flow with device copy in tr (21.256633ms)
✔ native Settings and Account use the shared code flow with device copy in es (18.550756ms)
✔ web backup keeps its inline magic-link form and Account keeps link copy (8.329882ms)
✔ native configured signed-in backup retains sync and sign-out actions (2.552063ms)
✔ unconfigured native cloud does not offer a sign-in request (1.643097ms)
✔ actual cloud request and verification use one injected auth adapter and trim input (1.092704ms)
ℹ tests 149
ℹ suites 0
ℹ pass 149
ℹ fail 0
ℹ cancelled 0
ℹ skipped 0
ℹ todo 0
ℹ duration_ms 1018.719701
