<svg xmlns="http://www.w3.org/2000/svg" width="960" height="1280" viewBox="0 0 960 1280">
  <!-- Original ODA palm/sky vector illustration. Not an exact reference photo or a copied designer asset. -->
  <defs>
    <linearGradient id="sky" x2=".8" y2="1"><stop stop-color="#50697d"/><stop offset=".48" stop-color="#a0b4c0"/><stop offset="1" stop-color="#305868"/></linearGradient>
    <linearGradient id="haze" x2="1" y2="1"><stop stop-color="#d8d9cd" stop-opacity=".25"/><stop offset="1" stop-color="#0f2636" stop-opacity=".25"/></linearGradient>
    <filter id="grain"><feTurbulence type="fractalNoise" baseFrequency=".7" numOctaves="2" stitchTiles="stitch"/></filter>
  </defs>
  <path fill="url(#sky)" d="M0 0H960V1280H0Z"/>
  <path fill="url(#haze)" d="M0 0H960V1280H0Z"/>
  <g fill="none" stroke="#132c31" stroke-linecap="round">
    <path stroke-width="32" d="M-30 1300C80 1120 198 810 206 563"/>
    <path stroke-width="20" d="M993 1275C900 1120 820 910 801 640"/>
  </g>
  <g fill="#152f33">
    <path d="M208 588C34 480-89 521-140 628C-2 568 126 576 208 588Z"/>
    <path d="M208 588C81 340 3 315-73 376C40 411 116 501 208 588Z"/>
    <path d="M208 588C117 346 135 264 231 242C181 369 190 489 208 588Z"/>
    <path d="M208 588C216 319 289 246 379 284C278 355 235 485 208 588Z"/>
    <path d="M208 588C353 384 470 369 526 458C378 462 289 533 208 588Z"/>
    <path d="M208 588C431 522 541 561 551 667C415 602 305 594 208 588Z"/>
    <path d="M208 588C356 620 413 719 379 808C321 696 263 638 208 588Z"/>
    <path d="M801 650C695 440 596 421 535 504C662 516 740 587 801 650Z"/>
    <path d="M801 650C751 395 787 306 874 308C819 440 820 554 801 650Z"/>
    <path d="M801 650C858 386 949 352 1025 409C923 453 846 573 801 650Z"/>
    <path d="M801 650C1007 474 1124 517 1145 600C1001 585 894 627 801 650Z"/>
    <path d="M801 650C983 631 1054 702 1045 804C944 714 859 681 801 650Z"/>
    <path d="M801 650C693 600 620 652 599 737C678 685 747 656 801 650Z"/>
  </g>
  <g fill="none" stroke="#6c8584" opacity=".34" stroke-width="1.8">
    <path d="M208 588Q40 402-73 376M208 588Q119 342 231 242M208 588Q254 332 379 284M208 588Q376 404 526 458M208 588Q391 545 551 667M801 650Q728 459 535 504M801 650Q782 402 874 308M801 650Q923 412 1025 409M801 650Q1002 552 1145 600"/>
  </g>
  <path fill="#0d2531" opacity=".24" d="M0 0H960V1280H0Z"/>
  <path filter="url(#grain)" opacity=".06" d="M0 0H960V1280H0Z"/>
</svg>
