PASS en-320: seven-day archive filter uses the real selection state without replacing writing or saving a record
PASS en-320: unsubmitted title, writing and mood survive reload exactly
PASS en-320: explicit Save commits the canonical entry and resets the draft
PASS en-320: saved archive entry reopens after reload without duplicate records
PASS en-390: seven-day archive filter uses the real selection state without replacing writing or saving a record
PASS en-390: unsubmitted title, writing and mood survive reload exactly
PASS en-390: explicit Save commits the canonical entry and resets the draft
PASS en-390: saved archive entry reopens after reload without duplicate records
PASS tr-320: seven-day archive filter uses the real selection state without replacing writing or saving a record
PASS tr-320: unsubmitted title, writing and mood survive reload exactly
PASS tr-320: explicit Save commits the canonical entry and resets the draft
PASS tr-320: saved archive entry reopens after reload without duplicate records
PASS tr-390: seven-day archive filter uses the real selection state without replacing writing or saving a record
PASS tr-390: unsubmitted title, writing and mood survive reload exactly
PASS tr-390: explicit Save commits the canonical entry and resets the draft
PASS tr-390: saved archive entry reopens after reload without duplicate records
PASS es-320: seven-day archive filter uses the real selection state without replacing writing or saving a record
PASS es-320: unsubmitted title, writing and mood survive reload exactly
PASS es-320: explicit Save commits the canonical entry and resets the draft
PASS es-320: saved archive entry reopens after reload without duplicate records
PASS es-390: seven-day archive filter uses the real selection state without replacing writing or saving a record
PASS es-390: unsubmitted title, writing and mood survive reload exactly
PASS es-390: explicit Save commits the canonical entry and resets the draft
PASS es-390: saved archive entry reopens after reload without duplicate records
{"status":"passed","checks":24,"errors":0,"screenshots":12}
