PASS today-en-light-320
PASS catalogue-en-light-320
PASS lesson-en-light-320
PASS dreams-en-light-320
PASS notebook-en-light-320
PASS me-en-light-320
PASS bank-en-light-320
PASS today-en-light-390
PASS catalogue-en-light-390
PASS lesson-en-light-390
PASS dreams-en-light-390
PASS notebook-en-light-390
PASS me-en-light-390
PASS bank-en-light-390
PASS today-en-light-1440
PASS catalogue-en-light-1440
PASS lesson-en-light-1440
PASS dreams-en-light-1440
PASS notebook-en-light-1440
PASS me-en-light-1440
PASS bank-en-light-1440
PASS 200%-layout-zoom-today
PASS 200%-layout-zoom-catalogue
PASS 200%-layout-zoom-lesson
PASS 200%-layout-zoom-dreams
PASS 200%-layout-zoom-notebook
PASS 200%-layout-zoom-me
PASS 200%-layout-zoom-bank
PASS today-en-dark-320
PASS catalogue-en-dark-320
PASS lesson-en-dark-320
PASS dreams-en-dark-320
PASS notebook-en-dark-320
PASS me-en-dark-320
PASS bank-en-dark-320
PASS today-en-dark-390
PASS catalogue-en-dark-390
PASS lesson-en-dark-390
PASS dreams-en-dark-390
PASS notebook-en-dark-390
PASS me-en-dark-390
PASS bank-en-dark-390
PASS today-en-dark-1440
PASS catalogue-en-dark-1440
PASS lesson-en-dark-1440
PASS dreams-en-dark-1440
PASS notebook-en-dark-1440
PASS me-en-dark-1440
PASS bank-en-dark-1440
PASS today-tr-light-320
PASS catalogue-tr-light-320
PASS lesson-tr-light-320
PASS dreams-tr-light-320
PASS notebook-tr-light-320
PASS me-tr-light-320
PASS bank-tr-light-320
PASS today-tr-light-390
PASS catalogue-tr-light-390
PASS lesson-tr-light-390
PASS dreams-tr-light-390
PASS notebook-tr-light-390
PASS me-tr-light-390
PASS bank-tr-light-390
PASS today-tr-light-1440
PASS catalogue-tr-light-1440
PASS lesson-tr-light-1440
PASS dreams-tr-light-1440
PASS notebook-tr-light-1440
PASS me-tr-light-1440
PASS bank-tr-light-1440
PASS today-tr-dark-320
PASS catalogue-tr-dark-320
PASS lesson-tr-dark-320
PASS dreams-tr-dark-320
PASS notebook-tr-dark-320
PASS me-tr-dark-320
PASS bank-tr-dark-320
PASS today-tr-dark-390
PASS catalogue-tr-dark-390
PASS lesson-tr-dark-390
PASS dreams-tr-dark-390
PASS notebook-tr-dark-390
PASS me-tr-dark-390
PASS bank-tr-dark-390
PASS today-tr-dark-1440
PASS catalogue-tr-dark-1440
PASS lesson-tr-dark-1440
PASS dreams-tr-dark-1440
PASS notebook-tr-dark-1440
PASS me-tr-dark-1440
PASS bank-tr-dark-1440
PASS today-es-light-320
PASS catalogue-es-light-320
PASS lesson-es-light-320
PASS dreams-es-light-320
PASS notebook-es-light-320
PASS me-es-light-320
PASS bank-es-light-320
PASS today-es-light-390
PASS catalogue-es-light-390
PASS lesson-es-light-390
PASS dreams-es-light-390
PASS notebook-es-light-390
PASS me-es-light-390
PASS bank-es-light-390
PASS today-es-light-1440
PASS catalogue-es-light-1440
PASS lesson-es-light-1440
PASS dreams-es-light-1440
PASS notebook-es-light-1440
PASS me-es-light-1440
PASS bank-es-light-1440
PASS today-es-dark-320
PASS catalogue-es-dark-320
PASS lesson-es-dark-320
PASS dreams-es-dark-320
PASS notebook-es-dark-320
PASS me-es-dark-320
PASS bank-es-dark-320
PASS today-es-dark-390
PASS catalogue-es-dark-390
PASS lesson-es-dark-390
PASS dreams-es-dark-390
PASS notebook-es-dark-390
PASS me-es-dark-390
PASS bank-es-dark-390
PASS today-es-dark-1440
PASS catalogue-es-dark-1440
PASS lesson-es-dark-1440
PASS dreams-es-dark-1440
PASS notebook-es-dark-1440
PASS me-es-dark-1440
PASS bank-es-dark-1440
PASS 18 courses and 103 lessons retain their inventory
