
> oda-one-decision-away@1.0.0 check
> npm run lint && node scripts/validate-i18n.mjs && node --import tsx scripts/test-i18n.ts && node --import tsx scripts/test-notebook.ts && node --import tsx scripts/test-notebook-voice.ts && node --import tsx scripts/test-routing.ts && npm test && npm run build


> oda-one-decision-away@1.0.0 lint
> tsc --noEmit

npm notice
npm notice New major version of npm available! 11.9.0 -> 12.2.0
npm notice Changelog: https://github.com/npm/cli/releases/tag/v12.2.0
npm notice To update run: npm install -g npm@12.2.0
npm notice
tr: 6823 entries; missing keys 0; placeholder differences 0
es: 6823 entries; missing keys 0; placeholder differences 0
English-first startup, saved choices, EN/TR/ES switching, fallback and repeated placeholders passed.
✔ old backups normalize without copying or losing any legacy Dream Journal field (2.105178ms)
✔ new writing of every kind including affirmation earns 25 once; intention alone does not (2.141683ms)
✔ edit, no-op, delete and recreate preserve immutable once-per-day reward claims (0.48851ms)
✔ local writing day and existing UTC reward ceiling are separate and cap-safe (0.35679ms)
✔ 369 only counts matching written intentions, allows partial saves and retains archived histories (1.897744ms)
✔ 369 derives a real 33-day streak and preserves the achieved target after a gap (2.362217ms)
✔ 369 matches Turkish dotted/dotless uppercase pairs without stripping meaningful accents (0.389199ms)
✔ calendar streaks use local days across DST, not elapsed 24-hour periods (0.677566ms)
✔ validation rejects blank entries, future dates, past creation and excess slots without altering input (0.442029ms)
✔ legacy edits preserve photos, links and original date; unified JSON roundtrip is lossless (6.524328ms)
✔ real repository serializes concurrent writes, protects from stale saves, and honors explicit restore (10.129236ms)
✔ stale whole-document saves do not resurrect deleted legacy entries or lose new ones (1.308141ms)
✔ Notebook rebases after a delayed load against a concurrent profile and ledger save (0.90473ms)
✔ concurrent mission and Notebook reward evaluation share the same 2500 ceiling (7.258309ms)
✔ failed storage saves reject, do not push cloud or claim rewards, and queue recovers (1.245345ms)
✔ unreadable saved JSON is preserved, never silently replaced with seed data (0.198841ms)
✔ explicit local restore blocks older cloud data across failed uploads and is account/project scoped (17.499304ms)
✔ an old in-flight cloud upload cannot overwrite a newer restored snapshot or clear its marker (2.487637ms)
✔ a signed-out import binds to the first later connection and stays isolated from other accounts (2.953051ms)
ℹ tests 19
ℹ suites 0
ℹ pass 19
ℹ fail 0
ℹ cancelled 0
ℹ skipped 0
ℹ todo 0
ℹ duration_ms 66.15513
Notebook voice uses device speech only, preserves preferences and handles unavailable speech.
✔ root hosting retains history paths, including direct reloads (0.995297ms)
✔ project hosting keeps every navigation on the same static document (0.302849ms)
✔ landing URLs and non-route fragments do not become unknown routes (0.131038ms)
✔ back/forward hash entries resolve to canonical route IDs (0.115836ms)
✔ icons and service worker URLs stay under their deployment base (0.200624ms)
✔ service worker precaches only its project directory (16.426009ms)
✔ standalone support remains available offline without replacing the application shell (6.832835ms)
✔ activation preserves sibling apps and this version media cache (1.472249ms)
✔ notification defaults and legacy targets open the project hash route (1.08334ms)
✔ installed app metadata refreshes instead of retaining the cached identity (1.957874ms)
✔ installed app metadata remains available offline (1.060475ms)
ℹ tests 11
ℹ suites 0
ℹ pass 11
ℹ fail 0
ℹ cancelled 0
ℹ skipped 0
ℹ todo 0
ℹ duration_ms 50.060982

> oda-one-decision-away@1.0.0 test
> node --import tsx --test tests/*.test.ts supabase/functions/send-nudges/core.test.ts supabase/functions/send-nudges/push-worker.test.ts

✔ 600 scheduled selections are unique across 100 local calendar days and repeat only in the next cycle (2.882895ms)
✔ calendar-day index is independent of server timezone, DST boundaries and midnight UTC (0.332844ms)
✔ sender blocks private-network endpoints, embedded credentials, lookalike hosts and unexpected ports (0.380476ms)
✔ payload identifies adaptation/translation and routes stay valid for root and project hosting (1.42057ms)
✔ cron authenticator requires a substantial matching secret (11.659392ms)
✔ push event displays the real server payload without an open client (3.047444ms)
✔ unexpected push fields cannot become arbitrary notification options (1.020895ms)
✔ does not load a runtime before explicit initialization and blocks unsupported devices (2.349697ms)
✔ context retains the latest user turn, merges interrupted turns, and ignores injected roles (0.637766ms)
✔ streams accumulated visible content and disables reasoning output (1.560172ms)
✔ aborting initialization disposes the downloading runtime and allows retry (3.490034ms)
[ODA Coach] Generation failed: Error: GPU device lost: out of memory
    at Object.generate (/workspace/oda-cloud-upload-guard/tests/ai-coach.test.ts:117:35)
    at <anonymous> (/workspace/oda-cloud-upload-guard/src/services/aiCoach.ts:256:68)
    at Object.stream (/workspace/oda-cloud-upload-guard/src/services/aiCoach.ts:300:5)
    at TestContext.<anonymous> (/workspace/oda-cloud-upload-guard/tests/ai-coach.test.ts:122:30)
    at async Test.run (node:internal/test_runner/test:1389:7)
    at async Test.processPendingSubtests (node:internal/test_runner/test:960:7)
✔ cancellation drains generation, suppresses late text, and releases the next request (3.667283ms)
✔ generation failures are actionable, never become a canned coach reply, and require restart (3.860886ms)
✔ unload cancels an active operation, releases memory and supports a fresh initialization (0.761413ms)
✔ ambient renders are long independent stereo textures with finite bounded levels (147.847284ms)
✔ scene identities differ in spectrum and amplitude dynamics (32.04729ms)
✔ loop overlaps join continuous adjacent noise without a boundary spike (46.506141ms)
✔ seeds reproduce review samples and produce a new texture when changed (116.938517ms)
✔ one Sound Room track keeps one title across categories, including intentional noise reuse (0.311692ms)
✔ fresh startup seeds and absent records do not prompt for a backup (1.626453ms)
✔ empty notebook, lesson, experiment and weekly-review shells are not saved personal work (0.699399ms)
✔ the first saved journal, scripting or future letter qualifies without three older records (1.375072ms)
✔ a saved intention, gratitude note or affirmation qualifies before any decision completion (0.636093ms)
✔ an interrupted first lesson answer of zero, practice checkbox or reflection qualifies (0.645948ms)
✔ the first course plan, paused attempt or saved review qualifies independently of lesson completion (0.556112ms)
✔ one saved weekly review with no kept decisions qualifies (0.200483ms)
✔ one completion, kept decision, vision choice or dream-journal entry preserves existing eligibility (0.645858ms)
✔ a valid downloaded backup suppresses until the exact fourteen-day boundary (0.485485ms)
✔ invalid, absent and future export or cloud timestamps never suppress protection (0.476922ms)
✔ freshness compares actual ISO instants and accepts leap days without calendar normalization (0.126531ms)
✔ only configured, signed-in, recent scoped cloud success with no error suppresses the reminder (0.266343ms)
✔ a recent export still protects work when cloud sync fails, and session dismissal remains respected (0.260835ms)
✔ eligibility does not alter saved work or cloud status, and all three locales explain protection without promising sync (0.46228ms)
✔ restore safety: weekly review text cannot be an object (3.816097ms)
✔ restore safety: life score records need sortable timestamps (1.12308ms)
✔ restore safety: bridge records need their rendered amounts (9.469807ms)
✔ restore safety: a pinned dream name cannot be a React object child (1.416194ms)
✔ legacy course storage migrates into the personal record without changing other data (6.028988ms)
✔ course edits, completion, experiment plans and logs roundtrip through JSON backup (3.902939ms)
✔ a stale save from another feature retains newer lesson notes and practice logs (1.98139ms)
✔ a legacy backup keeps local courses; an explicit empty course backup clears them (2.159148ms)
✔ validation rejects malformed personal, notebook and course data before any storage write (4.442927ms)
✔ quota failures keep the entire previous record and legacy key intact, and a retry succeeds (1.627875ms)
✔ unreadable main data is never replaced by a course-only save (0.567379ms)
✔ lesson edits and re-completion retain the real-world experiment history (0.292332ms)
✔ course mutations wait for the shared write lock and rebase onto a concurrent notebook commit (0.827012ms)
✔ ledger and notebook rewards retain one UTC ceiling when the local decision day differs (16.27166ms)
✔ cloud upload captures current courses and invalid cloud backups leave local storage untouched (11.0568ms)
✔ cloud previews do not change last-sync or local data until the reviewed record is committed (3.186044ms)
✔ Bank chart keeps UTC ledger Today and date labels aligned at New York evening (26.336514ms)
✔ Bank seven-day earnings window is Sep 25 through Oct 1 for the UTC ledger day (8.091371ms)
✔ Savings includes the first displayed UTC day in net and pace, excluding opening history (4.971146ms)
✔ Savings net includes mixed first-day credits, spending and the current UTC day (3.306897ms)
✔ Bank chart formats ledger dates in selected tr UI locale (103.637769ms)
✔ Bank chart formats ledger dates in selected es UI locale (81.950545ms)
✔ a welcome grant preserves the balance and supplies zero practice evidence (1.538679ms)
✔ mixed financial deposits cannot inflate distinct kept days or completed decisions (6.745123ms)
✔ practice week follows local calendar boundaries and repeated days count once (0.229277ms)
✔ reward labels distinguish symbolic unlocking from actual D$ pace estimates in every locale (0.378674ms)
✔ client and server agree on the message limits (0.730066ms)
✔ the request keeps the last 12 messages, trims each to 1500 characters and drops empty ones (0.35703ms)
✔ context is sent only when there is something to send, and is trimmed (0.220864ms)
✔ responses map to a result or a typed error (0.949297ms)
✔ the shared context holds only today, the last kept decisions and short journal lines (6.609497ms)
✔ a pending cloud SELECT cannot replace data after account switch (3.28262ms)
✔ a pending cloud SELECT cannot replace data after project switch (0.502621ms)
✔ a pending cloud SELECT cannot replace data after logout and reauthentication as the same account (0.811529ms)
✔ a pending cloud SELECT cannot replace data after an explicit local import barrier (1.040164ms)
✔ a pending cloud SELECT cannot replace data after newer saved personal writing (0.926914ms)
✔ a reviewed cloud restore is checked inside the write lock after account switch (11.422875ms)
✔ a reviewed cloud restore is checked inside the write lock after project switch (2.691865ms)
✔ a reviewed cloud restore is checked inside the write lock after logout and reauthentication as the same account (1.876361ms)
✔ a reviewed cloud restore is checked inside the write lock after an explicit local import barrier (6.605842ms)
✔ a reviewed cloud restore is checked inside the write lock after newer saved personal writing (2.821221ms)
✔ an unchanged reviewed cloud record commits once and records its scoped sync (5.848865ms)
✔ manual sync cannot fall back to uploading a captured previous-account snapshot (0.70712ms)
✔ a delayed automatic backup remains bound to its original account (0.424613ms)
✔ an old upload success cannot mark or emit the new cloud scope (3.265995ms)
✔ an old upload failure cannot mark or emit the new cloud scope (1.965055ms)
✔ fresh OTP sign-in cannot overwrite existing cloud work on the first ordinary save (7.536441ms)
✔ an absent cloud row is inserted once and acknowledges the returned server version and exact data (11.226838ms)
✔ offline SELECT throws and reconnect retain both records (1.540683ms)
✔ offline SELECT resolved and reconnect retain both records (1.15585ms)
✔ shared device A→B→A cannot reuse the historical acknowledgement of A after B owns the record (7.163325ms)
✔ a stale upload SELECT after account cannot write or alter current-scope status (3.12051ms)
✔ a stale upload SELECT after project cannot write or alter current-scope status (0.992753ms)
✔ a stale upload SELECT after logout-return cannot write or alter current-scope status (0.656063ms)
✔ a stale upload SELECT after local-edit cannot write or alter current-scope status (0.820592ms)
✔ a stale upload SELECT after import cannot write or alter current-scope status (0.863217ms)
✔ same-version remote content changed at the fresh read cannot authorize overwrite (4.65034ms)
✔ canonical acknowledgement treats reordered object keys as equal, but retains array order (13.411315ms)
✔ a changed remote version between SELECT and UPDATE yields zero rows and never acknowledges success (3.914287ms)
✔ an absent-row insert race preserves the winning cloud record and holds the import token (1.09592ms)
✔ empty returned write representation never acknowledges or clears import intent (0.855024ms)
✔ missing returned write representation never acknowledges or clears import intent (0.898721ms)
✔ invalid-data returned write representation never acknowledges or clears import intent (0.854683ms)
✔ invalid-version returned write representation never acknowledges or clears import intent (0.715744ms)
✔ multiple returned write representation never acknowledges or clears import intent (0.840432ms)
✔ a legacy timestamp-only acknowledgement cannot authorize an existing-row upload (0.721803ms)
✔ previewing or declining a cloud restore creates no acknowledgement and later saves remain held (1.260508ms)
✔ accepted cloud restore acknowledges the raw fetched JSON, including omitted legacy course data (3.444284ms)
✔ an explicit import facing unacknowledged existing cloud keeps bytes/token and cannot bypass review protection (0.826302ms)
✔ an explicit import into absent cloud can insert and clear only its still-current token (2.604684ms)
✔ a late write response cannot acknowledge a new account or clear a newer import token (1.014025ms)
✔ a write response cannot clear an import created while that same account upload waited (1.130762ms)
✔ acknowledgement storage failure does not report sync success or clear imported intent (1.186686ms)
✔ hash failure cannot mutate cloud or acknowledge the local record (1.768267ms)
✔ awaited remote fingerprint after account cannot authorize a stale write (2.547337ms)
✔ awaited remote fingerprint after local-edit cannot authorize a stale write (2.606477ms)
✔ awaited remote fingerprint after import cannot authorize a stale write (2.518603ms)
✔ a malformed-data SELECT pauses upload without choosing a winner (0.802134ms)
✔ a invalid-version SELECT pauses upload without choosing a winner (0.503221ms)
✔ successful upload acknowledges the actual returned server version rather than the attempted client timestamp (2.347945ms)
✔ a rejected reviewed restore cannot establish cloud acknowledgement (1.992717ms)
✔ a regressed clock advances the conditional write beyond remote microseconds 2040-01-01T00:00:00.999999Z (5.231421ms)
✔ a regressed clock advances the conditional write beyond remote microseconds 2040-01-01T00:00:00.000001+00:00 (3.267507ms)
✔ a valid returned document differing from the sent snapshot cannot establish upload permission (1.918324ms)
✔ a represented conditional write that fails to advance its version cannot be acknowledged (1.925275ms)
✔ an absent-row insert is not attempted when payload hashing is unavailable (0.560458ms)
✔ another owner recorded during hashing invalidates an earlier acknowledgement without changing device bytes (2.492874ms)
✔ another owner recorded during an upload response cannot be overwritten by its late acknowledgement (1.22235ms)
✔ an acknowledgement storage-read failure after durable restore returns false and preserves the restored record (1.509496ms)
✔ a rejected SELECT after a newer local save cannot replace that newer status (0.6408ms)
✔ a manual preview stays paused without acknowledging cloud work until an accepted commit (1.308401ms)
✔ manual review exposes unacknowledged/changed cloud at -1000ms while default startup policy remains unchanged (3.864371ms)
✔ manual review exposes unacknowledged/changed cloud at 0ms while default startup policy remains unchanged (6.260409ms)
✔ manual review exposes unacknowledged/changed cloud at 1000ms while default startup policy remains unchanged (1.772855ms)
✔ known limitation: a legacy same-version mutation after SELECT can pass timestamp-only CAS (2.423199ms)
✔ levels and monthly limits match the plan (1.759003ms)
✔ the highest active RevenueCat entitlement wins; expired ones do not count (0.312903ms)
✔ the tier cache is fresh for ten minutes (0.163908ms)
✔ requests are validated, trimmed and may be empty for a status check (0.445775ms)
✔ crisis words in English, Turkish and Spanish are caught; everyday worry is not (2.391641ms)
✔ the prompt sets the persona, safety rules and reply language; context reaches only the coach level (0.243488ms)
✔ the function keeps secrets and message text out of code and logs (1.14278ms)
✔ no AI provider secret is referenced from the app bundle code (26.039694ms)
✔ lightweight course previews and restore metadata match each real edition (2.790605ms)
✔ English editions keep every course and lesson ID of the Turkish edition (1.569647ms)
✔ every English lesson goes deeper and tells an example story (2.221183ms)
✔ every course and lesson has a real, distinct photo with alt text (0.451313ms)
✔ technique cards name their origin, give doable steps and say honestly what the evidence supports (0.897158ms)
✔ every course states its purpose, scope and outcome, with usable lesson durations (0.507489ms)
✔ the bibliography distinguishes research from guidance and includes usable HTTPS references and limitations (0.890888ms)
✔ every lesson cites existing sources and every advertised research source is used (0.351082ms)
✔ each lesson has two reading paragraphs, three distinct practice instructions and reflection support (3.668224ms)
✔ each lesson offers three distinct answers, one valid correct index and explanatory feedback (1.100746ms)
✔ every lesson has one visual; charts quote a source the lesson cites (0.579027ms)
✔ Spanish editions mirror the English structure (5.359074ms)
✔ Spanish source ids are unique (0.269318ms)
✔ stable course IDs keep their ordered lesson IDs for stored progress (1.08982ms)
✔ every course and lesson has a real, distinct photo with Turkish alt text (1.160407ms)
✔ technique cards name their origin, give doable steps and say honestly what the evidence supports (1.817251ms)
✔ every course states its purpose, scope and outcome, with usable lesson durations (0.430121ms)
✔ the bibliography distinguishes research from guidance and includes usable HTTPS references and limitations (1.193978ms)
✔ every lesson cites existing sources and every advertised research source is used (0.575071ms)
✔ each lesson has two reading paragraphs, three distinct practice instructions and reflection support (4.005865ms)
✔ each lesson offers three distinct answers, one valid correct index and explanatory feedback (1.41312ms)
✔ every lesson has one visual; charts quote a source the lesson cites (0.605637ms)
✔ every untouched course previews its real edition without creating saved learning (3.762196ms)
✔ a saved tick, answer zero, reflection or completion constitutes learning, unlike a blank record (1.943403ms)
✔ saved progress resumes each of the 103 actual lessons across all three editions and Today agrees (34.642549ms)
✔ a later draft cannot skip unfinished prerequisite lessons (0.402449ms)
✔ workbook-only plans stay available for review without inventing lesson progress (0.637024ms)
✔ ordinary saves retain an explicit view while account and same-account backup replacement invalidate it (0.157088ms)
✔ course entry instructions have matching localized keys and keep the actual lesson-number placeholder (0.367246ms)
✔ all 18 courses have distinct, actionable guides in every supported language (1.245736ms)
✔ studio is optional and initially collapsed; completed courses open their transfer practice (31.912656ms)
✔ new plans preserve optionality and keep an independent copy of private fields (0.623944ms)
✔ untrusted backup data cannot introduce unknown courses, malformed dates, duplicate entries, or oversized notes (0.861104ms)
✔ retrying the same journal entry is idempotent; paused and adapted entries retain honest observations (0.450442ms)
✔ journal keeps the most recent bounded entries and does not mutate input during normalization (0.499436ms)
✔ calendar validation handles leap days, impossible dates, and week/month/year transitions (0.176207ms)
✔ due review needs a usable plan; completing review sets a fresh revisit without losing reflection (0.228065ms)
✔ course progress saves and completed lessons keep the plan, journal, and review after an interrupted round trip (0.995808ms)
✔ a practice plan cannot unlock lessons or manufacture completion (0.335128ms)
✔ a localized portable artifact retains ordinary private text without embedding executable HTML (0.248796ms)
✔ rapid edits remain visible and are replayed in order under serialized persistence (12.909164ms)
✔ failed drafts survive later edits and a retry rebases them over unrelated saved work (0.566558ms)
✔ same-tab save notifications retain newer input while an earlier batch is committing (0.417883ms)
✔ unexpected persistence exceptions preserve private work and allow a later successful save (0.269989ms)
✔ retry clicked while a failed write is settling starts a fresh persistence attempt (0.365713ms)
✔ malformed and unsupported records recover to separate empty states (2.092738ms)
✔ unknown IDs and properties are discarded; checklists are resized with strict booleans (0.691136ms)
✔ negative, fractional, nonnumeric and out-of-range answers do not satisfy a lesson (0.843297ms)
✔ notes are bounded while their newlines and ordinary content survive (0.491213ms)
✔ tampered completion cannot bypass the exercise, answer or preceding lessons (0.326434ms)
✔ valid completed prefixes survive independently for different courses (0.23775ms)
✔ draft updates are immutable and cannot mark a lesson complete (0.218371ms)
✔ completion follows the real course in order and is idempotent (1.254389ms)
✔ editing a completed prerequisite revalidates later lessons without losing drafts (0.420166ms)
✔ caller-supplied lesson and course objects cannot change the answer or bypass a course (0.300084ms)
✔ saving and reloading preserve a completed lesson and an unfinished draft (1.693464ms)
✔ blocked storage and quota failures are reported without throwing (0.624105ms)
✔ a decision kept today takes priority over array order and an older active carry-over (2.3974ms)
✔ a newly chosen decision after a kept one remains actionable today (0.265743ms)
✔ yesterday’s completion, archived decisions, invalid timestamps and future plans never masquerade as today (0.344011ms)
✔ daily decisions use the local calendar around UTC midnight in both timezone directions (0.60127ms)
✔ a missed weekly review remains available on Wednesday and follows local Sunday boundaries (0.24442ms)
✔ weekly evidence counts actual distinct days and bounds entries to the reviewed calendar week (10.868795ms)
✔ an unfinished decision can be reviewed without inventing completed progress (0.341587ms)
✔ saving and editing a daily reflection preserves other pages, rewards once, and survives JSON backup replacement (1.551439ms)
✔ course continuation resumes selected work before the suggested course and advances to the actual incomplete lesson (0.635552ms)
✔ course continuation recognizes an interrupted first answer of zero and never offers an already completed course (0.394247ms)
✔ daily loop copy has explicit matching nonempty English, Turkish and Spanish strings (0.312603ms)
✔ concurrent retries of a kept daily decision record evidence and reward exactly once (19.615869ms)
✔ deep backup safety: reject unparseable notebook day before replacing any storage (5.23084ms)
✔ deep backup safety: reject impossible calendar day before replacing any storage (1.198315ms)
✔ deep backup safety: reject object mood rendered in journal before replacing any storage (0.908436ms)
✔ deep backup safety: reject object prompt assigned to editor before replacing any storage (5.027372ms)
✔ deep backup safety: reject unknown kind hidden by every writing surface before replacing any storage (0.930448ms)
✔ deep backup safety: reject unparseable gratitude day before replacing any storage (0.763826ms)
✔ deep backup safety: reject invalid writing activity day before replacing any storage (0.870608ms)
✔ deep backup safety: reject invalid ledger day before replacing any storage (1.019414ms)
✔ deep backup safety: reject object activity transaction reference before replacing any storage (0.79225ms)
✔ deep backup safety: reject invalid 369 start day before replacing any storage (0.814944ms)
✔ deep backup safety: reject invalid 369 history day before replacing any storage (0.714332ms)
✔ deep backup safety: reject object archive marker hiding a practice before replacing any storage (0.608982ms)
✔ deep backup safety: reject object 369 day timestamp before replacing any storage (0.796386ms)
✔ deep backup safety: reject dream instant producing an invalid display day before replacing any storage (0.565957ms)
✔ deep backup safety: reject invalid course attempt day silently dropping a note before replacing any storage (0.799751ms)
✔ deep backup safety: reject invalid course review due date before replacing any storage (0.734642ms)
✔ deep backup safety: reject invalid course review completion date before replacing any storage (0.68671ms)
✔ deep backup safety: legitimate exported writing, legacy moods, and leap days roundtrip and render (37.028252ms)
✔ deep backup safety: legacy backups without a notebook retain dream fields and local courses (0.684666ms)
✔ an earlier account sync timestamp cannot hide another account cloud record (14.406992ms)
✔ a legacy unscoped timestamp is not proof that this account is synchronized (3.262229ms)
✔ an account deletion response cannot sign out a later signed-in account (1.299177ms)
✔ an account deletion response cannot clear a new project connection (0.450812ms)
✔ a late cloud coach reply cannot be accepted in another account scope (23.069418ms)
✔ account deletion cannot start with another account after awaiting the client (0.500898ms)
✔ cloud coach context consent is isolated between accounts and projects (0.408789ms)
✔ a token refresh keeps the current account coach request valid (0.730266ms)
✔ a project change while reading a coach response also expires its content (0.420126ms)
✔ stopping the coach cancels a response body still being downloaded (0.607781ms)
✔ a queued backup cannot upload a local document rolled back while it waited (9.758515ms)
✔ the latest queued backup still uploads after a preceding slower backup (12.554588ms)
✔ returning to an earlier account cannot reuse its timestamp for another account local record (4.176994ms)
✔ a replaced dataset cannot inherit this account historical synchronization proof (1.749179ms)
✔ an owner-metadata quota failure cannot advertise a newer synchronized local record (3.211482ms)
✔ every localized course can complete and carry its notes into the other editions (28.373338ms)
✔ practice calendar keeps the local day across UTC midnight and daylight-saving weeks (0.605256ms)
✔ a transient personal-record read failure cannot replace already saved course work with an empty fallback (1.731331ms)
✔ a blocked-save session retains private edits and warning after its only view unmounts, then retries successfully (0.749375ms)
✔ explicit replacement cancels a queued old draft while allowing new edits to save after the lock releases (0.701091ms)
✔ a transient legacy-course read failure cannot overwrite the previous separate course record (0.567119ms)
✔ a different tab replacement discards old private draft before replay even when its storage event has not arrived (2.567988ms)
✔ other-tab provisional replacement notifications wait for rollback before inspecting epochs or discarding private drafts (1.541074ms)
✔ same-tab course publication runs under the lock before another tab can project a provisional replacement (0.643725ms)
✔ purchases and payments committed within one clock tick keep distinct identities (6.398207ms)
✔ habit completion dates agree with the local Today calendar on either side of UTC midnight (1.400241ms)
✔ habit yesterday and streaks count actual calendar dates through both DST changes (0.316199ms)
✔ habits roll over at local midnight and keep the previous local day history (1.924925ms)
✔ rollover fallback converts the last-opened instant to its local day (0.386916ms)
✔ date-only values display their saved day while timestamps retain instant conversion (20.253323ms)
✔ calendar formatting rejects normalized impossible days and keeps invalid values readable (0.659298ms)
✔ habit reward identity survives undo, reload and UTC midnight without paying the same local day twice (0.468029ms)
✔ local midnight cannot earn the same habit twice in the UTC reward day (0.191299ms)
✔ habit and check-in rewards share the notebook UTC ceiling, including partial and exhausted budgets (0.367457ms)
✔ a profile save captured before a decision completion retains the kept decision and its evidence (17.242696ms)
✔ concurrent purchases retain both dreams and both payments (2.372042ms)
✔ concurrent purchase checks reject a second claim for the same dream (2.284208ms)
✔ concurrent purchases check affordability against the payment that committed first (4.046136ms)
✔ concurrent savings additions retain both amounts and log entries (2.103604ms)
✔ disjoint profile changes from the same baseline both survive (6.167708ms)
✔ conflicting edits to the same profile field reject before any write and notify the UI (1.98754ms)
✔ an intentional mission deletion and reorder survive a disjoint newer settings save (1.114908ms)
✔ concurrent edits to the mission array reject rather than inventing a merged list (1.014686ms)
✔ even an identical explicit restore invalidates snapshots that were captured before it (1.963523ms)
✔ a profile write queued behind a restore cannot resurrect pre-restore writing (3.547811ms)
✔ legacy records missing transactions can merge a settings edit after a course-only write (1.986948ms)
✔ clearing and recreating the personal record invalidates earlier editable snapshots (0.773731ms)
✔ deleting imported own magic keys while another nested field changes never revives them (0.913322ms)
✔ mission evidence, generated bridges and savings logs keep unique IDs in a single clock tick (4.887951ms)
✔ all 160 shipped English cue identities/text hashes match the 11 runtime sessions (2.135263ms)
✔ every public MP3 byte count/checksum matches delivered metadata and no model/runtime is shipped (30.054774ms)
✔ all shipped decoded/container durations fit the original cue windows with at least250ms margin (3.101094ms)
✔ service worker leaves narration to the verified on-demand cache and does not precache MP3s (0.392044ms)
✔ levels are ordered free < essentials < pro < coach (1.81607ms)
✔ coach message allowances follow the product spec (0.218281ms)
✔ essential courses exist, and Turning Day is not one of them (it is free for all) (0.281786ms)
✔ nothing is locked where subscriptions cannot be bought (web), at any level (0.334387ms)
✔ free level: Turning Day in full, first lessons of the rest, first sounds of each category (0.224159ms)
✔ essentials opens the six core courses and the whole Sound Room, not the rest (0.360706ms)
✔ pro and coach open every lesson and sound (0.327676ms)
✔ six products: two per paid level, ids match the App Store spec (0.440076ms)
✔ RevenueCat entitlements resolve to the highest active level (0.394127ms)
✔ annual saving is computed from real prices only (0.3172ms)
✔ Stop cancels a cue still waiting for synthesis without starting audio (4.222432ms)
✔ deferred synthesis starts at the latest requested volume 0 (0.700391ms)
✔ deferred audio resume starts at the latest requested volume 0 (1.866406ms)
✔ deferred Settings preview preserves requested volume 0 (0.562591ms)
✔ deferred synthesis starts at the latest requested volume 0.35 (0.443081ms)
✔ deferred audio resume starts at the latest requested volume 0.35 (0.669364ms)
✔ deferred Settings preview preserves requested volume 0.35 (0.347657ms)
✔ a volume change during loading preserves stop protection (0.342088ms)
✔ a volume change during loading preserves pause-resume protection (0.321437ms)
✔ a volume change during loading preserves new-session protection (0.378983ms)
✔ a newer cue owns playback when an older synthesis resolves later (0.38932ms)
✔ Pause then Resume cannot resurrect a cue waiting for synthesis (0.326014ms)
✔ Stop also cancels a cue waiting for the audio context to resume (0.327716ms)
✔ a new cue supersedes one waiting for the audio context to resume (0.470462ms)
✔ Pause and Resume invalidate pending context-resume playback (0.48831ms)
✔ replacement immediately stops active audio while the new clip is pending (0.471243ms)
✔ stale source completion cannot clear or end the new cue (0.479256ms)
✔ Pause and Resume preserve an already-started cue without starting it twice (0.664216ms)
✔ unavailable synthesis reports failure without creating an audio source (0.288837ms)
✔ a failed audio context resume reports failure without starting playback (0.366064ms)
✔ a failed source start reports failure and never announces playback (0.406505ms)
✔ English narration cache stays the same when UI locale changes (41.454573ms)
✔ a Settings preview resolving after Stop cannot start playback (0.322598ms)
✔ a Settings preview resolving after a newer cue cannot interrupt it (0.338533ms)
✔ every approved PNG and both approval manifests remain unchanged (20.70645ms)
✔ served responsive variants match actual lossless bitstream dimensions, hashes, and complete-frame geometry (38.886394ms)
✔ all real course covers and tree stages have deployment-scoped responsive sources and retain PNG fallbacks (25.630951ms)
✔ modern-image failures retry the original; PNG and malformed failures reach the existing final fallback (0.216258ms)
✔ 3D decorative growth preserves 60 kept decisions and 30 extra blossoms (1.399499ms)
✔ 3D display normalizes invalid counts without changing the evidence source (0.240264ms)
✔ static legal pages match src/data/legal.ts (run npx tsx scripts/build-legal.ts) (1.646603ms)
✔ every language has the same sections and names the company (0.255547ms)
✔ privacy policy covers what App Review checks (0.25777ms)
✔ local day keys and day gaps follow the calendar, not UTC (1.324385ms)
✔ evidence lists kept decisions newest first and counts the last seven days (7.906121ms)
✔ comeback is kind after a lapse and silent otherwise (0.306174ms)
✔ fresh starts land on the first of the month and on Mondays (0.109456ms)
✔ simple mode lasts a week or until three kept decisions, and can be switched off (0.332063ms)
✔ the day-14 question appears once, only for people who used decisions (0.316549ms)
✔ the weekly look-back is offered on Sunday and Monday, once per week, and its change lasts a week (0.661541ms)
✔ the chain forgives one missed day a week, but not two in a row or two in a week (0.662162ms)
✔ smart reminders aim 30 minutes before the usual kept time, once there is enough history (0.395118ms)
✔ every sign-up intent points at a real course and offers three easy decisions (158.063286ms)
✔ the reminder voice keeps one line per day and never threatens a streak (1.994629ms)
✔ every iOS project and application build configuration enforces the Safari 16.4 baseline (2.989636ms)
✔ Capacitor sync keeps a compatible generated Swift package floor without lowering the app minimum (195.665891ms)
✔ installed native dependency library floors are compatible with the Swift wrapper and app (0.389209ms)
✔ native metadata cannot override the application minimum with an older target (0.688903ms)
✔ native Settings and Account use the shared code flow with device copy in en (17.591083ms)
✔ native Settings and Account use the shared code flow with device copy in tr (21.070231ms)
✔ native Settings and Account use the shared code flow with device copy in es (17.098057ms)
✔ web backup keeps its inline magic-link form and Account keeps link copy (3.590806ms)
✔ native configured signed-in backup retains sync and sign-out actions (2.374695ms)
✔ unconfigured native cloud does not offer a sign-in request (1.72371ms)
✔ actual cloud request and verification use one injected auth adapter and trim input (1.134748ms)
✔ interrupted setup restores fields without allowing a nameless final step (1.476065ms)
✔ a fresh preview seeds only an empty decision and never overwrites restored or typed text (0.148314ms)
✔ unknown, malformed and oversized setup drafts are safely bounded (0.176207ms)
✔ trial length comes only from a free intro offer (1.114177ms)
✔ native reminders: a week ahead, past times skipped, stable ids (1.097071ms)
✔ native planner rejects malformed times and keeps a bounded week inside its namespace (1.01036ms)
✔ interrupted native scheduling leaves the newest state and preserves other notifications (7.993992ms)
✔ a native plugin error does not prevent the next reminder replacement (0.605347ms)
✔ startup waits for restored account rather than temporarily identifying anonymous (1.438478ms)
✔ known sign-out and rapid identity changes are announced immediately, same-ID retry events remain usable (0.225532ms)
✔ failed authentication hydration stays unbound and never identifies anonymous or reads SDK entitlement (0.195446ms)
✔ dispose during initial hydration prevents any late entitlement initialization (0.120192ms)
✔ retry hydrates a currently unknown account before requesting identity or offerings (0.19827ms)
✔ retry with failed hydration cannot bind anonymous or make a subscription request (0.117077ms)
✔ cloud initialization callers share the real restoration promise and never finish early (38.224272ms)
✔ actual failed cloud restoration remains unknown and a later retry can establish the same account (0.778919ms)
✔ a resolved auth error is unknown identity rather than a verified anonymous account (0.509912ms)
✔ unbound init leaves cached native A untouched and exposes prices without personal claims (5.017637ms)
✔ explicitly binding cached A confirms it without login or logout (1.303874ms)
✔ desired B is recorded during native setup before any cached A customer read (8.395501ms)
✔ failed logout clears A claims synchronously and leaves purchase and restore denied (2.129765ms)
✔ staged A, B, A login requests serialize native identity mutation (2.702832ms)
✔ an A purchase settling after desired B success cannot grant B (3.284212ms)
✔ an A purchase settling after desired B cancellation cannot grant B (0.752128ms)
✔ a failed same-ID login can retry without treating desired ID as confirmed ID (0.580049ms)
✔ an offline refresh for confirmed same A preserves its verified entitlement (0.954595ms)
✔ listener payload is only invalidation and canonical aliases do not impersonate another account (1.745072ms)
✔ late A offerings cannot install A packages or personal claims into desired B (1.069369ms)
✔ late A trial eligibility cannot restore a free-trial claim during a B transition (1.266127ms)
✔ a held A customer load from initialization cannot overwrite a later desired B (0.907764ms)
✔ an A restore settling after desired B fails without applying A customer info (5.332659ms)
✔ defer during a held purchase drops trust without native calls and explicit cached-A rebind refreshes it (1.049058ms)
✔ defer during first native setup cancels the old A load and leaves cached A for an explicit rebind (0.884479ms)
✔ defer and immediate same-A rebind cannot accept the older held A customer snapshot (0.974946ms)
✔ canonical A listener refresh rejects its held snapshot if native identity externally drifts to B (1.927473ms)
✔ initial getAppUserID failure at verification read 1 leaves A unconfirmed/free and retryable (0.611616ms)
✔ initial getAppUserID failure at verification read 2 leaves A unconfirmed/free and retryable (0.419525ms)
✔ initial getAppUserID failure at verification read 3 leaves A unconfirmed/free and retryable (2.935204ms)
✔ initial getAppUserID failure at verification read 4 leaves A unconfirmed/free and retryable (0.432495ms)
✔ initial isAnonymous failure at verification read 1 leaves A unconfirmed/free and retryable (0.307996ms)
✔ initial isAnonymous failure at verification read 2 leaves A unconfirmed/free and retryable (0.342769ms)
✔ initial isAnonymous failure at verification read 3 leaves A unconfirmed/free and retryable (0.421478ms)
✔ initial isAnonymous failure at verification read 4 leaves A unconfirmed/free and retryable (0.37017ms)
✔ native paid gates apply before SDK init and after defer while the free samples stay open (0.348668ms)
✔ web and keyless native gates stay open before init and after defer without loading an SDK (0.348558ms)
✔ purchase cannot commit A after desired B arrives in nested verification microtask depth 2 (4.072696ms)
✔ purchase cannot commit A after desired B arrives in nested verification microtask depth 3 (3.14362ms)
✔ restore cannot commit A after desired B arrives in nested verification microtask depth 2 (1.533843ms)
✔ restore cannot commit A after desired B arrives in nested verification microtask depth 3 (1.145283ms)
✔ init cannot commit A after desired B arrives in nested verification microtask depth 2 (1.110501ms)
✔ init cannot commit A after desired B arrives in nested verification microtask depth 3 (1.195019ms)
✔ offerings failure is retryable without configuring or listening twice (4.633996ms)
✔ concurrent initialization shares one pending configure and plan load (10.71994ms)
✔ failed configuration can retry, while a completed setup remains single (1.126325ms)
✔ listener setup failure retries the listener without configuring again (0.765659ms)
✔ a successful empty offering may retry when plans become available (1.221249ms)
✔ free intro pricing is advertised only for confirmed eligible customers (1.442664ms)
✔ missing or failed eligibility checks keep regular prices and unknown trial status (1.503356ms)
✔ an interrupted eligibility refresh after identity change clears the earlier free-trial claim (0.548751ms)
✔ cancelled, pending and failed purchase errors remain distinct and never grant access (1.629157ms)
✔ a successful store response without the requested entitlement remains unconfirmed (0.580279ms)
✔ confirmed entitlement grants access and later SDK updates retain the real highest level (4.405751ms)
✔ restore distinguishes store failure, successful no-plan check, and active entitlement (1.29465ms)
✔ web and unconfigured native flows never load a purchase SDK or create a purchase (0.300145ms)
✔ free duration uses valid store units and cycles, without inventing 30-day months (0.1719ms)
✔ scoped EN/TR/ES uncertain purchase feedback makes no charge or reminder guarantee (0.579237ms)
✔ preserves the first 300 passages and appends exactly 100 each from faith, science and philosophy in order (1.908239ms)
✔ all 600 sourced passages have unique IDs and bilingual text without recycling legacy lines (39.224026ms)
✔ six notifications stay distinct for 100 full days, then repeat, and match the server snapshot across a year boundary (5.996389ms)
✔ local day remains stable from morning to evening; six-time migration preserves existing preferences (2.002862ms)
✔ legacy three-reminder profiles keep their evening time and gain six distinct reminders (0.282187ms)
✔ migration resolves default collisions only in missing slots and reserves later saved slots first (0.237529ms)
✔ every thinker passage links to a Gutenberg book whose text is kept in docs/quote-sources (17.327815ms)
✔ construction does no fetch/decode; current/upcoming preload reuses the current request (26.322794ms)
✔ Stop aborts loading and no late response starts a source (0.908045ms)
✔ Pause cancels original load; Resume retries current cue with a frozen slot and latest volume (0.916437ms)
✔ Pause→Stop discards current loading retry and Resume does not resurrect it (0.447728ms)
✔ new session cancels old load and only the new session owns audio (0.785549ms)
✔ active pause/resume continues the same cue offset without repeating its start or accepting stale end (1.170942ms)
✔ Replay replaces current source at offset zero and reuses decoded audio (0.458714ms)
✔ latest volume 0 wins after delayed clip loading and changes active gain (0.438734ms)
✔ latest volume 0.35 wins after delayed clip loading and changes active gain (0.378533ms)
✔ latest volume after deferred context resume and Stop/new cue protects pending resume (2.625865ms)
✔ expired loading budget and decoder duration mismatch never start audio (0.739249ms)
✔ missing bytes, bad checksum/source text and nonrunning device fail without invoking a provider (0.79283ms)
✔ verified persisted bytes permit offline replay in a new player; corrupt cached bytes are rejected (2.66886ms)
✔ a definitive recording failure cannot retry on Pause→Resume over a device fallback (0.305402ms)
✔ resumed load failure retains only bounded fallback metadata, never a resumable recording (0.466927ms)
✔ root hosting retains history paths, including direct reloads (0.968166ms)
✔ project hosting keeps every navigation on the same static document (0.301085ms)
✔ landing URLs and non-route fragments do not become unknown routes (0.141444ms)
✔ back/forward hash entries resolve to canonical route IDs (0.292833ms)
✔ icons and service worker URLs stay under their deployment base (0.235487ms)
✔ each person reads and writes only their own backup; anonymous visitors get nothing (2006.285234ms)
✔ an oversized backup is refused (1309.513426ms)
✔ cloud coach counters: people read only their own rows and cannot write or call the increment (1198.419344ms)
✔ the monthly increment stops exactly at the limit and a refund gives one back (1214.225741ms)
✔ a strict Content Security Policy ships with the page (0.850157ms)
✔ index.html has no inline scripts (the CSP forbids them) (0.20511ms)
✔ no raw HTML or eval sinks in the app code (13.057609ms)
✔ links that open a new tab cannot reach back into ODA (4.39222ms)
✔ no secret keys in the shipped code (13.300507ms)
✔ production builds carry no source maps (0.364281ms)
✔ service worker precaches only its project directory (21.440972ms)
✔ standalone support remains available offline without replacing the application shell (6.082609ms)
✔ activation preserves sibling apps and this version media cache (1.707465ms)
✔ notification defaults and legacy targets open the project hash route (2.925139ms)
✔ installed app metadata refreshes instead of retaining the cached identity (2.545935ms)
✔ installed app metadata remains available offline (1.186336ms)
✔ breath pacer runs at about 5.5 breaths a minute (1.256533ms)
✔ breathPhase: inhale first, then exhale, then repeats (0.954535ms)
✔ breathPhase is safe with odd input (0.146001ms)
✔ formatRemaining (0.207324ms)
✔ timer fades: a minute for sleep, short otherwise, never over half the timer (0.195096ms)
✔ arming a timer retains the independent three-second attack and actual stereo loop (112.412175ms)
✔ mute and volume respond immediately at the beginning of a timer fade (46.752173ms)
✔ mute and volume respond immediately at the middle of a timer fade (19.107179ms)
✔ mute and volume respond immediately at the end of a timer fade (19.891466ms)
✔ running fades can shorten but do not extend, and timer cancellation preserves user volume (51.916141ms)
✔ shortening a running fade with a delay cannot restore a louder envelope (74.315405ms)
✔ browsers without cancelAndHold retain the current level when shortening a fade (137.434048ms)
✔ track switches release the previous graph and repeated switches/stops bound resources (946.841236ms)
✔ stop/restart of a tone cancels its initial bowl and recurring callbacks (5.358943ms)
✔ natural bowl endings disconnect their tails while the current ambient drone continues (0.684336ms)
✔ Sound Room timer arming, pause/resume and expiry keep player state and start fade intact (101.067017ms)
✔ external restart of the same track clears the Sound Room countdown and timer selection (78.108058ms)
✔ public support is generated from the same localized help as the app (1.751422ms)
✔ each store locale links to the shipped public support artifact (0.198651ms)
✔ growth keeps an exact capped ledger through every stage boundary and beyond the canopy (9.430838ms)
✔ approved tree pixels and normalized roots match their independent asset manifest (9.825676ms)
✔ rendered paywall claims a free trial only for confirmed eligibility (49.645513ms)
✔ rendered failed offerings include an explicit retry action (6.351346ms)
✔ web paywall keeps free access and does not offer a purchase CTA (9.392921ms)
✔ unconfirmed identity shows truthful verification retry and disables buy and restore even with cached prices (4.725165ms)
✔ pending identity verification does not render a trial or an enabled restore action (4.763451ms)
✔ guided narration keeps original English text and voice with en UI (3.15705ms)
✔ guided narration keeps original English text and voice with tr UI (27.056424ms)
✔ guided narration keeps original English text and voice with es UI (22.934663ms)
✔ English inventory accepts language tags and rejects names or unrelated prefixes (0.580539ms)
✔ an explicitly selected English voice wins over a preferred device name (0.846982ms)
✔ guided speech truthfully reports unavailable with empty inventory (0.499056ms)
✔ guided speech truthfully reports unavailable with non-English inventory (2.438402ms)
✔ late English voice installation refreshes availability and unsubscribe removes listeners (0.550763ms)
✔ Notebook retains verbatim tr text, matching device voice and saved meditation preferences (0.597214ms)
✔ Notebook retains verbatim es text, matching device voice and saved meditation preferences (0.430452ms)
✔ Notebook preserves implicit device language when its voice list has not loaded (0.253364ms)
✔ unsupported device speech does not report available or queued playback (0.239062ms)
✔ empty or disabled cues leave the device queue empty (0.273244ms)
✔ nonzero device volume changes apply to the next utterance without pretending to change active speech (0.40916ms)
✔ zero device volume cancels the owned paused utterance and Resume cannot revive it (0.469791ms)
✔ Stop while device speech is paused lets a new session resume the device queue (0.329819ms)
✔ device cancel failures produce an honest false result (0.37612ms)
✔ device enqueue failures produce an honest false result (0.200483ms)
✔ new cues and Stop detach utterance handlers and ignore captured stale callbacks (0.440757ms)
✔ pause and resume keep the active browser cue, restore speaking state and reject replay while paused (0.255897ms)
✔ stop prevents a delayed provider failure from reviving an obsolete English device cue (0.5154ms)
✔ pause-resume prevents a delayed provider failure from reviving an obsolete English device cue (0.317571ms)
✔ new-cue prevents a delayed provider failure from reviving an obsolete English device cue (0.19779ms)
✔ current provider failure falls back to English device speech; a non-English inventory cannot substitute (0.391633ms)
✔ the optional recorder remains dormant until registration and receives identified current/upcoming cues (0.520367ms)
✔ registered recorder missing clip uses truthful English device fallback without a provider (0.300805ms)
✔ registered recorder overlong clip uses truthful English device fallback without a provider (0.245943ms)
✔ registered recorder wrong language uses truthful English device fallback without a provider (0.251721ms)
✔ registered recorder missing text hash uses truthful English device fallback without a provider (0.314356ms)
✔ registered recorder missing checksum uses truthful English device fallback without a provider (0.272002ms)
✔ registered recorder missing version uses truthful English device fallback without a provider (0.197689ms)
✔ registered recorder wrong cue identity uses truthful English device fallback without a provider (0.260014ms)
✔ registered recorder expired cue slot uses truthful English device fallback without a provider (0.215827ms)
✔ registered recorder unbounded cue slot uses truthful English device fallback without a provider (0.250168ms)
✔ a recorder hash/source verification failure falls back, and absent English speech reports unavailable (0.301957ms)
✔ new cues stop clips and stale recorded callbacks/failures cannot change current playback (0.345233ms)
✔ recorded pause invalidates pending start/fallback even after resume, and Stop invalidates callbacks (0.29727ms)
✔ current recorded load failure falls back to English and unregistering restores device narration (0.239903ms)
✔ synchronous recorded verification and playback errors truthfully queue English fallback (0.272372ms)
✔ a recorded request that already ended cannot later fall back and revive the cue (0.179853ms)
✔ actual playback mode stays loading until recorded start and reports English device fallback (0.349669ms)
✔ a resumed recording failure uses only installed English device speech and rejects stale resume fallback (0.333615ms)
✔ registered recorded volume receives current preference and live zero/nonzero changes (0.243549ms)
ℹ tests 520
ℹ suites 0
ℹ pass 520
ℹ fail 0
ℹ cancelled 0
ℹ skipped 0
ℹ todo 0
ℹ duration_ms 11870.836656
npm notice
npm notice New major version of npm available! 11.9.0 -> 12.2.0
npm notice Changelog: https://github.com/npm/cli/releases/tag/v12.2.0
npm notice To update run: npm install -g npm@12.2.0
npm notice

> oda-one-decision-away@1.0.0 build
> vite build

vite v6.4.3 building for production...
<script src="/one-decision-away/theme-init.js"> in "/index.html" can't be bundled without type="module" attribute
transforming...
✓ 3382 modules transformed.
rendering chunks...
[plugin vite:reporter] 
(!) /workspace/oda-cloud-upload-guard/src/services/cloudSync.ts is dynamically imported by /workspace/oda-cloud-upload-guard/src/main.tsx but also statically imported by /workspace/oda-cloud-upload-guard/src/components/BackupAndCloudSettings.tsx, /workspace/oda-cloud-upload-guard/src/components/BackupReminder.tsx, /workspace/oda-cloud-upload-guard/src/components/DailyNudgesSettings.tsx, /workspace/oda-cloud-upload-guard/src/pages/Account.tsx, /workspace/oda-cloud-upload-guard/src/pages/Coach.tsx, /workspace/oda-cloud-upload-guard/src/pages/Upgrade.tsx, /workspace/oda-cloud-upload-guard/src/services/cloudCoach.ts, /workspace/oda-cloud-upload-guard/src/services/courseProgress.ts, /workspace/oda-cloud-upload-guard/src/services/pushNotifications.ts, /workspace/oda-cloud-upload-guard/src/services/repository.ts, /workspace/oda-cloud-upload-guard/src/services/useCloudState.ts, /workspace/oda-cloud-upload-guard/src/store/useApp.tsx, dynamic import will not move module into another chunk.

computing gzip size...
dist/index.html                                                       3.43 kB │ gzip:     1.14 kB
dist/assets/hanken-grotesk-vietnamese-wght-normal-CHiFlh_0.woff2      9.32 kB
dist/assets/hanken-grotesk-latin-ext-wght-normal-Dg-wlmqe.woff2      19.59 kB
dist/assets/newsreader-vietnamese-opsz-normal-BjhtXyW2.woff2         27.25 kB
dist/assets/newsreader-vietnamese-opsz-italic-DTr-ymY4.woff2         27.90 kB
dist/assets/hanken-grotesk-latin-wght-normal-CaVRRdDk.woff2          34.70 kB
dist/assets/newsreader-latin-ext-opsz-normal-BQn1nviT.woff2          86.61 kB
dist/assets/newsreader-latin-ext-opsz-italic-CSPGnFdO.woff2          95.54 kB
dist/assets/newsreader-latin-opsz-normal-s-izfB6B.woff2             132.00 kB
dist/assets/newsreader-latin-opsz-italic-kJKFiXvB.woff2             146.87 kB
dist/assets/aiCoach.worker-C60CQ1Xm.js                            6,039.34 kB
dist/assets/Today-D76Bu5Fr.css                                        4.80 kB │ gzip:     1.29 kB
dist/assets/SoundRoom-CqaeVc25.css                                   10.94 kB │ gzip:     2.71 kB
dist/assets/Courses-dAxxx90S.css                                     26.09 kB │ gzip:     4.85 kB
dist/assets/index-D6Ptr9gO.css                                      108.09 kB │ gzip:    22.67 kB
dist/assets/de-FmFgRqLi.js                                            0.03 kB │ gzip:     0.05 kB
dist/assets/fr-FmFgRqLi.js                                            0.03 kB │ gzip:     0.05 kB
dist/assets/it-FmFgRqLi.js                                            0.03 kB │ gzip:     0.05 kB
dist/assets/ru-FmFgRqLi.js                                            0.03 kB │ gzip:     0.05 kB
dist/assets/web-B3KtroMh.js                                           0.18 kB │ gzip:     0.16 kB
dist/assets/useCloudState-BtrbnioK.js                                 0.20 kB │ gzip:     0.18 kB
dist/assets/chevron-right-uZEmb2nv.js                                 0.30 kB │ gzip:     0.25 kB
dist/assets/square-CIzyi8oy.js                                        0.32 kB │ gzip:     0.26 kB
dist/assets/arrow-up-right-I8nbt4p3.js                                0.34 kB │ gzip:     0.27 kB
dist/assets/search-Buqm8QVb.js                                        0.35 kB │ gzip:     0.28 kB
dist/assets/circle-check-3NawDsiJ.js                                  0.35 kB │ gzip:     0.28 kB
dist/assets/user-round-CrOi8LrF.js                                    0.36 kB │ gzip:     0.28 kB
dist/assets/rotate-ccw-D2UR69lg.js                                    0.37 kB │ gzip:     0.29 kB
dist/assets/index-TOA4zlDI.js                                         0.38 kB │ gzip:     0.27 kB
dist/assets/mail-Dw84AQ86.js                                          0.39 kB │ gzip:     0.31 kB
dist/assets/moon-CEhn8MUl.js                                          0.39 kB │ gzip:     0.31 kB
dist/assets/headphones-B4gmLVi-.js                                    0.41 kB │ gzip:     0.29 kB
dist/assets/timer-BqkVk0RA.js                                         0.41 kB │ gzip:     0.29 kB
dist/assets/wind-BLHvI_1E.js                                          0.42 kB │ gzip:     0.30 kB
dist/assets/archive-9UnGjOUx.js                                       0.43 kB │ gzip:     0.32 kB
dist/assets/route-CzHKPuCj.js                                         0.43 kB │ gzip:     0.31 kB
dist/assets/lock-keyhole-DkeZMvHn.js                                  0.43 kB │ gzip:     0.33 kB
dist/assets/index-BKn5A13w.js                                         0.45 kB │ gzip:     0.28 kB
dist/assets/pencil-BFIEyXXT.js                                        0.45 kB │ gzip:     0.33 kB
dist/assets/pen-line-B3Xm0Sf7.js                                      0.45 kB │ gzip:     0.33 kB
dist/assets/index-TQaCBpYe.js                                         0.48 kB │ gzip:     0.29 kB
dist/assets/refresh-cw-TSU_TRWm.js                                    0.50 kB │ gzip:     0.33 kB
dist/assets/trash-2-lE6CI5ao.js                                       0.50 kB │ gzip:     0.32 kB
dist/assets/Focus-lY_rKBa5.js                                         0.53 kB │ gzip:     0.33 kB
dist/assets/share-2-D3UcBHiJ.js                                       0.53 kB │ gzip:     0.34 kB
dist/assets/shuffle-CrbTWqL3.js                                       0.56 kB │ gzip:     0.35 kB
dist/assets/sun-moon-iC6MkTwk.js                                      0.57 kB │ gzip:     0.38 kB
dist/assets/waves-D6mEToDO.js                                         0.60 kB │ gzip:     0.32 kB
dist/assets/sparkles-pNstOENW.js                                      0.67 kB │ gzip:     0.39 kB
dist/assets/calendar-days-BkLHMW9t.js                                 0.67 kB │ gzip:     0.37 kB
dist/assets/index-CJyOl1T9.js                                         0.67 kB │ gzip:     0.42 kB
dist/assets/trending-up-BsgPnvxx.js                                   0.69 kB │ gzip:     0.34 kB
dist/assets/index-BECBNWEl.js                                         0.72 kB │ gzip:     0.41 kB
dist/assets/music-kOHnXtSb.js                                         0.75 kB │ gzip:     0.40 kB
dist/assets/purchaseIdentityBinding-tFcjnp2u.js                       0.78 kB │ gzip:     0.34 kB
dist/assets/web-S4kp61Lq.js                                           0.90 kB │ gzip:     0.43 kB
dist/assets/web-DOfazH47.js                                           1.06 kB │ gzip:     0.52 kB
dist/assets/courseEntryCopy-ClIZWujk.js                               1.35 kB │ gzip:     0.72 kB
dist/assets/Legal-CHgoUNhZ.js                                         2.00 kB │ gzip:     0.91 kB
dist/assets/growth-CtfcX3mW.js                                        2.07 kB │ gzip:     0.92 kB
dist/assets/account-Bs6TQqgy.js                                       2.95 kB │ gzip:     1.37 kB
dist/assets/Support-BHhwo86U.js                                       3.54 kB │ gzip:     1.26 kB
dist/assets/Seasons-CslchhzA.js                                       3.65 kB │ gzip:     1.29 kB
dist/assets/rewards-RFQlOnmV.js                                       4.17 kB │ gzip:     1.81 kB
dist/assets/Budget-BLiSqIXC.js                                        4.45 kB │ gzip:     1.70 kB
dist/assets/web-Bl-g8C-n.js                                           4.65 kB │ gzip:     1.40 kB
dist/assets/Evidence-CPT2E1nV.js                                      5.45 kB │ gzip:     2.00 kB
dist/assets/Tools-Ciu3illl.js                                         5.60 kB │ gzip:     2.18 kB
dist/assets/Missions-B2HJ3lXA.js                                      5.65 kB │ gzip:     2.05 kB
dist/assets/LifeScore-1h4vq3f0.js                                     5.72 kB │ gzip:     1.92 kB
dist/assets/Bridge-DYPtTkpO.js                                        6.53 kB │ gzip:     1.97 kB
dist/assets/FutureSelf-ByJ2OeTd.js                                    6.86 kB │ gzip:     1.94 kB
dist/assets/MissionFlows-u70LJvum.js                                  8.10 kB │ gzip:     2.50 kB
dist/assets/index-BVFCE_9Z.js                                         8.72 kB │ gzip:     3.31 kB
dist/assets/web-KVtQBJXI.js                                          10.19 kB │ gzip:     2.10 kB
dist/assets/purchases-M9-dzpTt.js                                    10.50 kB │ gzip:     3.48 kB
dist/assets/PublicTwoFutures-DqE61Bdv.js                             11.24 kB │ gzip:     3.71 kB
dist/assets/Account-D4UNjMx2.js                                      11.73 kB │ gzip:     3.60 kB
dist/assets/support-BpT8f2-B.js                                      11.79 kB │ gzip:     4.95 kB
dist/assets/DreamArt-DsIHhO_4.js                                     12.84 kB │ gzip:     2.50 kB
dist/assets/FocusTimerHub-Csmwt3zO.js                                14.88 kB │ gzip:     4.25 kB
dist/assets/Me-DI1SanyC.js                                           16.31 kB │ gzip:     5.69 kB
dist/assets/Upgrade-7i1biIM_.js                                      19.68 kB │ gzip:     6.40 kB
dist/assets/TwoFutures-Dty9-2c9.js                                   19.69 kB │ gzip:     5.43 kB
dist/assets/SoundRoom-DoC9VTaH.js                                    20.30 kB │ gzip:     7.75 kB
dist/assets/media-2mgEiOLR.js                                        23.75 kB │ gzip:     9.29 kB
dist/assets/Bank-BRYpC06a.js                                         29.78 kB │ gzip:     8.21 kB
dist/assets/Settings-CcvYNHy8.js                                     41.19 kB │ gzip:    12.88 kB
dist/assets/Coach-I307mP6r.js                                        48.50 kB │ gzip:    15.86 kB
dist/assets/Notebook-Bzbbuw1y.js                                     48.78 kB │ gzip:    14.17 kB
dist/assets/Dreams-B5cz97sk.js                                       53.11 kB │ gzip:    14.99 kB
dist/assets/DailyMicroHabits-CyHqwiaR.js                             56.82 kB │ gzip:    14.79 kB
dist/assets/Progress-CmmWECla.js                                     75.84 kB │ gzip:    18.19 kB
dist/assets/Courses-2M64pSsB.js                                     118.04 kB │ gzip:    37.99 kB
dist/assets/motion-HNvQpnN_.js                                      128.88 kB │ gzip:    42.38 kB
dist/assets/Today-dP_bKLp1.js                                       140.16 kB │ gzip:    43.47 kB
dist/assets/supabase--wUpN4Ei.js                                    228.14 kB │ gzip:    59.28 kB
dist/assets/react-5GCfeWye.js                                       229.42 kB │ gzip:    71.53 kB
dist/assets/genai-DNIGCYRr.js                                       409.93 kB │ gzip:    72.77 kB
dist/assets/charts-Bzd-XkHo.js                                      431.58 kB │ gzip:   124.87 kB
dist/assets/tr-Bxmf0hre.js                                          561.31 kB │ gzip:   219.30 kB
dist/assets/es-D_dh5elY.js                                          573.76 kB │ gzip:   217.65 kB
dist/assets/index-BkFCKZ8d.js                                       943.74 kB │ gzip:   306.61 kB
dist/assets/courses-CKtnra3s.js                                   2,510.75 kB │ gzip:   813.28 kB
dist/assets/index-BMm9S-UO.js                                     5,959.05 kB │ gzip: 2,123.39 kB

(!) Some chunks are larger than 700 kB after minification. Consider:
- Using dynamic import() to code-split the application
- Use build.rollupOptions.output.manualChunks to improve chunking: https://rollupjs.org/configuration-options/#output-manualchunks
- Adjust chunk size limit for this warning via build.chunkSizeWarningLimit.
✓ built in 10.32s
npm notice
npm notice New major version of npm available! 11.9.0 -> 12.2.0
npm notice Changelog: https://github.com/npm/cli/releases/tag/v12.2.0
npm notice To update run: npm install -g npm@12.2.0
npm notice
npm notice
npm notice New major version of npm available! 11.9.0 -> 12.2.0
npm notice Changelog: https://github.com/npm/cli/releases/tag/v12.2.0
npm notice To update run: npm install -g npm@12.2.0
npm notice
