
> oda-one-decision-away@1.0.0 check
> npm run lint && node scripts/validate-i18n.mjs && node --import tsx scripts/test-i18n.ts && node --import tsx scripts/test-notebook.ts && node --import tsx scripts/test-notebook-voice.ts && node --import tsx scripts/test-routing.ts && npm test && npm run build


> oda-one-decision-away@1.0.0 lint
> tsc --noEmit

npm notice
npm notice New major version of npm available! 11.9.0 -> 12.2.0
npm notice Changelog: https://github.com/npm/cli/releases/tag/v12.2.0
npm notice To update run: npm install -g npm@12.2.0
npm notice
tr: 6823 entries; missing keys 0; placeholder differences 0
es: 6823 entries; missing keys 0; placeholder differences 0
English-first startup, saved choices, EN/TR/ES switching, fallback and repeated placeholders passed.
✔ old backups normalize without copying or losing any legacy Dream Journal field (2.267452ms)
✔ new writing of every kind including affirmation earns 25 once; intention alone does not (2.095523ms)
✔ edit, no-op, delete and recreate preserve immutable once-per-day reward claims (0.486697ms)
✔ local writing day and existing UTC reward ceiling are separate and cap-safe (0.354607ms)
✔ 369 only counts matching written intentions, allows partial saves and retains archived histories (2.546325ms)
✔ 369 derives a real 33-day streak and preserves the achieved target after a gap (1.399108ms)
✔ 369 matches Turkish dotted/dotless uppercase pairs without stripping meaningful accents (0.447077ms)
✔ calendar streaks use local days across DST, not elapsed 24-hour periods (0.569412ms)
✔ validation rejects blank entries, future dates, past creation and excess slots without altering input (0.450872ms)
✔ legacy edits preserve photos, links and original date; unified JSON roundtrip is lossless (7.207792ms)
✔ real repository serializes concurrent writes, protects from stale saves, and honors explicit restore (10.957859ms)
✔ stale whole-document saves do not resurrect deleted legacy entries or lose new ones (1.51916ms)
✔ Notebook rebases after a delayed load against a concurrent profile and ledger save (0.946544ms)
✔ concurrent mission and Notebook reward evaluation share the same 2500 ceiling (7.435918ms)
✔ failed storage saves reject, do not push cloud or claim rewards, and queue recovers (1.257163ms)
✔ unreadable saved JSON is preserved, never silently replaced with seed data (0.196317ms)
✔ explicit local restore blocks older cloud data across failed uploads and is account/project scoped (13.758821ms)
✔ an old in-flight cloud upload cannot overwrite a newer restored snapshot or clear its marker (2.459063ms)
✔ a signed-out import binds to the first later connection and stays isolated from other accounts (3.229639ms)
ℹ tests 19
ℹ suites 0
ℹ pass 19
ℹ fail 0
ℹ cancelled 0
ℹ skipped 0
ℹ todo 0
ℹ duration_ms 65.398119
Notebook voice uses device speech only, preserves preferences and handles unavailable speech.
✔ root hosting retains history paths, including direct reloads (0.992422ms)
✔ project hosting keeps every navigation on the same static document (0.301767ms)
✔ landing URLs and non-route fragments do not become unknown routes (1.009308ms)
✔ back/forward hash entries resolve to canonical route IDs (0.160372ms)
✔ icons and service worker URLs stay under their deployment base (0.184519ms)
✔ service worker precaches only its project directory (16.640202ms)
✔ standalone support remains available offline without replacing the application shell (5.749394ms)
✔ activation preserves sibling apps and this version media cache (1.483986ms)
✔ notification defaults and legacy targets open the project hash route (1.122499ms)
✔ installed app metadata refreshes instead of retaining the cached identity (3.441881ms)
✔ installed app metadata remains available offline (2.193475ms)
ℹ tests 11
ℹ suites 0
ℹ pass 11
ℹ fail 0
ℹ cancelled 0
ℹ skipped 0
ℹ todo 0
ℹ duration_ms 40.994159

> oda-one-decision-away@1.0.0 test
> node --import tsx --test tests/*.test.ts supabase/functions/send-nudges/core.test.ts supabase/functions/send-nudges/push-worker.test.ts

✔ 600 scheduled selections are unique across 100 local calendar days and repeat only in the next cycle (5.792619ms)
✔ calendar-day index is independent of server timezone, DST boundaries and midnight UTC (0.342018ms)
✔ sender blocks private-network endpoints, embedded credentials, lookalike hosts and unexpected ports (0.341087ms)
✔ payload identifies adaptation/translation and routes stay valid for root and project hosting (1.856741ms)
✔ cron authenticator requires a substantial matching secret (13.550455ms)
✔ push event displays the real server payload without an open client (3.24975ms)
✔ unexpected push fields cannot become arbitrary notification options (1.112104ms)
✔ does not load a runtime before explicit initialization and blocks unsupported devices (2.293813ms)
✔ context retains the latest user turn, merges interrupted turns, and ignores injected roles (0.683725ms)
✔ streams accumulated visible content and disables reasoning output (2.333924ms)
✔ aborting initialization disposes the downloading runtime and allows retry (4.791644ms)
[ODA Coach] Generation failed: Error: GPU device lost: out of memory
    at Object.generate (/workspace/oda-cloud-upload-guard/tests/ai-coach.test.ts:117:35)
    at <anonymous> (/workspace/oda-cloud-upload-guard/src/services/aiCoach.ts:256:68)
    at Object.stream (/workspace/oda-cloud-upload-guard/src/services/aiCoach.ts:300:5)
    at TestContext.<anonymous> (/workspace/oda-cloud-upload-guard/tests/ai-coach.test.ts:122:30)
    at async Test.run (node:internal/test_runner/test:1389:7)
    at async Test.processPendingSubtests (node:internal/test_runner/test:960:7)
✔ cancellation drains generation, suppresses late text, and releases the next request (3.370663ms)
✔ generation failures are actionable, never become a canned coach reply, and require restart (5.619728ms)
✔ unload cancels an active operation, releases memory and supports a fresh initialization (3.700132ms)
✔ ambient renders are long independent stereo textures with finite bounded levels (184.733254ms)
✔ scene identities differ in spectrum and amplitude dynamics (32.695757ms)
✔ loop overlaps join continuous adjacent noise without a boundary spike (58.970394ms)
✔ seeds reproduce review samples and produce a new texture when changed (197.610759ms)
✔ one Sound Room track keeps one title across categories, including intentional noise reuse (0.483652ms)
✔ fresh startup seeds and absent records do not prompt for a backup (1.878834ms)
✔ empty notebook, lesson, experiment and weekly-review shells are not saved personal work (0.907093ms)
✔ the first saved journal, scripting or future letter qualifies without three older records (1.476105ms)
✔ a saved intention, gratitude note or affirmation qualifies before any decision completion (0.619498ms)
✔ an interrupted first lesson answer of zero, practice checkbox or reflection qualifies (0.697075ms)
✔ the first course plan, paused attempt or saved review qualifies independently of lesson completion (0.927394ms)
✔ one saved weekly review with no kept decisions qualifies (0.19197ms)
✔ one completion, kept decision, vision choice or dream-journal entry preserves existing eligibility (1.022227ms)
✔ a valid downloaded backup suppresses until the exact fourteen-day boundary (0.663114ms)
✔ invalid, absent and future export or cloud timestamps never suppress protection (0.619397ms)
✔ freshness compares actual ISO instants and accepts leap days without calendar normalization (0.135775ms)
✔ only configured, signed-in, recent scoped cloud success with no error suppresses the reminder (0.289278ms)
✔ a recent export still protects work when cloud sync fails, and session dismissal remains respected (0.379945ms)
✔ eligibility does not alter saved work or cloud status, and all three locales explain protection without promising sync (0.615622ms)
✔ restore safety: weekly review text cannot be an object (3.739491ms)
✔ restore safety: life score records need sortable timestamps (0.997881ms)
✔ restore safety: bridge records need their rendered amounts (1.015708ms)
✔ restore safety: a pinned dream name cannot be a React object child (0.952862ms)
✔ legacy course storage migrates into the personal record without changing other data (4.899117ms)
✔ course edits, completion, experiment plans and logs roundtrip through JSON backup (4.982033ms)
✔ a stale save from another feature retains newer lesson notes and practice logs (1.888419ms)
✔ a legacy backup keeps local courses; an explicit empty course backup clears them (1.712593ms)
✔ validation rejects malformed personal, notebook and course data before any storage write (3.939063ms)
✔ quota failures keep the entire previous record and legacy key intact, and a retry succeeds (1.364606ms)
✔ unreadable main data is never replaced by a course-only save (0.48232ms)
✔ lesson edits and re-completion retain the real-world experiment history (0.285413ms)
✔ course mutations wait for the shared write lock and rebase onto a concurrent notebook commit (0.956868ms)
✔ ledger and notebook rewards retain one UTC ceiling when the local decision day differs (15.830516ms)
✔ cloud upload captures current courses and invalid cloud backups leave local storage untouched (11.262161ms)
✔ cloud previews do not change last-sync or local data until the reviewed record is committed (3.357733ms)
✔ Bank chart keeps UTC ledger Today and date labels aligned at New York evening (30.57035ms)
✔ Bank seven-day earnings window is Sep 25 through Oct 1 for the UTC ledger day (4.235021ms)
✔ Savings includes the first displayed UTC day in net and pace, excluding opening history (6.721575ms)
✔ Savings net includes mixed first-day credits, spending and the current UTC day (4.946869ms)
✔ Bank chart formats ledger dates in selected tr UI locale (28.488003ms)
✔ Bank chart formats ledger dates in selected es UI locale (33.113184ms)
✔ a welcome grant preserves the balance and supplies zero practice evidence (1.511148ms)
✔ mixed financial deposits cannot inflate distinct kept days or completed decisions (6.551298ms)
✔ practice week follows local calendar boundaries and repeated days count once (0.234685ms)
✔ reward labels distinguish symbolic unlocking from actual D$ pace estimates in every locale (0.391672ms)
✔ client and server agree on the message limits (1.104942ms)
✔ the request keeps the last 12 messages, trims each to 1500 characters and drops empty ones (0.308057ms)
✔ context is sent only when there is something to send, and is trimmed (0.258171ms)
✔ responses map to a result or a typed error (0.849316ms)
✔ the shared context holds only today, the last kept decisions and short journal lines (13.115997ms)
✔ a pending cloud SELECT cannot replace data after account switch (3.187576ms)
✔ a pending cloud SELECT cannot replace data after project switch (0.529211ms)
✔ a pending cloud SELECT cannot replace data after logout and reauthentication as the same account (0.696554ms)
✔ a pending cloud SELECT cannot replace data after an explicit local import barrier (0.84508ms)
✔ a pending cloud SELECT cannot replace data after newer saved personal writing (0.648342ms)
✔ a reviewed cloud restore is checked inside the write lock after account switch (12.94682ms)
✔ a reviewed cloud restore is checked inside the write lock after project switch (2.674649ms)
✔ a reviewed cloud restore is checked inside the write lock after logout and reauthentication as the same account (1.567102ms)
✔ a reviewed cloud restore is checked inside the write lock after an explicit local import barrier (3.178301ms)
✔ a reviewed cloud restore is checked inside the write lock after newer saved personal writing (1.592111ms)
✔ an unchanged reviewed cloud record commits once and records its scoped sync (2.503931ms)
✔ manual sync cannot fall back to uploading a captured previous-account snapshot (0.534429ms)
✔ a delayed automatic backup remains bound to its original account (0.398453ms)
✔ an old upload success cannot mark or emit the new cloud scope (3.883018ms)
✔ an old upload failure cannot mark or emit the new cloud scope (1.282662ms)
✔ fresh OTP sign-in cannot overwrite existing cloud work on the first ordinary save (6.053774ms)
✔ an absent cloud row is inserted once and acknowledges the returned server version and exact data (16.050258ms)
✔ offline SELECT throws and reconnect retain both records (1.741486ms)
✔ offline SELECT resolved and reconnect retain both records (1.031402ms)
✔ shared device A→B→A cannot reuse the historical acknowledgement of A after B owns the record (16.161882ms)
✔ a stale upload SELECT after account cannot write or alter current-scope status (1.1953ms)
✔ a stale upload SELECT after project cannot write or alter current-scope status (0.520168ms)
✔ a stale upload SELECT after logout-return cannot write or alter current-scope status (0.40974ms)
✔ a stale upload SELECT after local-edit cannot write or alter current-scope status (0.554129ms)
✔ a stale upload SELECT after import cannot write or alter current-scope status (0.61426ms)
✔ same-version remote content changed at the fresh read cannot authorize overwrite (5.749003ms)
✔ canonical acknowledgement treats reordered object keys as equal, but retains array order (8.768765ms)
✔ a changed remote version between SELECT and UPDATE yields zero rows and never acknowledges success (3.290772ms)
✔ an absent-row insert race preserves the winning cloud record and holds the import token (1.151423ms)
✔ empty returned write representation never acknowledges or clears import intent (0.954736ms)
✔ missing returned write representation never acknowledges or clears import intent (10.084196ms)
✔ invalid-data returned write representation never acknowledges or clears import intent (0.981016ms)
✔ invalid-version returned write representation never acknowledges or clears import intent (0.860173ms)
✔ multiple returned write representation never acknowledges or clears import intent (2.193501ms)
✔ a legacy timestamp-only acknowledgement cannot authorize an existing-row upload (0.705258ms)
✔ previewing or declining a cloud restore creates no acknowledgement and later saves remain held (5.118098ms)
✔ accepted cloud restore acknowledges the raw fetched JSON, including omitted legacy course data (3.412606ms)
✔ an explicit import facing unacknowledged existing cloud keeps bytes/token and cannot bypass review protection (0.849647ms)
✔ an explicit import into absent cloud can insert and clear only its still-current token (1.650599ms)
✔ a late write response cannot acknowledge a new account or clear a newer import token (0.976478ms)
✔ a write response cannot clear an import created while that same account upload waited (1.039123ms)
✔ acknowledgement storage failure does not report sync success or clear imported intent (1.259526ms)
✔ hash failure cannot mutate cloud or acknowledge the local record (2.618644ms)
✔ awaited remote fingerprint after account cannot authorize a stale write (2.235113ms)
✔ awaited remote fingerprint after local-edit cannot authorize a stale write (3.565868ms)
✔ awaited remote fingerprint after import cannot authorize a stale write (1.693874ms)
✔ a malformed-data SELECT pauses upload without choosing a winner (0.53478ms)
✔ a invalid-version SELECT pauses upload without choosing a winner (0.280745ms)
✔ successful upload acknowledges the actual returned server version rather than the attempted client timestamp (1.431527ms)
✔ a rejected reviewed restore cannot establish cloud acknowledgement (2.548017ms)
✔ a regressed clock advances the conditional write beyond remote microseconds 2040-01-01T00:00:00.999999Z (2.518603ms)
✔ a regressed clock advances the conditional write beyond remote microseconds 2040-01-01T00:00:00.000001+00:00 (3.153213ms)
✔ a valid returned document differing from the sent snapshot cannot establish upload permission (1.424476ms)
✔ a represented conditional write that fails to advance its version cannot be acknowledged (1.949942ms)
✔ an absent-row insert is not attempted when payload hashing is unavailable (0.628632ms)
✔ another owner recorded during hashing invalidates an earlier acknowledgement without changing device bytes (2.025747ms)
✔ another owner recorded during an upload response cannot be overwritten by its late acknowledgement (1.139875ms)
✔ an acknowledgement storage-read failure after durable restore returns false and preserves the restored record (1.500191ms)
✔ a rejected SELECT after a newer local save cannot replace that newer status (0.651817ms)
✔ a manual preview stays paused without acknowledging cloud work until an accepted commit (1.470757ms)
✔ manual review exposes unacknowledged/changed cloud at -1000ms while default startup policy remains unchanged (2.06745ms)
✔ manual review exposes unacknowledged/changed cloud at 0ms while default startup policy remains unchanged (2.978139ms)
✔ manual review exposes unacknowledged/changed cloud at 1000ms while default startup policy remains unchanged (1.874958ms)
✔ known limitation: a legacy same-version mutation after SELECT can pass timestamp-only CAS (2.326191ms)
✔ levels and monthly limits match the plan (2.141091ms)
✔ the highest active RevenueCat entitlement wins; expired ones do not count (0.363661ms)
✔ the tier cache is fresh for ten minutes (0.133081ms)
✔ requests are validated, trimmed and may be empty for a status check (0.422389ms)
✔ crisis words in English, Turkish and Spanish are caught; everyday worry is not (2.708871ms)
✔ the prompt sets the persona, safety rules and reply language; context reaches only the coach level (0.327335ms)
✔ the function keeps secrets and message text out of code and logs (0.341818ms)
✔ no AI provider secret is referenced from the app bundle code (26.37575ms)
✔ lightweight course previews and restore metadata match each real edition (4.243834ms)
✔ English editions keep every course and lesson ID of the Turkish edition (1.405988ms)
✔ every English lesson goes deeper and tells an example story (5.592602ms)
✔ every course and lesson has a real, distinct photo with alt text (0.404332ms)
✔ technique cards name their origin, give doable steps and say honestly what the evidence supports (0.784998ms)
✔ every course states its purpose, scope and outcome, with usable lesson durations (0.570213ms)
✔ the bibliography distinguishes research from guidance and includes usable HTTPS references and limitations (1.950272ms)
✔ every lesson cites existing sources and every advertised research source is used (0.643484ms)
✔ each lesson has two reading paragraphs, three distinct practice instructions and reflection support (5.48218ms)
✔ each lesson offers three distinct answers, one valid correct index and explanatory feedback (1.666603ms)
✔ every lesson has one visual; charts quote a source the lesson cites (0.851419ms)
✔ Spanish editions mirror the English structure (2.659606ms)
✔ Spanish source ids are unique (0.309078ms)
✔ stable course IDs keep their ordered lesson IDs for stored progress (1.080556ms)
✔ every course and lesson has a real, distinct photo with Turkish alt text (1.462414ms)
✔ technique cards name their origin, give doable steps and say honestly what the evidence supports (1.251254ms)
✔ every course states its purpose, scope and outcome, with usable lesson durations (0.697726ms)
✔ the bibliography distinguishes research from guidance and includes usable HTTPS references and limitations (1.663909ms)
✔ every lesson cites existing sources and every advertised research source is used (0.90505ms)
✔ each lesson has two reading paragraphs, three distinct practice instructions and reflection support (9.683905ms)
✔ each lesson offers three distinct answers, one valid correct index and explanatory feedback (1.080316ms)
✔ every lesson has one visual; charts quote a source the lesson cites (0.590644ms)
✔ every untouched course previews its real edition without creating saved learning (4.776882ms)
✔ a saved tick, answer zero, reflection or completion constitutes learning, unlike a blank record (2.890235ms)
✔ saved progress resumes each of the 103 actual lessons across all three editions and Today agrees (46.593687ms)
✔ a later draft cannot skip unfinished prerequisite lessons (0.631677ms)
✔ workbook-only plans stay available for review without inventing lesson progress (0.852821ms)
✔ ordinary saves retain an explicit view while account and same-account backup replacement invalidate it (0.217869ms)
✔ course entry instructions have matching localized keys and keep the actual lesson-number placeholder (0.579878ms)
✔ all 18 courses have distinct, actionable guides in every supported language (1.264725ms)
✔ studio is optional and initially collapsed; completed courses open their transfer practice (30.40473ms)
✔ new plans preserve optionality and keep an independent copy of private fields (0.682353ms)
✔ untrusted backup data cannot introduce unknown courses, malformed dates, duplicate entries, or oversized notes (0.872781ms)
✔ retrying the same journal entry is idempotent; paused and adapted entries retain honest observations (0.462931ms)
✔ journal keeps the most recent bounded entries and does not mutate input during normalization (0.558315ms)
✔ calendar validation handles leap days, impossible dates, and week/month/year transitions (0.181945ms)
✔ due review needs a usable plan; completing review sets a fresh revisit without losing reflection (0.203778ms)
✔ course progress saves and completed lessons keep the plan, journal, and review after an interrupted round trip (1.046705ms)
✔ a practice plan cannot unlock lessons or manufacture completion (0.362158ms)
✔ a localized portable artifact retains ordinary private text without embedding executable HTML (0.25089ms)
✔ rapid edits remain visible and are replayed in order under serialized persistence (8.127454ms)
✔ failed drafts survive later edits and a retry rebases them over unrelated saved work (0.616854ms)
✔ same-tab save notifications retain newer input while an earlier batch is committing (0.460046ms)
✔ unexpected persistence exceptions preserve private work and allow a later successful save (0.38338ms)
✔ retry clicked while a failed write is settling starts a fresh persistence attempt (0.435199ms)
✔ malformed and unsupported records recover to separate empty states (1.587924ms)
✔ unknown IDs and properties are discarded; checklists are resized with strict booleans (0.477783ms)
✔ negative, fractional, nonnumeric and out-of-range answers do not satisfy a lesson (0.549652ms)
✔ notes are bounded while their newlines and ordinary content survive (0.159512ms)
✔ tampered completion cannot bypass the exercise, answer or preceding lessons (0.234606ms)
✔ valid completed prefixes survive independently for different courses (0.237349ms)
✔ draft updates are immutable and cannot mark a lesson complete (0.226222ms)
✔ completion follows the real course in order and is idempotent (1.052654ms)
✔ editing a completed prerequisite revalidates later lessons without losing drafts (0.268646ms)
✔ caller-supplied lesson and course objects cannot change the answer or bypass a course (0.269638ms)
✔ saving and reloading preserve a completed lesson and an unfinished draft (1.231134ms)
✔ blocked storage and quota failures are reported without throwing (0.677656ms)
✔ a decision kept today takes priority over array order and an older active carry-over (1.354361ms)
✔ a newly chosen decision after a kept one remains actionable today (0.159341ms)
✔ yesterday’s completion, archived decisions, invalid timestamps and future plans never masquerade as today (0.154093ms)
✔ daily decisions use the local calendar around UTC midnight in both timezone directions (0.419646ms)
✔ a missed weekly review remains available on Wednesday and follows local Sunday boundaries (0.156077ms)
✔ weekly evidence counts actual distinct days and bounds entries to the reviewed calendar week (6.690689ms)
✔ an unfinished decision can be reviewed without inventing completed progress (0.180894ms)
✔ saving and editing a daily reflection preserves other pages, rewards once, and survives JSON backup replacement (1.168989ms)
✔ course continuation resumes selected work before the suggested course and advances to the actual incomplete lesson (0.33067ms)
✔ course continuation recognizes an interrupted first answer of zero and never offers an already completed course (0.408218ms)
✔ daily loop copy has explicit matching nonempty English, Turkish and Spanish strings (0.252502ms)
✔ concurrent retries of a kept daily decision record evidence and reward exactly once (17.621356ms)
✔ deep backup safety: reject unparseable notebook day before replacing any storage (5.769424ms)
✔ deep backup safety: reject impossible calendar day before replacing any storage (1.297314ms)
✔ deep backup safety: reject object mood rendered in journal before replacing any storage (1.270453ms)
✔ deep backup safety: reject object prompt assigned to editor before replacing any storage (1.229351ms)
✔ deep backup safety: reject unknown kind hidden by every writing surface before replacing any storage (1.230743ms)
✔ deep backup safety: reject unparseable gratitude day before replacing any storage (0.944931ms)
✔ deep backup safety: reject invalid writing activity day before replacing any storage (0.887814ms)
✔ deep backup safety: reject invalid ledger day before replacing any storage (0.814412ms)
✔ deep backup safety: reject object activity transaction reference before replacing any storage (1.038783ms)
✔ deep backup safety: reject invalid 369 start day before replacing any storage (1.204163ms)
✔ deep backup safety: reject invalid 369 history day before replacing any storage (0.950298ms)
✔ deep backup safety: reject object archive marker hiding a practice before replacing any storage (0.877568ms)
✔ deep backup safety: reject object 369 day timestamp before replacing any storage (0.918591ms)
✔ deep backup safety: reject dream instant producing an invalid display day before replacing any storage (0.811329ms)
✔ deep backup safety: reject invalid course attempt day silently dropping a note before replacing any storage (1.154788ms)
✔ deep backup safety: reject invalid course review due date before replacing any storage (0.951751ms)
✔ deep backup safety: reject invalid course review completion date before replacing any storage (0.914855ms)
✔ deep backup safety: legitimate exported writing, legacy moods, and leap days roundtrip and render (41.779219ms)
✔ deep backup safety: legacy backups without a notebook retain dream fields and local courses (0.658527ms)
✔ an earlier account sync timestamp cannot hide another account cloud record (14.104673ms)
✔ a legacy unscoped timestamp is not proof that this account is synchronized (1.502795ms)
✔ an account deletion response cannot sign out a later signed-in account (0.914604ms)
✔ an account deletion response cannot clear a new project connection (0.238751ms)
✔ a late cloud coach reply cannot be accepted in another account scope (18.293234ms)
✔ account deletion cannot start with another account after awaiting the client (0.365293ms)
✔ cloud coach context consent is isolated between accounts and projects (0.295197ms)
✔ a token refresh keeps the current account coach request valid (0.730566ms)
✔ a project change while reading a coach response also expires its content (0.365684ms)
✔ stopping the coach cancels a response body still being downloaded (0.529031ms)
✔ a queued backup cannot upload a local document rolled back while it waited (10.271991ms)
✔ the latest queued backup still uploads after a preceding slower backup (2.979681ms)
✔ returning to an earlier account cannot reuse its timestamp for another account local record (4.434223ms)
✔ a replaced dataset cannot inherit this account historical synchronization proof (1.931243ms)
✔ an owner-metadata quota failure cannot advertise a newer synchronized local record (11.00533ms)
✔ every localized course can complete and carry its notes into the other editions (22.176913ms)
✔ practice calendar keeps the local day across UTC midnight and daylight-saving weeks (0.5017ms)
✔ a transient personal-record read failure cannot replace already saved course work with an empty fallback (1.817171ms)
✔ a blocked-save session retains private edits and warning after its only view unmounts, then retries successfully (0.742784ms)
✔ explicit replacement cancels a queued old draft while allowing new edits to save after the lock releases (0.749785ms)
✔ a transient legacy-course read failure cannot overwrite the previous separate course record (0.376961ms)
✔ a different tab replacement discards old private draft before replay even when its storage event has not arrived (1.965806ms)
✔ other-tab provisional replacement notifications wait for rollback before inspecting epochs or discarding private drafts (1.240468ms)
✔ same-tab course publication runs under the lock before another tab can project a provisional replacement (0.601431ms)
✔ purchases and payments committed within one clock tick keep distinct identities (4.471629ms)
✔ habit completion dates agree with the local Today calendar on either side of UTC midnight (5.691416ms)
✔ habit yesterday and streaks count actual calendar dates through both DST changes (0.366184ms)
✔ habits roll over at local midnight and keep the previous local day history (1.854778ms)
✔ rollover fallback converts the last-opened instant to its local day (0.39669ms)
✔ date-only values display their saved day while timestamps retain instant conversion (17.972518ms)
✔ calendar formatting rejects normalized impossible days and keeps invalid values readable (0.306704ms)
✔ habit reward identity survives undo, reload and UTC midnight without paying the same local day twice (0.365433ms)
✔ local midnight cannot earn the same habit twice in the UTC reward day (0.241235ms)
✔ habit and check-in rewards share the notebook UTC ceiling, including partial and exhausted budgets (0.31738ms)
✔ a profile save captured before a decision completion retains the kept decision and its evidence (16.249319ms)
✔ concurrent purchases retain both dreams and both payments (2.260332ms)
✔ concurrent purchase checks reject a second claim for the same dream (2.349286ms)
✔ concurrent purchases check affordability against the payment that committed first (1.190122ms)
✔ concurrent savings additions retain both amounts and log entries (1.689198ms)
✔ disjoint profile changes from the same baseline both survive (1.092053ms)
✔ conflicting edits to the same profile field reject before any write and notify the UI (1.239266ms)
✔ an intentional mission deletion and reorder survive a disjoint newer settings save (1.216181ms)
✔ concurrent edits to the mission array reject rather than inventing a merged list (0.885371ms)
✔ even an identical explicit restore invalidates snapshots that were captured before it (1.766544ms)
✔ a profile write queued behind a restore cannot resurrect pre-restore writing (2.567758ms)
✔ legacy records missing transactions can merge a settings edit after a course-only write (0.720381ms)
✔ clearing and recreating the personal record invalidates earlier editable snapshots (0.739249ms)
✔ deleting imported own magic keys while another nested field changes never revives them (1.962992ms)
✔ mission evidence, generated bridges and savings logs keep unique IDs in a single clock tick (2.176164ms)
✔ all 160 shipped English cue identities/text hashes match the 11 runtime sessions (4.185576ms)
✔ every public MP3 byte count/checksum matches delivered metadata and no model/runtime is shipped (27.757141ms)
✔ all shipped decoded/container durations fit the original cue windows with at least250ms margin (0.385774ms)
✔ service worker leaves narration to the verified on-demand cache and does not precache MP3s (0.285492ms)
✔ levels are ordered free < essentials < pro < coach (1.428683ms)
✔ coach message allowances follow the product spec (0.168716ms)
✔ essential courses exist, and Turning Day is not one of them (it is free for all) (0.196218ms)
✔ nothing is locked where subscriptions cannot be bought (web), at any level (0.351813ms)
✔ free level: Turning Day in full, first lessons of the rest, first sounds of each category (0.169817ms)
✔ essentials opens the six core courses and the whole Sound Room, not the rest (0.254546ms)
✔ pro and coach open every lesson and sound (0.246423ms)
✔ six products: two per paid level, ids match the App Store spec (0.274926ms)
✔ RevenueCat entitlements resolve to the highest active level (0.289088ms)
✔ annual saving is computed from real prices only (0.233934ms)
✔ Stop cancels a cue still waiting for synthesis without starting audio (3.026512ms)
✔ deferred synthesis starts at the latest requested volume 0 (0.700776ms)
✔ deferred audio resume starts at the latest requested volume 0 (0.525646ms)
✔ deferred Settings preview preserves requested volume 0 (0.399505ms)
✔ deferred synthesis starts at the latest requested volume 0.35 (0.319904ms)
✔ deferred audio resume starts at the latest requested volume 0.35 (0.320756ms)
✔ deferred Settings preview preserves requested volume 0.35 (0.209527ms)
✔ a volume change during loading preserves stop protection (0.34348ms)
✔ a volume change during loading preserves pause-resume protection (0.232943ms)
✔ a volume change during loading preserves new-session protection (0.3965ms)
✔ a newer cue owns playback when an older synthesis resolves later (0.306304ms)
✔ Pause then Resume cannot resurrect a cue waiting for synthesis (0.188525ms)
✔ Stop also cancels a cue waiting for the audio context to resume (0.275126ms)
✔ a new cue supersedes one waiting for the audio context to resume (0.309829ms)
✔ Pause and Resume invalidate pending context-resume playback (0.293895ms)
✔ replacement immediately stops active audio while the new clip is pending (0.340766ms)
✔ stale source completion cannot clear or end the new cue (0.441668ms)
✔ Pause and Resume preserve an already-started cue without starting it twice (0.238321ms)
✔ unavailable synthesis reports failure without creating an audio source (1.551459ms)
✔ a failed audio context resume reports failure without starting playback (0.272623ms)
✔ a failed source start reports failure and never announces playback (0.308096ms)
✔ English narration cache stays the same when UI locale changes (44.943659ms)
✔ a Settings preview resolving after Stop cannot start playback (0.301627ms)
✔ a Settings preview resolving after a newer cue cannot interrupt it (0.300274ms)
✔ every approved PNG and both approval manifests remain unchanged (18.926913ms)
✔ served responsive variants match actual lossless bitstream dimensions, hashes, and complete-frame geometry (38.54973ms)
✔ all real course covers and tree stages have deployment-scoped responsive sources and retain PNG fallbacks (25.543751ms)
✔ modern-image failures retry the original; PNG and malformed failures reach the existing final fallback (0.280265ms)
✔ 3D decorative growth preserves 60 kept decisions and 30 extra blossoms (1.186686ms)
✔ 3D display normalizes invalid counts without changing the evidence source (0.19837ms)
✔ static legal pages match src/data/legal.ts (run npx tsx scripts/build-legal.ts) (1.738492ms)
✔ every language has the same sections and names the company (0.268867ms)
✔ privacy policy covers what App Review checks (0.330891ms)
✔ local day keys and day gaps follow the calendar, not UTC (1.172905ms)
✔ evidence lists kept decisions newest first and counts the last seven days (7.349406ms)
✔ comeback is kind after a lapse and silent otherwise (0.287055ms)
✔ fresh starts land on the first of the month and on Mondays (0.121134ms)
✔ simple mode lasts a week or until three kept decisions, and can be switched off (0.241716ms)
✔ the day-14 question appears once, only for people who used decisions (0.276659ms)
✔ the weekly look-back is offered on Sunday and Monday, once per week, and its change lasts a week (0.655272ms)
✔ the chain forgives one missed day a week, but not two in a row or two in a week (0.708071ms)
✔ smart reminders aim 30 minutes before the usual kept time, once there is enough history (0.466196ms)
✔ every sign-up intent points at a real course and offers three easy decisions (119.084259ms)
✔ the reminder voice keeps one line per day and never threatens a streak (1.538108ms)
✔ every iOS project and application build configuration enforces the Safari 16.4 baseline (1.145885ms)
✔ Capacitor sync keeps a compatible generated Swift package floor without lowering the app minimum (152.734066ms)
✔ installed native dependency library floors are compatible with the Swift wrapper and app (0.373716ms)
✔ native metadata cannot override the application minimum with an older target (0.681471ms)
✔ native Settings and Account use the shared code flow with device copy in en (14.789639ms)
✔ native Settings and Account use the shared code flow with device copy in tr (20.392803ms)
✔ native Settings and Account use the shared code flow with device copy in es (20.128763ms)
✔ web backup keeps its inline magic-link form and Account keeps link copy (5.908385ms)
✔ native configured signed-in backup retains sync and sign-out actions (3.350322ms)
✔ unconfigured native cloud does not offer a sign-in request (2.129043ms)
✔ actual cloud request and verification use one injected auth adapter and trim input (1.189791ms)
✔ interrupted setup restores fields without allowing a nameless final step (1.870401ms)
✔ a fresh preview seeds only an empty decision and never overwrites restored or typed text (0.264321ms)
✔ unknown, malformed and oversized setup drafts are safely bounded (0.238922ms)
✔ trial length comes only from a free intro offer (1.02405ms)
✔ native reminders: a week ahead, past times skipped, stable ids (1.179536ms)
✔ native planner rejects malformed times and keeps a bounded week inside its namespace (1.068788ms)
✔ interrupted native scheduling leaves the newest state and preserves other notifications (7.464381ms)
✔ a native plugin error does not prevent the next reminder replacement (0.555832ms)
✔ startup waits for restored account rather than temporarily identifying anonymous (1.688366ms)
✔ known sign-out and rapid identity changes are announced immediately, same-ID retry events remain usable (0.193463ms)
✔ failed authentication hydration stays unbound and never identifies anonymous or reads SDK entitlement (0.21139ms)
✔ dispose during initial hydration prevents any late entitlement initialization (0.139721ms)
✔ retry hydrates a currently unknown account before requesting identity or offerings (0.207745ms)
✔ retry with failed hydration cannot bind anonymous or make a subscription request (1.202861ms)
✔ cloud initialization callers share the real restoration promise and never finish early (31.266323ms)
✔ actual failed cloud restoration remains unknown and a later retry can establish the same account (0.879261ms)
✔ a resolved auth error is unknown identity rather than a verified anonymous account (0.376851ms)
✔ unbound init leaves cached native A untouched and exposes prices without personal claims (2.364339ms)
✔ explicitly binding cached A confirms it without login or logout (2.242154ms)
✔ desired B is recorded during native setup before any cached A customer read (8.61387ms)
✔ failed logout clears A claims synchronously and leaves purchase and restore denied (1.411597ms)
✔ staged A, B, A login requests serialize native identity mutation (1.848649ms)
✔ an A purchase settling after desired B success cannot grant B (1.457877ms)
✔ an A purchase settling after desired B cancellation cannot grant B (1.409573ms)
✔ a failed same-ID login can retry without treating desired ID as confirmed ID (1.167748ms)
✔ an offline refresh for confirmed same A preserves its verified entitlement (1.871123ms)
✔ listener payload is only invalidation and canonical aliases do not impersonate another account (1.219275ms)
✔ late A offerings cannot install A packages or personal claims into desired B (0.916627ms)
✔ late A trial eligibility cannot restore a free-trial claim during a B transition (0.836025ms)
✔ a held A customer load from initialization cannot overwrite a later desired B (0.897309ms)
✔ an A restore settling after desired B fails without applying A customer info (1.157533ms)
✔ defer during a held purchase drops trust without native calls and explicit cached-A rebind refreshes it (3.268038ms)
✔ defer during first native setup cancels the old A load and leaves cached A for an explicit rebind (0.529411ms)
✔ defer and immediate same-A rebind cannot accept the older held A customer snapshot (0.718408ms)
✔ canonical A listener refresh rejects its held snapshot if native identity externally drifts to B (0.855435ms)
✔ initial getAppUserID failure at verification read 1 leaves A unconfirmed/free and retryable (0.352714ms)
✔ initial getAppUserID failure at verification read 2 leaves A unconfirmed/free and retryable (0.445745ms)
✔ initial getAppUserID failure at verification read 3 leaves A unconfirmed/free and retryable (0.279363ms)
✔ initial getAppUserID failure at verification read 4 leaves A unconfirmed/free and retryable (0.375989ms)
✔ initial isAnonymous failure at verification read 1 leaves A unconfirmed/free and retryable (0.246623ms)
✔ initial isAnonymous failure at verification read 2 leaves A unconfirmed/free and retryable (0.194835ms)
✔ initial isAnonymous failure at verification read 3 leaves A unconfirmed/free and retryable (0.438834ms)
✔ initial isAnonymous failure at verification read 4 leaves A unconfirmed/free and retryable (0.261275ms)
✔ native paid gates apply before SDK init and after defer while the free samples stay open (0.220754ms)
✔ web and keyless native gates stay open before init and after defer without loading an SDK (0.213684ms)
✔ purchase cannot commit A after desired B arrives in nested verification microtask depth 2 (2.534056ms)
✔ purchase cannot commit A after desired B arrives in nested verification microtask depth 3 (0.565035ms)
✔ restore cannot commit A after desired B arrives in nested verification microtask depth 2 (0.756205ms)
✔ restore cannot commit A after desired B arrives in nested verification microtask depth 3 (0.761473ms)
✔ init cannot commit A after desired B arrives in nested verification microtask depth 2 (0.548531ms)
✔ init cannot commit A after desired B arrives in nested verification microtask depth 3 (0.730816ms)
✔ offerings failure is retryable without configuring or listening twice (3.174426ms)
✔ concurrent initialization shares one pending configure and plan load (7.713888ms)
✔ failed configuration can retry, while a completed setup remains single (0.593309ms)
✔ listener setup failure retries the listener without configuring again (0.412064ms)
✔ a successful empty offering may retry when plans become available (0.417192ms)
✔ free intro pricing is advertised only for confirmed eligible customers (0.738117ms)
✔ missing or failed eligibility checks keep regular prices and unknown trial status (0.64076ms)
✔ an interrupted eligibility refresh after identity change clears the earlier free-trial claim (0.379996ms)
✔ cancelled, pending and failed purchase errors remain distinct and never grant access (0.854083ms)
✔ a successful store response without the requested entitlement remains unconfirmed (0.316509ms)
✔ confirmed entitlement grants access and later SDK updates retain the real highest level (1.618189ms)
✔ restore distinguishes store failure, successful no-plan check, and active entitlement (0.700411ms)
✔ web and unconfigured native flows never load a purchase SDK or create a purchase (0.192061ms)
✔ free duration uses valid store units and cycles, without inventing 30-day months (0.11179ms)
✔ scoped EN/TR/ES uncertain purchase feedback makes no charge or reminder guarantee (0.301126ms)
✔ preserves the first 300 passages and appends exactly 100 each from faith, science and philosophy in order (2.334904ms)
✔ all 600 sourced passages have unique IDs and bilingual text without recycling legacy lines (39.498156ms)
✔ six notifications stay distinct for 100 full days, then repeat, and match the server snapshot across a year boundary (5.715212ms)
✔ local day remains stable from morning to evening; six-time migration preserves existing preferences (0.993334ms)
✔ legacy three-reminder profiles keep their evening time and gain six distinct reminders (0.267144ms)
✔ migration resolves default collisions only in missing slots and reserves later saved slots first (0.244691ms)
✔ every thinker passage links to a Gutenberg book whose text is kept in docs/quote-sources (13.993905ms)
✔ construction does no fetch/decode; current/upcoming preload reuses the current request (23.791658ms)
✔ Stop aborts loading and no late response starts a source (0.850978ms)
✔ Pause cancels original load; Resume retries current cue with a frozen slot and latest volume (0.887363ms)
✔ Pause→Stop discards current loading retry and Resume does not resurrect it (0.411954ms)
✔ new session cancels old load and only the new session owns audio (0.744237ms)
✔ active pause/resume continues the same cue offset without repeating its start or accepting stale end (1.187648ms)
✔ Replay replaces current source at offset zero and reuses decoded audio (0.437142ms)
✔ latest volume 0 wins after delayed clip loading and changes active gain (0.386245ms)
✔ latest volume 0.35 wins after delayed clip loading and changes active gain (0.340576ms)
✔ latest volume after deferred context resume and Stop/new cue protects pending resume (1.77024ms)
✔ expired loading budget and decoder duration mismatch never start audio (0.689925ms)
✔ missing bytes, bad checksum/source text and nonrunning device fail without invoking a provider (0.815164ms)
✔ verified persisted bytes permit offline replay in a new player; corrupt cached bytes are rejected (2.204428ms)
✔ a definitive recording failure cannot retry on Pause→Resume over a device fallback (0.309669ms)
✔ resumed load failure retains only bounded fallback metadata, never a resumable recording (0.497874ms)
✔ root hosting retains history paths, including direct reloads (1.567913ms)
✔ project hosting keeps every navigation on the same static document (0.31738ms)
✔ landing URLs and non-route fragments do not become unknown routes (0.164039ms)
✔ back/forward hash entries resolve to canonical route IDs (0.139962ms)
✔ icons and service worker URLs stay under their deployment base (0.189117ms)
✔ each person reads and writes only their own backup; anonymous visitors get nothing (1996.010753ms)
✔ an oversized backup is refused (1214.697381ms)
✔ cloud coach counters: people read only their own rows and cannot write or call the increment (1158.049297ms)
✔ the monthly increment stops exactly at the limit and a refund gives one back (1173.061779ms)
✔ a strict Content Security Policy ships with the page (0.863908ms)
✔ index.html has no inline scripts (the CSP forbids them) (0.206423ms)
✔ no raw HTML or eval sinks in the app code (14.497808ms)
✔ links that open a new tab cannot reach back into ODA (4.599783ms)
✔ no secret keys in the shipped code (14.417727ms)
✔ production builds carry no source maps (0.235757ms)
✔ service worker precaches only its project directory (23.558104ms)
✔ standalone support remains available offline without replacing the application shell (7.499994ms)
✔ activation preserves sibling apps and this version media cache (2.160952ms)
✔ notification defaults and legacy targets open the project hash route (4.274981ms)
✔ installed app metadata refreshes instead of retaining the cached identity (2.927292ms)
✔ installed app metadata remains available offline (1.559431ms)
✔ breath pacer runs at about 5.5 breaths a minute (0.861494ms)
✔ breathPhase: inhale first, then exhale, then repeats (0.702183ms)
✔ breathPhase is safe with odd input (0.134854ms)
✔ formatRemaining (0.143587ms)
✔ timer fades: a minute for sleep, short otherwise, never over half the timer (0.136366ms)
✔ arming a timer retains the independent three-second attack and actual stereo loop (94.626994ms)
✔ mute and volume respond immediately at the beginning of a timer fade (48.876664ms)
✔ mute and volume respond immediately at the middle of a timer fade (15.6552ms)
✔ mute and volume respond immediately at the end of a timer fade (17.076141ms)
✔ running fades can shorten but do not extend, and timer cancellation preserves user volume (49.996058ms)
✔ shortening a running fade with a delay cannot restore a louder envelope (49.272072ms)
✔ browsers without cancelAndHold retain the current level when shortening a fade (62.588632ms)
✔ track switches release the previous graph and repeated switches/stops bound resources (581.676514ms)
✔ stop/restart of a tone cancels its initial bowl and recurring callbacks (0.92462ms)
✔ natural bowl endings disconnect their tails while the current ambient drone continues (0.562702ms)
✔ Sound Room timer arming, pause/resume and expiry keep player state and start fade intact (63.140858ms)
✔ external restart of the same track clears the Sound Room countdown and timer selection (46.19916ms)
✔ public support is generated from the same localized help as the app (3.063788ms)
✔ each store locale links to the shipped public support artifact (0.200153ms)
✔ growth keeps an exact capped ledger through every stage boundary and beyond the canopy (10.040801ms)
✔ approved tree pixels and normalized roots match their independent asset manifest (9.975201ms)
✔ rendered paywall claims a free trial only for confirmed eligibility (76.327811ms)
✔ rendered failed offerings include an explicit retry action (9.635627ms)
✔ web paywall keeps free access and does not offer a purchase CTA (8.853653ms)
✔ unconfirmed identity shows truthful verification retry and disables buy and restore even with cached prices (7.374423ms)
✔ pending identity verification does not render a trial or an enabled restore action (3.675925ms)
✔ guided narration keeps original English text and voice with en UI (3.650266ms)
✔ guided narration keeps original English text and voice with tr UI (23.470872ms)
✔ guided narration keeps original English text and voice with es UI (28.180121ms)
✔ English inventory accepts language tags and rejects names or unrelated prefixes (0.505435ms)
✔ an explicitly selected English voice wins over a preferred device name (0.499386ms)
✔ guided speech truthfully reports unavailable with empty inventory (0.364792ms)
✔ guided speech truthfully reports unavailable with non-English inventory (0.206683ms)
✔ late English voice installation refreshes availability and unsubscribe removes listeners (0.470913ms)
✔ Notebook retains verbatim tr text, matching device voice and saved meditation preferences (0.575672ms)
✔ Notebook retains verbatim es text, matching device voice and saved meditation preferences (0.623273ms)
✔ Notebook preserves implicit device language when its voice list has not loaded (0.317391ms)
✔ unsupported device speech does not report available or queued playback (0.211991ms)
✔ empty or disabled cues leave the device queue empty (0.321486ms)
✔ nonzero device volume changes apply to the next utterance without pretending to change active speech (0.473697ms)
✔ zero device volume cancels the owned paused utterance and Resume cannot revive it (3.989078ms)
✔ Stop while device speech is paused lets a new session resume the device queue (0.340806ms)
✔ device cancel failures produce an honest false result (0.269498ms)
✔ device enqueue failures produce an honest false result (0.193243ms)
✔ new cues and Stop detach utterance handlers and ignore captured stale callbacks (0.326384ms)
✔ pause and resume keep the active browser cue, restore speaking state and reject replay while paused (0.263659ms)
✔ stop prevents a delayed provider failure from reviving an obsolete English device cue (0.800151ms)
✔ pause-resume prevents a delayed provider failure from reviving an obsolete English device cue (0.181695ms)
✔ new-cue prevents a delayed provider failure from reviving an obsolete English device cue (0.208846ms)
✔ current provider failure falls back to English device speech; a non-English inventory cannot substitute (0.271972ms)
✔ the optional recorder remains dormant until registration and receives identified current/upcoming cues (0.744287ms)
✔ registered recorder missing clip uses truthful English device fallback without a provider (0.413556ms)
✔ registered recorder overlong clip uses truthful English device fallback without a provider (0.183668ms)
✔ registered recorder wrong language uses truthful English device fallback without a provider (0.206362ms)
✔ registered recorder missing text hash uses truthful English device fallback without a provider (0.201876ms)
✔ registered recorder missing checksum uses truthful English device fallback without a provider (0.170969ms)
✔ registered recorder missing version uses truthful English device fallback without a provider (0.202857ms)
✔ registered recorder wrong cue identity uses truthful English device fallback without a provider (0.173522ms)
✔ registered recorder expired cue slot uses truthful English device fallback without a provider (0.255577ms)
✔ registered recorder unbounded cue slot uses truthful English device fallback without a provider (0.196888ms)
✔ a recorder hash/source verification failure falls back, and absent English speech reports unavailable (0.37034ms)
✔ new cues stop clips and stale recorded callbacks/failures cannot change current playback (0.346565ms)
✔ recorded pause invalidates pending start/fallback even after resume, and Stop invalidates callbacks (0.249037ms)
✔ current recorded load failure falls back to English and unregistering restores device narration (0.26438ms)
✔ synchronous recorded verification and playback errors truthfully queue English fallback (0.275567ms)
✔ a recorded request that already ended cannot later fall back and revive the cue (0.177359ms)
✔ actual playback mode stays loading until recorded start and reports English device fallback (0.307055ms)
✔ a resumed recording failure uses only installed English device speech and rejects stale resume fallback (0.35022ms)
✔ registered recorded volume receives current preference and live zero/nonzero changes (0.233453ms)
ℹ tests 520
ℹ suites 0
ℹ pass 520
ℹ fail 0
ℹ cancelled 0
ℹ skipped 0
ℹ todo 0
ℹ duration_ms 10151.89943
npm notice
npm notice New major version of npm available! 11.9.0 -> 12.2.0
npm notice Changelog: https://github.com/npm/cli/releases/tag/v12.2.0
npm notice To update run: npm install -g npm@12.2.0
npm notice

> oda-one-decision-away@1.0.0 build
> vite build

vite v6.4.3 building for production...
<script src="/one-decision-away/theme-init.js"> in "/index.html" can't be bundled without type="module" attribute
transforming...
✓ 3382 modules transformed.
rendering chunks...
[plugin vite:reporter] 
(!) /workspace/oda-cloud-upload-guard/src/services/cloudSync.ts is dynamically imported by /workspace/oda-cloud-upload-guard/src/main.tsx but also statically imported by /workspace/oda-cloud-upload-guard/src/components/BackupAndCloudSettings.tsx, /workspace/oda-cloud-upload-guard/src/components/BackupReminder.tsx, /workspace/oda-cloud-upload-guard/src/components/DailyNudgesSettings.tsx, /workspace/oda-cloud-upload-guard/src/pages/Account.tsx, /workspace/oda-cloud-upload-guard/src/pages/Coach.tsx, /workspace/oda-cloud-upload-guard/src/pages/Upgrade.tsx, /workspace/oda-cloud-upload-guard/src/services/cloudCoach.ts, /workspace/oda-cloud-upload-guard/src/services/courseProgress.ts, /workspace/oda-cloud-upload-guard/src/services/pushNotifications.ts, /workspace/oda-cloud-upload-guard/src/services/repository.ts, /workspace/oda-cloud-upload-guard/src/services/useCloudState.ts, /workspace/oda-cloud-upload-guard/src/store/useApp.tsx, dynamic import will not move module into another chunk.

computing gzip size...
dist/index.html                                                       3.43 kB │ gzip:     1.13 kB
dist/assets/hanken-grotesk-vietnamese-wght-normal-CHiFlh_0.woff2      9.32 kB
dist/assets/hanken-grotesk-latin-ext-wght-normal-Dg-wlmqe.woff2      19.59 kB
dist/assets/newsreader-vietnamese-opsz-normal-BjhtXyW2.woff2         27.25 kB
dist/assets/newsreader-vietnamese-opsz-italic-DTr-ymY4.woff2         27.90 kB
dist/assets/hanken-grotesk-latin-wght-normal-CaVRRdDk.woff2          34.70 kB
dist/assets/newsreader-latin-ext-opsz-normal-BQn1nviT.woff2          86.61 kB
dist/assets/newsreader-latin-ext-opsz-italic-CSPGnFdO.woff2          95.54 kB
dist/assets/newsreader-latin-opsz-normal-s-izfB6B.woff2             132.00 kB
dist/assets/newsreader-latin-opsz-italic-kJKFiXvB.woff2             146.87 kB
dist/assets/aiCoach.worker-C60CQ1Xm.js                            6,039.34 kB
dist/assets/Today-D76Bu5Fr.css                                        4.80 kB │ gzip:     1.29 kB
dist/assets/SoundRoom-CqaeVc25.css                                   10.94 kB │ gzip:     2.71 kB
dist/assets/Courses-dAxxx90S.css                                     26.09 kB │ gzip:     4.85 kB
dist/assets/index-D6Ptr9gO.css                                      108.09 kB │ gzip:    22.67 kB
dist/assets/de-FmFgRqLi.js                                            0.03 kB │ gzip:     0.05 kB
dist/assets/fr-FmFgRqLi.js                                            0.03 kB │ gzip:     0.05 kB
dist/assets/it-FmFgRqLi.js                                            0.03 kB │ gzip:     0.05 kB
dist/assets/ru-FmFgRqLi.js                                            0.03 kB │ gzip:     0.05 kB
dist/assets/web-Dl7lbb1j.js                                           0.18 kB │ gzip:     0.16 kB
dist/assets/useCloudState-BMF0o1X1.js                                 0.20 kB │ gzip:     0.18 kB
dist/assets/chevron-right-Bzl0CVde.js                                 0.30 kB │ gzip:     0.25 kB
dist/assets/square-Dlj9q037.js                                        0.32 kB │ gzip:     0.26 kB
dist/assets/arrow-up-right-BWkS1VWu.js                                0.34 kB │ gzip:     0.27 kB
dist/assets/search-BufhH_wV.js                                        0.35 kB │ gzip:     0.28 kB
dist/assets/circle-check-CHbFynyK.js                                  0.35 kB │ gzip:     0.28 kB
dist/assets/user-round-DqB_zmGI.js                                    0.36 kB │ gzip:     0.28 kB
dist/assets/rotate-ccw-ChTIcHs3.js                                    0.37 kB │ gzip:     0.29 kB
dist/assets/index-BDf4as11.js                                         0.38 kB │ gzip:     0.27 kB
dist/assets/mail-DCqN9iwn.js                                          0.39 kB │ gzip:     0.31 kB
dist/assets/moon-C0VqlVn2.js                                          0.39 kB │ gzip:     0.31 kB
dist/assets/headphones-CwEDx5Eu.js                                    0.41 kB │ gzip:     0.29 kB
dist/assets/timer-Djo173KR.js                                         0.41 kB │ gzip:     0.29 kB
dist/assets/wind-DG_MOMih.js                                          0.42 kB │ gzip:     0.30 kB
dist/assets/archive-dLNgw1oF.js                                       0.43 kB │ gzip:     0.31 kB
dist/assets/route-VzKU66EK.js                                         0.43 kB │ gzip:     0.31 kB
dist/assets/lock-keyhole--m9ZEKX0.js                                  0.43 kB │ gzip:     0.33 kB
dist/assets/index-DrAaXa8o.js                                         0.45 kB │ gzip:     0.28 kB
dist/assets/pencil-DgqLPwTH.js                                        0.45 kB │ gzip:     0.33 kB
dist/assets/pen-line-v0YXU0tn.js                                      0.45 kB │ gzip:     0.33 kB
dist/assets/index-uGYgv2sZ.js                                         0.48 kB │ gzip:     0.29 kB
dist/assets/refresh-cw-C_y6kysT.js                                    0.50 kB │ gzip:     0.33 kB
dist/assets/trash-2-Cl55DlG9.js                                       0.50 kB │ gzip:     0.32 kB
dist/assets/Focus-DAAgLOu4.js                                         0.53 kB │ gzip:     0.33 kB
dist/assets/share-2-B3Aie_tB.js                                       0.53 kB │ gzip:     0.34 kB
dist/assets/shuffle-tbdF51l7.js                                       0.56 kB │ gzip:     0.35 kB
dist/assets/sun-moon-uWZUevWC.js                                      0.57 kB │ gzip:     0.38 kB
dist/assets/waves-BU0THhaD.js                                         0.60 kB │ gzip:     0.32 kB
dist/assets/sparkles-BhtPQ3bc.js                                      0.67 kB │ gzip:     0.39 kB
dist/assets/calendar-days-Ccn9Uh13.js                                 0.67 kB │ gzip:     0.37 kB
dist/assets/index-DvENotqm.js                                         0.67 kB │ gzip:     0.42 kB
dist/assets/trending-up-spiC0j5C.js                                   0.69 kB │ gzip:     0.34 kB
dist/assets/index-CPlX05vK.js                                         0.72 kB │ gzip:     0.41 kB
dist/assets/music-uuvcMvMm.js                                         0.75 kB │ gzip:     0.39 kB
dist/assets/purchaseIdentityBinding-tFcjnp2u.js                       0.78 kB │ gzip:     0.34 kB
dist/assets/web-BfCLo_M4.js                                           0.90 kB │ gzip:     0.43 kB
dist/assets/web-C-wwApFm.js                                           1.06 kB │ gzip:     0.52 kB
dist/assets/courseEntryCopy-ClIZWujk.js                               1.35 kB │ gzip:     0.72 kB
dist/assets/Legal-BQT-HVOu.js                                         2.00 kB │ gzip:     0.91 kB
dist/assets/growth-CtfcX3mW.js                                        2.07 kB │ gzip:     0.92 kB
dist/assets/account-UoWtEn1E.js                                       2.95 kB │ gzip:     1.37 kB
dist/assets/Support-BoyZZL70.js                                       3.54 kB │ gzip:     1.26 kB
dist/assets/Seasons-DZ395McL.js                                       3.65 kB │ gzip:     1.29 kB
dist/assets/rewards-DnsynaG3.js                                       4.17 kB │ gzip:     1.81 kB
dist/assets/Budget-DyUAAGpn.js                                        4.45 kB │ gzip:     1.70 kB
dist/assets/web-XmAQ9r2V.js                                           4.65 kB │ gzip:     1.40 kB
dist/assets/Evidence-DppgeDUZ.js                                      5.45 kB │ gzip:     2.00 kB
dist/assets/Tools-CwZIzKgL.js                                         5.60 kB │ gzip:     2.18 kB
dist/assets/Missions-Bthdfsnq.js                                      5.65 kB │ gzip:     2.05 kB
dist/assets/LifeScore-D1trVSUb.js                                     5.72 kB │ gzip:     1.92 kB
dist/assets/Bridge-Cf9UXq8U.js                                        6.53 kB │ gzip:     1.96 kB
dist/assets/FutureSelf-QP8bwoGC.js                                    6.86 kB │ gzip:     1.94 kB
dist/assets/MissionFlows-MbZgD2I5.js                                  8.10 kB │ gzip:     2.50 kB
dist/assets/index-BR4_GrhQ.js                                         8.72 kB │ gzip:     3.31 kB
dist/assets/web-By_c-3IR.js                                          10.19 kB │ gzip:     2.10 kB
dist/assets/purchases-C5oZ-4TP.js                                    10.50 kB │ gzip:     3.48 kB
dist/assets/PublicTwoFutures-M3wWPJ6f.js                             11.24 kB │ gzip:     3.71 kB
dist/assets/Account-BC051nkT.js                                      11.73 kB │ gzip:     3.60 kB
dist/assets/support-o481-AI-.js                                      11.79 kB │ gzip:     4.95 kB
dist/assets/DreamArt-D9GhIO9u.js                                     12.84 kB │ gzip:     2.50 kB
dist/assets/FocusTimerHub-CJ3t2E3V.js                                14.88 kB │ gzip:     4.24 kB
dist/assets/Me-Ch3U4xTF.js                                           16.31 kB │ gzip:     5.69 kB
dist/assets/Upgrade-Bp0lG7Ff.js                                      19.68 kB │ gzip:     6.40 kB
dist/assets/TwoFutures-BcBKpgWP.js                                   19.69 kB │ gzip:     5.43 kB
dist/assets/SoundRoom-Z5Mzmaxm.js                                    20.30 kB │ gzip:     7.74 kB
dist/assets/media-2mgEiOLR.js                                        23.75 kB │ gzip:     9.29 kB
dist/assets/Bank-C-2580S0.js                                         29.78 kB │ gzip:     8.21 kB
dist/assets/Settings-_LKavJ6P.js                                     41.20 kB │ gzip:    12.88 kB
dist/assets/Coach-Ct05sqZ-.js                                        48.50 kB │ gzip:    15.86 kB
dist/assets/Notebook-BIhHMw5D.js                                     48.78 kB │ gzip:    14.17 kB
dist/assets/Dreams-Ba6Efhwb.js                                       53.11 kB │ gzip:    14.99 kB
dist/assets/DailyMicroHabits-Czex3MS1.js                             56.82 kB │ gzip:    14.79 kB
dist/assets/Progress-CriA5DXy.js                                     75.84 kB │ gzip:    18.18 kB
dist/assets/Courses-DXfHqxkP.js                                     118.04 kB │ gzip:    37.99 kB
dist/assets/motion-HNvQpnN_.js                                      128.88 kB │ gzip:    42.38 kB
dist/assets/Today-8zSLm6Du.js                                       140.16 kB │ gzip:    43.47 kB
dist/assets/supabase--wUpN4Ei.js                                    228.14 kB │ gzip:    59.28 kB
dist/assets/react-5GCfeWye.js                                       229.42 kB │ gzip:    71.53 kB
dist/assets/genai-DNIGCYRr.js                                       409.93 kB │ gzip:    72.77 kB
dist/assets/charts-Bzd-XkHo.js                                      431.58 kB │ gzip:   124.87 kB
dist/assets/tr-Bxmf0hre.js                                          561.31 kB │ gzip:   219.30 kB
dist/assets/es-D_dh5elY.js                                          573.76 kB │ gzip:   217.65 kB
dist/assets/index-B20HGPns.js                                       943.74 kB │ gzip:   306.61 kB
dist/assets/courses-CKtnra3s.js                                   2,510.75 kB │ gzip:   813.28 kB
dist/assets/index-BMm9S-UO.js                                     5,959.05 kB │ gzip: 2,123.39 kB

(!) Some chunks are larger than 700 kB after minification. Consider:
- Using dynamic import() to code-split the application
- Use build.rollupOptions.output.manualChunks to improve chunking: https://rollupjs.org/configuration-options/#output-manualchunks
- Adjust chunk size limit for this warning via build.chunkSizeWarningLimit.
✓ built in 10.61s
npm notice
npm notice New major version of npm available! 11.9.0 -> 12.2.0
npm notice Changelog: https://github.com/npm/cli/releases/tag/v12.2.0
npm notice To update run: npm install -g npm@12.2.0
npm notice
npm notice
npm notice New major version of npm available! 11.9.0 -> 12.2.0
npm notice Changelog: https://github.com/npm/cli/releases/tag/v12.2.0
npm notice To update run: npm install -g npm@12.2.0
npm notice
