✔ legacy course storage migrates into the personal record without changing other data (5.777718ms)
✔ course edits, completion, experiment plans and logs roundtrip through JSON backup (4.029431ms)
✔ a stale save from another feature retains newer lesson notes and practice logs (1.934149ms)
✔ a legacy backup keeps local courses; an explicit empty course backup clears them (2.640458ms)
✔ validation rejects malformed personal, notebook and course data before any storage write (4.911997ms)
✔ quota failures keep the entire previous record and legacy key intact, and a retry succeeds (1.542375ms)
✔ unreadable main data is never replaced by a course-only save (0.649013ms)
✔ lesson edits and re-completion retain the real-world experiment history (0.347576ms)
✔ course mutations wait for the shared write lock and rebase onto a concurrent notebook commit (0.929778ms)
✔ ledger and notebook rewards retain one UTC ceiling when the local decision day differs (19.110375ms)
✔ cloud upload captures current courses and invalid cloud backups leave local storage untouched (12.072229ms)
✔ cloud previews do not change last-sync or local data until the reviewed record is committed (5.958151ms)
✔ a pending cloud SELECT cannot replace data after account switch (3.488472ms)
✔ a pending cloud SELECT cannot replace data after project switch (0.599147ms)
✔ a pending cloud SELECT cannot replace data after logout and reauthentication as the same account (0.74607ms)
✔ a pending cloud SELECT cannot replace data after an explicit local import barrier (0.692759ms)
✔ a pending cloud SELECT cannot replace data after newer saved personal writing (0.865521ms)
✔ a reviewed cloud restore is checked inside the write lock after account switch (10.136477ms)
✔ a reviewed cloud restore is checked inside the write lock after project switch (5.944591ms)
✔ a reviewed cloud restore is checked inside the write lock after logout and reauthentication as the same account (9.106207ms)
✔ a reviewed cloud restore is checked inside the write lock after an explicit local import barrier (1.700135ms)
✔ a reviewed cloud restore is checked inside the write lock after newer saved personal writing (1.469424ms)
✔ an unchanged reviewed cloud record commits once and records its scoped sync (1.770571ms)
✔ manual sync cannot fall back to uploading a captured previous-account snapshot (0.600288ms)
✔ a delayed automatic backup remains bound to its original account (0.419375ms)
✔ an old upload success cannot mark or emit the new cloud scope (1.762419ms)
✔ an old upload failure cannot mark or emit the new cloud scope (1.021777ms)
✔ fresh OTP sign-in cannot overwrite existing cloud work on the first ordinary save (5.39589ms)
✔ an absent cloud row is inserted once and acknowledges the returned server version and exact data (13.423765ms)
✔ offline SELECT throws and reconnect retain both records (1.730139ms)
✔ offline SELECT resolved and reconnect retain both records (1.278055ms)
✔ shared device A→B→A cannot reuse the historical acknowledgement of A after B owns the record (13.9154ms)
✔ a stale upload SELECT after account cannot write or alter current-scope status (1.220278ms)
✔ a stale upload SELECT after project cannot write or alter current-scope status (0.598396ms)
✔ a stale upload SELECT after logout-return cannot write or alter current-scope status (0.444594ms)
✔ a stale upload SELECT after local-edit cannot write or alter current-scope status (0.700981ms)
✔ a stale upload SELECT after import cannot write or alter current-scope status (0.730196ms)
✔ same-version remote content changed at the fresh read cannot authorize overwrite (2.864747ms)
✔ canonical acknowledgement treats reordered object keys as equal, but retains array order (7.257619ms)
✔ a changed remote version between SELECT and UPDATE yields zero rows and never acknowledges success (3.845442ms)
✔ an absent-row insert race preserves the winning cloud record and holds the import token (1.930243ms)
✔ empty returned write representation never acknowledges or clears import intent (1.576347ms)
✔ missing returned write representation never acknowledges or clears import intent (1.773896ms)
✔ invalid-data returned write representation never acknowledges or clears import intent (1.255832ms)
✔ invalid-version returned write representation never acknowledges or clears import intent (1.442944ms)
✔ multiple returned write representation never acknowledges or clears import intent (1.688171ms)
✔ a legacy timestamp-only acknowledgement cannot authorize an existing-row upload (3.202038ms)
✔ previewing or declining a cloud restore creates no acknowledgement and later saves remain held (2.502329ms)
✔ accepted cloud restore acknowledges the raw fetched JSON, including omitted legacy course data (4.952889ms)
✔ an explicit import facing unacknowledged existing cloud keeps bytes/token and cannot bypass review protection (1.326839ms)
✔ an explicit import into absent cloud can insert and clear only its still-current token (4.652214ms)
✔ a late write response cannot acknowledge a new account or clear a newer import token (1.246277ms)
✔ a write response cannot clear an import created while that same account upload waited (1.654605ms)
✔ acknowledgement storage failure does not report sync success or clear imported intent (1.513191ms)
✔ hash failure cannot mutate cloud or acknowledge the local record (1.9086ms)
✔ awaited remote fingerprint after account cannot authorize a stale write (1.960308ms)
✔ awaited remote fingerprint after local-edit cannot authorize a stale write (2.026728ms)
✔ awaited remote fingerprint after import cannot authorize a stale write (2.624153ms)
✔ a malformed-data SELECT pauses upload without choosing a winner (0.523943ms)
✔ a invalid-version SELECT pauses upload without choosing a winner (0.37ms)
✔ successful upload acknowledges the actual returned server version rather than the attempted client timestamp (2.207342ms)
✔ a rejected reviewed restore cannot establish cloud acknowledgement (1.542495ms)
✔ a regressed clock advances the conditional write beyond remote microseconds 2040-01-01T00:00:00.999999Z (7.750345ms)
✔ a regressed clock advances the conditional write beyond remote microseconds 2040-01-01T00:00:00.000001+00:00 (3.603806ms)
✔ manual review exposes unacknowledged/changed cloud at -1000ms while default startup policy remains unchanged (2.056725ms)
✔ manual review exposes unacknowledged/changed cloud at 0ms while default startup policy remains unchanged (2.464001ms)
✔ manual review exposes unacknowledged/changed cloud at 1000ms while default startup policy remains unchanged (1.77016ms)
✔ known limitation: a legacy same-version mutation after SELECT can pass timestamp-only CAS (2.489459ms)
✔ an earlier account sync timestamp cannot hide another account cloud record (14.198126ms)
✔ a legacy unscoped timestamp is not proof that this account is synchronized (1.599452ms)
✔ an account deletion response cannot sign out a later signed-in account (0.820262ms)
✔ an account deletion response cannot clear a new project connection (0.252983ms)
✔ a late cloud coach reply cannot be accepted in another account scope (16.370285ms)
✔ account deletion cannot start with another account after awaiting the client (0.366725ms)
✔ cloud coach context consent is isolated between accounts and projects (0.241545ms)
✔ a token refresh keeps the current account coach request valid (0.536893ms)
✔ a project change while reading a coach response also expires its content (0.379664ms)
✔ stopping the coach cancels a response body still being downloaded (0.569312ms)
✔ a queued backup cannot upload a local document rolled back while it waited (3.46107ms)
✔ the latest queued backup still uploads after a preceding slower backup (4.984837ms)
✔ returning to an earlier account cannot reuse its timestamp for another account local record (4.586244ms)
✔ a replaced dataset cannot inherit this account historical synchronization proof (2.261544ms)
✔ an owner-metadata quota failure cannot advertise a newer synchronized local record (4.480533ms)
ℹ tests 83
ℹ suites 0
ℹ pass 83
ℹ fail 0
ℹ cancelled 0
ℹ skipped 0
ℹ todo 0
ℹ duration_ms 558.280344
