✔ legacy course storage migrates into the personal record without changing other data (5.738608ms)
✔ course edits, completion, experiment plans and logs roundtrip through JSON backup (4.375604ms)
✔ a stale save from another feature retains newer lesson notes and practice logs (2.228374ms)
✔ a legacy backup keeps local courses; an explicit empty course backup clears them (2.187342ms)
✔ validation rejects malformed personal, notebook and course data before any storage write (4.510609ms)
✔ quota failures keep the entire previous record and legacy key intact, and a retry succeeds (1.530957ms)
✔ unreadable main data is never replaced by a course-only save (0.813481ms)
✔ lesson edits and re-completion retain the real-world experiment history (0.28406ms)
✔ course mutations wait for the shared write lock and rebase onto a concurrent notebook commit (0.950198ms)
✔ ledger and notebook rewards retain one UTC ceiling when the local decision day differs (14.369025ms)
✔ cloud upload captures current courses and invalid cloud backups leave local storage untouched (14.146809ms)
✔ cloud previews do not change last-sync or local data until the reviewed record is committed (5.881644ms)
✔ a pending cloud SELECT cannot replace data after account switch (5.402409ms)
✔ a pending cloud SELECT cannot replace data after project switch (0.676874ms)
✔ a pending cloud SELECT cannot replace data after logout and reauthentication as the same account (0.770126ms)
✔ a pending cloud SELECT cannot replace data after an explicit local import barrier (1.150061ms)
✔ a pending cloud SELECT cannot replace data after newer saved personal writing (1.209741ms)
✔ a reviewed cloud restore is checked inside the write lock after account switch (9.748099ms)
✔ a reviewed cloud restore is checked inside the write lock after project switch (14.239564ms)
✔ a reviewed cloud restore is checked inside the write lock after logout and reauthentication as the same account (5.03338ms)
✔ a reviewed cloud restore is checked inside the write lock after an explicit local import barrier (1.705612ms)
✔ a reviewed cloud restore is checked inside the write lock after newer saved personal writing (3.072703ms)
✔ an unchanged reviewed cloud record commits once and records its scoped sync (1.993699ms)
✔ manual sync cannot fall back to uploading a captured previous-account snapshot (0.402309ms)
✔ a delayed automatic backup remains bound to its original account (0.595772ms)
✔ an old upload success cannot mark or emit the new cloud scope (1.02361ms)
✔ an old upload failure cannot mark or emit the new cloud scope (0.381898ms)
✔ fresh OTP sign-in cannot overwrite existing cloud work on the first ordinary save (4.64985ms)
✔ an absent cloud row is inserted once and acknowledges the returned server version and exact data (14.45818ms)
✔ offline SELECT throws and reconnect retain both records (1.735157ms)
✔ offline SELECT resolved and reconnect retain both records (1.236432ms)
✔ shared device A→B→A cannot reuse the historical acknowledgement of A after B owns the record (22.715542ms)
✔ a stale upload SELECT after account cannot write or alter current-scope status (1.996142ms)
✔ a stale upload SELECT after project cannot write or alter current-scope status (0.538145ms)
✔ a stale upload SELECT after logout-return cannot write or alter current-scope status (0.469881ms)
✔ a stale upload SELECT after local-edit cannot write or alter current-scope status (0.586417ms)
✔ a stale upload SELECT after import cannot write or alter current-scope status (0.767402ms)
✔ same-version remote content changed at the fresh read cannot authorize overwrite (3.801786ms)
✔ canonical acknowledgement treats reordered object keys as equal, but retains array order (6.258756ms)
✔ a changed remote version between SELECT and UPDATE yields zero rows and never acknowledges success (3.802517ms)
✔ an absent-row insert race preserves the winning cloud record and holds the import token (1.034797ms)
✔ empty returned write representation never acknowledges or clears import intent (0.478244ms)
✔ missing returned write representation never acknowledges or clears import intent (0.403161ms)
✔ invalid-data returned write representation never acknowledges or clears import intent (0.594721ms)
✔ invalid-version returned write representation never acknowledges or clears import intent (0.354126ms)
✔ multiple returned write representation never acknowledges or clears import intent (0.372704ms)
✔ a legacy timestamp-only acknowledgement cannot authorize an existing-row upload (0.694832ms)
✔ previewing or declining a cloud restore creates no acknowledgement and later saves remain held (4.667958ms)
✔ accepted cloud restore acknowledges the raw fetched JSON, including omitted legacy course data (5.293214ms)
✔ an explicit import facing unacknowledged existing cloud keeps bytes/token and cannot bypass review protection (0.915746ms)
✔ an explicit import into absent cloud can insert and clear only its still-current token (2.560627ms)
✔ a late write response cannot acknowledge a new account or clear a newer import token (0.643414ms)
✔ a write response cannot clear an import created while that same account upload waited (1.628345ms)
✔ acknowledgement storage failure does not report sync success or clear imported intent (1.903311ms)
✔ hash failure cannot mutate cloud or acknowledge the local record (3.28867ms)
✔ awaited remote fingerprint after account cannot authorize a stale write (3.240847ms)
✔ awaited remote fingerprint after local-edit cannot authorize a stale write (2.986711ms)
✔ awaited remote fingerprint after import cannot authorize a stale write (2.937207ms)
✔ a malformed-data SELECT pauses upload without choosing a winner (0.704116ms)
✔ a invalid-version SELECT pauses upload without choosing a winner (0.342398ms)
✔ successful upload acknowledges the actual returned server version rather than the attempted client timestamp (3.076919ms)
✔ a rejected reviewed restore cannot establish cloud acknowledgement (4.024524ms)
✔ a regressed clock advances the conditional write beyond remote microseconds 2040-01-01T00:00:00.999999Z (3.508632ms)
✔ a regressed clock advances the conditional write beyond remote microseconds 2040-01-01T00:00:00.000001+00:00 (3.155507ms)
✔ manual review exposes unacknowledged/changed cloud at -1000ms while default startup policy remains unchanged (2.179399ms)
✔ manual review exposes unacknowledged/changed cloud at 0ms while default startup policy remains unchanged (2.743283ms)
✔ manual review exposes unacknowledged/changed cloud at 1000ms while default startup policy remains unchanged (3.535853ms)
✔ known limitation: a legacy same-version mutation after SELECT can pass timestamp-only CAS (2.999571ms)
✔ an earlier account sync timestamp cannot hide another account cloud record (13.602489ms)
✔ a legacy unscoped timestamp is not proof that this account is synchronized (2.185298ms)
✔ an account deletion response cannot sign out a later signed-in account (0.910909ms)
✔ an account deletion response cannot clear a new project connection (0.346875ms)
✔ a late cloud coach reply cannot be accepted in another account scope (25.189267ms)
✔ account deletion cannot start with another account after awaiting the client (0.567719ms)
✔ cloud coach context consent is isolated between accounts and projects (0.27128ms)
✔ a token refresh keeps the current account coach request valid (0.678367ms)
✔ a project change while reading a coach response also expires its content (0.484213ms)
✔ stopping the coach cancels a response body still being downloaded (0.507288ms)
✔ a queued backup cannot upload a local document rolled back while it waited (7.824937ms)
✔ the latest queued backup still uploads after a preceding slower backup (4.817174ms)
✔ returning to an earlier account cannot reuse its timestamp for another account local record (4.10841ms)
✔ a replaced dataset cannot inherit this account historical synchronization proof (1.396274ms)
✔ an owner-metadata quota failure cannot advertise a newer synchronized local record (2.997087ms)
ℹ tests 83
ℹ suites 0
ℹ pass 83
ℹ fail 0
ℹ cancelled 0
ℹ skipped 0
ℹ todo 0
ℹ duration_ms 877.874089
