✔ legacy course storage migrates into the personal record without changing other data (5.637335ms)
✔ course edits, completion, experiment plans and logs roundtrip through JSON backup (5.976709ms)
✔ a stale save from another feature retains newer lesson notes and practice logs (4.638132ms)
✔ a legacy backup keeps local courses; an explicit empty course backup clears them (4.041138ms)
✔ validation rejects malformed personal, notebook and course data before any storage write (11.945405ms)
✔ quota failures keep the entire previous record and legacy key intact, and a retry succeeds (4.72251ms)
✔ unreadable main data is never replaced by a course-only save (0.686749ms)
✔ lesson edits and re-completion retain the real-world experiment history (0.515069ms)
✔ course mutations wait for the shared write lock and rebase onto a concurrent notebook commit (1.992036ms)
✔ ledger and notebook rewards retain one UTC ceiling when the local decision day differs (25.655781ms)
✔ cloud upload captures current courses and invalid cloud backups leave local storage untouched (18.176599ms)
✔ cloud previews do not change last-sync or local data until the reviewed record is committed (9.014588ms)
✔ a pending cloud SELECT cannot replace data after account switch (2.969145ms)
✔ a pending cloud SELECT cannot replace data after project switch (0.420927ms)
✔ a pending cloud SELECT cannot replace data after logout and reauthentication as the same account (0.620049ms)
✔ a pending cloud SELECT cannot replace data after an explicit local import barrier (0.684836ms)
✔ a pending cloud SELECT cannot replace data after newer saved personal writing (0.563202ms)
✔ a reviewed cloud restore is checked inside the write lock after account switch (8.896359ms)
✔ a reviewed cloud restore is checked inside the write lock after project switch (12.288859ms)
✔ a reviewed cloud restore is checked inside the write lock after logout and reauthentication as the same account (4.195061ms)
✔ a reviewed cloud restore is checked inside the write lock after an explicit local import barrier (1.627194ms)
✔ a reviewed cloud restore is checked inside the write lock after newer saved personal writing (1.361341ms)
✔ an unchanged reviewed cloud record commits once and records its scoped sync (1.712373ms)
✔ manual sync cannot fall back to uploading a captured previous-account snapshot (0.382078ms)
✔ a delayed automatic backup remains bound to its original account (0.332433ms)
✔ an old upload success cannot mark or emit the new cloud scope (1.612051ms)
✔ an old upload failure cannot mark or emit the new cloud scope (1.007976ms)
✔ fresh OTP sign-in cannot overwrite existing cloud work on the first ordinary save (10.863652ms)
✔ an absent cloud row is inserted once and acknowledges the returned server version and exact data (9.402715ms)
✔ offline SELECT throws and reconnect retain both records (1.124031ms)
✔ offline SELECT resolved and reconnect retain both records (0.802786ms)
✔ shared device A→B→A cannot reuse the historical acknowledgement of A after B owns the record (11.034175ms)
✔ a stale upload SELECT after account cannot write or alter current-scope status (1.068708ms)
✔ a stale upload SELECT after project cannot write or alter current-scope status (0.561921ms)
✔ a stale upload SELECT after logout-return cannot write or alter current-scope status (0.468109ms)
✔ a stale upload SELECT after local-edit cannot write or alter current-scope status (0.540048ms)
✔ a stale upload SELECT after import cannot write or alter current-scope status (0.620469ms)
✔ same-version remote content changed at the fresh read cannot authorize overwrite (2.974283ms)
✔ canonical acknowledgement treats reordered object keys as equal, but retains array order (4.842632ms)
✔ a changed remote version between SELECT and UPDATE yields zero rows and never acknowledges success (3.231332ms)
✔ an absent-row insert race preserves the winning cloud record and holds the import token (1.688707ms)
✔ empty returned write representation never acknowledges or clears import intent (1.237263ms)
✔ missing returned write representation never acknowledges or clears import intent (1.156481ms)
✔ invalid-data returned write representation never acknowledges or clears import intent (3.063127ms)
✔ invalid-version returned write representation never acknowledges or clears import intent (1.463616ms)
✔ multiple returned write representation never acknowledges or clears import intent (1.354601ms)
✔ a legacy timestamp-only acknowledgement cannot authorize an existing-row upload (1.65769ms)
✔ previewing or declining a cloud restore creates no acknowledgement and later saves remain held (2.204497ms)
✔ accepted cloud restore acknowledges the raw fetched JSON, including omitted legacy course data (5.149746ms)
✔ an explicit import facing unacknowledged existing cloud keeps bytes/token and cannot bypass review protection (1.183222ms)
✔ an explicit import into absent cloud can insert and clear only its still-current token (2.868583ms)
✔ a late write response cannot acknowledge a new account or clear a newer import token (1.937122ms)
✔ a write response cannot clear an import created while that same account upload waited (1.921088ms)
✔ acknowledgement storage failure does not report sync success or clear imported intent (2.27863ms)
✔ hash failure cannot mutate cloud or acknowledge the local record (3.070539ms)
✔ awaited remote fingerprint after account cannot authorize a stale write (5.50848ms)
✔ awaited remote fingerprint after local-edit cannot authorize a stale write (3.195538ms)
✔ awaited remote fingerprint after import cannot authorize a stale write (2.778276ms)
✔ a malformed-data SELECT pauses upload without choosing a winner (0.741032ms)
✔ a invalid-version SELECT pauses upload without choosing a winner (0.398473ms)
✔ successful upload acknowledges the actual returned server version rather than the attempted client timestamp (2.465463ms)
✔ a rejected reviewed restore cannot establish cloud acknowledgement (1.458668ms)
✔ a regressed clock advances the conditional write beyond remote microseconds 2040-01-01T00:00:00.999999Z (3.36839ms)
✔ a regressed clock advances the conditional write beyond remote microseconds 2040-01-01T00:00:00.000001+00:00 (2.895954ms)
✔ manual review exposes unacknowledged/changed cloud at -1000ms while default startup policy remains unchanged (2.623882ms)
✔ manual review exposes unacknowledged/changed cloud at 0ms while default startup policy remains unchanged (4.013477ms)
✔ manual review exposes unacknowledged/changed cloud at 1000ms while default startup policy remains unchanged (2.607578ms)
✔ known limitation: a legacy same-version mutation after SELECT can pass timestamp-only CAS (2.977237ms)
✔ an earlier account sync timestamp cannot hide another account cloud record (15.346684ms)
✔ a legacy unscoped timestamp is not proof that this account is synchronized (2.40428ms)
✔ an account deletion response cannot sign out a later signed-in account (1.249441ms)
✔ an account deletion response cannot clear a new project connection (0.398002ms)
✔ a late cloud coach reply cannot be accepted in another account scope (20.181474ms)
✔ account deletion cannot start with another account after awaiting the client (0.659028ms)
✔ cloud coach context consent is isolated between accounts and projects (0.467688ms)
✔ a token refresh keeps the current account coach request valid (0.705759ms)
✔ a project change while reading a coach response also expires its content (0.460357ms)
✔ stopping the coach cancels a response body still being downloaded (0.587019ms)
✔ a queued backup cannot upload a local document rolled back while it waited (8.360257ms)
✔ the latest queued backup still uploads after a preceding slower backup (3.700523ms)
✔ returning to an earlier account cannot reuse its timestamp for another account local record (4.890775ms)
✔ a replaced dataset cannot inherit this account historical synchronization proof (2.250357ms)
✔ an owner-metadata quota failure cannot advertise a newer synchronized local record (4.796372ms)
ℹ tests 83
ℹ suites 0
ℹ pass 83
ℹ fail 0
ℹ cancelled 0
ℹ skipped 0
ℹ todo 0
ℹ duration_ms 589.701512
