✔ legacy course storage migrates into the personal record without changing other data (5.551586ms)
✔ course edits, completion, experiment plans and logs roundtrip through JSON backup (3.45368ms)
✔ a stale save from another feature retains newer lesson notes and practice logs (1.745393ms)
✔ a legacy backup keeps local courses; an explicit empty course backup clears them (1.695227ms)
✔ validation rejects malformed personal, notebook and course data before any storage write (4.450619ms)
✔ quota failures keep the entire previous record and legacy key intact, and a retry succeeds (1.480862ms)
✔ unreadable main data is never replaced by a course-only save (0.508349ms)
✔ lesson edits and re-completion retain the real-world experiment history (0.232783ms)
✔ course mutations wait for the shared write lock and rebase onto a concurrent notebook commit (0.918521ms)
✔ ledger and notebook rewards retain one UTC ceiling when the local decision day differs (14.448938ms)
✔ cloud upload captures current courses and invalid cloud backups leave local storage untouched (13.111082ms)
✔ cloud previews do not change last-sync or local data until the reviewed record is committed (3.312556ms)
✔ a pending cloud SELECT cannot replace data after account switch (3.211332ms)
✔ a pending cloud SELECT cannot replace data after project switch (0.764487ms)
✔ a pending cloud SELECT cannot replace data after logout and reauthentication as the same account (0.639979ms)
✔ a pending cloud SELECT cannot replace data after an explicit local import barrier (0.719349ms)
✔ a pending cloud SELECT cannot replace data after newer saved personal writing (0.64689ms)
✔ a reviewed cloud restore is checked inside the write lock after account switch (8.962851ms)
✔ a reviewed cloud restore is checked inside the write lock after project switch (1.916031ms)
✔ a reviewed cloud restore is checked inside the write lock after logout and reauthentication as the same account (1.173086ms)
✔ a reviewed cloud restore is checked inside the write lock after an explicit local import barrier (4.263826ms)
✔ a reviewed cloud restore is checked inside the write lock after newer saved personal writing (1.499831ms)
✔ an unchanged reviewed cloud record commits once and records its scoped sync (4.023502ms)
✔ manual sync cannot fall back to uploading a captured previous-account snapshot (0.545626ms)
✔ a delayed automatic backup remains bound to its original account (0.647881ms)
✔ an old upload success cannot mark or emit the new cloud scope (3.335741ms)
✔ an old upload failure cannot mark or emit the new cloud scope (1.424818ms)
✔ fresh OTP sign-in cannot overwrite existing cloud work on the first ordinary save (5.47539ms)
✔ an absent cloud row is inserted once and acknowledges the returned server version and exact data (13.6512ms)
✔ offline SELECT throws and reconnect retain both records (1.290755ms)
✔ offline SELECT resolved and reconnect retain both records (0.876457ms)
✔ shared device A→B→A cannot reuse the historical acknowledgement of A after B owns the record (8.671896ms)
✔ a stale upload SELECT after account cannot write or alter current-scope status (0.88475ms)
✔ a stale upload SELECT after project cannot write or alter current-scope status (0.645988ms)
✔ a stale upload SELECT after logout-return cannot write or alter current-scope status (0.452455ms)
✔ a stale upload SELECT after local-edit cannot write or alter current-scope status (0.522461ms)
✔ a stale upload SELECT after import cannot write or alter current-scope status (0.605527ms)
✔ same-version remote content changed at the fresh read cannot authorize overwrite (2.647669ms)
✔ canonical acknowledgement treats reordered object keys as equal, but retains array order (4.511161ms)
✔ a changed remote version between SELECT and UPDATE yields zero rows and never acknowledges success (3.071731ms)
✔ an absent-row insert race preserves the winning cloud record and holds the import token (1.43335ms)
✔ empty returned write representation never acknowledges or clears import intent (1.148139ms)
✔ missing returned write representation never acknowledges or clears import intent (1.088739ms)
✔ invalid-data returned write representation never acknowledges or clears import intent (2.422048ms)
✔ invalid-version returned write representation never acknowledges or clears import intent (1.045664ms)
✔ multiple returned write representation never acknowledges or clears import intent (0.952813ms)
✔ a legacy timestamp-only acknowledgement cannot authorize an existing-row upload (0.583153ms)
✔ previewing or declining a cloud restore creates no acknowledgement and later saves remain held (1.335802ms)
✔ accepted cloud restore acknowledges the raw fetched JSON, including omitted legacy course data (5.431935ms)
✔ an explicit import facing unacknowledged existing cloud keeps bytes/token and cannot bypass review protection (0.862125ms)
✔ an explicit import into absent cloud can insert and clear only its still-current token (2.12648ms)
✔ a late write response cannot acknowledge a new account or clear a newer import token (1.71743ms)
✔ a write response cannot clear an import created while that same account upload waited (1.431497ms)
✔ acknowledgement storage failure does not report sync success or clear imported intent (1.818093ms)
✔ hash failure cannot mutate cloud or acknowledge the local record (2.282756ms)
✔ awaited remote fingerprint after account cannot authorize a stale write (4.005755ms)
✔ awaited remote fingerprint after local-edit cannot authorize a stale write (2.230628ms)
✔ awaited remote fingerprint after import cannot authorize a stale write (2.121433ms)
✔ a malformed-data SELECT pauses upload without choosing a winner (0.766751ms)
✔ a invalid-version SELECT pauses upload without choosing a winner (0.304792ms)
✔ successful upload acknowledges the actual returned server version rather than the attempted client timestamp (1.620054ms)
✔ a rejected reviewed restore cannot establish cloud acknowledgement (2.688271ms)
✔ a regressed clock advances the conditional write beyond remote microseconds 2040-01-01T00:00:00.999999Z (3.996371ms)
✔ a regressed clock advances the conditional write beyond remote microseconds 2040-01-01T00:00:00.000001+00:00 (2.684305ms)
✔ a valid returned document differing from the sent snapshot cannot establish upload permission (1.873938ms)
✔ a represented conditional write that fails to advance its version cannot be acknowledged (2.190417ms)
✔ an absent-row insert is not attempted when payload hashing is unavailable (1.150933ms)
✔ another owner recorded during hashing invalidates an earlier acknowledgement without changing device bytes (4.354693ms)
✔ another owner recorded during an upload response cannot be overwritten by its late acknowledgement (1.312508ms)
✔ an acknowledgement storage-read failure after durable restore returns false and preserves the restored record (1.568194ms)
✔ a rejected SELECT after a newer local save cannot replace that newer status (0.949637ms)
✔ a manual preview stays paused without acknowledging cloud work until an accepted commit (1.440421ms)
✔ manual review exposes unacknowledged/changed cloud at -1000ms while default startup policy remains unchanged (2.394565ms)
✔ manual review exposes unacknowledged/changed cloud at 0ms while default startup policy remains unchanged (2.470872ms)
✔ manual review exposes unacknowledged/changed cloud at 1000ms while default startup policy remains unchanged (1.808037ms)
✔ known limitation: a legacy same-version mutation after SELECT can pass timestamp-only CAS (2.142654ms)
✔ an earlier account sync timestamp cannot hide another account cloud record (12.927004ms)
✔ a legacy unscoped timestamp is not proof that this account is synchronized (1.323133ms)
✔ an account deletion response cannot sign out a later signed-in account (1.129701ms)
✔ an account deletion response cannot clear a new project connection (0.271742ms)
✔ a late cloud coach reply cannot be accepted in another account scope (18.589788ms)
✔ account deletion cannot start with another account after awaiting the client (0.33718ms)
✔ cloud coach context consent is isolated between accounts and projects (0.26397ms)
✔ a token refresh keeps the current account coach request valid (0.614581ms)
✔ a project change while reading a coach response also expires its content (0.387266ms)
✔ stopping the coach cancels a response body still being downloaded (0.491033ms)
✔ a queued backup cannot upload a local document rolled back while it waited (3.700152ms)
✔ the latest queued backup still uploads after a preceding slower backup (10.192192ms)
✔ returning to an earlier account cannot reuse its timestamp for another account local record (4.202623ms)
✔ a replaced dataset cannot inherit this account historical synchronization proof (1.590909ms)
✔ an owner-metadata quota failure cannot advertise a newer synchronized local record (3.052091ms)
ℹ tests 91
ℹ suites 0
ℹ pass 91
ℹ fail 0
ℹ cancelled 0
ℹ skipped 0
ℹ todo 0
ℹ duration_ms 422.330594
