✔ legacy course storage migrates into the personal record without changing other data (4.967962ms)
✔ course edits, completion, experiment plans and logs roundtrip through JSON backup (4.000216ms)
✔ a stale save from another feature retains newer lesson notes and practice logs (2.302476ms)
✔ a legacy backup keeps local courses; an explicit empty course backup clears them (2.015942ms)
✔ validation rejects malformed personal, notebook and course data before any storage write (4.730822ms)
✔ quota failures keep the entire previous record and legacy key intact, and a retry succeeds (1.639403ms)
✔ unreadable main data is never replaced by a course-only save (0.487348ms)
✔ lesson edits and re-completion retain the real-world experiment history (0.264611ms)
✔ course mutations wait for the shared write lock and rebase onto a concurrent notebook commit (0.829546ms)
✔ ledger and notebook rewards retain one UTC ceiling when the local decision day differs (16.539752ms)
✔ cloud upload captures current courses and invalid cloud backups leave local storage untouched (11.437597ms)
✔ cloud previews do not change last-sync or local data until the reviewed record is committed (6.522064ms)
✔ a pending cloud SELECT cannot replace data after account switch (2.724154ms)
✔ a pending cloud SELECT cannot replace data after project switch (0.570644ms)
✔ a pending cloud SELECT cannot replace data after logout and reauthentication as the same account (0.575401ms)
✔ a pending cloud SELECT cannot replace data after an explicit local import barrier (0.681642ms)
✔ a pending cloud SELECT cannot replace data after newer saved personal writing (0.574981ms)
✔ a reviewed cloud restore is checked inside the write lock after account switch (8.662275ms)
✔ a reviewed cloud restore is checked inside the write lock after project switch (4.229203ms)
✔ a reviewed cloud restore is checked inside the write lock after logout and reauthentication as the same account (2.614849ms)
✔ a reviewed cloud restore is checked inside the write lock after an explicit local import barrier (3.164081ms)
✔ a reviewed cloud restore is checked inside the write lock after newer saved personal writing (4.107419ms)
✔ an unchanged reviewed cloud record commits once and records its scoped sync (2.255235ms)
✔ manual sync cannot fall back to uploading a captured previous-account snapshot (0.639728ms)
✔ a delayed automatic backup remains bound to its original account (0.352363ms)
✔ an old upload success cannot mark or emit the new cloud scope (2.009171ms)
✔ an old upload failure cannot mark or emit the new cloud scope (2.41721ms)
✔ fresh OTP sign-in cannot overwrite existing cloud work on the first ordinary save (5.329318ms)
✔ an absent cloud row is inserted once and acknowledges the returned server version and exact data (13.977082ms)
✔ offline SELECT throws and reconnect retain both records (1.349753ms)
✔ offline SELECT resolved and reconnect retain both records (0.80599ms)
✔ shared device A→B→A cannot reuse the historical acknowledgement of A after B owns the record (10.194755ms)
✔ a stale upload SELECT after account cannot write or alter current-scope status (0.941025ms)
✔ a stale upload SELECT after project cannot write or alter current-scope status (0.517734ms)
✔ a stale upload SELECT after logout-return cannot write or alter current-scope status (0.461799ms)
✔ a stale upload SELECT after local-edit cannot write or alter current-scope status (0.52185ms)
✔ a stale upload SELECT after import cannot write or alter current-scope status (0.696074ms)
✔ same-version remote content changed at the fresh read cannot authorize overwrite (3.720343ms)
✔ canonical acknowledgement treats reordered object keys as equal, but retains array order (4.64969ms)
✔ a changed remote version between SELECT and UPDATE yields zero rows and never acknowledges success (8.769477ms)
✔ an absent-row insert race preserves the winning cloud record and holds the import token (1.493762ms)
✔ empty returned write representation never acknowledges or clears import intent (1.20205ms)
✔ missing returned write representation never acknowledges or clears import intent (1.301951ms)
✔ invalid-data returned write representation never acknowledges or clears import intent (1.256723ms)
✔ invalid-version returned write representation never acknowledges or clears import intent (2.69476ms)
✔ multiple returned write representation never acknowledges or clears import intent (3.713888ms)
✔ a legacy timestamp-only acknowledgement cannot authorize an existing-row upload (0.659468ms)
✔ previewing or declining a cloud restore creates no acknowledgement and later saves remain held (1.568955ms)
✔ accepted cloud restore acknowledges the raw fetched JSON, including omitted legacy course data (3.175888ms)
✔ an explicit import facing unacknowledged existing cloud keeps bytes/token and cannot bypass review protection (0.765049ms)
✔ an explicit import into absent cloud can insert and clear only its still-current token (1.930733ms)
✔ a late write response cannot acknowledge a new account or clear a newer import token (1.240318ms)
✔ a write response cannot clear an import created while that same account upload waited (1.96158ms)
✔ acknowledgement storage failure does not report sync success or clear imported intent (1.71068ms)
✔ hash failure cannot mutate cloud or acknowledge the local record (2.16604ms)
✔ awaited remote fingerprint after account cannot authorize a stale write (3.64597ms)
✔ awaited remote fingerprint after local-edit cannot authorize a stale write (2.321935ms)
✔ awaited remote fingerprint after import cannot authorize a stale write (1.607383ms)
✔ a malformed-data SELECT pauses upload without choosing a winner (0.500108ms)
✔ a invalid-version SELECT pauses upload without choosing a winner (0.274766ms)
✔ successful upload acknowledges the actual returned server version rather than the attempted client timestamp (1.599432ms)
✔ a rejected reviewed restore cannot establish cloud acknowledgement (3.710948ms)
✔ a regressed clock advances the conditional write beyond remote microseconds 2040-01-01T00:00:00.999999Z (3.400939ms)
✔ a regressed clock advances the conditional write beyond remote microseconds 2040-01-01T00:00:00.000001+00:00 (2.853661ms)
✔ manual review exposes unacknowledged/changed cloud at -1000ms while default startup policy remains unchanged (1.817802ms)
✔ manual review exposes unacknowledged/changed cloud at 0ms while default startup policy remains unchanged (1.709408ms)
✔ manual review exposes unacknowledged/changed cloud at 1000ms while default startup policy remains unchanged (2.763464ms)
✔ known limitation: a legacy same-version mutation after SELECT can pass timestamp-only CAS (2.271699ms)
✔ an earlier account sync timestamp cannot hide another account cloud record (12.209656ms)
✔ a legacy unscoped timestamp is not proof that this account is synchronized (1.571249ms)
✔ an account deletion response cannot sign out a later signed-in account (1.183461ms)
✔ an account deletion response cannot clear a new project connection (0.236118ms)
✔ a late cloud coach reply cannot be accepted in another account scope (18.336492ms)
✔ account deletion cannot start with another account after awaiting the client (0.369269ms)
✔ cloud coach context consent is isolated between accounts and projects (0.331843ms)
✔ a token refresh keeps the current account coach request valid (0.691797ms)
✔ a project change while reading a coach response also expires its content (0.41604ms)
✔ stopping the coach cancels a response body still being downloaded (0.60775ms)
✔ a queued backup cannot upload a local document rolled back while it waited (12.614489ms)
✔ the latest queued backup still uploads after a preceding slower backup (3.244923ms)
✔ returning to an earlier account cannot reuse its timestamp for another account local record (4.118296ms)
✔ a replaced dataset cannot inherit this account historical synchronization proof (1.658641ms)
✔ an owner-metadata quota failure cannot advertise a newer synchronized local record (3.287948ms)
ℹ tests 83
ℹ suites 0
ℹ pass 83
ℹ fail 0
ℹ cancelled 0
ℹ skipped 0
ℹ todo 0
ℹ duration_ms 532.674984
