
> oda-one-decision-away@1.0.0 check
> npm run lint && node scripts/validate-i18n.mjs && node --import tsx scripts/test-i18n.ts && node --import tsx scripts/test-notebook.ts && node --import tsx scripts/test-notebook-voice.ts && node --import tsx scripts/test-routing.ts && npm test && npm run build


> oda-one-decision-away@1.0.0 lint
> tsc --noEmit

npm notice
npm notice New major version of npm available! 11.9.0 -> 12.2.0
npm notice Changelog: https://github.com/npm/cli/releases/tag/v12.2.0
npm notice To update run: npm install -g npm@12.2.0
npm notice
tr: 6823 entries; missing keys 0; placeholder differences 0
es: 6823 entries; missing keys 0; placeholder differences 0
English-first startup, saved choices, EN/TR/ES switching, fallback and repeated placeholders passed.
✔ old backups normalize without copying or losing any legacy Dream Journal field (2.157507ms)
✔ new writing of every kind including affirmation earns 25 once; intention alone does not (1.916171ms)
✔ edit, no-op, delete and recreate preserve immutable once-per-day reward claims (0.473728ms)
✔ local writing day and existing UTC reward ceiling are separate and cap-safe (0.612027ms)
✔ 369 only counts matching written intentions, allows partial saves and retains archived histories (2.621179ms)
✔ 369 derives a real 33-day streak and preserves the achieved target after a gap (1.354991ms)
✔ 369 matches Turkish dotted/dotless uppercase pairs without stripping meaningful accents (0.530453ms)
✔ calendar streaks use local days across DST, not elapsed 24-hour periods (0.784748ms)
✔ validation rejects blank entries, future dates, past creation and excess slots without altering input (0.443241ms)
✔ legacy edits preserve photos, links and original date; unified JSON roundtrip is lossless (6.711472ms)
✔ real repository serializes concurrent writes, protects from stale saves, and honors explicit restore (11.281961ms)
✔ stale whole-document saves do not resurrect deleted legacy entries or lose new ones (1.261691ms)
✔ Notebook rebases after a delayed load against a concurrent profile and ledger save (0.988356ms)
✔ concurrent mission and Notebook reward evaluation share the same 2500 ceiling (8.360437ms)
✔ failed storage saves reject, do not push cloud or claim rewards, and queue recovers (1.239356ms)
✔ unreadable saved JSON is preserved, never silently replaced with seed data (0.229447ms)
✔ explicit local restore blocks older cloud data across failed uploads and is account/project scoped (17.222956ms)
✔ an old in-flight cloud upload cannot overwrite a newer restored snapshot or clear its marker (2.61573ms)
✔ a signed-out import binds to the first later connection and stays isolated from other accounts (2.789273ms)
ℹ tests 19
ℹ suites 0
ℹ pass 19
ℹ fail 0
ℹ cancelled 0
ℹ skipped 0
ℹ todo 0
ℹ duration_ms 68.170219
Notebook voice uses device speech only, preserves preferences and handles unavailable speech.
✔ root hosting retains history paths, including direct reloads (0.996499ms)
✔ project hosting keeps every navigation on the same static document (0.283589ms)
✔ landing URLs and non-route fragments do not become unknown routes (0.155275ms)
✔ back/forward hash entries resolve to canonical route IDs (0.130767ms)
✔ icons and service worker URLs stay under their deployment base (0.181344ms)
✔ service worker precaches only its project directory (14.561967ms)
✔ standalone support remains available offline without replacing the application shell (5.47596ms)
✔ activation preserves sibling apps and this version media cache (1.417887ms)
✔ notification defaults and legacy targets open the project hash route (1.027545ms)
✔ installed app metadata refreshes instead of retaining the cached identity (1.842729ms)
✔ installed app metadata remains available offline (0.953394ms)
ℹ tests 11
ℹ suites 0
ℹ pass 11
ℹ fail 0
ℹ cancelled 0
ℹ skipped 0
ℹ todo 0
ℹ duration_ms 34.215051

> oda-one-decision-away@1.0.0 test
> node --import tsx --test tests/*.test.ts supabase/functions/send-nudges/core.test.ts supabase/functions/send-nudges/push-worker.test.ts

✔ 600 scheduled selections are unique across 100 local calendar days and repeat only in the next cycle (6.640353ms)
✔ calendar-day index is independent of server timezone, DST boundaries and midnight UTC (0.373625ms)
✔ sender blocks private-network endpoints, embedded credentials, lookalike hosts and unexpected ports (0.469942ms)
✔ payload identifies adaptation/translation and routes stay valid for root and project hosting (1.084893ms)
✔ cron authenticator requires a substantial matching secret (9.143644ms)
✔ push event displays the real server payload without an open client (1.827547ms)
✔ unexpected push fields cannot become arbitrary notification options (0.79885ms)
✔ does not load a runtime before explicit initialization and blocks unsupported devices (2.27858ms)
✔ context retains the latest user turn, merges interrupted turns, and ignores injected roles (0.662954ms)
✔ streams accumulated visible content and disables reasoning output (2.202415ms)
✔ aborting initialization disposes the downloading runtime and allows retry (4.60394ms)
[ODA Coach] Generation failed: Error: GPU device lost: out of memory
    at Object.generate (/workspace/oda-soundroom-entitlement-fix/tests/ai-coach.test.ts:117:35)
    at <anonymous> (/workspace/oda-soundroom-entitlement-fix/src/services/aiCoach.ts:256:68)
    at Object.stream (/workspace/oda-soundroom-entitlement-fix/src/services/aiCoach.ts:300:5)
    at TestContext.<anonymous> (/workspace/oda-soundroom-entitlement-fix/tests/ai-coach.test.ts:122:30)
    at async Test.run (node:internal/test_runner/test:1389:7)
    at async Test.processPendingSubtests (node:internal/test_runner/test:960:7)
✔ cancellation drains generation, suppresses late text, and releases the next request (3.168838ms)
✔ generation failures are actionable, never become a canned coach reply, and require restart (5.412335ms)
✔ unload cancels an active operation, releases memory and supports a fresh initialization (0.77908ms)
✔ ambient renders are long independent stereo textures with finite bounded levels (157.659986ms)
✔ scene identities differ in spectrum and amplitude dynamics (33.945804ms)
✔ loop overlaps join continuous adjacent noise without a boundary spike (54.2476ms)
✔ seeds reproduce review samples and produce a new texture when changed (161.61583ms)
✔ one Sound Room track keeps one title across categories, including intentional noise reuse (0.393285ms)
✔ fresh startup seeds and absent records do not prompt for a backup (1.721176ms)
✔ empty notebook, lesson, experiment and weekly-review shells are not saved personal work (0.760271ms)
✔ the first saved journal, scripting or future letter qualifies without three older records (1.425388ms)
✔ a saved intention, gratitude note or affirmation qualifies before any decision completion (0.605256ms)
✔ an interrupted first lesson answer of zero, practice checkbox or reflection qualifies (0.618506ms)
✔ the first course plan, paused attempt or saved review qualifies independently of lesson completion (0.563513ms)
✔ one saved weekly review with no kept decisions qualifies (0.188976ms)
✔ one completion, kept decision, vision choice or dream-journal entry preserves existing eligibility (0.611256ms)
✔ a valid downloaded backup suppresses until the exact fourteen-day boundary (0.479005ms)
✔ invalid, absent and future export or cloud timestamps never suppress protection (0.483652ms)
✔ freshness compares actual ISO instants and accepts leap days without calendar normalization (0.13224ms)
✔ only configured, signed-in, recent scoped cloud success with no error suppresses the reminder (0.287916ms)
✔ a recent export still protects work when cloud sync fails, and session dismissal remains respected (0.263439ms)
✔ eligibility does not alter saved work or cloud status, and all three locales explain protection without promising sync (0.705859ms)
✔ restore safety: weekly review text cannot be an object (4.748679ms)
✔ restore safety: life score records need sortable timestamps (1.317395ms)
✔ restore safety: bridge records need their rendered amounts (1.100176ms)
✔ restore safety: a pinned dream name cannot be a React object child (0.984862ms)
✔ legacy course storage migrates into the personal record without changing other data (5.30408ms)
✔ course edits, completion, experiment plans and logs roundtrip through JSON backup (3.397904ms)
✔ a stale save from another feature retains newer lesson notes and practice logs (1.753555ms)
✔ a legacy backup keeps local courses; an explicit empty course backup clears them (1.682447ms)
✔ validation rejects malformed personal, notebook and course data before any storage write (4.613275ms)
✔ quota failures keep the entire previous record and legacy key intact, and a retry succeeds (1.36749ms)
✔ unreadable main data is never replaced by a course-only save (0.529371ms)
✔ lesson edits and re-completion retain the real-world experiment history (0.235286ms)
✔ course mutations wait for the shared write lock and rebase onto a concurrent notebook commit (0.946513ms)
✔ ledger and notebook rewards retain one UTC ceiling when the local decision day differs (15.859912ms)
✔ cloud upload captures current courses and invalid cloud backups leave local storage untouched (11.699022ms)
✔ cloud previews do not change last-sync or local data until the reviewed record is committed (3.251794ms)
✔ Bank chart keeps UTC ledger Today and date labels aligned at New York evening (35.988426ms)
✔ Bank seven-day earnings window is Sep 25 through Oct 1 for the UTC ledger day (3.891181ms)
✔ Savings includes the first displayed UTC day in net and pace, excluding opening history (5.348127ms)
✔ Savings net includes mixed first-day credits, spending and the current UTC day (3.627943ms)
✔ Bank chart formats ledger dates in selected tr UI locale (25.048062ms)
✔ Bank chart formats ledger dates in selected es UI locale (20.544915ms)
✔ a welcome grant preserves the balance and supplies zero practice evidence (1.506221ms)
✔ mixed financial deposits cannot inflate distinct kept days or completed decisions (7.374024ms)
✔ practice week follows local calendar boundaries and repeated days count once (0.215727ms)
✔ reward labels distinguish symbolic unlocking from actual D$ pace estimates in every locale (0.566267ms)
✔ client and server agree on the message limits (0.933093ms)
✔ the request keeps the last 12 messages, trims each to 1500 characters and drops empty ones (0.280915ms)
✔ context is sent only when there is something to send, and is trimmed (0.278201ms)
✔ responses map to a result or a typed error (1.272226ms)
✔ the shared context holds only today, the last kept decisions and short journal lines (8.102408ms)
✔ a pending cloud SELECT cannot replace data after account switch (3.140054ms)
✔ a pending cloud SELECT cannot replace data after project switch (0.798799ms)
✔ a pending cloud SELECT cannot replace data after logout and reauthentication as the same account (0.740681ms)
✔ a pending cloud SELECT cannot replace data after an explicit local import barrier (0.77929ms)
✔ a pending cloud SELECT cannot replace data after newer saved personal writing (0.681271ms)
✔ a reviewed cloud restore is checked inside the write lock after account switch (11.038913ms)
✔ a reviewed cloud restore is checked inside the write lock after project switch (2.014821ms)
✔ a reviewed cloud restore is checked inside the write lock after logout and reauthentication as the same account (1.256031ms)
✔ a reviewed cloud restore is checked inside the write lock after an explicit local import barrier (1.270244ms)
✔ a reviewed cloud restore is checked inside the write lock after newer saved personal writing (1.657199ms)
✔ an unchanged reviewed cloud record commits once and records its scoped sync (1.924734ms)
✔ manual sync cannot fall back to uploading a captured previous-account snapshot (0.44268ms)
✔ a delayed automatic backup remains bound to its original account (0.878901ms)
✔ an old upload success cannot mark or emit the new cloud scope (3.005371ms)
✔ an old upload failure cannot mark or emit the new cloud scope (2.753809ms)
✔ fresh OTP sign-in cannot overwrite existing cloud work on the first ordinary save (4.588136ms)
✔ an absent cloud row is inserted once and acknowledges the returned server version and exact data (8.283552ms)
✔ offline SELECT throws and reconnect retain both records (1.387892ms)
✔ offline SELECT resolved and reconnect retain both records (1.04392ms)
✔ shared device A→B→A cannot reuse the historical acknowledgement of A after B owns the record (6.154428ms)
✔ a stale upload SELECT after account cannot write or alter current-scope status (0.900433ms)
✔ a stale upload SELECT after project cannot write or alter current-scope status (0.462901ms)
✔ a stale upload SELECT after logout-return cannot write or alter current-scope status (0.46266ms)
✔ a stale upload SELECT after local-edit cannot write or alter current-scope status (0.629423ms)
✔ a stale upload SELECT after import cannot write or alter current-scope status (0.902046ms)
✔ same-version remote content changed at the fresh read cannot authorize overwrite (5.252954ms)
✔ canonical acknowledgement treats reordered object keys as equal, but retains array order (6.191443ms)
✔ a changed remote version between SELECT and UPDATE yields zero rows and never acknowledges success (2.152519ms)
✔ an absent-row insert race preserves the winning cloud record and holds the import token (1.219967ms)
✔ empty returned write representation never acknowledges or clears import intent (0.835165ms)
✔ missing returned write representation never acknowledges or clears import intent (1.005723ms)
✔ invalid-data returned write representation never acknowledges or clears import intent (0.78598ms)
✔ invalid-version returned write representation never acknowledges or clears import intent (1.056199ms)
✔ multiple returned write representation never acknowledges or clears import intent (0.801083ms)
✔ a legacy timestamp-only acknowledgement cannot authorize an existing-row upload (0.651567ms)
✔ previewing or declining a cloud restore creates no acknowledgement and later saves remain held (1.77674ms)
✔ accepted cloud restore acknowledges the raw fetched JSON, including omitted legacy course data (2.712647ms)
✔ an explicit import facing unacknowledged existing cloud keeps bytes/token and cannot bypass review protection (0.683806ms)
✔ an explicit import into absent cloud can insert and clear only its still-current token (1.854167ms)
✔ a late write response cannot acknowledge a new account or clear a newer import token (1.173116ms)
✔ a write response cannot clear an import created while that same account upload waited (1.132174ms)
✔ acknowledgement storage failure does not report sync success or clear imported intent (1.223151ms)
✔ hash failure cannot mutate cloud or acknowledge the local record (2.33841ms)
✔ awaited remote fingerprint after account cannot authorize a stale write (1.746815ms)
✔ awaited remote fingerprint after local-edit cannot authorize a stale write (1.711031ms)
✔ awaited remote fingerprint after import cannot authorize a stale write (1.528174ms)
✔ a malformed-data SELECT pauses upload without choosing a winner (0.482039ms)
✔ a invalid-version SELECT pauses upload without choosing a winner (0.281125ms)
✔ successful upload acknowledges the actual returned server version rather than the attempted client timestamp (3.112522ms)
✔ a rejected reviewed restore cannot establish cloud acknowledgement (2.360554ms)
✔ a regressed clock advances the conditional write beyond remote microseconds 2040-01-01T00:00:00.999999Z (2.813219ms)
✔ a regressed clock advances the conditional write beyond remote microseconds 2040-01-01T00:00:00.000001+00:00 (2.091787ms)
✔ a valid returned document differing from the sent snapshot cannot establish upload permission (1.510788ms)
✔ a represented conditional write that fails to advance its version cannot be acknowledged (2.388847ms)
✔ an absent-row insert is not attempted when payload hashing is unavailable (0.567809ms)
✔ another owner recorded during hashing invalidates an earlier acknowledgement without changing device bytes (1.66492ms)
✔ another owner recorded during an upload response cannot be overwritten by its late acknowledgement (1.12294ms)
✔ an acknowledgement storage-read failure after durable restore returns false and preserves the restored record (1.67747ms)
✔ a rejected SELECT after a newer local save cannot replace that newer status (0.778188ms)
✔ a manual preview stays paused without acknowledging cloud work until an accepted commit (1.404776ms)
✔ manual review exposes unacknowledged/changed cloud at -1000ms while default startup policy remains unchanged (2.070264ms)
✔ manual review exposes unacknowledged/changed cloud at 0ms while default startup policy remains unchanged (3.113654ms)
✔ manual review exposes unacknowledged/changed cloud at 1000ms while default startup policy remains unchanged (1.719404ms)
✔ known limitation: a legacy same-version mutation after SELECT can pass timestamp-only CAS (4.342485ms)
✔ levels and monthly limits match the plan (2.368205ms)
✔ the highest active RevenueCat entitlement wins; expired ones do not count (0.329789ms)
✔ the tier cache is fresh for ten minutes (0.139481ms)
✔ requests are validated, trimmed and may be empty for a status check (0.485395ms)
✔ crisis words in English, Turkish and Spanish are caught; everyday worry is not (2.313893ms)
✔ the prompt sets the persona, safety rules and reply language; context reaches only the coach level (0.269588ms)
✔ the function keeps secrets and message text out of code and logs (0.307957ms)
✔ no AI provider secret is referenced from the app bundle code (27.37772ms)
✔ lightweight course previews and restore metadata match each real edition (7.156895ms)
✔ English editions keep every course and lesson ID of the Turkish edition (1.28802ms)
✔ every English lesson goes deeper and tells an example story (7.47029ms)
✔ every course and lesson has a real, distinct photo with alt text (0.650074ms)
✔ technique cards name their origin, give doable steps and say honestly what the evidence supports (0.90524ms)
✔ every course states its purpose, scope and outcome, with usable lesson durations (0.38972ms)
✔ the bibliography distinguishes research from guidance and includes usable HTTPS references and limitations (0.940794ms)
✔ every lesson cites existing sources and every advertised research source is used (0.631877ms)
✔ each lesson has two reading paragraphs, three distinct practice instructions and reflection support (8.710228ms)
✔ each lesson offers three distinct answers, one valid correct index and explanatory feedback (1.092384ms)
✔ every lesson has one visual; charts quote a source the lesson cites (0.872591ms)
✔ Spanish editions mirror the English structure (9.376024ms)
✔ Spanish source ids are unique (0.208586ms)
✔ stable course IDs keep their ordered lesson IDs for stored progress (1.137462ms)
✔ every course and lesson has a real, distinct photo with Turkish alt text (1.425308ms)
✔ technique cards name their origin, give doable steps and say honestly what the evidence supports (1.225295ms)
✔ every course states its purpose, scope and outcome, with usable lesson durations (0.52217ms)
✔ the bibliography distinguishes research from guidance and includes usable HTTPS references and limitations (1.448483ms)
✔ every lesson cites existing sources and every advertised research source is used (0.625146ms)
✔ each lesson has two reading paragraphs, three distinct practice instructions and reflection support (7.686768ms)
✔ each lesson offers three distinct answers, one valid correct index and explanatory feedback (1.091753ms)
✔ every lesson has one visual; charts quote a source the lesson cites (0.654211ms)
✔ every untouched course previews its real edition without creating saved learning (3.226555ms)
✔ a saved tick, answer zero, reflection or completion constitutes learning, unlike a blank record (1.720725ms)
✔ saved progress resumes each of the 103 actual lessons across all three editions and Today agrees (28.040182ms)
✔ a later draft cannot skip unfinished prerequisite lessons (0.49573ms)
✔ workbook-only plans stay available for review without inventing lesson progress (0.679539ms)
✔ ordinary saves retain an explicit view while account and same-account backup replacement invalidate it (0.18504ms)
✔ course entry instructions have matching localized keys and keep the actual lesson-number placeholder (0.39685ms)
✔ all 18 courses have distinct, actionable guides in every supported language (1.454663ms)
✔ studio is optional and initially collapsed; completed courses open their transfer practice (40.100296ms)
✔ new plans preserve optionality and keep an independent copy of private fields (0.99109ms)
✔ untrusted backup data cannot introduce unknown courses, malformed dates, duplicate entries, or oversized notes (1.124953ms)
✔ retrying the same journal entry is idempotent; paused and adapted entries retain honest observations (0.659518ms)
✔ journal keeps the most recent bounded entries and does not mutate input during normalization (0.771658ms)
✔ calendar validation handles leap days, impossible dates, and week/month/year transitions (0.241756ms)
✔ due review needs a usable plan; completing review sets a fresh revisit without losing reflection (0.307155ms)
✔ course progress saves and completed lessons keep the plan, journal, and review after an interrupted round trip (1.522314ms)
✔ a practice plan cannot unlock lessons or manufacture completion (0.465605ms)
✔ a localized portable artifact retains ordinary private text without embedding executable HTML (0.344431ms)
✔ rapid edits remain visible and are replayed in order under serialized persistence (11.843861ms)
✔ failed drafts survive later edits and a retry rebases them over unrelated saved work (0.510924ms)
✔ same-tab save notifications retain newer input while an earlier batch is committing (0.357631ms)
✔ unexpected persistence exceptions preserve private work and allow a later successful save (0.33038ms)
✔ retry clicked while a failed write is settling starts a fresh persistence attempt (0.347667ms)
✔ malformed and unsupported records recover to separate empty states (1.47329ms)
✔ unknown IDs and properties are discarded; checklists are resized with strict booleans (0.459816ms)
✔ negative, fractional, nonnumeric and out-of-range answers do not satisfy a lesson (0.533318ms)
✔ notes are bounded while their newlines and ordinary content survive (0.340916ms)
✔ tampered completion cannot bypass the exercise, answer or preceding lessons (0.349869ms)
✔ valid completed prefixes survive independently for different courses (0.213493ms)
✔ draft updates are immutable and cannot mark a lesson complete (0.230119ms)
✔ completion follows the real course in order and is idempotent (1.06973ms)
✔ editing a completed prerequisite revalidates later lessons without losing drafts (0.290209ms)
✔ caller-supplied lesson and course objects cannot change the answer or bypass a course (0.261406ms)
✔ saving and reloading preserve a completed lesson and an unfinished draft (1.319888ms)
✔ blocked storage and quota failures are reported without throwing (0.539948ms)
✔ a decision kept today takes priority over array order and an older active carry-over (1.513091ms)
✔ a newly chosen decision after a kept one remains actionable today (0.182396ms)
✔ yesterday’s completion, archived decisions, invalid timestamps and future plans never masquerade as today (0.147623ms)
✔ daily decisions use the local calendar around UTC midnight in both timezone directions (0.499366ms)
✔ a missed weekly review remains available on Wednesday and follows local Sunday boundaries (0.162927ms)
✔ weekly evidence counts actual distinct days and bounds entries to the reviewed calendar week (7.148643ms)
✔ an unfinished decision can be reviewed without inventing completed progress (0.251911ms)
✔ saving and editing a daily reflection preserves other pages, rewards once, and survives JSON backup replacement (1.250122ms)
✔ course continuation resumes selected work before the suggested course and advances to the actual incomplete lesson (0.35666ms)
✔ course continuation recognizes an interrupted first answer of zero and never offers an already completed course (0.319103ms)
✔ daily loop copy has explicit matching nonempty English, Turkish and Spanish strings (0.260985ms)
✔ concurrent retries of a kept daily decision record evidence and reward exactly once (22.650272ms)
✔ deep backup safety: reject unparseable notebook day before replacing any storage (5.555792ms)
✔ deep backup safety: reject impossible calendar day before replacing any storage (1.155028ms)
✔ deep backup safety: reject object mood rendered in journal before replacing any storage (1.057481ms)
✔ deep backup safety: reject object prompt assigned to editor before replacing any storage (1.060366ms)
✔ deep backup safety: reject unknown kind hidden by every writing surface before replacing any storage (1.12332ms)
✔ deep backup safety: reject unparseable gratitude day before replacing any storage (0.726139ms)
✔ deep backup safety: reject invalid writing activity day before replacing any storage (0.778939ms)
✔ deep backup safety: reject invalid ledger day before replacing any storage (0.620149ms)
✔ deep backup safety: reject object activity transaction reference before replacing any storage (0.711607ms)
✔ deep backup safety: reject invalid 369 start day before replacing any storage (0.829175ms)
✔ deep backup safety: reject invalid 369 history day before replacing any storage (0.652448ms)
✔ deep backup safety: reject object archive marker hiding a practice before replacing any storage (0.575632ms)
✔ deep backup safety: reject object 369 day timestamp before replacing any storage (0.583363ms)
✔ deep backup safety: reject dream instant producing an invalid display day before replacing any storage (0.49508ms)
✔ deep backup safety: reject invalid course attempt day silently dropping a note before replacing any storage (0.77989ms)
✔ deep backup safety: reject invalid course review due date before replacing any storage (0.803907ms)
✔ deep backup safety: reject invalid course review completion date before replacing any storage (0.577975ms)
✔ deep backup safety: legitimate exported writing, legacy moods, and leap days roundtrip and render (38.792231ms)
✔ deep backup safety: legacy backups without a notebook retain dream fields and local courses (0.585416ms)
✔ an earlier account sync timestamp cannot hide another account cloud record (11.455163ms)
✔ a legacy unscoped timestamp is not proof that this account is synchronized (1.171995ms)
✔ an account deletion response cannot sign out a later signed-in account (0.919232ms)
✔ an account deletion response cannot clear a new project connection (0.227754ms)
✔ a late cloud coach reply cannot be accepted in another account scope (18.255489ms)
✔ account deletion cannot start with another account after awaiting the client (0.383831ms)
✔ cloud coach context consent is isolated between accounts and projects (0.263289ms)
✔ a token refresh keeps the current account coach request valid (0.652178ms)
✔ a project change while reading a coach response also expires its content (0.365353ms)
✔ stopping the coach cancels a response body still being downloaded (4.535356ms)
✔ a queued backup cannot upload a local document rolled back while it waited (5.842916ms)
✔ the latest queued backup still uploads after a preceding slower backup (10.766831ms)
✔ returning to an earlier account cannot reuse its timestamp for another account local record (4.094379ms)
✔ a replaced dataset cannot inherit this account historical synchronization proof (3.015776ms)
✔ an owner-metadata quota failure cannot advertise a newer synchronized local record (3.072953ms)
✔ every localized course can complete and carry its notes into the other editions (20.075063ms)
✔ practice calendar keeps the local day across UTC midnight and daylight-saving weeks (0.492976ms)
✔ a transient personal-record read failure cannot replace already saved course work with an empty fallback (1.90895ms)
✔ a blocked-save session retains private edits and warning after its only view unmounts, then retries successfully (0.556372ms)
✔ explicit replacement cancels a queued old draft while allowing new edits to save after the lock releases (0.735544ms)
✔ a transient legacy-course read failure cannot overwrite the previous separate course record (0.353646ms)
✔ a different tab replacement discards old private draft before replay even when its storage event has not arrived (1.869179ms)
✔ other-tab provisional replacement notifications wait for rollback before inspecting epochs or discarding private drafts (1.528203ms)
✔ same-tab course publication runs under the lock before another tab can project a provisional replacement (0.686379ms)
✔ purchases and payments committed within one clock tick keep distinct identities (4.376526ms)
✔ habit completion dates agree with the local Today calendar on either side of UTC midnight (1.159195ms)
✔ habit yesterday and streaks count actual calendar dates through both DST changes (0.27093ms)
✔ habits roll over at local midnight and keep the previous local day history (1.376404ms)
✔ rollover fallback converts the last-opened instant to its local day (0.252502ms)
✔ date-only values display their saved day while timestamps retain instant conversion (12.130005ms)
✔ calendar formatting rejects normalized impossible days and keeps invalid values readable (0.265722ms)
✔ habit reward identity survives undo, reload and UTC midnight without paying the same local day twice (0.321307ms)
✔ local midnight cannot earn the same habit twice in the UTC reward day (0.13184ms)
✔ habit and check-in rewards share the notebook UTC ceiling, including partial and exhausted budgets (0.235646ms)
✔ a profile save captured before a decision completion retains the kept decision and its evidence (17.361856ms)
✔ concurrent purchases retain both dreams and both payments (2.374835ms)
✔ concurrent purchase checks reject a second claim for the same dream (2.320063ms)
✔ concurrent purchases check affordability against the payment that committed first (1.31393ms)
✔ concurrent savings additions retain both amounts and log entries (2.555559ms)
✔ disjoint profile changes from the same baseline both survive (1.28779ms)
✔ conflicting edits to the same profile field reject before any write and notify the UI (1.645211ms)
✔ an intentional mission deletion and reorder survive a disjoint newer settings save (0.899812ms)
✔ concurrent edits to the mission array reject rather than inventing a merged list (0.834694ms)
✔ even an identical explicit restore invalidates snapshots that were captured before it (2.14031ms)
✔ a profile write queued behind a restore cannot resurrect pre-restore writing (2.165779ms)
✔ legacy records missing transactions can merge a settings edit after a course-only write (0.851429ms)
✔ clearing and recreating the personal record invalidates earlier editable snapshots (0.862927ms)
✔ deleting imported own magic keys while another nested field changes never revives them (1.917604ms)
✔ mission evidence, generated bridges and savings logs keep unique IDs in a single clock tick (2.281173ms)
✔ all 160 shipped English cue identities/text hashes match the 11 runtime sessions (2.665515ms)
✔ every public MP3 byte count/checksum matches delivered metadata and no model/runtime is shipped (23.065762ms)
✔ all shipped decoded/container durations fit the original cue windows with at least250ms margin (2.627669ms)
✔ service worker leaves narration to the verified on-demand cache and does not precache MP3s (0.324071ms)
✔ levels are ordered free < essentials < pro < coach (1.868379ms)
✔ coach message allowances follow the product spec (0.170147ms)
✔ essential courses exist, and Turning Day is not one of them (it is free for all) (0.206092ms)
✔ nothing is locked where subscriptions cannot be bought (web), at any level (0.318873ms)
✔ free level: Turning Day in full, first lessons of the rest, first sounds of each category (0.347336ms)
✔ essentials opens the six core courses and the whole Sound Room, not the rest (0.227184ms)
✔ pro and coach open every lesson and sound (0.271521ms)
✔ six products: two per paid level, ids match the App Store spec (0.336039ms)
✔ RevenueCat entitlements resolve to the highest active level (0.526007ms)
✔ annual saving is computed from real prices only (0.251891ms)
✔ Stop cancels a cue still waiting for synthesis without starting audio (2.313683ms)
✔ deferred synthesis starts at the latest requested volume 0 (0.641281ms)
✔ deferred audio resume starts at the latest requested volume 0 (0.427226ms)
✔ deferred Settings preview preserves requested volume 0 (0.365894ms)
✔ deferred synthesis starts at the latest requested volume 0.35 (0.341587ms)
✔ deferred audio resume starts at the latest requested volume 0.35 (0.498295ms)
✔ deferred Settings preview preserves requested volume 0.35 (0.221856ms)
✔ a volume change during loading preserves stop protection (0.404523ms)
✔ a volume change during loading preserves pause-resume protection (0.413426ms)
✔ a volume change during loading preserves new-session protection (0.39588ms)
✔ a newer cue owns playback when an older synthesis resolves later (0.281967ms)
✔ Pause then Resume cannot resurrect a cue waiting for synthesis (0.214966ms)
✔ Stop also cancels a cue waiting for the audio context to resume (0.206262ms)
✔ a new cue supersedes one waiting for the audio context to resume (0.300034ms)
✔ Pause and Resume invalidate pending context-resume playback (0.285282ms)
✔ replacement immediately stops active audio while the new clip is pending (0.319564ms)
✔ stale source completion cannot clear or end the new cue (0.38326ms)
✔ Pause and Resume preserve an already-started cue without starting it twice (0.288967ms)
✔ unavailable synthesis reports failure without creating an audio source (1.243433ms)
✔ a failed audio context resume reports failure without starting playback (0.329809ms)
✔ a failed source start reports failure and never announces playback (0.308738ms)
✔ English narration cache stays the same when UI locale changes (35.281697ms)
✔ a Settings preview resolving after Stop cannot start playback (0.279693ms)
✔ a Settings preview resolving after a newer cue cannot interrupt it (0.323219ms)
✔ every approved PNG and both approval manifests remain unchanged (16.795528ms)
✔ served responsive variants match actual lossless bitstream dimensions, hashes, and complete-frame geometry (38.04519ms)
✔ all real course covers and tree stages have deployment-scoped responsive sources and retain PNG fallbacks (21.344676ms)
✔ modern-image failures retry the original; PNG and malformed failures reach the existing final fallback (0.264621ms)
✔ 3D decorative growth preserves 60 kept decisions and 30 extra blossoms (1.197152ms)
✔ 3D display normalizes invalid counts without changing the evidence source (0.200975ms)
✔ static legal pages match src/data/legal.ts (run npx tsx scripts/build-legal.ts) (1.786335ms)
✔ every language has the same sections and names the company (0.173102ms)
✔ privacy policy covers what App Review checks (0.318051ms)
✔ local day keys and day gaps follow the calendar, not UTC (1.110972ms)
✔ evidence lists kept decisions newest first and counts the last seven days (6.862881ms)
✔ comeback is kind after a lapse and silent otherwise (0.299644ms)
✔ fresh starts land on the first of the month and on Mondays (0.117678ms)
✔ simple mode lasts a week or until three kept decisions, and can be switched off (0.216668ms)
✔ the day-14 question appears once, only for people who used decisions (0.301246ms)
✔ the weekly look-back is offered on Sunday and Monday, once per week, and its change lasts a week (0.597304ms)
✔ the chain forgives one missed day a week, but not two in a row or two in a week (0.769495ms)
✔ smart reminders aim 30 minutes before the usual kept time, once there is enough history (0.458885ms)
✔ every sign-up intent points at a real course and offers three easy decisions (112.547405ms)
✔ the reminder voice keeps one line per day and never threatens a streak (2.346343ms)
✔ every iOS project and application build configuration enforces the Safari 16.4 baseline (1.075508ms)
✔ Capacitor sync keeps a compatible generated Swift package floor without lowering the app minimum (147.738335ms)
✔ installed native dependency library floors are compatible with the Swift wrapper and app (0.359805ms)
✔ native metadata cannot override the application minimum with an older target (0.64711ms)
✔ native Settings and Account use the shared code flow with device copy in en (14.674127ms)
✔ native Settings and Account use the shared code flow with device copy in tr (19.420622ms)
✔ native Settings and Account use the shared code flow with device copy in es (17.199981ms)
✔ web backup keeps its inline magic-link form and Account keeps link copy (11.767987ms)
✔ native configured signed-in backup retains sync and sign-out actions (2.540236ms)
✔ unconfigured native cloud does not offer a sign-in request (1.979346ms)
✔ actual cloud request and verification use one injected auth adapter and trim input (1.155589ms)
✔ interrupted setup restores fields without allowing a nameless final step (1.30093ms)
✔ a fresh preview seeds only an empty decision and never overwrites restored or typed text (0.134534ms)
✔ unknown, malformed and oversized setup drafts are safely bounded (0.149146ms)
✔ trial length comes only from a free intro offer (0.752659ms)
✔ native reminders: a week ahead, past times skipped, stable ids (0.949938ms)
✔ native planner rejects malformed times and keeps a bounded week inside its namespace (0.694701ms)
✔ interrupted native scheduling leaves the newest state and preserves other notifications (6.429454ms)
✔ a native plugin error does not prevent the next reminder replacement (0.616573ms)
✔ startup waits for restored account rather than temporarily identifying anonymous (1.665922ms)
✔ known sign-out and rapid identity changes are announced immediately, same-ID retry events remain usable (0.232983ms)
✔ failed authentication hydration stays unbound and never identifies anonymous or reads SDK entitlement (0.243629ms)
✔ dispose during initial hydration prevents any late entitlement initialization (0.154204ms)
✔ retry hydrates a currently unknown account before requesting identity or offerings (0.212641ms)
✔ retry with failed hydration cannot bind anonymous or make a subscription request (1.355052ms)
✔ cloud initialization callers share the real restoration promise and never finish early (31.747875ms)
✔ actual failed cloud restoration remains unknown and a later retry can establish the same account (0.810958ms)
✔ a resolved auth error is unknown identity rather than a verified anonymous account (0.467367ms)
✔ unbound init leaves cached native A untouched and exposes prices without personal claims (2.33148ms)
✔ explicitly binding cached A confirms it without login or logout (0.909617ms)
✔ desired B is recorded during native setup before any cached A customer read (4.834911ms)
✔ failed logout clears A claims synchronously and leaves purchase and restore denied (1.072624ms)
✔ staged A, B, A login requests serialize native identity mutation (1.721406ms)
✔ an A purchase settling after desired B success cannot grant B (0.973574ms)
✔ an A purchase settling after desired B cancellation cannot grant B (0.628371ms)
✔ a failed same-ID login can retry without treating desired ID as confirmed ID (0.524434ms)
✔ an offline refresh for confirmed same A preserves its verified entitlement (0.694471ms)
✔ listener payload is only invalidation and canonical aliases do not impersonate another account (0.745349ms)
✔ late A offerings cannot install A packages or personal claims into desired B (0.806511ms)
✔ late A trial eligibility cannot restore a free-trial claim during a B transition (0.683736ms)
✔ a held A customer load from initialization cannot overwrite a later desired B (0.589753ms)
✔ an A restore settling after desired B fails without applying A customer info (0.777247ms)
✔ defer during a held purchase drops trust without native calls and explicit cached-A rebind refreshes it (1.992877ms)
✔ defer during first native setup cancels the old A load and leaves cached A for an explicit rebind (0.399004ms)
✔ defer and immediate same-A rebind cannot accept the older held A customer snapshot (0.608241ms)
✔ canonical A listener refresh rejects its held snapshot if native identity externally drifts to B (0.491073ms)
✔ initial getAppUserID failure at verification read 1 leaves A unconfirmed/free and retryable (0.362609ms)
✔ initial getAppUserID failure at verification read 2 leaves A unconfirmed/free and retryable (0.274165ms)
✔ initial getAppUserID failure at verification read 3 leaves A unconfirmed/free and retryable (0.380976ms)
✔ initial getAppUserID failure at verification read 4 leaves A unconfirmed/free and retryable (0.267135ms)
✔ initial isAnonymous failure at verification read 1 leaves A unconfirmed/free and retryable (0.201966ms)
✔ initial isAnonymous failure at verification read 2 leaves A unconfirmed/free and retryable (0.179001ms)
✔ initial isAnonymous failure at verification read 3 leaves A unconfirmed/free and retryable (0.168375ms)
✔ initial isAnonymous failure at verification read 4 leaves A unconfirmed/free and retryable (0.206222ms)
✔ native paid gates apply before SDK init and after defer while the free samples stay open (0.205932ms)
✔ web and keyless native gates stay open before init and after defer without loading an SDK (0.203008ms)
✔ purchase cannot commit A after desired B arrives in nested verification microtask depth 2 (1.825794ms)
✔ purchase cannot commit A after desired B arrives in nested verification microtask depth 3 (0.477253ms)
✔ restore cannot commit A after desired B arrives in nested verification microtask depth 2 (0.551525ms)
✔ restore cannot commit A after desired B arrives in nested verification microtask depth 3 (0.849266ms)
✔ init cannot commit A after desired B arrives in nested verification microtask depth 2 (0.507368ms)
✔ init cannot commit A after desired B arrives in nested verification microtask depth 3 (0.536622ms)
✔ offerings failure is retryable without configuring or listening twice (3.022465ms)
✔ concurrent initialization shares one pending configure and plan load (7.330568ms)
✔ failed configuration can retry, while a completed setup remains single (0.603874ms)
✔ listener setup failure retries the listener without configuring again (0.771648ms)
✔ a successful empty offering may retry when plans become available (0.446045ms)
✔ free intro pricing is advertised only for confirmed eligible customers (0.855074ms)
✔ missing or failed eligibility checks keep regular prices and unknown trial status (0.645177ms)
✔ an interrupted eligibility refresh after identity change clears the earlier free-trial claim (0.319464ms)
✔ cancelled, pending and failed purchase errors remain distinct and never grant access (0.839381ms)
✔ a successful store response without the requested entitlement remains unconfirmed (0.345823ms)
✔ confirmed entitlement grants access and later SDK updates retain the real highest level (1.69105ms)
✔ restore distinguishes store failure, successful no-plan check, and active entitlement (1.692383ms)
✔ web and unconfigured native flows never load a purchase SDK or create a purchase (0.193633ms)
✔ free duration uses valid store units and cycles, without inventing 30-day months (0.11204ms)
✔ scoped EN/TR/ES uncertain purchase feedback makes no charge or reminder guarantee (0.296409ms)
✔ preserves the first 300 passages and appends exactly 100 each from faith, science and philosophy in order (1.597248ms)
✔ all 600 sourced passages have unique IDs and bilingual text without recycling legacy lines (35.366735ms)
✔ six notifications stay distinct for 100 full days, then repeat, and match the server snapshot across a year boundary (5.331271ms)
✔ local day remains stable from morning to evening; six-time migration preserves existing preferences (0.980654ms)
✔ legacy three-reminder profiles keep their evening time and gain six distinct reminders (0.250779ms)
✔ migration resolves default collisions only in missing slots and reserves later saved slots first (0.228316ms)
✔ every thinker passage links to a Gutenberg book whose text is kept in docs/quote-sources (12.674238ms)
✔ construction does no fetch/decode; current/upcoming preload reuses the current request (24.028609ms)
✔ Stop aborts loading and no late response starts a source (0.826452ms)
✔ Pause cancels original load; Resume retries current cue with a frozen slot and latest volume (0.903919ms)
✔ Pause→Stop discards current loading retry and Resume does not resurrect it (0.453617ms)
✔ new session cancels old load and only the new session owns audio (0.731037ms)
✔ active pause/resume continues the same cue offset without repeating its start or accepting stale end (1.350234ms)
✔ Replay replaces current source at offset zero and reuses decoded audio (0.421758ms)
✔ latest volume 0 wins after delayed clip loading and changes active gain (3.666491ms)
✔ latest volume 0.35 wins after delayed clip loading and changes active gain (0.329178ms)
✔ latest volume after deferred context resume and Stop/new cue protects pending resume (2.06719ms)
✔ expired loading budget and decoder duration mismatch never start audio (0.741222ms)
✔ missing bytes, bad checksum/source text and nonrunning device fail without invoking a provider (0.833612ms)
✔ verified persisted bytes permit offline replay in a new player; corrupt cached bytes are rejected (2.24609ms)
✔ a definitive recording failure cannot retry on Pause→Resume over a device fallback (0.344331ms)
✔ resumed load failure retains only bounded fallback metadata, never a resumable recording (0.477473ms)
✔ root hosting retains history paths, including direct reloads (0.94458ms)
✔ project hosting keeps every navigation on the same static document (0.376019ms)
✔ landing URLs and non-route fragments do not become unknown routes (0.133933ms)
✔ back/forward hash entries resolve to canonical route IDs (0.133282ms)
✔ icons and service worker URLs stay under their deployment base (0.161514ms)
✔ each person reads and writes only their own backup; anonymous visitors get nothing (1958.570018ms)
✔ an oversized backup is refused (1410.040871ms)
✔ cloud coach counters: people read only their own rows and cannot write or call the increment (1225.741494ms)
✔ the monthly increment stops exactly at the limit and a refund gives one back (1205.271249ms)
✔ a strict Content Security Policy ships with the page (0.836537ms)
✔ index.html has no inline scripts (the CSP forbids them) (0.227224ms)
✔ no raw HTML or eval sinks in the app code (17.657864ms)
✔ links that open a new tab cannot reach back into ODA (6.723279ms)
✔ no secret keys in the shipped code (18.410212ms)
✔ production builds carry no source maps (0.407277ms)
✔ service worker precaches only its project directory (29.965017ms)
✔ standalone support remains available offline without replacing the application shell (6.499541ms)
✔ activation preserves sibling apps and this version media cache (1.97499ms)
✔ notification defaults and legacy targets open the project hash route (2.45042ms)
✔ installed app metadata refreshes instead of retaining the cached identity (2.226872ms)
✔ installed app metadata remains available offline (1.277975ms)
✔ native free direct starts and toggles cannot start an all-paid track (2.806249ms)
✔ downgrade hard-stops owned restricted playing selection without page subscribers (29.680295ms)
✔ downgrade hard-stops owned restricted paused selection without page subscribers (29.884555ms)
✔ downgrade hard-stops owned restricted expired selection without page subscribers (15.713199ms)
✔ owned paid playing selection revokes on identityConfirmed even with a paid cached tier (1.240989ms)
✔ owned paid paused selection revokes on identityConfirmed even with a paid cached tier (1.368322ms)
✔ owned paid expired selection revokes on identityConfirmed even with a paid cached tier (2.305931ms)
✔ owned paid playing selection revokes on identityRevision even with a paid cached tier (0.417933ms)
✔ owned paid paused selection revokes on identityRevision even with a paid cached tier (0.646289ms)
✔ owned paid expired selection revokes on identityRevision even with a paid cached tier (1.266878ms)
✔ same-account confirmed paid access survives offerings loading or failed offline refresh (0.595422ms)
✔ admission reads current purchase state even if a notification has not been emitted (0.253935ms)
✔ live resume and timer change reconcile access even without a purchase notification (0.398434ms)
✔ invalid or mismatched provenance rejects {"sectionId":"relax"} without replacing audio (56.106004ms)
✔ invalid or mismatched provenance rejects {"indexInCategory":3} without replacing audio (42.668349ms)
✔ invalid or mismatched provenance rejects {"sectionId":"focus","indexInCategory":0} without replacing audio (29.615588ms)
✔ invalid or mismatched provenance rejects {"sectionId":"relax","indexInCategory":-1} without replacing audio (29.908742ms)
✔ invalid or mismatched provenance rejects {"sectionId":"relax","indexInCategory":0.5} without replacing audio (27.924627ms)
✔ invalid or mismatched provenance rejects {"sectionId":"relax","indexInCategory":99} without replacing audio (29.772866ms)
✔ essentials admits all catalog origins and preserves the timer and user volume (558.317825ms)
✔ pro admits all catalog origins and preserves the timer and user volume (451.040722ms)
✔ coach admits all catalog origins and preserves the timer and user volume (245.63779ms)
✔ each category first two entries remain free, including duplicate 432 and brown-noise origins (109.979908ms)
✔ omitted-origin admission allows any-free aliases and denies exclusively paid tracks (23.439447ms)
✔ web and unconfigured purchases keep paid sounds open through identity transitions (0.560188ms)
✔ external Focus tibetan_bowls replacement survives Sound Room downgrade (1.529305ms)
✔ external Focus waves replacement survives Sound Room downgrade (40.551634ms)
✔ purchase event during an engine start cannot publish a revoked playing selection (0.57463ms)
✔ purchase event during player publication cannot re-arm the revoked timer (0.419325ms)
✔ external waves replacement during player publication retains its untimed graph (23.693662ms)
✔ external tibetan_bowls replacement during player publication retains its untimed graph (1.34762ms)
✔ an unavailable AudioContext rejects the actual engine start without claiming playback (0.341057ms)
✔ failed buffer allocation retains entitlement ownership of the existing paid graph (22.455246ms)
✔ failed no replacement retains entitlement ownership of the existing paid graph (0.498815ms)
✔ same-track no-op cannot take revocation ownership of an external Focus graph (0.505305ms)
✔ pause publication from SoundRoom cannot fade or time the reentrant external tibetan_bowls graph (2.083144ms)
✔ pause publication from Focus cannot fade or time the reentrant external tibetan_bowls graph (1.74361ms)
✔ pause publication from SoundRoom cannot fade or time the reentrant external waves graph (19.965958ms)
✔ pause publication from Focus cannot fade or time the reentrant external waves graph (18.112201ms)
✔ setTimer publication from SoundRoom cannot fade or time the reentrant external tibetan_bowls graph (1.84938ms)
✔ setTimer publication from Focus cannot fade or time the reentrant external tibetan_bowls graph (1.960037ms)
✔ setTimer publication from SoundRoom cannot fade or time the reentrant external waves graph (19.264907ms)
✔ setTimer publication from Focus cannot fade or time the reentrant external waves graph (18.340668ms)
✔ ordinary PlayerBar timer and pause controls still act on the current external Focus graph (37.938989ms)
✔ silence or an absent audio context cannot publish a playing selection (0.441348ms)
✔ breath pacer runs at about 5.5 breaths a minute (1.112394ms)
✔ breathPhase: inhale first, then exhale, then repeats (0.981036ms)
✔ breathPhase is safe with odd input (0.180283ms)
✔ formatRemaining (0.196106ms)
✔ timer fades: a minute for sleep, short otherwise, never over half the timer (0.196508ms)
✔ arming a timer retains the independent three-second attack and actual stereo loop (84.400196ms)
✔ mute and volume respond immediately at the beginning of a timer fade (38.998784ms)
✔ mute and volume respond immediately at the middle of a timer fade (14.901451ms)
✔ mute and volume respond immediately at the end of a timer fade (17.695451ms)
✔ running fades can shorten but do not extend, and timer cancellation preserves user volume (51.349312ms)
✔ shortening a running fade with a delay cannot restore a louder envelope (69.887298ms)
✔ browsers without cancelAndHold retain the current level when shortening a fade (63.759126ms)
✔ track switches release the previous graph and repeated switches/stops bound resources (774.888486ms)
✔ stop/restart of a tone cancels its initial bowl and recurring callbacks (1.132285ms)
✔ natural bowl endings disconnect their tails while the current ambient drone continues (0.645207ms)
✔ Sound Room timer arming, pause/resume and expiry keep player state and start fade intact (78.963059ms)
✔ external restart of the same track clears the Sound Room countdown and timer selection (90.229646ms)
✔ public support is generated from the same localized help as the app (2.567738ms)
✔ each store locale links to the shipped public support artifact (0.208716ms)
✔ growth keeps an exact capped ledger through every stage boundary and beyond the canopy (7.554698ms)
✔ approved tree pixels and normalized roots match their independent asset manifest (9.016401ms)
✔ rendered paywall claims a free trial only for confirmed eligibility (43.295859ms)
✔ rendered failed offerings include an explicit retry action (10.994325ms)
✔ web paywall keeps free access and does not offer a purchase CTA (9.211496ms)
✔ unconfirmed identity shows truthful verification retry and disables buy and restore even with cached prices (15.779354ms)
✔ pending identity verification does not render a trial or an enabled restore action (3.448922ms)
✔ guided narration keeps original English text and voice with en UI (2.887612ms)
✔ guided narration keeps original English text and voice with tr UI (23.371494ms)
✔ guided narration keeps original English text and voice with es UI (15.639799ms)
✔ English inventory accepts language tags and rejects names or unrelated prefixes (0.45611ms)
✔ an explicitly selected English voice wins over a preferred device name (2.597768ms)
✔ guided speech truthfully reports unavailable with empty inventory (0.488129ms)
✔ guided speech truthfully reports unavailable with non-English inventory (0.261316ms)
✔ late English voice installation refreshes availability and unsubscribe removes listeners (0.533898ms)
✔ Notebook retains verbatim tr text, matching device voice and saved meditation preferences (0.598777ms)
✔ Notebook retains verbatim es text, matching device voice and saved meditation preferences (0.6275ms)
✔ Notebook preserves implicit device language when its voice list has not loaded (0.453086ms)
✔ unsupported device speech does not report available or queued playback (0.25765ms)
✔ empty or disabled cues leave the device queue empty (0.335458ms)
✔ nonzero device volume changes apply to the next utterance without pretending to change active speech (5.006289ms)
✔ zero device volume cancels the owned paused utterance and Resume cannot revive it (0.45546ms)
✔ Stop while device speech is paused lets a new session resume the device queue (0.266954ms)
✔ device cancel failures produce an honest false result (0.28402ms)
✔ device enqueue failures produce an honest false result (0.239182ms)
✔ new cues and Stop detach utterance handlers and ignore captured stale callbacks (0.360876ms)
✔ pause and resume keep the active browser cue, restore speaking state and reject replay while paused (0.2774ms)
✔ stop prevents a delayed provider failure from reviving an obsolete English device cue (0.388508ms)
✔ pause-resume prevents a delayed provider failure from reviving an obsolete English device cue (0.180924ms)
✔ new-cue prevents a delayed provider failure from reviving an obsolete English device cue (0.174374ms)
✔ current provider failure falls back to English device speech; a non-English inventory cannot substitute (0.281586ms)
✔ the optional recorder remains dormant until registration and receives identified current/upcoming cues (0.560488ms)
✔ registered recorder missing clip uses truthful English device fallback without a provider (0.319494ms)
✔ registered recorder overlong clip uses truthful English device fallback without a provider (0.155535ms)
✔ registered recorder wrong language uses truthful English device fallback without a provider (0.204229ms)
✔ registered recorder missing text hash uses truthful English device fallback without a provider (0.215917ms)
✔ registered recorder missing checksum uses truthful English device fallback without a provider (0.187684ms)
✔ registered recorder missing version uses truthful English device fallback without a provider (0.40262ms)
✔ registered recorder wrong cue identity uses truthful English device fallback without a provider (0.209427ms)
✔ registered recorder expired cue slot uses truthful English device fallback without a provider (0.271ms)
✔ registered recorder unbounded cue slot uses truthful English device fallback without a provider (0.180042ms)
✔ a recorder hash/source verification failure falls back, and absent English speech reports unavailable (1.851443ms)
✔ new cues stop clips and stale recorded callbacks/failures cannot change current playback (1.382332ms)
✔ recorded pause invalidates pending start/fallback even after resume, and Stop invalidates callbacks (0.295648ms)
✔ current recorded load failure falls back to English and unregistering restores device narration (0.750687ms)
✔ synchronous recorded verification and playback errors truthfully queue English fallback (0.292092ms)
✔ a recorded request that already ended cannot later fall back and revive the cue (0.213353ms)
✔ actual playback mode stays loading until recorded start and reports English device fallback (0.302018ms)
✔ a resumed recording failure uses only installed English device speech and rejects stale resume fallback (0.439044ms)
✔ registered recorded volume receives current preference and live zero/nonzero changes (0.28383ms)
ℹ tests 565
ℹ suites 0
ℹ pass 565
ℹ fail 0
ℹ cancelled 0
ℹ skipped 0
ℹ todo 0
ℹ duration_ms 9951.144149
npm notice
npm notice New major version of npm available! 11.9.0 -> 12.2.0
npm notice Changelog: https://github.com/npm/cli/releases/tag/v12.2.0
npm notice To update run: npm install -g npm@12.2.0
npm notice

> oda-one-decision-away@1.0.0 build
> vite build

vite v6.4.3 building for production...
<script src="/one-decision-away/theme-init.js"> in "/index.html" can't be bundled without type="module" attribute
transforming...
✓ 3383 modules transformed.
rendering chunks...
[plugin vite:reporter] 
(!) /workspace/oda-soundroom-entitlement-fix/src/services/cloudSync.ts is dynamically imported by /workspace/oda-soundroom-entitlement-fix/src/main.tsx but also statically imported by /workspace/oda-soundroom-entitlement-fix/src/components/BackupAndCloudSettings.tsx, /workspace/oda-soundroom-entitlement-fix/src/components/BackupReminder.tsx, /workspace/oda-soundroom-entitlement-fix/src/components/DailyNudgesSettings.tsx, /workspace/oda-soundroom-entitlement-fix/src/pages/Account.tsx, /workspace/oda-soundroom-entitlement-fix/src/pages/Coach.tsx, /workspace/oda-soundroom-entitlement-fix/src/pages/Upgrade.tsx, /workspace/oda-soundroom-entitlement-fix/src/services/cloudCoach.ts, /workspace/oda-soundroom-entitlement-fix/src/services/courseProgress.ts, /workspace/oda-soundroom-entitlement-fix/src/services/pushNotifications.ts, /workspace/oda-soundroom-entitlement-fix/src/services/repository.ts, /workspace/oda-soundroom-entitlement-fix/src/services/useCloudState.ts, /workspace/oda-soundroom-entitlement-fix/src/store/useApp.tsx, dynamic import will not move module into another chunk.

computing gzip size...
dist/index.html                                                       3.43 kB │ gzip:     1.13 kB
dist/assets/hanken-grotesk-vietnamese-wght-normal-CHiFlh_0.woff2      9.32 kB
dist/assets/hanken-grotesk-latin-ext-wght-normal-Dg-wlmqe.woff2      19.59 kB
dist/assets/newsreader-vietnamese-opsz-normal-BjhtXyW2.woff2         27.25 kB
dist/assets/newsreader-vietnamese-opsz-italic-DTr-ymY4.woff2         27.90 kB
dist/assets/hanken-grotesk-latin-wght-normal-CaVRRdDk.woff2          34.70 kB
dist/assets/newsreader-latin-ext-opsz-normal-BQn1nviT.woff2          86.61 kB
dist/assets/newsreader-latin-ext-opsz-italic-CSPGnFdO.woff2          95.54 kB
dist/assets/newsreader-latin-opsz-normal-s-izfB6B.woff2             132.00 kB
dist/assets/newsreader-latin-opsz-italic-kJKFiXvB.woff2             146.87 kB
dist/assets/aiCoach.worker-C60CQ1Xm.js                            6,039.34 kB
dist/assets/Today-D76Bu5Fr.css                                        4.80 kB │ gzip:     1.29 kB
dist/assets/SoundRoom-CqaeVc25.css                                   10.94 kB │ gzip:     2.71 kB
dist/assets/Courses-dAxxx90S.css                                     26.09 kB │ gzip:     4.85 kB
dist/assets/index-D6Ptr9gO.css                                      108.09 kB │ gzip:    22.67 kB
dist/assets/de-FmFgRqLi.js                                            0.03 kB │ gzip:     0.05 kB
dist/assets/fr-FmFgRqLi.js                                            0.03 kB │ gzip:     0.05 kB
dist/assets/it-FmFgRqLi.js                                            0.03 kB │ gzip:     0.05 kB
dist/assets/ru-FmFgRqLi.js                                            0.03 kB │ gzip:     0.05 kB
dist/assets/web-_9_jNWqT.js                                           0.18 kB │ gzip:     0.16 kB
dist/assets/useCloudState-C2nk1qgg.js                                 0.20 kB │ gzip:     0.18 kB
dist/assets/chevron-right-CJ-m3OCL.js                                 0.30 kB │ gzip:     0.25 kB
dist/assets/square-DBbiBPxZ.js                                        0.32 kB │ gzip:     0.26 kB
dist/assets/arrow-up-right-DfseC4tr.js                                0.34 kB │ gzip:     0.27 kB
dist/assets/search-OvttOl6-.js                                        0.35 kB │ gzip:     0.28 kB
dist/assets/circle-check-cwoLK5WP.js                                  0.35 kB │ gzip:     0.28 kB
dist/assets/user-round-DoPjRhPm.js                                    0.36 kB │ gzip:     0.28 kB
dist/assets/rotate-ccw-DN7D7gM_.js                                    0.37 kB │ gzip:     0.29 kB
dist/assets/index-BrztnCjz.js                                         0.38 kB │ gzip:     0.27 kB
dist/assets/mail-D_EXqybl.js                                          0.39 kB │ gzip:     0.31 kB
dist/assets/moon-BEPU1dRB.js                                          0.39 kB │ gzip:     0.31 kB
dist/assets/headphones-Ltg3QPT0.js                                    0.41 kB │ gzip:     0.29 kB
dist/assets/timer-DFWPf6M4.js                                         0.41 kB │ gzip:     0.29 kB
dist/assets/wind-CZwEpTkG.js                                          0.42 kB │ gzip:     0.30 kB
dist/assets/archive-Df3IacMt.js                                       0.43 kB │ gzip:     0.31 kB
dist/assets/route-CyhxHP34.js                                         0.43 kB │ gzip:     0.31 kB
dist/assets/lock-keyhole-CNx71hS0.js                                  0.43 kB │ gzip:     0.33 kB
dist/assets/index-BuEVtMce.js                                         0.45 kB │ gzip:     0.28 kB
dist/assets/pencil-D-nJ6S72.js                                        0.45 kB │ gzip:     0.33 kB
dist/assets/pen-line-Cy1vcENR.js                                      0.45 kB │ gzip:     0.33 kB
dist/assets/index-CO1QFa2N.js                                         0.48 kB │ gzip:     0.29 kB
dist/assets/refresh-cw-Cc4UGk5G.js                                    0.50 kB │ gzip:     0.33 kB
dist/assets/trash-2-pql54vPC.js                                       0.50 kB │ gzip:     0.32 kB
dist/assets/Focus-BDywCYuy.js                                         0.53 kB │ gzip:     0.33 kB
dist/assets/share-2-Bxw0FcQO.js                                       0.53 kB │ gzip:     0.34 kB
dist/assets/shuffle-DKoY28GE.js                                       0.56 kB │ gzip:     0.35 kB
dist/assets/sun-moon-P50-7ldM.js                                      0.57 kB │ gzip:     0.38 kB
dist/assets/waves-BmvWS7su.js                                         0.60 kB │ gzip:     0.32 kB
dist/assets/sparkles-B5Bewqds.js                                      0.67 kB │ gzip:     0.39 kB
dist/assets/calendar-days-CZivVE-a.js                                 0.67 kB │ gzip:     0.37 kB
dist/assets/index-CLD1BkhN.js                                         0.67 kB │ gzip:     0.42 kB
dist/assets/trending-up-BNuGixAZ.js                                   0.69 kB │ gzip:     0.34 kB
dist/assets/index-CDtst4eX.js                                         0.72 kB │ gzip:     0.40 kB
dist/assets/music-D30FZzXA.js                                         0.75 kB │ gzip:     0.40 kB
dist/assets/purchaseIdentityBinding-tFcjnp2u.js                       0.78 kB │ gzip:     0.34 kB
dist/assets/web-GeA0QLZQ.js                                           0.90 kB │ gzip:     0.43 kB
dist/assets/web-CeqHVwkI.js                                           1.06 kB │ gzip:     0.52 kB
dist/assets/courseEntryCopy-ClIZWujk.js                               1.35 kB │ gzip:     0.72 kB
dist/assets/Legal-BSHfKd0F.js                                         2.00 kB │ gzip:     0.91 kB
dist/assets/growth-CtfcX3mW.js                                        2.07 kB │ gzip:     0.92 kB
dist/assets/account-Dza79Wa7.js                                       2.95 kB │ gzip:     1.37 kB
dist/assets/Support-CbRSasqE.js                                       3.54 kB │ gzip:     1.26 kB
dist/assets/Seasons-CYZ94x1b.js                                       3.65 kB │ gzip:     1.29 kB
dist/assets/rewards-BBVGTEDf.js                                       4.17 kB │ gzip:     1.81 kB
dist/assets/Budget-BqscGS1x.js                                        4.45 kB │ gzip:     1.70 kB
dist/assets/web-xeiTxFuA.js                                           4.65 kB │ gzip:     1.40 kB
dist/assets/Evidence-D_cBkfqD.js                                      5.45 kB │ gzip:     2.00 kB
dist/assets/Tools-CHhjDkZu.js                                         5.60 kB │ gzip:     2.18 kB
dist/assets/Missions-DxVGEczW.js                                      5.65 kB │ gzip:     2.05 kB
dist/assets/LifeScore-BvXa1RRb.js                                     5.72 kB │ gzip:     1.92 kB
dist/assets/Bridge-Dw2T75IS.js                                        6.53 kB │ gzip:     1.96 kB
dist/assets/FutureSelf-CaKThsFY.js                                    6.86 kB │ gzip:     1.94 kB
dist/assets/MissionFlows-DUnKIXyP.js                                  8.10 kB │ gzip:     2.50 kB
dist/assets/index-CybC6hud.js                                         8.72 kB │ gzip:     3.31 kB
dist/assets/web-CkJGoD6p.js                                          10.19 kB │ gzip:     2.10 kB
dist/assets/purchases-BuEMv1I7.js                                    10.51 kB │ gzip:     3.49 kB
dist/assets/PublicTwoFutures-BzBOuYAG.js                             11.24 kB │ gzip:     3.71 kB
dist/assets/Account-h6PlT0Ln.js                                      11.73 kB │ gzip:     3.61 kB
dist/assets/support-CDWHEPYS.js                                      11.79 kB │ gzip:     4.94 kB
dist/assets/DreamArt-LdCVZ0mY.js                                     12.84 kB │ gzip:     2.50 kB
dist/assets/FocusTimerHub-Ds8YEbdk.js                                14.88 kB │ gzip:     4.25 kB
dist/assets/Me-JNBQUjAC.js                                           16.31 kB │ gzip:     5.69 kB
dist/assets/Upgrade-NYjWl0_V.js                                      19.68 kB │ gzip:     6.40 kB
dist/assets/TwoFutures-DcroR3Od.js                                   19.69 kB │ gzip:     5.43 kB
dist/assets/SoundRoom-CoBGJO1j.js                                    22.10 kB │ gzip:     8.39 kB
dist/assets/media-2mgEiOLR.js                                        23.75 kB │ gzip:     9.29 kB
dist/assets/Bank-Bm0dYDhz.js                                         29.78 kB │ gzip:     8.21 kB
dist/assets/Settings-DITM5tny.js                                     41.20 kB │ gzip:    12.88 kB
dist/assets/Coach-DDAW18dl.js                                        48.50 kB │ gzip:    15.86 kB
dist/assets/Notebook-Cbs7qfwD.js                                     48.78 kB │ gzip:    14.17 kB
dist/assets/Dreams-D1562urz.js                                       53.11 kB │ gzip:    14.99 kB
dist/assets/DailyMicroHabits-BH1prtDd.js                             56.82 kB │ gzip:    14.79 kB
dist/assets/Progress-D_Ell-iE.js                                     75.84 kB │ gzip:    18.18 kB
dist/assets/Courses-KV0rz9sr.js                                     118.04 kB │ gzip:    37.99 kB
dist/assets/motion-HNvQpnN_.js                                      128.88 kB │ gzip:    42.38 kB
dist/assets/Today-C9fFPgca.js                                       140.16 kB │ gzip:    43.46 kB
dist/assets/supabase--wUpN4Ei.js                                    228.14 kB │ gzip:    59.28 kB
dist/assets/react-5GCfeWye.js                                       229.42 kB │ gzip:    71.53 kB
dist/assets/genai-DNIGCYRr.js                                       409.93 kB │ gzip:    72.77 kB
dist/assets/charts-Bzd-XkHo.js                                      431.58 kB │ gzip:   124.87 kB
dist/assets/tr-Bxmf0hre.js                                          561.31 kB │ gzip:   219.30 kB
dist/assets/es-D_dh5elY.js                                          573.76 kB │ gzip:   217.65 kB
dist/assets/index-DwcbBonb.js                                       943.74 kB │ gzip:   306.60 kB
dist/assets/courses-CKtnra3s.js                                   2,510.75 kB │ gzip:   813.28 kB
dist/assets/index-BMm9S-UO.js                                     5,959.05 kB │ gzip: 2,123.39 kB

(!) Some chunks are larger than 700 kB after minification. Consider:
- Using dynamic import() to code-split the application
- Use build.rollupOptions.output.manualChunks to improve chunking: https://rollupjs.org/configuration-options/#output-manualchunks
- Adjust chunk size limit for this warning via build.chunkSizeWarningLimit.
✓ built in 10.64s
npm notice
npm notice New major version of npm available! 11.9.0 -> 12.2.0
npm notice Changelog: https://github.com/npm/cli/releases/tag/v12.2.0
npm notice To update run: npm install -g npm@12.2.0
npm notice
npm notice
npm notice New major version of npm available! 11.9.0 -> 12.2.0
npm notice Changelog: https://github.com/npm/cli/releases/tag/v12.2.0
npm notice To update run: npm install -g npm@12.2.0
npm notice
