
> oda-one-decision-away@1.0.0 check
> npm run lint && node scripts/validate-i18n.mjs && node --import tsx scripts/test-i18n.ts && node --import tsx scripts/test-notebook.ts && node --import tsx scripts/test-notebook-voice.ts && node --import tsx scripts/test-routing.ts && npm test && npm run build


> oda-one-decision-away@1.0.0 lint
> tsc --noEmit

npm notice
npm notice New major version of npm available! 11.9.0 -> 12.2.0
npm notice Changelog: https://github.com/npm/cli/releases/tag/v12.2.0
npm notice To update run: npm install -g npm@12.2.0
npm notice
tr: 6823 entries; missing keys 0; placeholder differences 0
es: 6823 entries; missing keys 0; placeholder differences 0
English-first startup, saved choices, EN/TR/ES switching, fallback and repeated placeholders passed.
✔ old backups normalize without copying or losing any legacy Dream Journal field (2.037745ms)
✔ new writing of every kind including affirmation earns 25 once; intention alone does not (1.963562ms)
✔ edit, no-op, delete and recreate preserve immutable once-per-day reward claims (0.418533ms)
✔ local writing day and existing UTC reward ceiling are separate and cap-safe (0.364371ms)
✔ 369 only counts matching written intentions, allows partial saves and retains archived histories (1.522385ms)
✔ 369 derives a real 33-day streak and preserves the achieved target after a gap (1.567423ms)
✔ 369 matches Turkish dotted/dotless uppercase pairs without stripping meaningful accents (0.374767ms)
✔ calendar streaks use local days across DST, not elapsed 24-hour periods (0.5286ms)
✔ validation rejects blank entries, future dates, past creation and excess slots without altering input (0.499426ms)
✔ legacy edits preserve photos, links and original date; unified JSON roundtrip is lossless (6.664879ms)
✔ real repository serializes concurrent writes, protects from stale saves, and honors explicit restore (10.388395ms)
✔ stale whole-document saves do not resurrect deleted legacy entries or lose new ones (1.495083ms)
✔ Notebook rebases after a delayed load against a concurrent profile and ledger save (0.897309ms)
✔ concurrent mission and Notebook reward evaluation share the same 2500 ceiling (7.434454ms)
✔ failed storage saves reject, do not push cloud or claim rewards, and queue recovers (1.328231ms)
✔ unreadable saved JSON is preserved, never silently replaced with seed data (0.192351ms)
✔ explicit local restore blocks older cloud data across failed uploads and is account/project scoped (17.650379ms)
✔ an old in-flight cloud upload cannot overwrite a newer restored snapshot or clear its marker (2.746728ms)
✔ a signed-out import binds to the first later connection and stays isolated from other accounts (3.479658ms)
ℹ tests 19
ℹ suites 0
ℹ pass 19
ℹ fail 0
ℹ cancelled 0
ℹ skipped 0
ℹ todo 0
ℹ duration_ms 72.983772
Notebook voice uses device speech only, preserves preferences and handles unavailable speech.
✔ root hosting retains history paths, including direct reloads (1.190392ms)
✔ project hosting keeps every navigation on the same static document (0.36372ms)
✔ landing URLs and non-route fragments do not become unknown routes (0.116797ms)
✔ back/forward hash entries resolve to canonical route IDs (0.182487ms)
✔ icons and service worker URLs stay under their deployment base (0.163368ms)
✔ service worker precaches only its project directory (16.093212ms)
✔ standalone support remains available offline without replacing the application shell (5.174694ms)
✔ activation preserves sibling apps and this version media cache (1.549155ms)
✔ notification defaults and legacy targets open the project hash route (1.112574ms)
✔ installed app metadata refreshes instead of retaining the cached identity (1.950372ms)
✔ installed app metadata remains available offline (1.125383ms)
ℹ tests 11
ℹ suites 0
ℹ pass 11
ℹ fail 0
ℹ cancelled 0
ℹ skipped 0
ℹ todo 0
ℹ duration_ms 54.379379

> oda-one-decision-away@1.0.0 test
> node --import tsx --test tests/*.test.ts supabase/functions/send-nudges/core.test.ts supabase/functions/send-nudges/push-worker.test.ts

✔ 600 scheduled selections are unique across 100 local calendar days and repeat only in the next cycle (8.822155ms)
✔ calendar-day index is independent of server timezone, DST boundaries and midnight UTC (0.46231ms)
✔ sender blocks private-network endpoints, embedded credentials, lookalike hosts and unexpected ports (1.16215ms)
✔ payload identifies adaptation/translation and routes stay valid for root and project hosting (1.476615ms)
✔ cron authenticator requires a substantial matching secret (11.949359ms)
✔ push event displays the real server payload without an open client (2.068411ms)
✔ unexpected push fields cannot become arbitrary notification options (0.861675ms)
✔ does not load a runtime before explicit initialization and blocks unsupported devices (2.518302ms)
✔ context retains the latest user turn, merges interrupted turns, and ignores injected roles (0.688032ms)
✔ streams accumulated visible content and disables reasoning output (2.347414ms)
✔ aborting initialization disposes the downloading runtime and allows retry (5.415719ms)
[ODA Coach] Generation failed: Error: GPU device lost: out of memory
    at Object.generate (/workspace/oda-soundroom-entitlement-fix/tests/ai-coach.test.ts:117:35)
    at <anonymous> (/workspace/oda-soundroom-entitlement-fix/src/services/aiCoach.ts:256:68)
    at Object.stream (/workspace/oda-soundroom-entitlement-fix/src/services/aiCoach.ts:300:5)
    at TestContext.<anonymous> (/workspace/oda-soundroom-entitlement-fix/tests/ai-coach.test.ts:122:30)
    at async Test.run (node:internal/test_runner/test:1389:7)
    at async Test.processPendingSubtests (node:internal/test_runner/test:960:7)
✔ cancellation drains generation, suppresses late text, and releases the next request (3.995138ms)
✔ generation failures are actionable, never become a canned coach reply, and require restart (4.574675ms)
✔ unload cancels an active operation, releases memory and supports a fresh initialization (1.98221ms)
✔ ambient renders are long independent stereo textures with finite bounded levels (265.598945ms)
✔ scene identities differ in spectrum and amplitude dynamics (49.817258ms)
✔ loop overlaps join continuous adjacent noise without a boundary spike (72.985205ms)
✔ seeds reproduce review samples and produce a new texture when changed (210.478445ms)
✔ one Sound Room track keeps one title across categories, including intentional noise reuse (0.506497ms)
✔ fresh startup seeds and absent records do not prompt for a backup (1.627875ms)
✔ empty notebook, lesson, experiment and weekly-review shells are not saved personal work (1.186306ms)
✔ the first saved journal, scripting or future letter qualifies without three older records (3.385634ms)
✔ a saved intention, gratitude note or affirmation qualifies before any decision completion (0.626809ms)
✔ an interrupted first lesson answer of zero, practice checkbox or reflection qualifies (0.674531ms)
✔ the first course plan, paused attempt or saved review qualifies independently of lesson completion (1.108919ms)
✔ one saved weekly review with no kept decisions qualifies (0.286774ms)
✔ one completion, kept decision, vision choice or dream-journal entry preserves existing eligibility (1.024291ms)
✔ a valid downloaded backup suppresses until the exact fourteen-day boundary (0.711618ms)
✔ invalid, absent and future export or cloud timestamps never suppress protection (5.678246ms)
✔ freshness compares actual ISO instants and accepts leap days without calendar normalization (0.156127ms)
✔ only configured, signed-in, recent scoped cloud success with no error suppresses the reminder (0.42274ms)
✔ a recent export still protects work when cloud sync fails, and session dismissal remains respected (0.280324ms)
✔ eligibility does not alter saved work or cloud status, and all three locales explain protection without promising sync (0.546017ms)
✔ restore safety: weekly review text cannot be an object (4.689358ms)
✔ restore safety: life score records need sortable timestamps (0.750456ms)
✔ restore safety: bridge records need their rendered amounts (2.160771ms)
✔ restore safety: a pinned dream name cannot be a React object child (0.84552ms)
✔ legacy course storage migrates into the personal record without changing other data (7.068159ms)
✔ course edits, completion, experiment plans and logs roundtrip through JSON backup (5.560468ms)
✔ a stale save from another feature retains newer lesson notes and practice logs (2.717533ms)
✔ a legacy backup keeps local courses; an explicit empty course backup clears them (2.963396ms)
✔ validation rejects malformed personal, notebook and course data before any storage write (6.205945ms)
✔ quota failures keep the entire previous record and legacy key intact, and a retry succeeds (2.019928ms)
✔ unreadable main data is never replaced by a course-only save (0.668001ms)
✔ lesson edits and re-completion retain the real-world experiment history (0.357811ms)
✔ course mutations wait for the shared write lock and rebase onto a concurrent notebook commit (1.228149ms)
✔ ledger and notebook rewards retain one UTC ceiling when the local decision day differs (15.388415ms)
✔ cloud upload captures current courses and invalid cloud backups leave local storage untouched (16.246965ms)
✔ cloud previews do not change last-sync or local data until the reviewed record is committed (4.326739ms)
✔ Bank chart keeps UTC ledger Today and date labels aligned at New York evening (40.367093ms)
✔ Bank seven-day earnings window is Sep 25 through Oct 1 for the UTC ledger day (12.70947ms)
✔ Savings includes the first displayed UTC day in net and pace, excluding opening history (8.287085ms)
✔ Savings net includes mixed first-day credits, spending and the current UTC day (5.755353ms)
✔ Bank chart formats ledger dates in selected tr UI locale (83.139256ms)
✔ Bank chart formats ledger dates in selected es UI locale (104.941439ms)
✔ a welcome grant preserves the balance and supplies zero practice evidence (2.621108ms)
✔ mixed financial deposits cannot inflate distinct kept days or completed decisions (10.705305ms)
✔ practice week follows local calendar boundaries and repeated days count once (0.439435ms)
✔ reward labels distinguish symbolic unlocking from actual D$ pace estimates in every locale (0.537594ms)
✔ client and server agree on the message limits (1.278645ms)
✔ the request keeps the last 12 messages, trims each to 1500 characters and drops empty ones (0.671015ms)
✔ context is sent only when there is something to send, and is trimmed (0.361508ms)
✔ responses map to a result or a typed error (1.181298ms)
✔ the shared context holds only today, the last kept decisions and short journal lines (9.977554ms)
✔ a pending cloud SELECT cannot replace data after account switch (4.512491ms)
✔ a pending cloud SELECT cannot replace data after project switch (0.72688ms)
✔ a pending cloud SELECT cannot replace data after logout and reauthentication as the same account (0.99752ms)
✔ a pending cloud SELECT cannot replace data after an explicit local import barrier (1.061327ms)
✔ a pending cloud SELECT cannot replace data after newer saved personal writing (1.155108ms)
✔ a reviewed cloud restore is checked inside the write lock after account switch (11.09128ms)
✔ a reviewed cloud restore is checked inside the write lock after project switch (3.464334ms)
✔ a reviewed cloud restore is checked inside the write lock after logout and reauthentication as the same account (5.137968ms)
✔ a reviewed cloud restore is checked inside the write lock after an explicit local import barrier (3.332515ms)
✔ a reviewed cloud restore is checked inside the write lock after newer saved personal writing (2.558083ms)
✔ an unchanged reviewed cloud record commits once and records its scoped sync (3.527459ms)
✔ manual sync cannot fall back to uploading a captured previous-account snapshot (0.952182ms)
✔ a delayed automatic backup remains bound to its original account (3.373577ms)
✔ an old upload success cannot mark or emit the new cloud scope (8.834523ms)
✔ an old upload failure cannot mark or emit the new cloud scope (1.942917ms)
✔ fresh OTP sign-in cannot overwrite existing cloud work on the first ordinary save (5.656794ms)
✔ an absent cloud row is inserted once and acknowledges the returned server version and exact data (12.500603ms)
✔ offline SELECT throws and reconnect retain both records (1.475834ms)
✔ offline SELECT resolved and reconnect retain both records (0.973243ms)
✔ shared device A→B→A cannot reuse the historical acknowledgement of A after B owns the record (8.765729ms)
✔ a stale upload SELECT after account cannot write or alter current-scope status (0.913863ms)
✔ a stale upload SELECT after project cannot write or alter current-scope status (0.622081ms)
✔ a stale upload SELECT after logout-return cannot write or alter current-scope status (0.467558ms)
✔ a stale upload SELECT after local-edit cannot write or alter current-scope status (1.323764ms)
✔ a stale upload SELECT after import cannot write or alter current-scope status (2.416077ms)
✔ same-version remote content changed at the fresh read cannot authorize overwrite (3.506979ms)
✔ canonical acknowledgement treats reordered object keys as equal, but retains array order (5.368266ms)
✔ a changed remote version between SELECT and UPDATE yields zero rows and never acknowledges success (3.58036ms)
✔ an absent-row insert race preserves the winning cloud record and holds the import token (1.414141ms)
✔ empty returned write representation never acknowledges or clears import intent (3.777368ms)
✔ missing returned write representation never acknowledges or clears import intent (1.626903ms)
✔ invalid-data returned write representation never acknowledges or clears import intent (3.457329ms)
✔ invalid-version returned write representation never acknowledges or clears import intent (1.773304ms)
✔ multiple returned write representation never acknowledges or clears import intent (0.946162ms)
✔ a legacy timestamp-only acknowledgement cannot authorize an existing-row upload (0.899271ms)
✔ previewing or declining a cloud restore creates no acknowledgement and later saves remain held (1.722908ms)
✔ accepted cloud restore acknowledges the raw fetched JSON, including omitted legacy course data (4.250604ms)
✔ an explicit import facing unacknowledged existing cloud keeps bytes/token and cannot bypass review protection (1.147196ms)
✔ an explicit import into absent cloud can insert and clear only its still-current token (1.945996ms)
✔ a late write response cannot acknowledge a new account or clear a newer import token (1.424397ms)
✔ a write response cannot clear an import created while that same account upload waited (1.292607ms)
✔ acknowledgement storage failure does not report sync success or clear imported intent (1.662016ms)
✔ hash failure cannot mutate cloud or acknowledge the local record (2.101692ms)
✔ awaited remote fingerprint after account cannot authorize a stale write (3.847995ms)
✔ awaited remote fingerprint after local-edit cannot authorize a stale write (2.122744ms)
✔ awaited remote fingerprint after import cannot authorize a stale write (2.165178ms)
✔ a malformed-data SELECT pauses upload without choosing a winner (0.669203ms)
✔ a invalid-version SELECT pauses upload without choosing a winner (0.286934ms)
✔ successful upload acknowledges the actual returned server version rather than the attempted client timestamp (2.009842ms)
✔ a rejected reviewed restore cannot establish cloud acknowledgement (1.666072ms)
✔ a regressed clock advances the conditional write beyond remote microseconds 2040-01-01T00:00:00.999999Z (3.522823ms)
✔ a regressed clock advances the conditional write beyond remote microseconds 2040-01-01T00:00:00.000001+00:00 (2.802803ms)
✔ a valid returned document differing from the sent snapshot cannot establish upload permission (2.843705ms)
✔ a represented conditional write that fails to advance its version cannot be acknowledged (2.439593ms)
✔ an absent-row insert is not attempted when payload hashing is unavailable (1.599045ms)
✔ another owner recorded during hashing invalidates an earlier acknowledgement without changing device bytes (2.833619ms)
✔ another owner recorded during an upload response cannot be overwritten by its late acknowledgement (1.462364ms)
✔ an acknowledgement storage-read failure after durable restore returns false and preserves the restored record (2.097395ms)
✔ a rejected SELECT after a newer local save cannot replace that newer status (0.889596ms)
✔ a manual preview stays paused without acknowledging cloud work until an accepted commit (1.91604ms)
✔ manual review exposes unacknowledged/changed cloud at -1000ms while default startup policy remains unchanged (3.130809ms)
✔ manual review exposes unacknowledged/changed cloud at 0ms while default startup policy remains unchanged (1.868469ms)
✔ manual review exposes unacknowledged/changed cloud at 1000ms while default startup policy remains unchanged (2.549189ms)
✔ known limitation: a legacy same-version mutation after SELECT can pass timestamp-only CAS (2.548949ms)
✔ levels and monthly limits match the plan (1.358888ms)
✔ the highest active RevenueCat entitlement wins; expired ones do not count (0.3633ms)
✔ the tier cache is fresh for ten minutes (0.157048ms)
✔ requests are validated, trimmed and may be empty for a status check (0.525565ms)
✔ crisis words in English, Turkish and Spanish are caught; everyday worry is not (2.857806ms)
✔ the prompt sets the persona, safety rules and reply language; context reaches only the coach level (0.283379ms)
✔ the function keeps secrets and message text out of code and logs (2.68822ms)
✔ no AI provider secret is referenced from the app bundle code (28.262974ms)
✔ lightweight course previews and restore metadata match each real edition (3.504465ms)
✔ English editions keep every course and lesson ID of the Turkish edition (1.126916ms)
✔ every English lesson goes deeper and tells an example story (2.767379ms)
✔ every course and lesson has a real, distinct photo with alt text (0.800952ms)
✔ technique cards name their origin, give doable steps and say honestly what the evidence supports (1.334911ms)
✔ every course states its purpose, scope and outcome, with usable lesson durations (0.485645ms)
✔ the bibliography distinguishes research from guidance and includes usable HTTPS references and limitations (1.061257ms)
✔ every lesson cites existing sources and every advertised research source is used (0.457032ms)
✔ each lesson has two reading paragraphs, three distinct practice instructions and reflection support (3.65965ms)
✔ each lesson offers three distinct answers, one valid correct index and explanatory feedback (1.225224ms)
✔ every lesson has one visual; charts quote a source the lesson cites (0.635012ms)
✔ Spanish editions mirror the English structure (10.422277ms)
✔ Spanish source ids are unique (0.213904ms)
✔ stable course IDs keep their ordered lesson IDs for stored progress (1.295401ms)
✔ every course and lesson has a real, distinct photo with Turkish alt text (1.259166ms)
✔ technique cards name their origin, give doable steps and say honestly what the evidence supports (1.111893ms)
✔ every course states its purpose, scope and outcome, with usable lesson durations (0.486697ms)
✔ the bibliography distinguishes research from guidance and includes usable HTTPS references and limitations (1.158103ms)
✔ every lesson cites existing sources and every advertised research source is used (0.54852ms)
✔ each lesson has two reading paragraphs, three distinct practice instructions and reflection support (3.50146ms)
✔ each lesson offers three distinct answers, one valid correct index and explanatory feedback (1.024521ms)
✔ every lesson has one visual; charts quote a source the lesson cites (2.364329ms)
✔ every untouched course previews its real edition without creating saved learning (4.041539ms)
✔ a saved tick, answer zero, reflection or completion constitutes learning, unlike a blank record (2.328184ms)
✔ saved progress resumes each of the 103 actual lessons across all three editions and Today agrees (55.77252ms)
✔ a later draft cannot skip unfinished prerequisite lessons (0.388829ms)
✔ workbook-only plans stay available for review without inventing lesson progress (0.62082ms)
✔ ordinary saves retain an explicit view while account and same-account backup replacement invalidate it (1.266958ms)
✔ course entry instructions have matching localized keys and keep the actual lesson-number placeholder (0.446426ms)
✔ all 18 courses have distinct, actionable guides in every supported language (1.977464ms)
✔ studio is optional and initially collapsed; completed courses open their transfer practice (41.650241ms)
✔ new plans preserve optionality and keep an independent copy of private fields (0.759841ms)
✔ untrusted backup data cannot introduce unknown courses, malformed dates, duplicate entries, or oversized notes (0.850408ms)
✔ retrying the same journal entry is idempotent; paused and adapted entries retain honest observations (0.42873ms)
✔ journal keeps the most recent bounded entries and does not mutate input during normalization (0.638527ms)
✔ calendar validation handles leap days, impossible dates, and week/month/year transitions (0.179141ms)
✔ due review needs a usable plan; completing review sets a fresh revisit without losing reflection (0.248346ms)
✔ course progress saves and completed lessons keep the plan, journal, and review after an interrupted round trip (1.032753ms)
✔ a practice plan cannot unlock lessons or manufacture completion (0.286603ms)
✔ a localized portable artifact retains ordinary private text without embedding executable HTML (0.250239ms)
✔ rapid edits remain visible and are replayed in order under serialized persistence (8.246505ms)
✔ failed drafts survive later edits and a retry rebases them over unrelated saved work (1.246807ms)
✔ same-tab save notifications retain newer input while an earlier batch is committing (0.4294ms)
✔ unexpected persistence exceptions preserve private work and allow a later successful save (0.38332ms)
✔ retry clicked while a failed write is settling starts a fresh persistence attempt (0.483972ms)
✔ malformed and unsupported records recover to separate empty states (2.083664ms)
✔ unknown IDs and properties are discarded; checklists are resized with strict booleans (0.684927ms)
✔ negative, fractional, nonnumeric and out-of-range answers do not satisfy a lesson (0.848634ms)
✔ notes are bounded while their newlines and ordinary content survive (0.222257ms)
✔ tampered completion cannot bypass the exercise, answer or preceding lessons (0.299444ms)
✔ valid completed prefixes survive independently for different courses (0.351873ms)
✔ draft updates are immutable and cannot mark a lesson complete (0.313495ms)
✔ completion follows the real course in order and is idempotent (1.720755ms)
✔ editing a completed prerequisite revalidates later lessons without losing drafts (0.358733ms)
✔ caller-supplied lesson and course objects cannot change the answer or bypass a course (0.420887ms)
✔ saving and reloading preserve a completed lesson and an unfinished draft (1.448493ms)
✔ blocked storage and quota failures are reported without throwing (0.744347ms)
✔ a decision kept today takes priority over array order and an older active carry-over (1.282682ms)
✔ a newly chosen decision after a kept one remains actionable today (0.159632ms)
✔ yesterday’s completion, archived decisions, invalid timestamps and future plans never masquerade as today (0.167244ms)
✔ daily decisions use the local calendar around UTC midnight in both timezone directions (0.382069ms)
✔ a missed weekly review remains available on Wednesday and follows local Sunday boundaries (0.168966ms)
✔ weekly evidence counts actual distinct days and bounds entries to the reviewed calendar week (6.615945ms)
✔ an unfinished decision can be reviewed without inventing completed progress (0.224399ms)
✔ saving and editing a daily reflection preserves other pages, rewards once, and survives JSON backup replacement (1.079855ms)
✔ course continuation resumes selected work before the suggested course and advances to the actual incomplete lesson (0.31071ms)
✔ course continuation recognizes an interrupted first answer of zero and never offers an already completed course (0.301426ms)
✔ daily loop copy has explicit matching nonempty English, Turkish and Spanish strings (0.23108ms)
✔ concurrent retries of a kept daily decision record evidence and reward exactly once (23.095754ms)
✔ deep backup safety: reject unparseable notebook day before replacing any storage (5.283439ms)
✔ deep backup safety: reject impossible calendar day before replacing any storage (0.999263ms)
✔ deep backup safety: reject object mood rendered in journal before replacing any storage (0.985922ms)
✔ deep backup safety: reject object prompt assigned to editor before replacing any storage (1.052493ms)
✔ deep backup safety: reject unknown kind hidden by every writing surface before replacing any storage (7.36528ms)
✔ deep backup safety: reject unparseable gratitude day before replacing any storage (0.909998ms)
✔ deep backup safety: reject invalid writing activity day before replacing any storage (0.757477ms)
✔ deep backup safety: reject invalid ledger day before replacing any storage (0.541119ms)
✔ deep backup safety: reject object activity transaction reference before replacing any storage (0.653609ms)
✔ deep backup safety: reject invalid 369 start day before replacing any storage (0.780371ms)
✔ deep backup safety: reject invalid 369 history day before replacing any storage (0.663624ms)
✔ deep backup safety: reject object archive marker hiding a practice before replacing any storage (0.544093ms)
✔ deep backup safety: reject object 369 day timestamp before replacing any storage (0.606158ms)
✔ deep backup safety: reject dream instant producing an invalid display day before replacing any storage (0.516822ms)
✔ deep backup safety: reject invalid course attempt day silently dropping a note before replacing any storage (1.093325ms)
✔ deep backup safety: reject invalid course review due date before replacing any storage (0.872421ms)
✔ deep backup safety: reject invalid course review completion date before replacing any storage (0.762354ms)
✔ deep backup safety: legitimate exported writing, legacy moods, and leap days roundtrip and render (55.506247ms)
✔ deep backup safety: legacy backups without a notebook retain dream fields and local courses (0.661942ms)
✔ an earlier account sync timestamp cannot hide another account cloud record (18.11314ms)
✔ a legacy unscoped timestamp is not proof that this account is synchronized (4.588616ms)
✔ an account deletion response cannot sign out a later signed-in account (1.240688ms)
✔ an account deletion response cannot clear a new project connection (0.331301ms)
✔ a late cloud coach reply cannot be accepted in another account scope (18.494177ms)
✔ account deletion cannot start with another account after awaiting the client (0.436391ms)
✔ cloud coach context consent is isolated between accounts and projects (0.285091ms)
✔ a token refresh keeps the current account coach request valid (0.708542ms)
✔ a project change while reading a coach response also expires its content (0.371732ms)
✔ stopping the coach cancels a response body still being downloaded (0.500999ms)
✔ a queued backup cannot upload a local document rolled back while it waited (3.837409ms)
✔ the latest queued backup still uploads after a preceding slower backup (4.908831ms)
✔ returning to an earlier account cannot reuse its timestamp for another account local record (6.946476ms)
✔ a replaced dataset cannot inherit this account historical synchronization proof (3.202568ms)
✔ an owner-metadata quota failure cannot advertise a newer synchronized local record (6.484997ms)
✔ every localized course can complete and carry its notes into the other editions (20.624061ms)
✔ practice calendar keeps the local day across UTC midnight and daylight-saving weeks (1.220368ms)
✔ a transient personal-record read failure cannot replace already saved course work with an empty fallback (1.717039ms)
✔ a blocked-save session retains private edits and warning after its only view unmounts, then retries successfully (0.481018ms)
✔ explicit replacement cancels a queued old draft while allowing new edits to save after the lock releases (0.856947ms)
✔ a transient legacy-course read failure cannot overwrite the previous separate course record (0.400316ms)
✔ a different tab replacement discards old private draft before replay even when its storage event has not arrived (1.913677ms)
✔ other-tab provisional replacement notifications wait for rollback before inspecting epochs or discarding private drafts (1.650649ms)
✔ same-tab course publication runs under the lock before another tab can project a provisional replacement (0.681121ms)
✔ purchases and payments committed within one clock tick keep distinct identities (4.644331ms)
✔ habit completion dates agree with the local Today calendar on either side of UTC midnight (1.934218ms)
✔ habit yesterday and streaks count actual calendar dates through both DST changes (0.436271ms)
✔ habits roll over at local midnight and keep the previous local day history (1.619832ms)
✔ rollover fallback converts the last-opened instant to its local day (0.484644ms)
✔ date-only values display their saved day while timestamps retain instant conversion (17.055049ms)
✔ calendar formatting rejects normalized impossible days and keeps invalid values readable (0.295016ms)
✔ habit reward identity survives undo, reload and UTC midnight without paying the same local day twice (0.501559ms)
✔ local midnight cannot earn the same habit twice in the UTC reward day (0.142876ms)
✔ habit and check-in rewards share the notebook UTC ceiling, including partial and exhausted budgets (0.301076ms)
✔ a profile save captured before a decision completion retains the kept decision and its evidence (17.069942ms)
✔ concurrent purchases retain both dreams and both payments (2.182364ms)
✔ concurrent purchase checks reject a second claim for the same dream (1.45315ms)
✔ concurrent purchases check affordability against the payment that committed first (2.0413ms)
✔ concurrent savings additions retain both amounts and log entries (1.572461ms)
✔ disjoint profile changes from the same baseline both survive (0.865891ms)
✔ conflicting edits to the same profile field reject before any write and notify the UI (1.125273ms)
✔ an intentional mission deletion and reorder survive a disjoint newer settings save (0.731126ms)
✔ concurrent edits to the mission array reject rather than inventing a merged list (0.794523ms)
✔ even an identical explicit restore invalidates snapshots that were captured before it (2.017074ms)
✔ a profile write queued behind a restore cannot resurrect pre-restore writing (1.857191ms)
✔ legacy records missing transactions can merge a settings edit after a course-only write (0.679098ms)
✔ clearing and recreating the personal record invalidates earlier editable snapshots (0.625276ms)
✔ deleting imported own magic keys while another nested field changes never revives them (0.807182ms)
✔ mission evidence, generated bridges and savings logs keep unique IDs in a single clock tick (3.583174ms)
✔ all 160 shipped English cue identities/text hashes match the 11 runtime sessions (1.572711ms)
✔ every public MP3 byte count/checksum matches delivered metadata and no model/runtime is shipped (36.662998ms)
✔ all shipped decoded/container durations fit the original cue windows with at least250ms margin (0.494128ms)
✔ service worker leaves narration to the verified on-demand cache and does not precache MP3s (0.362749ms)
✔ levels are ordered free < essentials < pro < coach (2.071936ms)
✔ coach message allowances follow the product spec (0.221184ms)
✔ essential courses exist, and Turning Day is not one of them (it is free for all) (0.443371ms)
✔ nothing is locked where subscriptions cannot be bought (web), at any level (0.459276ms)
✔ free level: Turning Day in full, first lessons of the rest, first sounds of each category (0.197349ms)
✔ essentials opens the six core courses and the whole Sound Room, not the rest (0.292453ms)
✔ pro and coach open every lesson and sound (0.364702ms)
✔ six products: two per paid level, ids match the App Store spec (0.340816ms)
✔ RevenueCat entitlements resolve to the highest active level (0.308537ms)
✔ annual saving is computed from real prices only (0.313855ms)
✔ Stop cancels a cue still waiting for synthesis without starting audio (3.562734ms)
✔ deferred synthesis starts at the latest requested volume 0 (1.35379ms)
✔ deferred audio resume starts at the latest requested volume 0 (0.375428ms)
✔ deferred Settings preview preserves requested volume 0 (0.434217ms)
✔ deferred synthesis starts at the latest requested volume 0.35 (0.27768ms)
✔ deferred audio resume starts at the latest requested volume 0.35 (0.371712ms)
✔ deferred Settings preview preserves requested volume 0.35 (0.283139ms)
✔ a volume change during loading preserves stop protection (0.672338ms)
✔ a volume change during loading preserves pause-resume protection (0.308918ms)
✔ a volume change during loading preserves new-session protection (0.389029ms)
✔ a newer cue owns playback when an older synthesis resolves later (0.334366ms)
✔ Pause then Resume cannot resurrect a cue waiting for synthesis (0.233093ms)
✔ Stop also cancels a cue waiting for the audio context to resume (0.210849ms)
✔ a new cue supersedes one waiting for the audio context to resume (0.367346ms)
✔ Pause and Resume invalidate pending context-resume playback (0.400446ms)
✔ replacement immediately stops active audio while the new clip is pending (0.288527ms)
✔ stale source completion cannot clear or end the new cue (0.445434ms)
✔ Pause and Resume preserve an already-started cue without starting it twice (0.471955ms)
✔ unavailable synthesis reports failure without creating an audio source (0.321687ms)
✔ a failed audio context resume reports failure without starting playback (0.427627ms)
✔ a failed source start reports failure and never announces playback (1.2422ms)
✔ English narration cache stays the same when UI locale changes (55.076165ms)
✔ a Settings preview resolving after Stop cannot start playback (0.500628ms)
✔ a Settings preview resolving after a newer cue cannot interrupt it (0.579137ms)
✔ every approved PNG and both approval manifests remain unchanged (21.530774ms)
✔ served responsive variants match actual lossless bitstream dimensions, hashes, and complete-frame geometry (38.30672ms)
✔ all real course covers and tree stages have deployment-scoped responsive sources and retain PNG fallbacks (27.93554ms)
✔ modern-image failures retry the original; PNG and malformed failures reach the existing final fallback (0.275337ms)
✔ 3D decorative growth preserves 60 kept decisions and 30 extra blossoms (2.584622ms)
✔ 3D display normalizes invalid counts without changing the evidence source (0.176307ms)
✔ static legal pages match src/data/legal.ts (run npx tsx scripts/build-legal.ts) (1.679292ms)
✔ every language has the same sections and names the company (0.280615ms)
✔ privacy policy covers what App Review checks (0.348848ms)
✔ local day keys and day gaps follow the calendar, not UTC (1.481483ms)
✔ evidence lists kept decisions newest first and counts the last seven days (8.943429ms)
✔ comeback is kind after a lapse and silent otherwise (0.256698ms)
✔ fresh starts land on the first of the month and on Mondays (0.104658ms)
✔ simple mode lasts a week or until three kept decisions, and can be switched off (0.249838ms)
✔ the day-14 question appears once, only for people who used decisions (0.295868ms)
✔ the weekly look-back is offered on Sunday and Monday, once per week, and its change lasts a week (0.612407ms)
✔ the chain forgives one missed day a week, but not two in a row or two in a week (0.764408ms)
✔ smart reminders aim 30 minutes before the usual kept time, once there is enough history (0.567869ms)
✔ every sign-up intent points at a real course and offers three easy decisions (102.262838ms)
✔ the reminder voice keeps one line per day and never threatens a streak (2.060199ms)
✔ every iOS project and application build configuration enforces the Safari 16.4 baseline (2.386703ms)
✔ Capacitor sync keeps a compatible generated Swift package floor without lowering the app minimum (165.058516ms)
✔ installed native dependency library floors are compatible with the Swift wrapper and app (0.391873ms)
✔ native metadata cannot override the application minimum with an older target (0.819511ms)
✔ native Settings and Account use the shared code flow with device copy in en (12.024833ms)
✔ native Settings and Account use the shared code flow with device copy in tr (20.643581ms)
✔ native Settings and Account use the shared code flow with device copy in es (17.98724ms)
✔ web backup keeps its inline magic-link form and Account keeps link copy (3.552357ms)
✔ native configured signed-in backup retains sync and sign-out actions (2.39816ms)
✔ unconfigured native cloud does not offer a sign-in request (1.967078ms)
✔ actual cloud request and verification use one injected auth adapter and trim input (1.196ms)
✔ interrupted setup restores fields without allowing a nameless final step (1.839705ms)
✔ a fresh preview seeds only an empty decision and never overwrites restored or typed text (0.214054ms)
✔ unknown, malformed and oversized setup drafts are safely bounded (0.282979ms)
✔ trial length comes only from a free intro offer (0.801243ms)
✔ native reminders: a week ahead, past times skipped, stable ids (0.820903ms)
✔ native planner rejects malformed times and keeps a bounded week inside its namespace (0.705548ms)
✔ interrupted native scheduling leaves the newest state and preserves other notifications (8.115065ms)
✔ a native plugin error does not prevent the next reminder replacement (0.671116ms)
✔ startup waits for restored account rather than temporarily identifying anonymous (1.626202ms)
✔ known sign-out and rapid identity changes are announced immediately, same-ID retry events remain usable (0.381938ms)
✔ failed authentication hydration stays unbound and never identifies anonymous or reads SDK entitlement (0.267785ms)
✔ dispose during initial hydration prevents any late entitlement initialization (0.197509ms)
✔ retry hydrates a currently unknown account before requesting identity or offerings (0.299664ms)
✔ retry with failed hydration cannot bind anonymous or make a subscription request (0.180083ms)
✔ cloud initialization callers share the real restoration promise and never finish early (55.523864ms)
✔ actual failed cloud restoration remains unknown and a later retry can establish the same account (0.936498ms)
✔ a resolved auth error is unknown identity rather than a verified anonymous account (0.566507ms)
✔ unbound init leaves cached native A untouched and exposes prices without personal claims (3.618758ms)
✔ explicitly binding cached A confirms it without login or logout (1.333739ms)
✔ desired B is recorded during native setup before any cached A customer read (8.684527ms)
✔ failed logout clears A claims synchronously and leaves purchase and restore denied (3.26355ms)
✔ staged A, B, A login requests serialize native identity mutation (6.586401ms)
✔ an A purchase settling after desired B success cannot grant B (2.620867ms)
✔ an A purchase settling after desired B cancellation cannot grant B (1.519951ms)
✔ a failed same-ID login can retry without treating desired ID as confirmed ID (0.856156ms)
✔ an offline refresh for confirmed same A preserves its verified entitlement (1.931454ms)
✔ listener payload is only invalidation and canonical aliases do not impersonate another account (1.661916ms)
✔ late A offerings cannot install A packages or personal claims into desired B (1.229842ms)
✔ late A trial eligibility cannot restore a free-trial claim during a B transition (1.238064ms)
✔ a held A customer load from initialization cannot overwrite a later desired B (3.149588ms)
✔ an A restore settling after desired B fails without applying A customer info (2.387178ms)
✔ defer during a held purchase drops trust without native calls and explicit cached-A rebind refreshes it (1.304435ms)
✔ defer during first native setup cancels the old A load and leaves cached A for an explicit rebind (0.861154ms)
✔ defer and immediate same-A rebind cannot accept the older held A customer snapshot (1.44006ms)
✔ canonical A listener refresh rejects its held snapshot if native identity externally drifts to B (1.606181ms)
✔ initial getAppUserID failure at verification read 1 leaves A unconfirmed/free and retryable (0.605446ms)
✔ initial getAppUserID failure at verification read 2 leaves A unconfirmed/free and retryable (0.345123ms)
✔ initial getAppUserID failure at verification read 3 leaves A unconfirmed/free and retryable (0.423391ms)
✔ initial getAppUserID failure at verification read 4 leaves A unconfirmed/free and retryable (0.458294ms)
✔ initial isAnonymous failure at verification read 1 leaves A unconfirmed/free and retryable (0.266593ms)
✔ initial isAnonymous failure at verification read 2 leaves A unconfirmed/free and retryable (0.319955ms)
✔ initial isAnonymous failure at verification read 3 leaves A unconfirmed/free and retryable (0.296589ms)
✔ initial isAnonymous failure at verification read 4 leaves A unconfirmed/free and retryable (0.585417ms)
✔ native paid gates apply before SDK init and after defer while the free samples stay open (0.270149ms)
✔ web and keyless native gates stay open before init and after defer without loading an SDK (0.349689ms)
✔ purchase cannot commit A after desired B arrives in nested verification microtask depth 2 (5.664566ms)
✔ purchase cannot commit A after desired B arrives in nested verification microtask depth 3 (1.604058ms)
✔ restore cannot commit A after desired B arrives in nested verification microtask depth 2 (1.954218ms)
✔ restore cannot commit A after desired B arrives in nested verification microtask depth 3 (1.356544ms)
✔ init cannot commit A after desired B arrives in nested verification microtask depth 2 (1.03069ms)
✔ init cannot commit A after desired B arrives in nested verification microtask depth 3 (0.945792ms)
✔ offerings failure is retryable without configuring or listening twice (3.632319ms)
✔ concurrent initialization shares one pending configure and plan load (7.183725ms)
✔ failed configuration can retry, while a completed setup remains single (0.58752ms)
✔ listener setup failure retries the listener without configuring again (0.401067ms)
✔ a successful empty offering may retry when plans become available (0.776375ms)
✔ free intro pricing is advertised only for confirmed eligible customers (0.792449ms)
✔ missing or failed eligibility checks keep regular prices and unknown trial status (0.654511ms)
✔ an interrupted eligibility refresh after identity change clears the earlier free-trial claim (0.528049ms)
✔ cancelled, pending and failed purchase errors remain distinct and never grant access (1.647324ms)
✔ a successful store response without the requested entitlement remains unconfirmed (0.527688ms)
✔ confirmed entitlement grants access and later SDK updates retain the real highest level (3.268798ms)
✔ restore distinguishes store failure, successful no-plan check, and active entitlement (0.97152ms)
✔ web and unconfigured native flows never load a purchase SDK or create a purchase (0.245001ms)
✔ free duration uses valid store units and cycles, without inventing 30-day months (0.112019ms)
✔ scoped EN/TR/ES uncertain purchase feedback makes no charge or reminder guarantee (0.303509ms)
✔ preserves the first 300 passages and appends exactly 100 each from faith, science and philosophy in order (2.30516ms)
✔ all 600 sourced passages have unique IDs and bilingual text without recycling legacy lines (47.051608ms)
✔ six notifications stay distinct for 100 full days, then repeat, and match the server snapshot across a year boundary (9.23463ms)
✔ local day remains stable from morning to evening; six-time migration preserves existing preferences (1.266678ms)
✔ legacy three-reminder profiles keep their evening time and gain six distinct reminders (0.345914ms)
✔ migration resolves default collisions only in missing slots and reserves later saved slots first (0.380165ms)
✔ every thinker passage links to a Gutenberg book whose text is kept in docs/quote-sources (22.290093ms)
✔ construction does no fetch/decode; current/upcoming preload reuses the current request (32.230512ms)
✔ Stop aborts loading and no late response starts a source (0.994025ms)
✔ Pause cancels original load; Resume retries current cue with a frozen slot and latest volume (1.089229ms)
✔ Pause→Stop discards current loading retry and Resume does not resurrect it (0.48206ms)
✔ new session cancels old load and only the new session owns audio (0.95119ms)
✔ active pause/resume continues the same cue offset without repeating its start or accepting stale end (1.860557ms)
✔ Replay replaces current source at offset zero and reuses decoded audio (0.508159ms)
✔ latest volume 0 wins after delayed clip loading and changes active gain (0.440406ms)
✔ latest volume 0.35 wins after delayed clip loading and changes active gain (0.48191ms)
✔ latest volume after deferred context resume and Stop/new cue protects pending resume (4.332749ms)
✔ expired loading budget and decoder duration mismatch never start audio (0.955967ms)
✔ missing bytes, bad checksum/source text and nonrunning device fail without invoking a provider (0.919342ms)
✔ verified persisted bytes permit offline replay in a new player; corrupt cached bytes are rejected (2.680629ms)
✔ a definitive recording failure cannot retry on Pause→Resume over a device fallback (0.261556ms)
✔ resumed load failure retains only bounded fallback metadata, never a resumable recording (0.493457ms)
✔ root hosting retains history paths, including direct reloads (1.350845ms)
✔ project hosting keeps every navigation on the same static document (0.418543ms)
✔ landing URLs and non-route fragments do not become unknown routes (0.201596ms)
✔ back/forward hash entries resolve to canonical route IDs (0.229677ms)
✔ icons and service worker URLs stay under their deployment base (0.243568ms)
✔ each person reads and writes only their own backup; anonymous visitors get nothing (2304.375544ms)
✔ an oversized backup is refused (1379.91024ms)
✔ cloud coach counters: people read only their own rows and cannot write or call the increment (1227.217865ms)
✔ the monthly increment stops exactly at the limit and a refund gives one back (1127.12726ms)
✔ a strict Content Security Policy ships with the page (0.921996ms)
✔ index.html has no inline scripts (the CSP forbids them) (0.263839ms)
✔ no raw HTML or eval sinks in the app code (13.593839ms)
✔ links that open a new tab cannot reach back into ODA (4.694607ms)
✔ no secret keys in the shipped code (20.677132ms)
✔ production builds carry no source maps (0.286223ms)
✔ service worker precaches only its project directory (24.358315ms)
✔ standalone support remains available offline without replacing the application shell (7.389967ms)
✔ activation preserves sibling apps and this version media cache (2.022081ms)
✔ notification defaults and legacy targets open the project hash route (7.091585ms)
✔ installed app metadata refreshes instead of retaining the cached identity (2.914212ms)
✔ installed app metadata remains available offline (1.56556ms)
✔ native free direct starts and toggles cannot start an all-paid track (3.389822ms)
✔ downgrade hard-stops owned restricted playing selection without page subscribers (35.70391ms)
✔ downgrade hard-stops owned restricted paused selection without page subscribers (35.435728ms)
✔ downgrade hard-stops owned restricted expired selection without page subscribers (21.865831ms)
✔ owned paid playing selection revokes on identityConfirmed even with a paid cached tier (1.905875ms)
✔ owned paid paused selection revokes on identityConfirmed even with a paid cached tier (1.110722ms)
✔ owned paid expired selection revokes on identityConfirmed even with a paid cached tier (2.303437ms)
✔ owned paid playing selection revokes on identityRevision even with a paid cached tier (0.456961ms)
✔ owned paid paused selection revokes on identityRevision even with a paid cached tier (1.509225ms)
✔ owned paid expired selection revokes on identityRevision even with a paid cached tier (1.35409ms)
✔ same-account confirmed paid access survives offerings loading or failed offline refresh (0.654872ms)
✔ admission reads current purchase state even if a notification has not been emitted (0.25771ms)
✔ live resume and timer change reconcile access even without a purchase notification (0.377842ms)
✔ invalid or mismatched provenance rejects {"sectionId":"relax"} without replacing audio (98.091013ms)
✔ invalid or mismatched provenance rejects {"indexInCategory":3} without replacing audio (52.668041ms)
✔ invalid or mismatched provenance rejects {"sectionId":"focus","indexInCategory":0} without replacing audio (43.568395ms)
✔ invalid or mismatched provenance rejects {"sectionId":"relax","indexInCategory":-1} without replacing audio (48.897993ms)
✔ invalid or mismatched provenance rejects {"sectionId":"relax","indexInCategory":0.5} without replacing audio (49.763914ms)
✔ invalid or mismatched provenance rejects {"sectionId":"relax","indexInCategory":99} without replacing audio (46.319861ms)
✔ essentials admits all catalog origins and preserves the timer and user volume (492.066836ms)
✔ pro admits all catalog origins and preserves the timer and user volume (508.481419ms)
✔ coach admits all catalog origins and preserves the timer and user volume (318.074662ms)
✔ each category first two entries remain free, including duplicate 432 and brown-noise origins (138.950062ms)
✔ omitted-origin admission allows any-free aliases and denies exclusively paid tracks (38.596198ms)
✔ web and unconfigured purchases keep paid sounds open through identity transitions (0.671627ms)
✔ external Focus tibetan_bowls replacement survives Sound Room downgrade (2.304689ms)
✔ external Focus waves replacement survives Sound Room downgrade (77.271372ms)
✔ purchase event during an engine start cannot publish a revoked playing selection (0.843187ms)
✔ purchase event during player publication cannot re-arm the revoked timer (0.517263ms)
✔ external waves replacement during player publication retains its untimed graph (18.04021ms)
✔ external tibetan_bowls replacement during player publication retains its untimed graph (1.348631ms)
✔ an unavailable AudioContext rejects the actual engine start without claiming playback (0.391312ms)
✔ failed buffer allocation retains entitlement ownership of the existing paid graph (17.161339ms)
✔ failed no replacement retains entitlement ownership of the existing paid graph (0.501719ms)
✔ same-track no-op cannot take revocation ownership of an external Focus graph (0.66071ms)
✔ silence or an absent audio context cannot publish a playing selection (0.248867ms)
✔ breath pacer runs at about 5.5 breaths a minute (1.03034ms)
✔ breathPhase: inhale first, then exhale, then repeats (1.151033ms)
✔ breathPhase is safe with odd input (0.25066ms)
✔ formatRemaining (0.168625ms)
✔ timer fades: a minute for sleep, short otherwise, never over half the timer (0.149086ms)
✔ arming a timer retains the independent three-second attack and actual stereo loop (115.279434ms)
✔ mute and volume respond immediately at the beginning of a timer fade (66.673878ms)
✔ mute and volume respond immediately at the middle of a timer fade (19.893756ms)
✔ mute and volume respond immediately at the end of a timer fade (32.162248ms)
✔ running fades can shorten but do not extend, and timer cancellation preserves user volume (104.128553ms)
✔ shortening a running fade with a delay cannot restore a louder envelope (193.109405ms)
✔ browsers without cancelAndHold retain the current level when shortening a fade (36.974473ms)
✔ track switches release the previous graph and repeated switches/stops bound resources (781.435312ms)
✔ stop/restart of a tone cancels its initial bowl and recurring callbacks (1.049609ms)
✔ natural bowl endings disconnect their tails while the current ambient drone continues (0.747091ms)
✔ Sound Room timer arming, pause/resume and expiry keep player state and start fade intact (60.814042ms)
✔ external restart of the same track clears the Sound Room countdown and timer selection (76.134429ms)
✔ public support is generated from the same localized help as the app (2.363237ms)
✔ each store locale links to the shipped public support artifact (0.348949ms)
✔ growth keeps an exact capped ledger through every stage boundary and beyond the canopy (8.718819ms)
✔ approved tree pixels and normalized roots match their independent asset manifest (11.878563ms)
✔ rendered paywall claims a free trial only for confirmed eligibility (42.645518ms)
✔ rendered failed offerings include an explicit retry action (9.361642ms)
✔ web paywall keeps free access and does not offer a purchase CTA (7.221933ms)
✔ unconfirmed identity shows truthful verification retry and disables buy and restore even with cached prices (6.63832ms)
✔ pending identity verification does not render a trial or an enabled restore action (2.93957ms)
✔ guided narration keeps original English text and voice with en UI (5.688141ms)
✔ guided narration keeps original English text and voice with tr UI (34.971981ms)
✔ guided narration keeps original English text and voice with es UI (32.689576ms)
✔ English inventory accepts language tags and rejects names or unrelated prefixes (0.454398ms)
✔ an explicitly selected English voice wins over a preferred device name (0.677166ms)
✔ guided speech truthfully reports unavailable with empty inventory (0.450662ms)
✔ guided speech truthfully reports unavailable with non-English inventory (0.264511ms)
✔ late English voice installation refreshes availability and unsubscribe removes listeners (0.493577ms)
✔ Notebook retains verbatim tr text, matching device voice and saved meditation preferences (0.562211ms)
✔ Notebook retains verbatim es text, matching device voice and saved meditation preferences (0.364112ms)
✔ Notebook preserves implicit device language when its voice list has not loaded (0.379424ms)
✔ unsupported device speech does not report available or queued playback (0.25734ms)
✔ empty or disabled cues leave the device queue empty (0.443401ms)
✔ nonzero device volume changes apply to the next utterance without pretending to change active speech (0.566638ms)
✔ zero device volume cancels the owned paused utterance and Resume cannot revive it (0.436942ms)
✔ Stop while device speech is paused lets a new session resume the device queue (0.342899ms)
✔ device cancel failures produce an honest false result (0.437102ms)
✔ device enqueue failures produce an honest false result (0.331843ms)
✔ new cues and Stop detach utterance handlers and ignore captured stale callbacks (0.691217ms)
✔ pause and resume keep the active browser cue, restore speaking state and reject replay while paused (0.334847ms)
✔ stop prevents a delayed provider failure from reviving an obsolete English device cue (0.545176ms)
✔ pause-resume prevents a delayed provider failure from reviving an obsolete English device cue (0.320776ms)
✔ new-cue prevents a delayed provider failure from reviving an obsolete English device cue (1.643288ms)
✔ current provider failure falls back to English device speech; a non-English inventory cannot substitute (0.361588ms)
✔ the optional recorder remains dormant until registration and receives identified current/upcoming cues (1.14939ms)
✔ registered recorder missing clip uses truthful English device fallback without a provider (0.395809ms)
✔ registered recorder overlong clip uses truthful English device fallback without a provider (0.532937ms)
✔ registered recorder wrong language uses truthful English device fallback without a provider (0.321517ms)
✔ registered recorder missing text hash uses truthful English device fallback without a provider (0.31706ms)
✔ registered recorder missing checksum uses truthful English device fallback without a provider (0.263048ms)
✔ registered recorder missing version uses truthful English device fallback without a provider (0.157608ms)
✔ registered recorder wrong cue identity uses truthful English device fallback without a provider (0.24442ms)
✔ registered recorder expired cue slot uses truthful English device fallback without a provider (0.369419ms)
✔ registered recorder unbounded cue slot uses truthful English device fallback without a provider (0.195386ms)
✔ a recorder hash/source verification failure falls back, and absent English speech reports unavailable (0.301446ms)
✔ new cues stop clips and stale recorded callbacks/failures cannot change current playback (0.522982ms)
✔ recorded pause invalidates pending start/fallback even after resume, and Stop invalidates callbacks (0.281566ms)
✔ current recorded load failure falls back to English and unregistering restores device narration (0.430281ms)
✔ synchronous recorded verification and playback errors truthfully queue English fallback (0.410341ms)
✔ a recorded request that already ended cannot later fall back and revive the cue (0.205191ms)
✔ actual playback mode stays loading until recorded start and reports English device fallback (0.379334ms)
✔ a resumed recording failure uses only installed English device speech and rejects stale resume fallback (0.569202ms)
✔ registered recorded volume receives current preference and live zero/nonzero changes (0.356079ms)
ℹ tests 556
ℹ suites 0
ℹ pass 556
ℹ fail 0
ℹ cancelled 0
ℹ skipped 0
ℹ todo 0
ℹ duration_ms 13321.366472
npm notice
npm notice New major version of npm available! 11.9.0 -> 12.2.0
npm notice Changelog: https://github.com/npm/cli/releases/tag/v12.2.0
npm notice To update run: npm install -g npm@12.2.0
npm notice

> oda-one-decision-away@1.0.0 build
> vite build

vite v6.4.3 building for production...
<script src="/one-decision-away/theme-init.js"> in "/index.html" can't be bundled without type="module" attribute
transforming...
✓ 3383 modules transformed.
rendering chunks...
[plugin vite:reporter] 
(!) /workspace/oda-soundroom-entitlement-fix/src/services/cloudSync.ts is dynamically imported by /workspace/oda-soundroom-entitlement-fix/src/main.tsx but also statically imported by /workspace/oda-soundroom-entitlement-fix/src/components/BackupAndCloudSettings.tsx, /workspace/oda-soundroom-entitlement-fix/src/components/BackupReminder.tsx, /workspace/oda-soundroom-entitlement-fix/src/components/DailyNudgesSettings.tsx, /workspace/oda-soundroom-entitlement-fix/src/pages/Account.tsx, /workspace/oda-soundroom-entitlement-fix/src/pages/Coach.tsx, /workspace/oda-soundroom-entitlement-fix/src/pages/Upgrade.tsx, /workspace/oda-soundroom-entitlement-fix/src/services/cloudCoach.ts, /workspace/oda-soundroom-entitlement-fix/src/services/courseProgress.ts, /workspace/oda-soundroom-entitlement-fix/src/services/pushNotifications.ts, /workspace/oda-soundroom-entitlement-fix/src/services/repository.ts, /workspace/oda-soundroom-entitlement-fix/src/services/useCloudState.ts, /workspace/oda-soundroom-entitlement-fix/src/store/useApp.tsx, dynamic import will not move module into another chunk.

computing gzip size...
dist/index.html                                                       3.43 kB │ gzip:     1.13 kB
dist/assets/hanken-grotesk-vietnamese-wght-normal-CHiFlh_0.woff2      9.32 kB
dist/assets/hanken-grotesk-latin-ext-wght-normal-Dg-wlmqe.woff2      19.59 kB
dist/assets/newsreader-vietnamese-opsz-normal-BjhtXyW2.woff2         27.25 kB
dist/assets/newsreader-vietnamese-opsz-italic-DTr-ymY4.woff2         27.90 kB
dist/assets/hanken-grotesk-latin-wght-normal-CaVRRdDk.woff2          34.70 kB
dist/assets/newsreader-latin-ext-opsz-normal-BQn1nviT.woff2          86.61 kB
dist/assets/newsreader-latin-ext-opsz-italic-CSPGnFdO.woff2          95.54 kB
dist/assets/newsreader-latin-opsz-normal-s-izfB6B.woff2             132.00 kB
dist/assets/newsreader-latin-opsz-italic-kJKFiXvB.woff2             146.87 kB
dist/assets/aiCoach.worker-C60CQ1Xm.js                            6,039.34 kB
dist/assets/Today-D76Bu5Fr.css                                        4.80 kB │ gzip:     1.29 kB
dist/assets/SoundRoom-CqaeVc25.css                                   10.94 kB │ gzip:     2.71 kB
dist/assets/Courses-dAxxx90S.css                                     26.09 kB │ gzip:     4.85 kB
dist/assets/index-D6Ptr9gO.css                                      108.09 kB │ gzip:    22.67 kB
dist/assets/de-FmFgRqLi.js                                            0.03 kB │ gzip:     0.05 kB
dist/assets/fr-FmFgRqLi.js                                            0.03 kB │ gzip:     0.05 kB
dist/assets/it-FmFgRqLi.js                                            0.03 kB │ gzip:     0.05 kB
dist/assets/ru-FmFgRqLi.js                                            0.03 kB │ gzip:     0.05 kB
dist/assets/web-BiZDJ36e.js                                           0.18 kB │ gzip:     0.16 kB
dist/assets/useCloudState-8vbiOT27.js                                 0.20 kB │ gzip:     0.18 kB
dist/assets/chevron-right-0N4IZtBd.js                                 0.30 kB │ gzip:     0.25 kB
dist/assets/square-BKlve1TV.js                                        0.32 kB │ gzip:     0.26 kB
dist/assets/arrow-up-right-DD_rshhr.js                                0.34 kB │ gzip:     0.27 kB
dist/assets/search-BXPQAQZa.js                                        0.35 kB │ gzip:     0.28 kB
dist/assets/circle-check-Dp0LFe04.js                                  0.35 kB │ gzip:     0.28 kB
dist/assets/user-round-BS3qpDnV.js                                    0.36 kB │ gzip:     0.28 kB
dist/assets/rotate-ccw-DcIVHeAa.js                                    0.37 kB │ gzip:     0.29 kB
dist/assets/index-DflKeG_Q.js                                         0.38 kB │ gzip:     0.27 kB
dist/assets/mail-D63F9o-t.js                                          0.39 kB │ gzip:     0.31 kB
dist/assets/moon-ClynX1bT.js                                          0.39 kB │ gzip:     0.31 kB
dist/assets/headphones-DZOF4dXV.js                                    0.41 kB │ gzip:     0.29 kB
dist/assets/timer-Bxx7gd3C.js                                         0.41 kB │ gzip:     0.29 kB
dist/assets/wind-D75gvnRY.js                                          0.42 kB │ gzip:     0.30 kB
dist/assets/archive-CeeTpGY8.js                                       0.43 kB │ gzip:     0.31 kB
dist/assets/route-BaSEUB1S.js                                         0.43 kB │ gzip:     0.31 kB
dist/assets/lock-keyhole-CNU-nRgC.js                                  0.43 kB │ gzip:     0.33 kB
dist/assets/index-vow52zKr.js                                         0.45 kB │ gzip:     0.28 kB
dist/assets/pencil-BAL7xL_R.js                                        0.45 kB │ gzip:     0.33 kB
dist/assets/pen-line-o52DT70A.js                                      0.45 kB │ gzip:     0.33 kB
dist/assets/index-CTb16FEU.js                                         0.48 kB │ gzip:     0.29 kB
dist/assets/refresh-cw-Dyz7g4yK.js                                    0.50 kB │ gzip:     0.33 kB
dist/assets/trash-2-CGo09mWI.js                                       0.50 kB │ gzip:     0.32 kB
dist/assets/Focus-bZdwWik4.js                                         0.53 kB │ gzip:     0.33 kB
dist/assets/share-2-CuoeXJW0.js                                       0.53 kB │ gzip:     0.34 kB
dist/assets/shuffle-BQTsUsy7.js                                       0.56 kB │ gzip:     0.35 kB
dist/assets/sun-moon-DK0bBLIu.js                                      0.57 kB │ gzip:     0.38 kB
dist/assets/waves-CduU1H3t.js                                         0.60 kB │ gzip:     0.32 kB
dist/assets/sparkles-Cq7GpGVS.js                                      0.67 kB │ gzip:     0.39 kB
dist/assets/calendar-days-D_1MizmX.js                                 0.67 kB │ gzip:     0.37 kB
dist/assets/index-BFJtIjM3.js                                         0.67 kB │ gzip:     0.42 kB
dist/assets/trending-up-D0MSSeQF.js                                   0.69 kB │ gzip:     0.34 kB
dist/assets/index-Cc8Rd8s-.js                                         0.72 kB │ gzip:     0.41 kB
dist/assets/music-BPHCYrpo.js                                         0.75 kB │ gzip:     0.39 kB
dist/assets/purchaseIdentityBinding-tFcjnp2u.js                       0.78 kB │ gzip:     0.34 kB
dist/assets/web-D73ok1ma.js                                           0.90 kB │ gzip:     0.43 kB
dist/assets/web-DBda4epY.js                                           1.06 kB │ gzip:     0.52 kB
dist/assets/courseEntryCopy-ClIZWujk.js                               1.35 kB │ gzip:     0.72 kB
dist/assets/Legal-DVrQ6fzW.js                                         2.00 kB │ gzip:     0.91 kB
dist/assets/growth-CtfcX3mW.js                                        2.07 kB │ gzip:     0.92 kB
dist/assets/account-C_xhnBaK.js                                       2.95 kB │ gzip:     1.37 kB
dist/assets/Support-C3eQrPdb.js                                       3.54 kB │ gzip:     1.26 kB
dist/assets/Seasons-BBiQY7Ra.js                                       3.65 kB │ gzip:     1.29 kB
dist/assets/rewards-BFfpWQmc.js                                       4.17 kB │ gzip:     1.81 kB
dist/assets/Budget-D1xUzpZh.js                                        4.45 kB │ gzip:     1.70 kB
dist/assets/web-yOhJlZ7f.js                                           4.65 kB │ gzip:     1.40 kB
dist/assets/Evidence-DF1IvbAK.js                                      5.45 kB │ gzip:     2.00 kB
dist/assets/Tools-C_SK94Ue.js                                         5.60 kB │ gzip:     2.18 kB
dist/assets/Missions-DD_ACn7f.js                                      5.65 kB │ gzip:     2.05 kB
dist/assets/LifeScore-bDhRqmxb.js                                     5.72 kB │ gzip:     1.92 kB
dist/assets/Bridge-8AzMSCd4.js                                        6.53 kB │ gzip:     1.96 kB
dist/assets/FutureSelf-CERfVViW.js                                    6.86 kB │ gzip:     1.94 kB
dist/assets/MissionFlows-Bc3FIVMA.js                                  8.10 kB │ gzip:     2.50 kB
dist/assets/index-DpN5KjGI.js                                         8.72 kB │ gzip:     3.31 kB
dist/assets/web-BvNlDx8t.js                                          10.19 kB │ gzip:     2.10 kB
dist/assets/purchases-BFzxaXBR.js                                    10.51 kB │ gzip:     3.49 kB
dist/assets/PublicTwoFutures-DvVz-moQ.js                             11.24 kB │ gzip:     3.71 kB
dist/assets/Account-BmYSf3nH.js                                      11.73 kB │ gzip:     3.61 kB
dist/assets/support-Cz3QhX1N.js                                      11.79 kB │ gzip:     4.95 kB
dist/assets/DreamArt-CPv3ouJ-.js                                     12.84 kB │ gzip:     2.50 kB
dist/assets/FocusTimerHub-DKGcFcmg.js                                14.88 kB │ gzip:     4.25 kB
dist/assets/Me-C1J0eS_v.js                                           16.31 kB │ gzip:     5.69 kB
dist/assets/Upgrade-B4UBbckV.js                                      19.68 kB │ gzip:     6.40 kB
dist/assets/TwoFutures-D9u1REsz.js                                   19.69 kB │ gzip:     5.43 kB
dist/assets/SoundRoom-DL0ojIYA.js                                    22.00 kB │ gzip:     8.34 kB
dist/assets/media-2mgEiOLR.js                                        23.75 kB │ gzip:     9.29 kB
dist/assets/Bank-BYJL8Ruz.js                                         29.78 kB │ gzip:     8.21 kB
dist/assets/Settings-DOY0epMX.js                                     41.20 kB │ gzip:    12.88 kB
dist/assets/Coach-JvmNF7u1.js                                        48.50 kB │ gzip:    15.86 kB
dist/assets/Notebook-DuW-hvvF.js                                     48.78 kB │ gzip:    14.17 kB
dist/assets/Dreams-DGZv50I8.js                                       53.11 kB │ gzip:    14.99 kB
dist/assets/DailyMicroHabits-B237cE4p.js                             56.82 kB │ gzip:    14.79 kB
dist/assets/Progress-CNFg8g3W.js                                     75.84 kB │ gzip:    18.18 kB
dist/assets/Courses-COIwdgJy.js                                     118.04 kB │ gzip:    37.99 kB
dist/assets/motion-HNvQpnN_.js                                      128.88 kB │ gzip:    42.38 kB
dist/assets/Today-DuKaX5v1.js                                       140.16 kB │ gzip:    43.46 kB
dist/assets/supabase--wUpN4Ei.js                                    228.14 kB │ gzip:    59.28 kB
dist/assets/react-5GCfeWye.js                                       229.42 kB │ gzip:    71.53 kB
dist/assets/genai-DNIGCYRr.js                                       409.93 kB │ gzip:    72.77 kB
dist/assets/charts-Bzd-XkHo.js                                      431.58 kB │ gzip:   124.87 kB
dist/assets/tr-Bxmf0hre.js                                          561.31 kB │ gzip:   219.30 kB
dist/assets/es-D_dh5elY.js                                          573.76 kB │ gzip:   217.65 kB
dist/assets/index-Bqxn8flL.js                                       943.74 kB │ gzip:   306.60 kB
dist/assets/courses-CKtnra3s.js                                   2,510.75 kB │ gzip:   813.28 kB
dist/assets/index-BMm9S-UO.js                                     5,959.05 kB │ gzip: 2,123.39 kB

(!) Some chunks are larger than 700 kB after minification. Consider:
- Using dynamic import() to code-split the application
- Use build.rollupOptions.output.manualChunks to improve chunking: https://rollupjs.org/configuration-options/#output-manualchunks
- Adjust chunk size limit for this warning via build.chunkSizeWarningLimit.
✓ built in 10.25s
npm notice
npm notice New major version of npm available! 11.9.0 -> 12.2.0
npm notice Changelog: https://github.com/npm/cli/releases/tag/v12.2.0
npm notice To update run: npm install -g npm@12.2.0
npm notice
npm notice
npm notice New major version of npm available! 11.9.0 -> 12.2.0
npm notice Changelog: https://github.com/npm/cli/releases/tag/v12.2.0
npm notice To update run: npm install -g npm@12.2.0
npm notice
