
> oda-one-decision-away@1.0.0 build
> vite build

vite v6.4.3 building for production...
<script src="/one-decision-away/theme-init.js"> in "/index.html" can't be bundled without type="module" attribute
transforming...
✓ 3384 modules transformed.
rendering chunks...
[plugin vite:reporter] 
(!) /workspace/oda-mobile-core-quality/src/services/cloudSync.ts is dynamically imported by /workspace/oda-mobile-core-quality/src/main.tsx but also statically imported by /workspace/oda-mobile-core-quality/src/components/BackupAndCloudSettings.tsx, /workspace/oda-mobile-core-quality/src/components/BackupReminder.tsx, /workspace/oda-mobile-core-quality/src/components/DailyNudgesSettings.tsx, /workspace/oda-mobile-core-quality/src/pages/Account.tsx, /workspace/oda-mobile-core-quality/src/pages/Coach.tsx, /workspace/oda-mobile-core-quality/src/pages/Upgrade.tsx, /workspace/oda-mobile-core-quality/src/services/cloudCoach.ts, /workspace/oda-mobile-core-quality/src/services/courseProgress.ts, /workspace/oda-mobile-core-quality/src/services/pushNotifications.ts, /workspace/oda-mobile-core-quality/src/services/repository.ts, /workspace/oda-mobile-core-quality/src/services/useCloudState.ts, /workspace/oda-mobile-core-quality/src/store/useApp.tsx, dynamic import will not move module into another chunk.

computing gzip size...
dist/index.html                                                       3.43 kB │ gzip:     1.13 kB
dist/assets/hanken-grotesk-vietnamese-wght-normal-CHiFlh_0.woff2      9.32 kB
dist/assets/hanken-grotesk-latin-ext-wght-normal-Dg-wlmqe.woff2      19.59 kB
dist/assets/newsreader-vietnamese-opsz-normal-BjhtXyW2.woff2         27.25 kB
dist/assets/newsreader-vietnamese-opsz-italic-DTr-ymY4.woff2         27.90 kB
dist/assets/hanken-grotesk-latin-wght-normal-CaVRRdDk.woff2          34.70 kB
dist/assets/newsreader-latin-ext-opsz-normal-BQn1nviT.woff2          86.61 kB
dist/assets/newsreader-latin-ext-opsz-italic-CSPGnFdO.woff2          95.54 kB
dist/assets/newsreader-latin-opsz-normal-s-izfB6B.woff2             132.00 kB
dist/assets/newsreader-latin-opsz-italic-kJKFiXvB.woff2             146.87 kB
dist/assets/aiCoach.worker-C60CQ1Xm.js                            6,039.34 kB
dist/assets/Today-D76Bu5Fr.css                                        4.80 kB │ gzip:     1.29 kB
dist/assets/SoundRoom-CqaeVc25.css                                   10.94 kB │ gzip:     2.71 kB
dist/assets/Courses-dAxxx90S.css                                     26.09 kB │ gzip:     4.85 kB
dist/assets/index-D6Ptr9gO.css                                      108.09 kB │ gzip:    22.67 kB
dist/assets/de-FmFgRqLi.js                                            0.03 kB │ gzip:     0.05 kB
dist/assets/fr-FmFgRqLi.js                                            0.03 kB │ gzip:     0.05 kB
dist/assets/it-FmFgRqLi.js                                            0.03 kB │ gzip:     0.05 kB
dist/assets/ru-FmFgRqLi.js                                            0.03 kB │ gzip:     0.05 kB
dist/assets/web-Bb5PnSZm.js                                           0.18 kB │ gzip:     0.16 kB
dist/assets/useCloudState-BZ-Vfxzr.js                                 0.20 kB │ gzip:     0.18 kB
dist/assets/chevron-right-L419cfE5.js                                 0.30 kB │ gzip:     0.25 kB
dist/assets/square-DTKLnwnq.js                                        0.32 kB │ gzip:     0.26 kB
dist/assets/arrow-up-right-CogUSDHg.js                                0.34 kB │ gzip:     0.27 kB
dist/assets/search-CGrEtlc0.js                                        0.35 kB │ gzip:     0.28 kB
dist/assets/circle-check-C4y64iqD.js                                  0.35 kB │ gzip:     0.28 kB
dist/assets/user-round-DWAhX0_W.js                                    0.36 kB │ gzip:     0.28 kB
dist/assets/rotate-ccw-DYi7taXp.js                                    0.37 kB │ gzip:     0.29 kB
dist/assets/index-B0DLlssZ.js                                         0.38 kB │ gzip:     0.27 kB
dist/assets/mail-BUURFNCq.js                                          0.39 kB │ gzip:     0.31 kB
dist/assets/moon-B8RewYVp.js                                          0.39 kB │ gzip:     0.31 kB
dist/assets/headphones-C_S11X3-.js                                    0.41 kB │ gzip:     0.29 kB
dist/assets/timer-ZFG3x1n6.js                                         0.41 kB │ gzip:     0.29 kB
dist/assets/wind-DLOKaJEG.js                                          0.42 kB │ gzip:     0.30 kB
dist/assets/archive-CfOVfMZU.js                                       0.43 kB │ gzip:     0.31 kB
dist/assets/route-BSXu5UvT.js                                         0.43 kB │ gzip:     0.31 kB
dist/assets/lock-keyhole-DOalIDXV.js                                  0.43 kB │ gzip:     0.33 kB
dist/assets/index-FR12ypau.js                                         0.45 kB │ gzip:     0.28 kB
dist/assets/pencil-Bw1wqzdY.js                                        0.45 kB │ gzip:     0.33 kB
dist/assets/pen-line-BzLAdnw5.js                                      0.45 kB │ gzip:     0.33 kB
dist/assets/index-CIPtpDJy.js                                         0.48 kB │ gzip:     0.29 kB
dist/assets/refresh-cw-DPTaImZi.js                                    0.50 kB │ gzip:     0.33 kB
dist/assets/trash-2-kGzGZh8m.js                                       0.50 kB │ gzip:     0.32 kB
dist/assets/Focus-DuWhWGss.js                                         0.53 kB │ gzip:     0.33 kB
dist/assets/share-2-q0ZAmnxr.js                                       0.53 kB │ gzip:     0.34 kB
dist/assets/shuffle-D_PilrKf.js                                       0.56 kB │ gzip:     0.35 kB
dist/assets/sun-moon-CiH6Xxbl.js                                      0.57 kB │ gzip:     0.38 kB
dist/assets/waves-CsPRzkOM.js                                         0.60 kB │ gzip:     0.32 kB
dist/assets/sparkles-BIxX_zXr.js                                      0.67 kB │ gzip:     0.39 kB
dist/assets/calendar-days-Duj1V7s0.js                                 0.67 kB │ gzip:     0.37 kB
dist/assets/index-Bpv5qIJp.js                                         0.67 kB │ gzip:     0.42 kB
dist/assets/trending-up-BF78eyIM.js                                   0.69 kB │ gzip:     0.34 kB
dist/assets/index-DwZDrcRo.js                                         0.72 kB │ gzip:     0.41 kB
dist/assets/music-DPqRK9Qv.js                                         0.75 kB │ gzip:     0.39 kB
dist/assets/purchaseIdentityBinding-tFcjnp2u.js                       0.78 kB │ gzip:     0.34 kB
dist/assets/web-BY6ZfZlR.js                                           0.90 kB │ gzip:     0.43 kB
dist/assets/web-Bi-ni2Sr.js                                           1.06 kB │ gzip:     0.52 kB
dist/assets/courseEntryCopy-ClIZWujk.js                               1.35 kB │ gzip:     0.72 kB
dist/assets/Legal-DuYQl-z6.js                                         2.00 kB │ gzip:     0.91 kB
dist/assets/growth-CtfcX3mW.js                                        2.07 kB │ gzip:     0.92 kB
dist/assets/account-C2xHxVWw.js                                       2.95 kB │ gzip:     1.37 kB
dist/assets/Support-Bd1NJK_v.js                                       3.54 kB │ gzip:     1.26 kB
dist/assets/Seasons-Cx5q-O-S.js                                       3.65 kB │ gzip:     1.29 kB
dist/assets/rewards-qp_nowTD.js                                       4.17 kB │ gzip:     1.81 kB
dist/assets/Budget-CrLMpXXz.js                                        4.45 kB │ gzip:     1.70 kB
dist/assets/web-B07dQ1oM.js                                           4.65 kB │ gzip:     1.40 kB
dist/assets/Evidence-mjsPR1D0.js                                      5.45 kB │ gzip:     2.00 kB
dist/assets/Tools-B9-6hf_R.js                                         5.60 kB │ gzip:     2.18 kB
dist/assets/Missions-CpBKpgl4.js                                      5.65 kB │ gzip:     2.05 kB
dist/assets/LifeScore-DIjissD-.js                                     5.72 kB │ gzip:     1.92 kB
dist/assets/Bridge-BFEPYSej.js                                        6.53 kB │ gzip:     1.96 kB
dist/assets/FutureSelf-BbO-v5y0.js                                    6.86 kB │ gzip:     1.94 kB
dist/assets/MissionFlows-BVLV8WNI.js                                  8.10 kB │ gzip:     2.50 kB
dist/assets/index-Ci4F8FHs.js                                         8.72 kB │ gzip:     3.31 kB
dist/assets/web-B6fcvkfk.js                                          10.19 kB │ gzip:     2.10 kB
dist/assets/purchases-D_E9nsBh.js                                    10.51 kB │ gzip:     3.49 kB
dist/assets/PublicTwoFutures-hx9bgbMX.js                             11.24 kB │ gzip:     3.71 kB
dist/assets/Account-YtdFCeIS.js                                      11.76 kB │ gzip:     3.62 kB
dist/assets/support-BsLFr1ar.js                                      11.79 kB │ gzip:     4.95 kB
dist/assets/DreamArt-QOM1MpIS.js                                     12.84 kB │ gzip:     2.50 kB
dist/assets/FocusTimerHub-C1LEDwYT.js                                14.88 kB │ gzip:     4.25 kB
dist/assets/Me-CIPY_DGj.js                                           16.31 kB │ gzip:     5.70 kB
dist/assets/Upgrade-DqMf3rwz.js                                      19.68 kB │ gzip:     6.40 kB
dist/assets/TwoFutures-M7wxfEQ-.js                                   19.69 kB │ gzip:     5.43 kB
dist/assets/SoundRoom-COdjV4DD.js                                    22.10 kB │ gzip:     8.39 kB
dist/assets/media-2mgEiOLR.js                                        23.75 kB │ gzip:     9.29 kB
dist/assets/Bank-Xecf0Ed9.js                                         29.78 kB │ gzip:     8.21 kB
dist/assets/Settings-C6mLbzHb.js                                     41.22 kB │ gzip:    12.89 kB
dist/assets/Coach-CL71N973.js                                        48.50 kB │ gzip:    15.86 kB
dist/assets/Notebook-CgtZHVDa.js                                     49.24 kB │ gzip:    14.33 kB
dist/assets/Dreams-7cI2IaVx.js                                       53.11 kB │ gzip:    14.99 kB
dist/assets/DailyMicroHabits-QHqsPxtg.js                             56.82 kB │ gzip:    14.79 kB
dist/assets/Progress-ByZt_5M5.js                                     75.84 kB │ gzip:    18.19 kB
dist/assets/Courses-BolwnlVd.js                                     118.04 kB │ gzip:    37.99 kB
dist/assets/motion-HNvQpnN_.js                                      128.88 kB │ gzip:    42.38 kB
dist/assets/Today-D0LkpLfM.js                                       140.16 kB │ gzip:    43.47 kB
dist/assets/supabase--wUpN4Ei.js                                    228.14 kB │ gzip:    59.28 kB
dist/assets/react-5GCfeWye.js                                       229.42 kB │ gzip:    71.53 kB
dist/assets/genai-DNIGCYRr.js                                       409.93 kB │ gzip:    72.77 kB
dist/assets/charts-Bzd-XkHo.js                                      431.58 kB │ gzip:   124.87 kB
dist/assets/tr-Bxmf0hre.js                                          561.31 kB │ gzip:   219.30 kB
dist/assets/es-D_dh5elY.js                                          573.76 kB │ gzip:   217.65 kB
dist/assets/index-BHJu62wr.js                                       950.99 kB │ gzip:   308.55 kB
dist/assets/courses-CKtnra3s.js                                   2,510.75 kB │ gzip:   813.28 kB
dist/assets/index-BMm9S-UO.js                                     5,959.05 kB │ gzip: 2,123.39 kB

(!) Some chunks are larger than 700 kB after minification. Consider:
- Using dynamic import() to code-split the application
- Use build.rollupOptions.output.manualChunks to improve chunking: https://rollupjs.org/configuration-options/#output-manualchunks
- Adjust chunk size limit for this warning via build.chunkSizeWarningLimit.
✓ built in 10.49s
npm notice
npm notice New major version of npm available! 11.9.0 -> 12.2.0
npm notice Changelog: https://github.com/npm/cli/releases/tag/v12.2.0
npm notice To update run: npm install -g npm@12.2.0
npm notice
