
> oda-one-decision-away@1.0.0 build
> vite build

vite v6.4.3 building for production...
<script src="/one-decision-away/theme-init.js"> in "/index.html" can't be bundled without type="module" attribute
transforming...
✓ 3380 modules transformed.
rendering chunks...
[plugin vite:reporter] 
(!) /workspace/oda-purchase-identity-fix/src/services/cloudSync.ts is dynamically imported by /workspace/oda-purchase-identity-fix/src/main.tsx but also statically imported by /workspace/oda-purchase-identity-fix/src/components/BackupAndCloudSettings.tsx, /workspace/oda-purchase-identity-fix/src/components/BackupReminder.tsx, /workspace/oda-purchase-identity-fix/src/components/DailyNudgesSettings.tsx, /workspace/oda-purchase-identity-fix/src/pages/Account.tsx, /workspace/oda-purchase-identity-fix/src/pages/Coach.tsx, /workspace/oda-purchase-identity-fix/src/pages/Upgrade.tsx, /workspace/oda-purchase-identity-fix/src/services/cloudCoach.ts, /workspace/oda-purchase-identity-fix/src/services/courseProgress.ts, /workspace/oda-purchase-identity-fix/src/services/pushNotifications.ts, /workspace/oda-purchase-identity-fix/src/services/repository.ts, /workspace/oda-purchase-identity-fix/src/services/useCloudState.ts, /workspace/oda-purchase-identity-fix/src/store/useApp.tsx, dynamic import will not move module into another chunk.

computing gzip size...
dist/index.html                                                       3.43 kB │ gzip:     1.13 kB
dist/assets/hanken-grotesk-vietnamese-wght-normal-CHiFlh_0.woff2      9.32 kB
dist/assets/hanken-grotesk-latin-ext-wght-normal-Dg-wlmqe.woff2      19.59 kB
dist/assets/newsreader-vietnamese-opsz-normal-BjhtXyW2.woff2         27.25 kB
dist/assets/newsreader-vietnamese-opsz-italic-DTr-ymY4.woff2         27.90 kB
dist/assets/hanken-grotesk-latin-wght-normal-CaVRRdDk.woff2          34.70 kB
dist/assets/newsreader-latin-ext-opsz-normal-BQn1nviT.woff2          86.61 kB
dist/assets/newsreader-latin-ext-opsz-italic-CSPGnFdO.woff2          95.54 kB
dist/assets/newsreader-latin-opsz-normal-s-izfB6B.woff2             132.00 kB
dist/assets/newsreader-latin-opsz-italic-kJKFiXvB.woff2             146.87 kB
dist/assets/aiCoach.worker-C60CQ1Xm.js                            6,039.34 kB
dist/assets/Today-D76Bu5Fr.css                                        4.80 kB │ gzip:     1.29 kB
dist/assets/SoundRoom-CqaeVc25.css                                   10.94 kB │ gzip:     2.71 kB
dist/assets/Courses-dAxxx90S.css                                     26.09 kB │ gzip:     4.85 kB
dist/assets/index-D6Ptr9gO.css                                      108.09 kB │ gzip:    22.67 kB
dist/assets/de-FmFgRqLi.js                                            0.03 kB │ gzip:     0.05 kB
dist/assets/fr-FmFgRqLi.js                                            0.03 kB │ gzip:     0.05 kB
dist/assets/it-FmFgRqLi.js                                            0.03 kB │ gzip:     0.05 kB
dist/assets/ru-FmFgRqLi.js                                            0.03 kB │ gzip:     0.05 kB
dist/assets/web-DNxJtg3j.js                                           0.18 kB │ gzip:     0.16 kB
dist/assets/useCloudState-BcH5yUxr.js                                 0.20 kB │ gzip:     0.18 kB
dist/assets/chevron-right-BdmS5hMM.js                                 0.30 kB │ gzip:     0.25 kB
dist/assets/square-BnfNYr_L.js                                        0.32 kB │ gzip:     0.26 kB
dist/assets/arrow-up-right-yETWD6lX.js                                0.34 kB │ gzip:     0.27 kB
dist/assets/search-CCEkvc_U.js                                        0.35 kB │ gzip:     0.28 kB
dist/assets/circle-check-DCn-cq35.js                                  0.35 kB │ gzip:     0.28 kB
dist/assets/user-round-B8jIn7Yw.js                                    0.36 kB │ gzip:     0.28 kB
dist/assets/rotate-ccw-DkXwxCDU.js                                    0.37 kB │ gzip:     0.29 kB
dist/assets/index-Dm3eYXHT.js                                         0.38 kB │ gzip:     0.27 kB
dist/assets/mail-D3FOCKVj.js                                          0.39 kB │ gzip:     0.31 kB
dist/assets/moon-C1-UfraX.js                                          0.39 kB │ gzip:     0.31 kB
dist/assets/log-out-B1rPb6Ph.js                                       0.40 kB │ gzip:     0.30 kB
dist/assets/headphones-Cuk-Eazc.js                                    0.41 kB │ gzip:     0.29 kB
dist/assets/timer-CocOriFZ.js                                         0.41 kB │ gzip:     0.29 kB
dist/assets/wind-C6B1Fw39.js                                          0.42 kB │ gzip:     0.30 kB
dist/assets/archive-2GvEWAXD.js                                       0.43 kB │ gzip:     0.31 kB
dist/assets/route-DOb5xa3C.js                                         0.43 kB │ gzip:     0.31 kB
dist/assets/lock-keyhole-DACkmYiP.js                                  0.43 kB │ gzip:     0.33 kB
dist/assets/index-BRcTBN9o.js                                         0.45 kB │ gzip:     0.28 kB
dist/assets/pencil-CrmvIQf0.js                                        0.45 kB │ gzip:     0.33 kB
dist/assets/pen-line-ele_yKI7.js                                      0.45 kB │ gzip:     0.33 kB
dist/assets/index-potsxqSS.js                                         0.48 kB │ gzip:     0.29 kB
dist/assets/refresh-cw-oxFILx8_.js                                    0.50 kB │ gzip:     0.33 kB
dist/assets/trash-2-ChwmhoUI.js                                       0.50 kB │ gzip:     0.32 kB
dist/assets/Focus-COQIiUv4.js                                         0.53 kB │ gzip:     0.33 kB
dist/assets/share-2-C8V-tol4.js                                       0.53 kB │ gzip:     0.34 kB
dist/assets/shuffle-Cy4bOIGd.js                                       0.56 kB │ gzip:     0.35 kB
dist/assets/sun-moon-DYxO61jq.js                                      0.57 kB │ gzip:     0.38 kB
dist/assets/waves-CYyunBDr.js                                         0.60 kB │ gzip:     0.32 kB
dist/assets/sparkles-DQjgTgTX.js                                      0.67 kB │ gzip:     0.39 kB
dist/assets/calendar-days-DIMOQy_S.js                                 0.67 kB │ gzip:     0.37 kB
dist/assets/index-BOkXOill.js                                         0.67 kB │ gzip:     0.42 kB
dist/assets/trending-up-6EdWjyTr.js                                   0.69 kB │ gzip:     0.34 kB
dist/assets/index-2MA4HOao.js                                         0.72 kB │ gzip:     0.41 kB
dist/assets/music-BNlp0ZSA.js                                         0.75 kB │ gzip:     0.40 kB
dist/assets/purchaseIdentityBinding-tFcjnp2u.js                       0.78 kB │ gzip:     0.34 kB
dist/assets/web-IbZ-tQFJ.js                                           0.90 kB │ gzip:     0.43 kB
dist/assets/web-DgiKDthy.js                                           1.06 kB │ gzip:     0.52 kB
dist/assets/courseEntryCopy-ClIZWujk.js                               1.35 kB │ gzip:     0.72 kB
dist/assets/Legal-CH7SGpoJ.js                                         2.00 kB │ gzip:     0.91 kB
dist/assets/growth-CtfcX3mW.js                                        2.07 kB │ gzip:     0.92 kB
dist/assets/Support-wPWD6MHR.js                                       3.54 kB │ gzip:     1.26 kB
dist/assets/Seasons-CosEcmO3.js                                       3.65 kB │ gzip:     1.29 kB
dist/assets/rewards-f4Nobzk-.js                                       4.17 kB │ gzip:     1.81 kB
dist/assets/Budget-DtDNT8EX.js                                        4.45 kB │ gzip:     1.70 kB
dist/assets/web-BJgtLpSE.js                                           4.65 kB │ gzip:     1.40 kB
dist/assets/Evidence-BK9pQI0D.js                                      5.45 kB │ gzip:     2.00 kB
dist/assets/Tools-CWcXJdpF.js                                         5.60 kB │ gzip:     2.18 kB
dist/assets/Missions-DdYUWENH.js                                      5.65 kB │ gzip:     2.05 kB
dist/assets/LifeScore-0Q0jjnQF.js                                     5.72 kB │ gzip:     1.92 kB
dist/assets/Bridge-BAQlmOG3.js                                        6.53 kB │ gzip:     1.96 kB
dist/assets/FutureSelf-siNFZYy4.js                                    6.86 kB │ gzip:     1.94 kB
dist/assets/MissionFlows-DaktAwFy.js                                  8.10 kB │ gzip:     2.50 kB
dist/assets/index-DNsj-dhN.js                                         8.72 kB │ gzip:     3.31 kB
dist/assets/web-DBbz705b.js                                          10.19 kB │ gzip:     2.10 kB
dist/assets/Account-DaMI-JIl.js                                      10.41 kB │ gzip:     3.24 kB
dist/assets/purchases-BjVIfy6J.js                                    10.50 kB │ gzip:     3.48 kB
dist/assets/PublicTwoFutures-DQaBU-2m.js                             11.24 kB │ gzip:     3.71 kB
dist/assets/support-BBSBaL_t.js                                      11.79 kB │ gzip:     4.95 kB
dist/assets/DreamArt-CsDsbfwu.js                                     12.84 kB │ gzip:     2.50 kB
dist/assets/FocusTimerHub-D_Ao42AE.js                                14.88 kB │ gzip:     4.25 kB
dist/assets/Me-CXwLd7Tc.js                                           16.31 kB │ gzip:     5.70 kB
dist/assets/Upgrade-CCQokxKD.js                                      19.68 kB │ gzip:     6.40 kB
dist/assets/TwoFutures-DGlaR-23.js                                   19.69 kB │ gzip:     5.42 kB
dist/assets/SoundRoom-C6W54GwK.js                                    20.30 kB │ gzip:     7.74 kB
dist/assets/media-2mgEiOLR.js                                        23.75 kB │ gzip:     9.29 kB
dist/assets/Bank-CTfeo1wM.js                                         29.78 kB │ gzip:     8.21 kB
dist/assets/Settings-B5suL7My.js                                     40.84 kB │ gzip:    12.79 kB
dist/assets/Coach-CQ63UX2l.js                                        48.50 kB │ gzip:    15.86 kB
dist/assets/Notebook-C6alu7G4.js                                     48.78 kB │ gzip:    14.17 kB
dist/assets/Dreams-jJZIHpZV.js                                       53.11 kB │ gzip:    14.99 kB
dist/assets/DailyMicroHabits-CQBo097D.js                             56.82 kB │ gzip:    14.79 kB
dist/assets/Progress-DFNxsbws.js                                     75.84 kB │ gzip:    18.19 kB
dist/assets/Courses-DSn9EGkc.js                                     118.04 kB │ gzip:    37.99 kB
dist/assets/motion-HNvQpnN_.js                                      128.88 kB │ gzip:    42.38 kB
dist/assets/Today-BJOWAh0R.js                                       140.16 kB │ gzip:    43.46 kB
dist/assets/supabase--wUpN4Ei.js                                    228.14 kB │ gzip:    59.28 kB
dist/assets/react-5GCfeWye.js                                       229.42 kB │ gzip:    71.53 kB
dist/assets/genai-DNIGCYRr.js                                       409.93 kB │ gzip:    72.77 kB
dist/assets/charts-Bzd-XkHo.js                                      431.58 kB │ gzip:   124.87 kB
dist/assets/tr-Bxmf0hre.js                                          561.31 kB │ gzip:   219.30 kB
dist/assets/es-D_dh5elY.js                                          573.76 kB │ gzip:   217.65 kB
dist/assets/index-CCDlpWJE.js                                       935.41 kB │ gzip:   304.75 kB
dist/assets/courses-CKtnra3s.js                                   2,510.75 kB │ gzip:   813.28 kB
dist/assets/index-BMm9S-UO.js                                     5,959.05 kB │ gzip: 2,123.39 kB

(!) Some chunks are larger than 700 kB after minification. Consider:
- Using dynamic import() to code-split the application
- Use build.rollupOptions.output.manualChunks to improve chunking: https://rollupjs.org/configuration-options/#output-manualchunks
- Adjust chunk size limit for this warning via build.chunkSizeWarningLimit.
✓ built in 10.17s
npm notice
npm notice New major version of npm available! 11.9.0 -> 12.2.0
npm notice Changelog: https://github.com/npm/cli/releases/tag/v12.2.0
npm notice To update run: npm install -g npm@12.2.0
npm notice
