{"sourceCommit":"f02ce3344c3b75090e99e7e3e9c1f988251c3f24","cases":2,"pngs":14,"checks":16,"error":{"name":"Error","message":"Command failed: python /workspace/scratch/oda-landing-photographic/browser-qa/contrast_pixels.py /workspace/scratch/oda-landing-photographic/browser-qa/final/landing-en-light-320-contrast-input.json /workspace/scratch/oda-landing-photographic/browser-qa/final/landing-en-light-320-contrast.json","stack":"Error: Command failed: python /workspace/scratch/oda-landing-photographic/browser-qa/contrast_pixels.py /workspace/scratch/oda-landing-photographic/browser-qa/final/landing-en-light-320-contrast-input.json /workspace/scratch/oda-landing-photographic/browser-qa/final/landing-en-light-320-contrast.json\n    at genericNodeError (node:internal/errors:985:15)\n    at wrappedFn (node:internal/errors:539:14)\n    at checkExecSyncError (node:child_process:942:11)\n    at execFileSync (node:child_process:978:15)\n    at actualTextContrast (file:///workspace/scratch/oda-landing-photographic/browser-qa/contrast-capture.mjs:29:2)\n    at async file:///workspace/scratch/oda-landing-photographic/browser-qa/qa.mjs:69:67"}}
node:internal/modules/run_main:107
    triggerUncaughtException(
    ^

Error: Command failed: python /workspace/scratch/oda-landing-photographic/browser-qa/contrast_pixels.py /workspace/scratch/oda-landing-photographic/browser-qa/final/landing-en-light-320-contrast-input.json /workspace/scratch/oda-landing-photographic/browser-qa/final/landing-en-light-320-contrast.json
    at genericNodeError (node:internal/errors:985:15)
    at wrappedFn (node:internal/errors:539:14)
    at checkExecSyncError (node:child_process:942:11)
    at execFileSync (node:child_process:978:15)
    at actualTextContrast (file:///workspace/scratch/oda-landing-photographic/browser-qa/contrast-capture.mjs:29:2)
    at async file:///workspace/scratch/oda-landing-photographic/browser-qa/qa.mjs:69:67 {
  status: 2,
  signal: null,
  output: [
    null,
    Buffer(511) [Uint8Array] [
      123,  34, 111, 117, 116, 112, 117, 116,  34,  58,  32,  34,
       47, 119, 111, 114, 107, 115, 112,  97,  99, 101,  47, 115,
       99, 114,  97, 116,  99, 104,  47, 111, 100,  97,  45, 108,
       97, 110, 100, 105, 110, 103,  45, 112, 104, 111, 116, 111,
      103, 114,  97, 112, 104, 105,  99,  47,  98, 114, 111, 119,
      115, 101, 114,  45, 113,  97,  47, 102, 105, 110,  97, 108,
       47, 108,  97, 110, 100, 105, 110, 103,  45, 101, 110,  45,
      108, 105, 103, 104, 116,  45,  51,  50,  48,  45,  99, 111,
      110, 116, 114,  97,
      ... 411 more items
    ],
    Buffer(0) [Uint8Array] []
  ],
  pid: 360359,
  stdout: Buffer(511) [Uint8Array] [
    123,  34, 111, 117, 116, 112, 117, 116,  34,  58,  32,  34,
     47, 119, 111, 114, 107, 115, 112,  97,  99, 101,  47, 115,
     99, 114,  97, 116,  99, 104,  47, 111, 100,  97,  45, 108,
     97, 110, 100, 105, 110, 103,  45, 112, 104, 111, 116, 111,
    103, 114,  97, 112, 104, 105,  99,  47,  98, 114, 111, 119,
    115, 101, 114,  45, 113,  97,  47, 102, 105, 110,  97, 108,
     47, 108,  97, 110, 100, 105, 110, 103,  45, 101, 110,  45,
    108, 105, 103, 104, 116,  45,  51,  50,  48,  45,  99, 111,
    110, 116, 114,  97,
    ... 411 more items
  ],
  stderr: Buffer(0) [Uint8Array] []
}

Node.js v24.19.0
