
> oda-one-decision-away@1.0.0 check
> npm run lint && node scripts/validate-i18n.mjs && node --import tsx scripts/test-i18n.ts && node --import tsx scripts/test-notebook.ts && node --import tsx scripts/test-notebook-voice.ts && node --import tsx scripts/test-routing.ts && npm test && npm run build


> oda-one-decision-away@1.0.0 lint
> tsc --noEmit

npm notice
npm notice New major version of npm available! 11.9.0 -> 12.2.0
npm notice Changelog: https://github.com/npm/cli/releases/tag/v12.2.0
npm notice To update run: npm install -g npm@12.2.0
npm notice
tr: 6824 entries; missing keys 0; placeholder differences 0
es: 6824 entries; missing keys 0; placeholder differences 0
English-first startup, saved choices, EN/TR/ES switching, fallback and repeated placeholders passed.
✔ old backups normalize without copying or losing any legacy Dream Journal field (2.028622ms)
✔ new writing of every kind including affirmation earns 25 once; intention alone does not (1.91535ms)
✔ edit, no-op, delete and recreate preserve immutable once-per-day reward claims (1.239267ms)
✔ local writing day and existing UTC reward ceiling are separate and cap-safe (0.467058ms)
✔ 369 only counts matching written intentions, allows partial saves and retains archived histories (1.800335ms)
✔ 369 derives a real 33-day streak and preserves the achieved target after a gap (1.301009ms)
✔ 369 matches Turkish dotted/dotless uppercase pairs without stripping meaningful accents (0.387537ms)
✔ calendar streaks use local days across DST, not elapsed 24-hour periods (0.525095ms)
✔ validation rejects blank entries, future dates, past creation and excess slots without altering input (0.58824ms)
✔ legacy edits preserve photos, links and original date; unified JSON roundtrip is lossless (6.432879ms)
✔ real repository serializes concurrent writes, protects from stale saves, and honors explicit restore (10.079791ms)
✔ stale whole-document saves do not resurrect deleted legacy entries or lose new ones (1.394792ms)
✔ Notebook rebases after a delayed load against a concurrent profile and ledger save (1.018532ms)
✔ concurrent mission and Notebook reward evaluation share the same 2500 ceiling (7.307013ms)
✔ failed storage saves reject, do not push cloud or claim rewards, and queue recovers (1.250373ms)
✔ unreadable saved JSON is preserved, never silently replaced with seed data (0.192721ms)
✔ explicit local restore blocks older cloud data across failed uploads and is account/project scoped (14.142181ms)
✔ an old in-flight cloud upload cannot overwrite a newer restored snapshot or clear its marker (4.52418ms)
✔ a signed-out import binds to the first later connection and stays isolated from other accounts (4.897214ms)
ℹ tests 19
ℹ suites 0
ℹ pass 19
ℹ fail 0
ℹ cancelled 0
ℹ skipped 0
ℹ todo 0
ℹ duration_ms 65.958371
Notebook voice uses device speech only, preserves preferences and handles unavailable speech.
✔ root hosting retains history paths, including direct reloads (0.974044ms)
✔ project hosting keeps every navigation on the same static document (0.295076ms)
✔ landing URLs and non-route fragments do not become unknown routes (0.734031ms)
✔ back/forward hash entries resolve to canonical route IDs (0.188345ms)
✔ icons and service worker URLs stay under their deployment base (0.185952ms)
✔ service worker precaches only its project directory (15.379846ms)
✔ standalone support remains available offline without replacing the application shell (5.740911ms)
✔ activation preserves sibling apps and this version media cache (1.500332ms)
✔ notification defaults and legacy targets open the project hash route (1.080245ms)
✔ installed app metadata refreshes instead of retaining the cached identity (1.890573ms)
✔ installed app metadata remains available offline (1.037561ms)
ℹ tests 11
ℹ suites 0
ℹ pass 11
ℹ fail 0
ℹ cancelled 0
ℹ skipped 0
ℹ todo 0
ℹ duration_ms 35.902707

> oda-one-decision-away@1.0.0 test
> node --import tsx --test tests/*.test.ts supabase/functions/send-nudges/core.test.ts supabase/functions/send-nudges/push-worker.test.ts

✔ 600 scheduled selections are unique across 100 local calendar days and repeat only in the next cycle (3.731579ms)
✔ calendar-day index is independent of server timezone, DST boundaries and midnight UTC (0.475129ms)
✔ sender blocks private-network endpoints, embedded credentials, lookalike hosts and unexpected ports (0.373826ms)
✔ payload identifies adaptation/translation and routes stay valid for root and project hosting (1.501393ms)
✔ cron authenticator requires a substantial matching secret (11.238926ms)
✔ push event displays the real server payload without an open client (2.315416ms)
✔ unexpected push fields cannot become arbitrary notification options (0.861585ms)
✔ does not load a runtime before explicit initialization and blocks unsupported devices (1.626413ms)
✔ context retains the latest user turn, merges interrupted turns, and ignores injected roles (0.496872ms)
✔ streams accumulated visible content and disables reasoning output (1.537488ms)
✔ aborting initialization disposes the downloading runtime and allows retry (3.347137ms)
[ODA Coach] Generation failed: Error: GPU device lost: out of memory
    at Object.generate (/workspace/oda-reference-redesign/tests/ai-coach.test.ts:117:35)
    at <anonymous> (/workspace/oda-reference-redesign/src/services/aiCoach.ts:256:68)
    at Object.stream (/workspace/oda-reference-redesign/src/services/aiCoach.ts:300:5)
    at TestContext.<anonymous> (/workspace/oda-reference-redesign/tests/ai-coach.test.ts:122:30)
    at async Test.run (node:internal/test_runner/test:1389:7)
    at async Test.processPendingSubtests (node:internal/test_runner/test:960:7)
✔ cancellation drains generation, suppresses late text, and releases the next request (2.492163ms)
✔ generation failures are actionable, never become a canned coach reply, and require restart (4.150313ms)
✔ unload cancels an active operation, releases memory and supports a fresh initialization (0.571635ms)
✔ ambient renders are long independent stereo textures with finite bounded levels (151.846177ms)
✔ scene identities differ in spectrum and amplitude dynamics (32.137686ms)
✔ loop overlaps join continuous adjacent noise without a boundary spike (46.051032ms)
✔ seeds reproduce review samples and produce a new texture when changed (127.418102ms)
✔ one Sound Room track keeps one title across categories, including intentional noise reuse (0.300796ms)
✔ fresh startup seeds and absent records do not prompt for a backup (1.94839ms)
✔ empty notebook, lesson, experiment and weekly-review shells are not saved personal work (0.765849ms)
✔ the first saved journal, scripting or future letter qualifies without three older records (1.460852ms)
✔ a saved intention, gratitude note or affirmation qualifies before any decision completion (0.70693ms)
✔ an interrupted first lesson answer of zero, practice checkbox or reflection qualifies (0.710405ms)
✔ the first course plan, paused attempt or saved review qualifies independently of lesson completion (0.599918ms)
✔ one saved weekly review with no kept decisions qualifies (0.175826ms)
✔ one completion, kept decision, vision choice or dream-journal entry preserves existing eligibility (1.521102ms)
✔ a valid downloaded backup suppresses until the exact fourteen-day boundary (0.4621ms)
✔ invalid, absent and future export or cloud timestamps never suppress protection (0.466687ms)
✔ freshness compares actual ISO instants and accepts leap days without calendar normalization (0.123988ms)
✔ only configured, signed-in, recent scoped cloud success with no error suppresses the reminder (0.273494ms)
✔ a recent export still protects work when cloud sync fails, and session dismissal remains respected (0.275597ms)
✔ eligibility does not alter saved work or cloud status, and all three locales explain protection without promising sync (0.375188ms)
✔ restore safety: weekly review text cannot be an object (3.710588ms)
✔ restore safety: life score records need sortable timestamps (0.891991ms)
✔ restore safety: bridge records need their rendered amounts (0.82569ms)
✔ restore safety: a pinned dream name cannot be a React object child (1.528754ms)
✔ legacy course storage migrates into the personal record without changing other data (5.407948ms)
✔ course edits, completion, experiment plans and logs roundtrip through JSON backup (4.058855ms)
✔ a stale save from another feature retains newer lesson notes and practice logs (1.938755ms)
✔ a legacy backup keeps local courses; an explicit empty course backup clears them (1.749649ms)
✔ validation rejects malformed personal, notebook and course data before any storage write (4.320872ms)
✔ quota failures keep the entire previous record and legacy key intact, and a retry succeeds (1.296843ms)
✔ unreadable main data is never replaced by a course-only save (0.507308ms)
✔ lesson edits and re-completion retain the real-world experiment history (0.280936ms)
✔ course mutations wait for the shared write lock and rebase onto a concurrent notebook commit (0.909487ms)
✔ ledger and notebook rewards retain one UTC ceiling when the local decision day differs (14.22057ms)
✔ cloud upload captures current courses and invalid cloud backups leave local storage untouched (12.116164ms)
✔ cloud previews do not change last-sync or local data until the reviewed record is committed (3.902468ms)
✔ Bank chart keeps UTC ledger Today and date labels aligned at New York evening (27.448848ms)
✔ Bank seven-day earnings window is Sep 25 through Oct 1 for the UTC ledger day (3.853434ms)
✔ Savings includes the first displayed UTC day in net and pace, excluding opening history (4.555788ms)
✔ Savings net includes mixed first-day credits, spending and the current UTC day (3.325685ms)
✔ Bank chart formats ledger dates in selected tr UI locale (22.917087ms)
✔ Bank chart formats ledger dates in selected es UI locale (18.862708ms)
✔ a welcome grant preserves the balance and supplies zero practice evidence (1.584098ms)
✔ mixed financial deposits cannot inflate distinct kept days or completed decisions (6.768066ms)
✔ practice week follows local calendar boundaries and repeated days count once (0.19873ms)
✔ reward labels distinguish symbolic unlocking from actual D$ pace estimates in every locale (0.397262ms)
✔ client and server agree on the message limits (0.711357ms)
✔ the request keeps the last 12 messages, trims each to 1500 characters and drops empty ones (0.6672ms)
✔ context is sent only when there is something to send, and is trimmed (0.280805ms)
✔ responses map to a result or a typed error (0.960113ms)
✔ the shared context holds only today, the last kept decisions and short journal lines (6.627844ms)
✔ a matching current durable document uploads and records current plus historical confirmation (32.684084ms)
✔ a stale rendered profile payload cannot roll acknowledged cloud work backward (17.032628ms)
✔ a stale rendered notebook payload cannot roll acknowledged cloud work backward (4.829282ms)
✔ a stale rendered futureSelf payload cannot roll acknowledged cloud work backward (4.077884ms)
✔ missing authoritative local record rejects a push before any cloud query (11.901439ms)
✔ invalid-json authoritative local record rejects a push before any cloud query (3.814084ms)
✔ invalid-document authoritative local record rejects a push before any cloud query (3.301399ms)
✔ a course-only stale caller uses the existing latest-course normalization and can upload (6.78983ms)
✔ an ordinary repository save invalidates current confirmation immediately and retains history (4.387452ms)
✔ a durable Notebook action invalidates confirmation without waiting for its debounce (4.676851ms)
✔ a durable course save invalidates confirmation without requiring the AppProvider event listener (2.675391ms)
✔ a save suppressed by its account guard still makes the current durable document dirty (2.617393ms)
✔ a failed durable repository write preserves previous current confirmation (4.232267ms)
✔ a failed durable notebook write preserves previous current confirmation (3.696426ms)
✔ a failed durable course write preserves previous current confirmation (3.473649ms)
✔ dirty startup does not automatically restore the same acknowledged cloud baseline over newer device work (3.901648ms)
✔ an old in-flight upload retains its remote baseline while the latest durable document remains dirty (5.79911ms)
✔ the latest queued durable payload updates after an older in-flight upload without reverting cloud or device (9.78202ms)
✔ a cloud-restore fingerprint resolve after account drift returns false without publishing obsolete status (4.377408ms)
✔ a cloud-restore fingerprint reject after account drift returns false without publishing obsolete status (3.888628ms)
✔ a cloud-restore fingerprint resolve after project drift returns false without publishing obsolete status (5.927114ms)
✔ a cloud-restore fingerprint reject after project drift returns false without publishing obsolete status (3.54721ms)
✔ a cloud-restore fingerprint resolve after local-record drift returns false without publishing obsolete status (4.634397ms)
✔ a cloud-restore fingerprint reject after local-record drift returns false without publishing obsolete status (10.655132ms)
✔ a rejected current cloud-restore fingerprint returns false, preserves durable data and reports unconfirmed backup (12.747409ms)
✔ cloud-restore acknowledgement owner-quota failure returns a boolean and keeps the durable restored record (3.637146ms)
✔ cloud-restore acknowledgement document-read failure returns a boolean and keeps the durable restored record (2.678696ms)
✔ a clean-reload confirmation fingerprint resolve after account B cannot publish account A status (6.359599ms)
✔ a clean-reload confirmation fingerprint reject after account B cannot publish account A status (2.499304ms)
✔ confirmation bootstrap after a clean reload is tied to the actual persisted document (5.099841ms)
✔ confirmation bootstrap after a dirty reload preserves device work and historical cloud time (3.112963ms)
✔ a coherently hydrated external-tab edit cannot inherit another tab’s current-document confirmation (3.055266ms)
✔ a pending cloud SELECT cannot replace data after account switch (2.811226ms)
✔ a pending cloud SELECT cannot replace data after project switch (0.458444ms)
✔ a pending cloud SELECT cannot replace data after logout and reauthentication as the same account (0.616283ms)
✔ a pending cloud SELECT cannot replace data after an explicit local import barrier (0.694402ms)
✔ a pending cloud SELECT cannot replace data after newer saved personal writing (0.618236ms)
✔ a reviewed cloud restore is checked inside the write lock after account switch (11.273988ms)
✔ a reviewed cloud restore is checked inside the write lock after project switch (1.746905ms)
✔ a reviewed cloud restore is checked inside the write lock after logout and reauthentication as the same account (1.141909ms)
✔ a reviewed cloud restore is checked inside the write lock after an explicit local import barrier (1.252377ms)
✔ a reviewed cloud restore is checked inside the write lock after newer saved personal writing (1.314661ms)
✔ an unchanged reviewed cloud record commits once and records its scoped sync (2.308886ms)
✔ manual sync cannot fall back to uploading a captured previous-account snapshot (0.459045ms)
✔ a delayed automatic backup remains bound to its original account (0.383721ms)
✔ an old upload success cannot mark or emit the new cloud scope (7.810635ms)
✔ an old upload failure cannot mark or emit the new cloud scope (1.755487ms)
✔ fresh OTP sign-in cannot overwrite existing cloud work on the first ordinary save (7.377309ms)
✔ an absent cloud row is inserted once and acknowledges the returned server version and exact data (10.829866ms)
✔ offline SELECT throws and reconnect retain both records (3.362291ms)
✔ offline SELECT resolved and reconnect retain both records (1.681856ms)
✔ shared device A→B→A cannot reuse the historical acknowledgement of A after B owns the record (15.118635ms)
✔ a stale upload SELECT after account cannot write or alter current-scope status (1.52567ms)
✔ a stale upload SELECT after project cannot write or alter current-scope status (1.074988ms)
✔ a stale upload SELECT after logout-return cannot write or alter current-scope status (1.046154ms)
✔ a stale upload SELECT after local-edit cannot write or alter current-scope status (1.183672ms)
✔ a stale upload SELECT after import cannot write or alter current-scope status (1.633272ms)
✔ same-version remote content changed at the fresh read cannot authorize overwrite (3.393929ms)
✔ canonical acknowledgement treats reordered object keys as equal, but retains array order (5.836507ms)
✔ a changed remote version between SELECT and UPDATE yields zero rows and never acknowledges success (3.435591ms)
✔ an absent-row insert race preserves the winning cloud record and holds the import token (1.725202ms)
✔ empty returned write representation never acknowledges or clears import intent (1.281671ms)
✔ missing returned write representation never acknowledges or clears import intent (2.33803ms)
✔ invalid-data returned write representation never acknowledges or clears import intent (1.343684ms)
✔ invalid-version returned write representation never acknowledges or clears import intent (1.29452ms)
✔ multiple returned write representation never acknowledges or clears import intent (1.417036ms)
✔ a legacy timestamp-only acknowledgement cannot authorize an existing-row upload (1.213558ms)
✔ previewing or declining a cloud restore creates no acknowledgement and later saves remain held (1.671201ms)
✔ accepted cloud restore acknowledges the raw fetched JSON, including omitted legacy course data (5.797318ms)
✔ an explicit import facing unacknowledged existing cloud keeps bytes/token and cannot bypass review protection (1.384256ms)
✔ an explicit import into absent cloud can insert and clear only its still-current token (2.605124ms)
✔ a late write response cannot acknowledge a new account or clear a newer import token (2.507466ms)
✔ a write response cannot clear an import created while that same account upload waited (1.360269ms)
✔ acknowledgement storage failure does not report sync success or clear imported intent (5.127353ms)
✔ hash failure cannot mutate cloud or acknowledge the local record (3.069758ms)
✔ awaited remote fingerprint after account cannot authorize a stale write (5.40973ms)
✔ awaited remote fingerprint after local-edit cannot authorize a stale write (2.841462ms)
✔ awaited remote fingerprint after import cannot authorize a stale write (3.916254ms)
✔ a malformed-data SELECT pauses upload without choosing a winner (1.003329ms)
✔ a invalid-version SELECT pauses upload without choosing a winner (0.877619ms)
✔ successful upload acknowledges the actual returned server version rather than the attempted client timestamp (4.459562ms)
✔ a rejected reviewed restore cannot establish cloud acknowledgement (2.003413ms)
✔ a regressed clock advances the conditional write beyond remote microseconds 2040-01-01T00:00:00.999999Z (3.977503ms)
✔ a regressed clock advances the conditional write beyond remote microseconds 2040-01-01T00:00:00.000001+00:00 (3.174656ms)
✔ a valid returned document differing from the sent snapshot cannot establish upload permission (2.111177ms)
✔ a represented conditional write that fails to advance its version cannot be acknowledged (3.389531ms)
✔ an absent-row insert is not attempted when payload hashing is unavailable (1.006073ms)
✔ another owner recorded during hashing invalidates an earlier acknowledgement without changing device bytes (3.550666ms)
✔ another owner recorded during an upload response cannot be overwritten by its late acknowledgement (1.376113ms)
✔ an acknowledgement storage-read failure after durable restore returns false and preserves the restored record (1.368311ms)
✔ a rejected SELECT after a newer local save cannot replace that newer status (1.106746ms)
✔ a manual preview stays paused without acknowledging cloud work until an accepted commit (1.725683ms)
✔ manual review exposes unacknowledged/changed cloud at -1000ms while default startup policy remains unchanged (2.197798ms)
✔ manual review exposes unacknowledged/changed cloud at 0ms while default startup policy remains unchanged (2.213161ms)
✔ manual review exposes unacknowledged/changed cloud at 1000ms while default startup policy remains unchanged (2.002642ms)
✔ known limitation: a legacy same-version mutation after SELECT can pass timestamp-only CAS (4.311968ms)
✔ levels and monthly limits match the plan (2.111948ms)
✔ the highest active RevenueCat entitlement wins; expired ones do not count (0.300725ms)
✔ the tier cache is fresh for ten minutes (0.131239ms)
✔ requests are validated, trimmed and may be empty for a status check (0.433546ms)
✔ crisis words in English, Turkish and Spanish are caught; everyday worry is not (2.336457ms)
✔ the prompt sets the persona, safety rules and reply language; context reaches only the coach level (0.266143ms)
✔ the function keeps secrets and message text out of code and logs (0.315638ms)
✔ no AI provider secret is referenced from the app bundle code (25.057097ms)
✔ lightweight course previews and restore metadata match each real edition (6.019483ms)
✔ English editions keep every course and lesson ID of the Turkish edition (3.905533ms)
✔ every English lesson goes deeper and tells an example story (2.162454ms)
✔ every course and lesson has a real, distinct photo with alt text (0.380336ms)
✔ technique cards name their origin, give doable steps and say honestly what the evidence supports (0.851669ms)
✔ every course states its purpose, scope and outcome, with usable lesson durations (0.331321ms)
✔ the bibliography distinguishes research from guidance and includes usable HTTPS references and limitations (1.016789ms)
✔ every lesson cites existing sources and every advertised research source is used (0.362009ms)
✔ each lesson has two reading paragraphs, three distinct practice instructions and reflection support (3.745731ms)
✔ each lesson offers three distinct answers, one valid correct index and explanatory feedback (1.039414ms)
✔ every lesson has one visual; charts quote a source the lesson cites (0.551676ms)
✔ Spanish editions mirror the English structure (2.616612ms)
✔ Spanish source ids are unique (0.308437ms)
✔ stable course IDs keep their ordered lesson IDs for stored progress (1.284585ms)
✔ every course and lesson has a real, distinct photo with Turkish alt text (1.918164ms)
✔ technique cards name their origin, give doable steps and say honestly what the evidence supports (1.866276ms)
✔ every course states its purpose, scope and outcome, with usable lesson durations (0.898079ms)
✔ the bibliography distinguishes research from guidance and includes usable HTTPS references and limitations (2.158758ms)
✔ every lesson cites existing sources and every advertised research source is used (0.791548ms)
✔ each lesson has two reading paragraphs, three distinct practice instructions and reflection support (18.900506ms)
✔ each lesson offers three distinct answers, one valid correct index and explanatory feedback (2.360083ms)
✔ every lesson has one visual; charts quote a source the lesson cites (1.153657ms)
✔ every untouched course previews its real edition without creating saved learning (3.464605ms)
✔ a saved tick, answer zero, reflection or completion constitutes learning, unlike a blank record (1.819354ms)
✔ saved progress resumes each of the 103 actual lessons across all three editions and Today agrees (33.581233ms)
✔ a later draft cannot skip unfinished prerequisite lessons (0.351973ms)
✔ workbook-only plans stay available for review without inventing lesson progress (0.610434ms)
✔ ordinary saves retain an explicit view while account and same-account backup replacement invalidate it (0.179142ms)
✔ course entry instructions have matching localized keys and keep the actual lesson-number placeholder (0.367637ms)
✔ all 18 courses have distinct, actionable guides in every supported language (1.405768ms)
✔ studio is optional and initially collapsed; completed courses open their transfer practice (38.337153ms)
✔ new plans preserve optionality and keep an independent copy of private fields (0.763556ms)
✔ untrusted backup data cannot introduce unknown courses, malformed dates, duplicate entries, or oversized notes (0.910378ms)
✔ retrying the same journal entry is idempotent; paused and adapted entries retain honest observations (0.53464ms)
✔ journal keeps the most recent bounded entries and does not mutate input during normalization (0.705117ms)
✔ calendar validation handles leap days, impossible dates, and week/month/year transitions (0.194003ms)
✔ due review needs a usable plan; completing review sets a fresh revisit without losing reflection (0.181966ms)
✔ course progress saves and completed lessons keep the plan, journal, and review after an interrupted round trip (1.01088ms)
✔ a practice plan cannot unlock lessons or manufacture completion (0.345013ms)
✔ a localized portable artifact retains ordinary private text without embedding executable HTML (0.272843ms)
✔ rapid edits remain visible and are replayed in order under serialized persistence (6.016789ms)
✔ failed drafts survive later edits and a retry rebases them over unrelated saved work (0.788254ms)
✔ same-tab save notifications retain newer input while an earlier batch is committing (0.374347ms)
✔ unexpected persistence exceptions preserve private work and allow a later successful save (0.273604ms)
✔ retry clicked while a failed write is settling starts a fresh persistence attempt (0.289669ms)
✔ malformed and unsupported records recover to separate empty states (1.901679ms)
✔ unknown IDs and properties are discarded; checklists are resized with strict booleans (0.638738ms)
✔ negative, fractional, nonnumeric and out-of-range answers do not satisfy a lesson (0.678427ms)
✔ notes are bounded while their newlines and ordinary content survive (0.160373ms)
✔ tampered completion cannot bypass the exercise, answer or preceding lessons (0.323961ms)
✔ valid completed prefixes survive independently for different courses (0.380126ms)
✔ draft updates are immutable and cannot mark a lesson complete (0.29707ms)
✔ completion follows the real course in order and is idempotent (1.400149ms)
✔ editing a completed prerequisite revalidates later lessons without losing drafts (0.395058ms)
✔ caller-supplied lesson and course objects cannot change the answer or bypass a course (0.314626ms)
✔ saving and reloading preserve a completed lesson and an unfinished draft (1.410075ms)
✔ blocked storage and quota failures are reported without throwing (0.894504ms)
✔ a decision kept today takes priority over array order and an older active carry-over (1.32744ms)
✔ a newly chosen decision after a kept one remains actionable today (0.167544ms)
✔ yesterday’s completion, archived decisions, invalid timestamps and future plans never masquerade as today (0.177849ms)
✔ daily decisions use the local calendar around UTC midnight in both timezone directions (0.417432ms)
✔ a missed weekly review remains available on Wednesday and follows local Sunday boundaries (0.150027ms)
✔ weekly evidence counts actual distinct days and bounds entries to the reviewed calendar week (6.917132ms)
✔ an unfinished decision can be reviewed without inventing completed progress (0.184309ms)
✔ saving and editing a daily reflection preserves other pages, rewards once, and survives JSON backup replacement (1.071703ms)
✔ course continuation resumes selected work before the suggested course and advances to the actual incomplete lesson (0.309279ms)
✔ course continuation recognizes an interrupted first answer of zero and never offers an already completed course (0.27787ms)
✔ daily loop copy has explicit matching nonempty English, Turkish and Spanish strings (1.108849ms)
✔ concurrent retries of a kept daily decision record evidence and reward exactly once (16.019644ms)
✔ deep backup safety: reject unparseable notebook day before replacing any storage (6.713003ms)
✔ deep backup safety: reject impossible calendar day before replacing any storage (1.388212ms)
✔ deep backup safety: reject object mood rendered in journal before replacing any storage (1.295101ms)
✔ deep backup safety: reject object prompt assigned to editor before replacing any storage (1.473481ms)
✔ deep backup safety: reject unknown kind hidden by every writing surface before replacing any storage (1.804932ms)
✔ deep backup safety: reject unparseable gratitude day before replacing any storage (1.272967ms)
✔ deep backup safety: reject invalid writing activity day before replacing any storage (1.230894ms)
✔ deep backup safety: reject invalid ledger day before replacing any storage (0.951881ms)
✔ deep backup safety: reject object activity transaction reference before replacing any storage (1.10308ms)
✔ deep backup safety: reject invalid 369 start day before replacing any storage (1.322653ms)
✔ deep backup safety: reject invalid 369 history day before replacing any storage (0.994646ms)
✔ deep backup safety: reject object archive marker hiding a practice before replacing any storage (0.91841ms)
✔ deep backup safety: reject object 369 day timestamp before replacing any storage (0.975847ms)
✔ deep backup safety: reject dream instant producing an invalid display day before replacing any storage (0.795594ms)
✔ deep backup safety: reject invalid course attempt day silently dropping a note before replacing any storage (1.24836ms)
✔ deep backup safety: reject invalid course review due date before replacing any storage (1.024381ms)
✔ deep backup safety: reject invalid course review completion date before replacing any storage (1.038062ms)
✔ deep backup safety: legitimate exported writing, legacy moods, and leap days roundtrip and render (27.042222ms)
✔ deep backup safety: legacy backups without a notebook retain dream fields and local courses (6.83634ms)
✔ an earlier account sync timestamp cannot hide another account cloud record (14.296365ms)
✔ a legacy unscoped timestamp is not proof that this account is synchronized (1.646593ms)
✔ an account deletion response cannot sign out a later signed-in account (0.863938ms)
✔ an account deletion response cannot clear a new project connection (0.27742ms)
✔ a late cloud coach reply cannot be accepted in another account scope (19.272138ms)
✔ account deletion cannot start with another account after awaiting the client (0.372273ms)
✔ cloud coach context consent is isolated between accounts and projects (0.282598ms)
✔ a token refresh keeps the current account coach request valid (0.71997ms)
✔ a project change while reading a coach response also expires its content (0.381107ms)
✔ stopping the coach cancels a response body still being downloaded (0.559517ms)
✔ a queued backup cannot upload a local document rolled back while it waited (6.73671ms)
✔ the latest queued backup still uploads after a preceding slower backup (10.83229ms)
✔ returning to an earlier account cannot reuse its timestamp for another account local record (4.809042ms)
✔ a replaced dataset cannot inherit this account historical synchronization proof (2.297098ms)
✔ an owner-metadata quota failure cannot advertise a newer synchronized local record (6.277094ms)
✔ every localized course can complete and carry its notes into the other editions (24.569473ms)
✔ practice calendar keeps the local day across UTC midnight and daylight-saving weeks (0.629783ms)
✔ a transient personal-record read failure cannot replace already saved course work with an empty fallback (3.055967ms)
✔ a blocked-save session retains private edits and warning after its only view unmounts, then retries successfully (0.86564ms)
✔ explicit replacement cancels a queued old draft while allowing new edits to save after the lock releases (0.831588ms)
✔ a transient legacy-course read failure cannot overwrite the previous separate course record (0.386635ms)
✔ a different tab replacement discards old private draft before replay even when its storage event has not arrived (2.001891ms)
✔ other-tab provisional replacement notifications wait for rollback before inspecting epochs or discarding private drafts (1.137402ms)
✔ same-tab course publication runs under the lock before another tab can project a provisional replacement (0.598697ms)
✔ purchases and payments committed within one clock tick keep distinct identities (5.5815ms)
✔ habit completion dates agree with the local Today calendar on either side of UTC midnight (1.178694ms)
✔ habit yesterday and streaks count actual calendar dates through both DST changes (0.267665ms)
✔ habits roll over at local midnight and keep the previous local day history (1.496926ms)
✔ rollover fallback converts the last-opened instant to its local day (0.265082ms)
✔ date-only values display their saved day while timestamps retain instant conversion (12.525384ms)
✔ calendar formatting rejects normalized impossible days and keeps invalid values readable (0.289068ms)
✔ habit reward identity survives undo, reload and UTC midnight without paying the same local day twice (0.308858ms)
✔ local midnight cannot earn the same habit twice in the UTC reward day (0.139511ms)
✔ habit and check-in rewards share the notebook UTC ceiling, including partial and exhausted budgets (0.239302ms)
✔ a profile save captured before a decision completion retains the kept decision and its evidence (16.428122ms)
✔ concurrent purchases retain both dreams and both payments (3.392426ms)
✔ concurrent purchase checks reject a second claim for the same dream (2.25878ms)
✔ concurrent purchases check affordability against the payment that committed first (1.301661ms)
✔ concurrent savings additions retain both amounts and log entries (2.4172ms)
✔ disjoint profile changes from the same baseline both survive (1.025202ms)
✔ conflicting edits to the same profile field reject before any write and notify the UI (1.258556ms)
✔ an intentional mission deletion and reorder survive a disjoint newer settings save (1.076129ms)
✔ concurrent edits to the mission array reject rather than inventing a merged list (0.849316ms)
✔ even an identical explicit restore invalidates snapshots that were captured before it (1.762028ms)
✔ a profile write queued behind a restore cannot resurrect pre-restore writing (2.210827ms)
✔ legacy records missing transactions can merge a settings edit after a course-only write (0.76584ms)
✔ clearing and recreating the personal record invalidates earlier editable snapshots (1.761306ms)
✔ deleting imported own magic keys while another nested field changes never revives them (0.921185ms)
✔ mission evidence, generated bridges and savings logs keep unique IDs in a single clock tick (2.531403ms)
✔ all 160 shipped English cue identities/text hashes match the 11 runtime sessions (2.796394ms)
✔ every public MP3 byte count/checksum matches delivered metadata and no model/runtime is shipped (25.110568ms)
✔ all shipped decoded/container durations fit the original cue windows with at least250ms margin (5.895916ms)
✔ service worker leaves narration to the verified on-demand cache and does not precache MP3s (0.324681ms)
✔ levels are ordered free < essentials < pro < coach (1.370465ms)
✔ coach message allowances follow the product spec (0.147674ms)
✔ essential courses exist, and Turning Day is not one of them (it is free for all) (0.19801ms)
✔ nothing is locked where subscriptions cannot be bought (web), at any level (0.305573ms)
✔ free level: Turning Day in full, first lessons of the rest, first sounds of each category (0.175355ms)
✔ essentials opens the six core courses and the whole Sound Room, not the rest (0.223808ms)
✔ pro and coach open every lesson and sound (0.265793ms)
✔ six products: two per paid level, ids match the App Store spec (0.313415ms)
✔ RevenueCat entitlements resolve to the highest active level (0.289198ms)
✔ annual saving is computed from real prices only (0.306865ms)
✔ Stop cancels a cue still waiting for synthesis without starting audio (2.292811ms)
✔ deferred synthesis starts at the latest requested volume 0 (0.560579ms)
✔ deferred audio resume starts at the latest requested volume 0 (0.355979ms)
✔ deferred Settings preview preserves requested volume 0 (0.380716ms)
✔ deferred synthesis starts at the latest requested volume 0.35 (0.364602ms)
✔ deferred audio resume starts at the latest requested volume 0.35 (0.352363ms)
✔ deferred Settings preview preserves requested volume 0.35 (0.257129ms)
✔ a volume change during loading preserves stop protection (0.316809ms)
✔ a volume change during loading preserves pause-resume protection (0.299023ms)
✔ a volume change during loading preserves new-session protection (0.366916ms)
✔ a newer cue owns playback when an older synthesis resolves later (0.316038ms)
✔ Pause then Resume cannot resurrect a cue waiting for synthesis (0.25742ms)
✔ Stop also cancels a cue waiting for the audio context to resume (0.206292ms)
✔ a new cue supersedes one waiting for the audio context to resume (0.300545ms)
✔ Pause and Resume invalidate pending context-resume playback (0.276989ms)
✔ replacement immediately stops active audio while the new clip is pending (0.365263ms)
✔ stale source completion cannot clear or end the new cue (0.37614ms)
✔ Pause and Resume preserve an already-started cue without starting it twice (0.279784ms)
✔ unavailable synthesis reports failure without creating an audio source (0.179602ms)
✔ a failed audio context resume reports failure without starting playback (1.207298ms)
✔ a failed source start reports failure and never announces playback (0.358743ms)
✔ English narration cache stays the same when UI locale changes (45.790607ms)
✔ a Settings preview resolving after Stop cannot start playback (0.383291ms)
✔ a Settings preview resolving after a newer cue cannot interrupt it (0.366535ms)
✔ every approved PNG and both approval manifests remain unchanged (17.62831ms)
✔ served responsive variants match actual lossless bitstream dimensions, hashes, and complete-frame geometry (31.356845ms)
✔ all real course covers and tree stages have deployment-scoped responsive sources and retain PNG fallbacks (21.467853ms)
✔ modern-image failures retry the original; PNG and malformed failures reach the existing final fallback (0.271671ms)
✔ 3D decorative growth preserves 60 kept decisions and 30 extra blossoms (1.313099ms)
✔ 3D display normalizes invalid counts without changing the evidence source (0.214124ms)
✔ static legal pages match src/data/legal.ts (run npx tsx scripts/build-legal.ts) (1.149691ms)
✔ every language has the same sections and names the company (0.18445ms)
✔ privacy policy covers what App Review checks (0.275027ms)
✔ local day keys and day gaps follow the calendar, not UTC (1.066014ms)
✔ evidence lists kept decisions newest first and counts the last seven days (9.080749ms)
✔ comeback is kind after a lapse and silent otherwise (0.468459ms)
✔ fresh starts land on the first of the month and on Mondays (0.194385ms)
✔ simple mode lasts a week or until three kept decisions, and can be switched off (0.399094ms)
✔ the day-14 question appears once, only for people who used decisions (0.381047ms)
✔ the weekly look-back is offered on Sunday and Monday, once per week, and its change lasts a week (1.0111ms)
✔ the chain forgives one missed day a week, but not two in a row or two in a week (1.007565ms)
✔ smart reminders aim 30 minutes before the usual kept time, once there is enough history (0.64024ms)
✔ every sign-up intent points at a real course and offers three easy decisions (98.243722ms)
✔ the reminder voice keeps one line per day and never threatens a streak (1.509525ms)
✔ every iOS project and application build configuration enforces the Safari 16.4 baseline (1.105434ms)
✔ Capacitor sync keeps a compatible generated Swift package floor without lowering the app minimum (135.671047ms)
✔ installed native dependency library floors are compatible with the Swift wrapper and app (0.368849ms)
✔ native metadata cannot override the application minimum with an older target (0.668662ms)
✔ native Settings and Account use the shared code flow with device copy in en (13.010828ms)
✔ native Settings and Account use the shared code flow with device copy in tr (27.38434ms)
✔ native Settings and Account use the shared code flow with device copy in es (18.055075ms)
✔ web backup keeps its inline magic-link form and Account keeps link copy (3.401309ms)
✔ native configured signed-in backup retains sync and sign-out actions (2.637663ms)
✔ unconfigured native cloud does not offer a sign-in request (1.716829ms)
✔ actual cloud request and verification use one injected auth adapter and trim input (1.5388ms)
✔ interrupted setup restores fields without allowing a nameless final step (1.155129ms)
✔ a fresh preview seeds only an empty decision and never overwrites restored or typed text (0.167864ms)
✔ unknown, malformed and oversized setup drafts are safely bounded (0.152631ms)
✔ trial length comes only from a free intro offer (0.745459ms)
✔ native reminders: a week ahead, past times skipped, stable ids (0.74597ms)
✔ native planner rejects malformed times and keeps a bounded week inside its namespace (0.694872ms)
✔ interrupted native scheduling leaves the newest state and preserves other notifications (5.657886ms)
✔ a native plugin error does not prevent the next reminder replacement (0.474799ms)
✔ startup waits for restored account rather than temporarily identifying anonymous (1.415813ms)
✔ known sign-out and rapid identity changes are announced immediately, same-ID retry events remain usable (0.197269ms)
✔ failed authentication hydration stays unbound and never identifies anonymous or reads SDK entitlement (0.364782ms)
✔ dispose during initial hydration prevents any late entitlement initialization (0.147043ms)
✔ retry hydrates a currently unknown account before requesting identity or offerings (0.254896ms)
✔ retry with failed hydration cannot bind anonymous or make a subscription request (0.132471ms)
✔ cloud initialization callers share the real restoration promise and never finish early (42.487477ms)
✔ actual failed cloud restoration remains unknown and a later retry can establish the same account (0.899692ms)
✔ a resolved auth error is unknown identity rather than a verified anonymous account (0.899342ms)
✔ unbound init leaves cached native A untouched and exposes prices without personal claims (3.415591ms)
✔ explicitly binding cached A confirms it without login or logout (1.573833ms)
✔ desired B is recorded during native setup before any cached A customer read (8.611518ms)
✔ failed logout clears A claims synchronously and leaves purchase and restore denied (4.000687ms)
✔ staged A, B, A login requests serialize native identity mutation (2.25841ms)
✔ an A purchase settling after desired B success cannot grant B (1.006854ms)
✔ an A purchase settling after desired B cancellation cannot grant B (0.78626ms)
✔ a failed same-ID login can retry without treating desired ID as confirmed ID (0.848014ms)
✔ an offline refresh for confirmed same A preserves its verified entitlement (0.809496ms)
✔ listener payload is only invalidation and canonical aliases do not impersonate another account (0.926283ms)
✔ late A offerings cannot install A packages or personal claims into desired B (0.968546ms)
✔ late A trial eligibility cannot restore a free-trial claim during a B transition (0.913674ms)
✔ a held A customer load from initialization cannot overwrite a later desired B (0.755114ms)
✔ an A restore settling after desired B fails without applying A customer info (0.889577ms)
✔ defer during a held purchase drops trust without native calls and explicit cached-A rebind refreshes it (2.952901ms)
✔ defer during first native setup cancels the old A load and leaves cached A for an explicit rebind (0.473908ms)
✔ defer and immediate same-A rebind cannot accept the older held A customer snapshot (0.828004ms)
✔ canonical A listener refresh rejects its held snapshot if native identity externally drifts to B (0.96432ms)
✔ initial getAppUserID failure at verification read 1 leaves A unconfirmed/free and retryable (1.245676ms)
✔ initial getAppUserID failure at verification read 2 leaves A unconfirmed/free and retryable (0.326214ms)
✔ initial getAppUserID failure at verification read 3 leaves A unconfirmed/free and retryable (0.273734ms)
✔ initial getAppUserID failure at verification read 4 leaves A unconfirmed/free and retryable (0.412675ms)
✔ initial isAnonymous failure at verification read 1 leaves A unconfirmed/free and retryable (0.202948ms)
✔ initial isAnonymous failure at verification read 2 leaves A unconfirmed/free and retryable (0.246473ms)
✔ initial isAnonymous failure at verification read 3 leaves A unconfirmed/free and retryable (0.2046ms)
✔ initial isAnonymous failure at verification read 4 leaves A unconfirmed/free and retryable (0.211771ms)
✔ native paid gates apply before SDK init and after defer while the free samples stay open (0.219212ms)
✔ web and keyless native gates stay open before init and after defer without loading an SDK (0.21842ms)
✔ purchase cannot commit A after desired B arrives in nested verification microtask depth 2 (2.02131ms)
✔ purchase cannot commit A after desired B arrives in nested verification microtask depth 3 (0.683234ms)
✔ restore cannot commit A after desired B arrives in nested verification microtask depth 2 (0.592266ms)
✔ restore cannot commit A after desired B arrives in nested verification microtask depth 3 (0.650645ms)
✔ init cannot commit A after desired B arrives in nested verification microtask depth 2 (0.590244ms)
✔ init cannot commit A after desired B arrives in nested verification microtask depth 3 (0.467688ms)
✔ offerings failure is retryable without configuring or listening twice (2.692677ms)
✔ concurrent initialization shares one pending configure and plan load (6.951805ms)
✔ failed configuration can retry, while a completed setup remains single (0.625326ms)
✔ listener setup failure retries the listener without configuring again (0.555882ms)
✔ a successful empty offering may retry when plans become available (0.702464ms)
✔ free intro pricing is advertised only for confirmed eligible customers (1.064301ms)
✔ missing or failed eligibility checks keep regular prices and unknown trial status (0.617304ms)
✔ an interrupted eligibility refresh after identity change clears the earlier free-trial claim (0.384282ms)
✔ cancelled, pending and failed purchase errors remain distinct and never grant access (0.983899ms)
✔ a successful store response without the requested entitlement remains unconfirmed (0.384832ms)
✔ confirmed entitlement grants access and later SDK updates retain the real highest level (1.656338ms)
✔ restore distinguishes store failure, successful no-plan check, and active entitlement (0.616373ms)
✔ web and unconfigured native flows never load a purchase SDK or create a purchase (0.234445ms)
✔ free duration uses valid store units and cycles, without inventing 30-day months (0.106661ms)
✔ scoped EN/TR/ES uncertain purchase feedback makes no charge or reminder guarantee (0.284611ms)
✔ preserves the first 300 passages and appends exactly 100 each from faith, science and philosophy in order (2.135893ms)
✔ all 600 sourced passages have unique IDs and bilingual text without recycling legacy lines (47.026308ms)
✔ six notifications stay distinct for 100 full days, then repeat, and match the server snapshot across a year boundary (8.594462ms)
✔ local day remains stable from morning to evening; six-time migration preserves existing preferences (1.259056ms)
✔ legacy three-reminder profiles keep their evening time and gain six distinct reminders (0.358002ms)
✔ migration resolves default collisions only in missing slots and reserves later saved slots first (0.420187ms)
✔ every thinker passage links to a Gutenberg book whose text is kept in docs/quote-sources (14.137064ms)
✔ construction does no fetch/decode; current/upcoming preload reuses the current request (28.570236ms)
✔ Stop aborts loading and no late response starts a source (0.970529ms)
✔ Pause cancels original load; Resume retries current cue with a frozen slot and latest volume (0.968537ms)
✔ Pause→Stop discards current loading retry and Resume does not resurrect it (0.479456ms)
✔ new session cancels old load and only the new session owns audio (0.907514ms)
✔ active pause/resume continues the same cue offset without repeating its start or accepting stale end (1.20861ms)
✔ Replay replaces current source at offset zero and reuses decoded audio (0.457262ms)
✔ latest volume 0 wins after delayed clip loading and changes active gain (0.44247ms)
✔ latest volume 0.35 wins after delayed clip loading and changes active gain (0.418393ms)
✔ latest volume after deferred context resume and Stop/new cue protects pending resume (2.491733ms)
✔ expired loading budget and decoder duration mismatch never start audio (0.716545ms)
✔ missing bytes, bad checksum/source text and nonrunning device fail without invoking a provider (1.095418ms)
✔ verified persisted bytes permit offline replay in a new player; corrupt cached bytes are rejected (2.525163ms)
✔ a definitive recording failure cannot retry on Pause→Resume over a device fallback (0.519266ms)
✔ resumed load failure retains only bounded fallback metadata, never a resumable recording (0.660781ms)
✔ root hosting retains history paths, including direct reloads (1.036449ms)
✔ project hosting keeps every navigation on the same static document (0.324992ms)
✔ landing URLs and non-route fragments do not become unknown routes (0.155655ms)
✔ back/forward hash entries resolve to canonical route IDs (0.134504ms)
✔ icons and service worker URLs stay under their deployment base (0.169156ms)
✔ each person reads and writes only their own backup; anonymous visitors get nothing (2108.514015ms)
✔ an oversized backup is refused (1248.469265ms)
✔ cloud coach counters: people read only their own rows and cannot write or call the increment (1252.253755ms)
✔ the monthly increment stops exactly at the limit and a refund gives one back (1244.128828ms)
✔ a strict Content Security Policy ships with the page (1.318376ms)
✔ index.html has no inline scripts (the CSP forbids them) (0.494258ms)
✔ no raw HTML or eval sinks in the app code (15.820953ms)
✔ links that open a new tab cannot reach back into ODA (5.823857ms)
✔ no secret keys in the shipped code (14.86114ms)
✔ production builds carry no source maps (0.229737ms)
✔ service worker precaches only its project directory (16.848999ms)
✔ standalone support remains available offline without replacing the application shell (4.765906ms)
✔ activation preserves sibling apps and this version media cache (1.406159ms)
✔ notification defaults and legacy targets open the project hash route (1.944744ms)
✔ installed app metadata refreshes instead of retaining the cached identity (1.884873ms)
✔ installed app metadata remains available offline (1.115228ms)
✔ native free direct starts and toggles cannot start an all-paid track (2.603432ms)
✔ downgrade hard-stops owned restricted playing selection without page subscribers (30.506146ms)
✔ downgrade hard-stops owned restricted paused selection without page subscribers (39.91348ms)
✔ downgrade hard-stops owned restricted expired selection without page subscribers (21.685362ms)
✔ owned paid playing selection revokes on identityConfirmed even with a paid cached tier (0.761813ms)
✔ owned paid paused selection revokes on identityConfirmed even with a paid cached tier (0.950048ms)
✔ owned paid expired selection revokes on identityConfirmed even with a paid cached tier (2.225039ms)
✔ owned paid playing selection revokes on identityRevision even with a paid cached tier (0.411052ms)
✔ owned paid paused selection revokes on identityRevision even with a paid cached tier (0.924239ms)
✔ owned paid expired selection revokes on identityRevision even with a paid cached tier (1.760986ms)
✔ same-account confirmed paid access survives offerings loading or failed offline refresh (0.702053ms)
✔ admission reads current purchase state even if a notification has not been emitted (0.266293ms)
✔ live resume and timer change reconcile access even without a purchase notification (0.441358ms)
✔ invalid or mismatched provenance rejects {"sectionId":"relax"} without replacing audio (95.519208ms)
✔ invalid or mismatched provenance rejects {"indexInCategory":3} without replacing audio (43.765361ms)
✔ invalid or mismatched provenance rejects {"sectionId":"focus","indexInCategory":0} without replacing audio (28.703628ms)
✔ invalid or mismatched provenance rejects {"sectionId":"relax","indexInCategory":-1} without replacing audio (27.379393ms)
✔ invalid or mismatched provenance rejects {"sectionId":"relax","indexInCategory":0.5} without replacing audio (26.287559ms)
✔ invalid or mismatched provenance rejects {"sectionId":"relax","indexInCategory":99} without replacing audio (45.274075ms)
✔ essentials admits all catalog origins and preserves the timer and user volume (529.206018ms)
✔ pro admits all catalog origins and preserves the timer and user volume (712.272903ms)
✔ coach admits all catalog origins and preserves the timer and user volume (256.563335ms)
✔ each category first two entries remain free, including duplicate 432 and brown-noise origins (153.983227ms)
✔ omitted-origin admission allows any-free aliases and denies exclusively paid tracks (54.849407ms)
✔ web and unconfigured purchases keep paid sounds open through identity transitions (0.716094ms)
✔ external Focus tibetan_bowls replacement survives Sound Room downgrade (2.944308ms)
✔ external Focus waves replacement survives Sound Room downgrade (64.710518ms)
✔ purchase event during an engine start cannot publish a revoked playing selection (0.602252ms)
✔ purchase event during player publication cannot re-arm the revoked timer (0.449781ms)
✔ external waves replacement during player publication retains its untimed graph (34.617201ms)
✔ external tibetan_bowls replacement during player publication retains its untimed graph (1.837622ms)
✔ an unavailable AudioContext rejects the actual engine start without claiming playback (0.395158ms)
✔ failed buffer allocation retains entitlement ownership of the existing paid graph (28.843435ms)
✔ failed no replacement retains entitlement ownership of the existing paid graph (1.705892ms)
✔ same-track no-op cannot take revocation ownership of an external Focus graph (2.381064ms)
✔ pause publication from SoundRoom cannot fade or time the reentrant external tibetan_bowls graph (2.032387ms)
✔ pause publication from Focus cannot fade or time the reentrant external tibetan_bowls graph (2.825368ms)
✔ pause publication from SoundRoom cannot fade or time the reentrant external waves graph (43.458427ms)
✔ pause publication from Focus cannot fade or time the reentrant external waves graph (23.517666ms)
✔ setTimer publication from SoundRoom cannot fade or time the reentrant external tibetan_bowls graph (2.175113ms)
✔ setTimer publication from Focus cannot fade or time the reentrant external tibetan_bowls graph (2.869284ms)
✔ setTimer publication from SoundRoom cannot fade or time the reentrant external waves graph (45.786375ms)
✔ setTimer publication from Focus cannot fade or time the reentrant external waves graph (23.953876ms)
✔ ordinary PlayerBar timer and pause controls still act on the current external Focus graph (74.896093ms)
✔ silence or an absent audio context cannot publish a playing selection (0.424283ms)
✔ breath pacer runs at about 5.5 breaths a minute (0.733691ms)
✔ breathPhase: inhale first, then exhale, then repeats (0.665227ms)
✔ breathPhase is safe with odd input (0.135765ms)
✔ formatRemaining (0.137308ms)
✔ timer fades: a minute for sleep, short otherwise, never over half the timer (0.167744ms)
✔ arming a timer retains the independent three-second attack and actual stereo loop (100.566568ms)
✔ mute and volume respond immediately at the beginning of a timer fade (37.781562ms)
✔ mute and volume respond immediately at the middle of a timer fade (18.212905ms)
✔ mute and volume respond immediately at the end of a timer fade (22.241413ms)
✔ running fades can shorten but do not extend, and timer cancellation preserves user volume (60.75876ms)
✔ shortening a running fade with a delay cannot restore a louder envelope (109.678669ms)
✔ browsers without cancelAndHold retain the current level when shortening a fade (90.836528ms)
✔ track switches release the previous graph and repeated switches/stops bound resources (643.930447ms)
✔ stop/restart of a tone cancels its initial bowl and recurring callbacks (1.001917ms)
✔ natural bowl endings disconnect their tails while the current ambient drone continues (0.704717ms)
✔ Sound Room timer arming, pause/resume and expiry keep player state and start fade intact (54.49136ms)
✔ external restart of the same track clears the Sound Room countdown and timer selection (82.41723ms)
✔ public support is generated from the same localized help as the app (3.128527ms)
✔ each store locale links to the shipped public support artifact (0.261135ms)
✔ growth keeps an exact capped ledger through every stage boundary and beyond the canopy (6.979097ms)
✔ approved tree pixels and normalized roots match their independent asset manifest (8.707754ms)
✔ rendered paywall claims a free trial only for confirmed eligibility (40.039781ms)
✔ rendered failed offerings include an explicit retry action (7.005376ms)
✔ web paywall keeps free access and does not offer a purchase CTA (6.142159ms)
✔ unconfirmed identity shows truthful verification retry and disables buy and restore even with cached prices (11.166516ms)
✔ pending identity verification does not render a trial or an enabled restore action (2.706939ms)
✔ guided narration keeps original English text and voice with en UI (3.397294ms)
✔ guided narration keeps original English text and voice with tr UI (34.486783ms)
✔ guided narration keeps original English text and voice with es UI (26.607765ms)
✔ English inventory accepts language tags and rejects names or unrelated prefixes (0.708062ms)
✔ an explicitly selected English voice wins over a preferred device name (0.661641ms)
✔ guided speech truthfully reports unavailable with empty inventory (0.697246ms)
✔ guided speech truthfully reports unavailable with non-English inventory (5.077802ms)
✔ late English voice installation refreshes availability and unsubscribe removes listeners (0.515751ms)
✔ Notebook retains verbatim tr text, matching device voice and saved meditation preferences (0.574029ms)
✔ Notebook retains verbatim es text, matching device voice and saved meditation preferences (0.279093ms)
✔ Notebook preserves implicit device language when its voice list has not loaded (0.274796ms)
✔ unsupported device speech does not report available or queued playback (0.208876ms)
✔ empty or disabled cues leave the device queue empty (0.332994ms)
✔ nonzero device volume changes apply to the next utterance without pretending to change active speech (0.402439ms)
✔ zero device volume cancels the owned paused utterance and Resume cannot revive it (0.447338ms)
✔ Stop while device speech is paused lets a new session resume the device queue (0.261807ms)
✔ device cancel failures produce an honest false result (0.233333ms)
✔ device enqueue failures produce an honest false result (0.221486ms)
✔ new cues and Stop detach utterance handlers and ignore captured stale callbacks (0.329529ms)
✔ pause and resume keep the active browser cue, restore speaking state and reject replay while paused (0.249547ms)
✔ stop prevents a delayed provider failure from reviving an obsolete English device cue (0.408879ms)
✔ pause-resume prevents a delayed provider failure from reviving an obsolete English device cue (0.163768ms)
✔ new-cue prevents a delayed provider failure from reviving an obsolete English device cue (0.159852ms)
✔ current provider failure falls back to English device speech; a non-English inventory cannot substitute (0.275918ms)
✔ the optional recorder remains dormant until registration and receives identified current/upcoming cues (0.884439ms)
✔ registered recorder missing clip uses truthful English device fallback without a provider (0.331532ms)
✔ registered recorder overlong clip uses truthful English device fallback without a provider (0.160133ms)
✔ registered recorder wrong language uses truthful English device fallback without a provider (0.193493ms)
✔ registered recorder missing text hash uses truthful English device fallback without a provider (0.162886ms)
✔ registered recorder missing checksum uses truthful English device fallback without a provider (0.17797ms)
✔ registered recorder missing version uses truthful English device fallback without a provider (0.150658ms)
✔ registered recorder wrong cue identity uses truthful English device fallback without a provider (0.167193ms)
✔ registered recorder expired cue slot uses truthful English device fallback without a provider (0.220974ms)
✔ registered recorder unbounded cue slot uses truthful English device fallback without a provider (0.166282ms)
✔ a recorder hash/source verification failure falls back, and absent English speech reports unavailable (0.269878ms)
✔ new cues stop clips and stale recorded callbacks/failures cannot change current playback (0.321517ms)
✔ recorded pause invalidates pending start/fallback even after resume, and Stop invalidates callbacks (0.247104ms)
✔ current recorded load failure falls back to English and unregistering restores device narration (0.228817ms)
✔ synchronous recorded verification and playback errors truthfully queue English fallback (0.307335ms)
✔ a recorded request that already ended cannot later fall back and revive the cue (0.220084ms)
✔ actual playback mode stays loading until recorded start and reports English device fallback (0.325533ms)
✔ a resumed recording failure uses only installed English device speech and rejects stale resume fallback (0.379624ms)
✔ registered recorded volume receives current preference and live zero/nonzero changes (0.241836ms)
ℹ tests 597
ℹ suites 0
ℹ pass 597
ℹ fail 0
ℹ cancelled 0
ℹ skipped 0
ℹ todo 0
ℹ duration_ms 10193.602265
npm notice
npm notice New major version of npm available! 11.9.0 -> 12.2.0
npm notice Changelog: https://github.com/npm/cli/releases/tag/v12.2.0
npm notice To update run: npm install -g npm@12.2.0
npm notice

> oda-one-decision-away@1.0.0 build
> vite build

vite v6.4.3 building for production...
<script src="/one-decision-away/theme-init.js"> in "/index.html" can't be bundled without type="module" attribute
transforming...
✓ 3388 modules transformed.
rendering chunks...
[plugin vite:reporter] 
(!) /workspace/oda-reference-redesign/src/services/cloudSync.ts is dynamically imported by /workspace/oda-reference-redesign/src/main.tsx but also statically imported by /workspace/oda-reference-redesign/src/components/BackupAndCloudSettings.tsx, /workspace/oda-reference-redesign/src/components/BackupReminder.tsx, /workspace/oda-reference-redesign/src/components/DailyNudgesSettings.tsx, /workspace/oda-reference-redesign/src/pages/Account.tsx, /workspace/oda-reference-redesign/src/pages/Coach.tsx, /workspace/oda-reference-redesign/src/pages/Upgrade.tsx, /workspace/oda-reference-redesign/src/services/cloudCoach.ts, /workspace/oda-reference-redesign/src/services/courseProgress.ts, /workspace/oda-reference-redesign/src/services/pushNotifications.ts, /workspace/oda-reference-redesign/src/services/repository.ts, /workspace/oda-reference-redesign/src/services/useCloudState.ts, /workspace/oda-reference-redesign/src/store/useApp.tsx, dynamic import will not move module into another chunk.

computing gzip size...
dist/index.html                                                       3.43 kB │ gzip:     1.14 kB
dist/assets/hanken-grotesk-vietnamese-wght-normal-CHiFlh_0.woff2      9.32 kB
dist/assets/hanken-grotesk-latin-ext-wght-normal-Dg-wlmqe.woff2      19.59 kB
dist/assets/newsreader-vietnamese-opsz-normal-BjhtXyW2.woff2         27.25 kB
dist/assets/newsreader-vietnamese-opsz-italic-DTr-ymY4.woff2         27.90 kB
dist/assets/hanken-grotesk-latin-wght-normal-CaVRRdDk.woff2          34.70 kB
dist/assets/newsreader-latin-ext-opsz-normal-BQn1nviT.woff2          86.61 kB
dist/assets/newsreader-latin-ext-opsz-italic-CSPGnFdO.woff2          95.54 kB
dist/assets/newsreader-latin-opsz-normal-s-izfB6B.woff2             132.00 kB
dist/assets/newsreader-latin-opsz-italic-kJKFiXvB.woff2             146.87 kB
dist/assets/aiCoach.worker-C60CQ1Xm.js                            6,039.34 kB
dist/assets/Today-D76Bu5Fr.css                                        4.80 kB │ gzip:     1.29 kB
dist/assets/Coach-6QKBAJWv.css                                        6.87 kB │ gzip:     2.29 kB
dist/assets/workingSurfaces-C_QYHkGt.css                             11.94 kB │ gzip:     2.77 kB
dist/assets/Notebook-BkOktFbP.css                                    14.26 kB │ gzip:     2.83 kB
dist/assets/SoundRoom-BCq3Xzyc.css                                   18.89 kB │ gzip:     4.63 kB
dist/assets/Courses-BKn5AeI_.css                                     34.16 kB │ gzip:     5.96 kB
dist/assets/index-BD7SNJOJ.css                                      110.59 kB │ gzip:    23.16 kB
dist/assets/de-FmFgRqLi.js                                            0.03 kB │ gzip:     0.05 kB
dist/assets/fr-FmFgRqLi.js                                            0.03 kB │ gzip:     0.05 kB
dist/assets/it-FmFgRqLi.js                                            0.03 kB │ gzip:     0.05 kB
dist/assets/ru-FmFgRqLi.js                                            0.03 kB │ gzip:     0.05 kB
dist/assets/web-jelNmYe3.js                                           0.18 kB │ gzip:     0.16 kB
dist/assets/useCloudState-qwPZUKTd.js                                 0.20 kB │ gzip:     0.18 kB
dist/assets/chevron-right-96_j3FgO.js                                 0.30 kB │ gzip:     0.25 kB
dist/assets/square-DhMme4we.js                                        0.32 kB │ gzip:     0.26 kB
dist/assets/arrow-up-right-B6vcGzn3.js                                0.34 kB │ gzip:     0.27 kB
dist/assets/search-DRqWTLqz.js                                        0.35 kB │ gzip:     0.28 kB
dist/assets/circle-check-2EM6Y_Ec.js                                  0.35 kB │ gzip:     0.28 kB
dist/assets/user-round-C3sFr3vP.js                                    0.36 kB │ gzip:     0.28 kB
dist/assets/rotate-ccw-BEN7Uijg.js                                    0.37 kB │ gzip:     0.29 kB
dist/assets/index-Ble20UH2.js                                         0.38 kB │ gzip:     0.27 kB
dist/assets/mail-DVYFh6-R.js                                          0.39 kB │ gzip:     0.31 kB
dist/assets/moon-B8S9j7L-.js                                          0.39 kB │ gzip:     0.31 kB
dist/assets/headphones-DMLXieAk.js                                    0.41 kB │ gzip:     0.29 kB
dist/assets/timer-9wxnRpUH.js                                         0.41 kB │ gzip:     0.29 kB
dist/assets/wind-DBVAphqN.js                                          0.42 kB │ gzip:     0.30 kB
dist/assets/archive-qGwook6q.js                                       0.43 kB │ gzip:     0.31 kB
dist/assets/route-CWyp6hKE.js                                         0.43 kB │ gzip:     0.31 kB
dist/assets/lock-keyhole-tBRSM2lP.js                                  0.43 kB │ gzip:     0.33 kB
dist/assets/index-D65U-hAg.js                                         0.45 kB │ gzip:     0.28 kB
dist/assets/pencil-CJo7jv9p.js                                        0.45 kB │ gzip:     0.33 kB
dist/assets/pen-line-Dcae3mHO.js                                      0.45 kB │ gzip:     0.33 kB
dist/assets/index-CujUxGjQ.js                                         0.48 kB │ gzip:     0.29 kB
dist/assets/refresh-cw-DQed5QhT.js                                    0.50 kB │ gzip:     0.33 kB
dist/assets/trash-2-Cvj4xWPM.js                                       0.50 kB │ gzip:     0.32 kB
dist/assets/share-2-BGIEes_9.js                                       0.53 kB │ gzip:     0.34 kB
dist/assets/shuffle-WJ8lVRT-.js                                       0.56 kB │ gzip:     0.35 kB
dist/assets/sun-moon-CWcGcE7A.js                                      0.57 kB │ gzip:     0.38 kB
dist/assets/waves-DbLaMXJO.js                                         0.60 kB │ gzip:     0.32 kB
dist/assets/sparkles-BZZaSMRU.js                                      0.67 kB │ gzip:     0.39 kB
dist/assets/calendar-days-CRqkQWOF.js                                 0.67 kB │ gzip:     0.37 kB
dist/assets/index-CjQijb_a.js                                         0.67 kB │ gzip:     0.42 kB
dist/assets/trending-up-CRREAKnE.js                                   0.69 kB │ gzip:     0.34 kB
dist/assets/index-DzM7UiTS.js                                         0.72 kB │ gzip:     0.41 kB
dist/assets/music-em1g72XG.js                                         0.75 kB │ gzip:     0.39 kB
dist/assets/purchaseIdentityBinding-tFcjnp2u.js                       0.78 kB │ gzip:     0.34 kB
dist/assets/Focus-B_K6PJs3.js                                         0.87 kB │ gzip:     0.47 kB
dist/assets/web-DZBS4BWK.js                                           0.90 kB │ gzip:     0.43 kB
dist/assets/web-BRyL25ee.js                                           1.06 kB │ gzip:     0.52 kB
dist/assets/courseEntryCopy-ClIZWujk.js                               1.35 kB │ gzip:     0.72 kB
dist/assets/Legal-D1wcRPGo.js                                         2.00 kB │ gzip:     0.91 kB
dist/assets/growth-CtfcX3mW.js                                        2.07 kB │ gzip:     0.92 kB
dist/assets/account-BdxFpMX8.js                                       2.95 kB │ gzip:     1.37 kB
dist/assets/Support-N5H6U85a.js                                       3.54 kB │ gzip:     1.25 kB
dist/assets/Seasons-0pwyWSQ_.js                                       3.65 kB │ gzip:     1.29 kB
dist/assets/rewards-CzVkJOqP.js                                       4.17 kB │ gzip:     1.81 kB
dist/assets/Budget-B0eGBrvs.js                                        4.45 kB │ gzip:     1.70 kB
dist/assets/web-B6RJnClU.js                                           4.65 kB │ gzip:     1.40 kB
dist/assets/Evidence-Bfnpz6Mg.js                                      5.45 kB │ gzip:     2.00 kB
dist/assets/Tools-dALjMOgy.js                                         5.60 kB │ gzip:     2.18 kB
dist/assets/Missions-BhDhjzvR.js                                      5.65 kB │ gzip:     2.05 kB
dist/assets/LifeScore-CiuNxFrN.js                                     5.72 kB │ gzip:     1.92 kB
dist/assets/CourseCover-DkW5WIHx.js                                   6.18 kB │ gzip:     2.85 kB
dist/assets/Bridge-CFB1-w4B.js                                        6.53 kB │ gzip:     1.96 kB
dist/assets/FutureSelf-DStWZRDC.js                                    6.86 kB │ gzip:     1.94 kB
dist/assets/MissionFlows-B-x3pLJ9.js                                  8.10 kB │ gzip:     2.50 kB
dist/assets/index-Dt6dmnUp.js                                         8.72 kB │ gzip:     3.31 kB
dist/assets/web-D5x_UZSp.js                                          10.19 kB │ gzip:     2.10 kB
dist/assets/purchases-EwtJtn6J.js                                    10.51 kB │ gzip:     3.49 kB
dist/assets/PublicTwoFutures-BGpFOdN6.js                             11.24 kB │ gzip:     3.71 kB
dist/assets/Account-aHJBuVyU.js                                      11.76 kB │ gzip:     3.62 kB
dist/assets/support-Qnvc5mA5.js                                      11.79 kB │ gzip:     4.94 kB
dist/assets/DreamArt-BZ_xTC8O.js                                     12.84 kB │ gzip:     2.50 kB
dist/assets/FocusTimerHub-BUdvZJUw.js                                15.21 kB │ gzip:     4.32 kB
dist/assets/Me-zJEh-P_R.js                                           16.31 kB │ gzip:     5.70 kB
dist/assets/Upgrade-CmcUGASb.js                                      19.68 kB │ gzip:     6.40 kB
dist/assets/TwoFutures-lk5ZQeO8.js                                   19.69 kB │ gzip:     5.43 kB
dist/assets/media-2mgEiOLR.js                                        23.75 kB │ gzip:     9.29 kB
dist/assets/SoundRoom-BVZyjrYA.js                                    26.67 kB │ gzip:     9.71 kB
dist/assets/Bank-BhbjV899.js                                         29.78 kB │ gzip:     8.21 kB
dist/assets/Settings-BV3Arwi8.js                                     41.22 kB │ gzip:    12.89 kB
dist/assets/Coach-CoFrhFYC.js                                        49.37 kB │ gzip:    16.11 kB
dist/assets/Notebook-B_0sZ6XC.js                                     51.75 kB │ gzip:    14.89 kB
dist/assets/Dreams-D4_vSlAn.js                                       53.11 kB │ gzip:    14.99 kB
dist/assets/DailyMicroHabits-LMNbZgRC.js                             56.82 kB │ gzip:    14.79 kB
dist/assets/Progress-CK4wQdss.js                                     75.84 kB │ gzip:    18.19 kB
dist/assets/Courses-D2NsKn4P.js                                     112.20 kB │ gzip:    35.93 kB
dist/assets/motion-HNvQpnN_.js                                      128.88 kB │ gzip:    42.38 kB
dist/assets/Today-DSODibU8.js                                       140.65 kB │ gzip:    43.61 kB
dist/assets/supabase--wUpN4Ei.js                                    228.14 kB │ gzip:    59.28 kB
dist/assets/react-5GCfeWye.js                                       229.42 kB │ gzip:    71.53 kB
dist/assets/genai-DNIGCYRr.js                                       409.93 kB │ gzip:    72.77 kB
dist/assets/charts-Bzd-XkHo.js                                      431.58 kB │ gzip:   124.87 kB
dist/assets/tr-COHWLD3Y.js                                          561.39 kB │ gzip:   219.33 kB
dist/assets/es-qQNFzrdv.js                                          573.85 kB │ gzip:   217.68 kB
dist/assets/index-Do0dbtwl.js                                       951.68 kB │ gzip:   308.79 kB
dist/assets/courses-CKtnra3s.js                                   2,510.75 kB │ gzip:   813.28 kB
dist/assets/index-BMm9S-UO.js                                     5,959.05 kB │ gzip: 2,123.39 kB

(!) Some chunks are larger than 700 kB after minification. Consider:
- Using dynamic import() to code-split the application
- Use build.rollupOptions.output.manualChunks to improve chunking: https://rollupjs.org/configuration-options/#output-manualchunks
- Adjust chunk size limit for this warning via build.chunkSizeWarningLimit.
✓ built in 10.12s
npm notice
npm notice New major version of npm available! 11.9.0 -> 12.2.0
npm notice Changelog: https://github.com/npm/cli/releases/tag/v12.2.0
npm notice To update run: npm install -g npm@12.2.0
npm notice
npm notice
npm notice New major version of npm available! 11.9.0 -> 12.2.0
npm notice Changelog: https://github.com/npm/cli/releases/tag/v12.2.0
npm notice To update run: npm install -g npm@12.2.0
npm notice
