
> oda-one-decision-away@1.0.0 check
> npm run lint && node scripts/validate-i18n.mjs && node --import tsx scripts/test-i18n.ts && node --import tsx scripts/test-notebook.ts && node --import tsx scripts/test-notebook-voice.ts && node --import tsx scripts/test-routing.ts && npm test && npm run build


> oda-one-decision-away@1.0.0 lint
> tsc --noEmit

npm notice
npm notice New major version of npm available! 11.9.0 -> 12.2.0
npm notice Changelog: https://github.com/npm/cli/releases/tag/v12.2.0
npm notice To update run: npm install -g npm@12.2.0
npm notice
tr: 6824 entries; missing keys 0; placeholder differences 0
es: 6824 entries; missing keys 0; placeholder differences 0
English-first startup, saved choices, EN/TR/ES switching, fallback and repeated placeholders passed.
✔ old backups normalize without copying or losing any legacy Dream Journal field (2.076433ms)
✔ new writing of every kind including affirmation earns 25 once; intention alone does not (1.967659ms)
✔ edit, no-op, delete and recreate preserve immutable once-per-day reward claims (0.439786ms)
✔ local writing day and existing UTC reward ceiling are separate and cap-safe (0.390892ms)
✔ 369 only counts matching written intentions, allows partial saves and retains archived histories (1.5061ms)
✔ 369 derives a real 33-day streak and preserves the achieved target after a gap (1.356744ms)
✔ 369 matches Turkish dotted/dotless uppercase pairs without stripping meaningful accents (0.417532ms)
✔ calendar streaks use local days across DST, not elapsed 24-hour periods (0.516662ms)
✔ validation rejects blank entries, future dates, past creation and excess slots without altering input (0.452254ms)
✔ legacy edits preserve photos, links and original date; unified JSON roundtrip is lossless (6.289791ms)
✔ real repository serializes concurrent writes, protects from stale saves, and honors explicit restore (9.983362ms)
✔ stale whole-document saves do not resurrect deleted legacy entries or lose new ones (1.435753ms)
✔ Notebook rebases after a delayed load against a concurrent profile and ledger save (0.915146ms)
✔ concurrent mission and Notebook reward evaluation share the same 2500 ceiling (7.330446ms)
✔ failed storage saves reject, do not push cloud or claim rewards, and queue recovers (1.227839ms)
✔ unreadable saved JSON is preserved, never silently replaced with seed data (0.22427ms)
✔ explicit local restore blocks older cloud data across failed uploads and is account/project scoped (16.535919ms)
✔ an old in-flight cloud upload cannot overwrite a newer restored snapshot or clear its marker (4.259167ms)
✔ a signed-out import binds to the first later connection and stays isolated from other accounts (4.613923ms)
ℹ tests 19
ℹ suites 0
ℹ pass 19
ℹ fail 0
ℹ cancelled 0
ℹ skipped 0
ℹ todo 0
ℹ duration_ms 67.155229
Notebook voice uses device speech only, preserves preferences and handles unavailable speech.
✔ root hosting retains history paths, including direct reloads (0.985571ms)
✔ project hosting keeps every navigation on the same static document (0.284251ms)
✔ landing URLs and non-route fragments do not become unknown routes (0.123938ms)
✔ back/forward hash entries resolve to canonical route IDs (0.126591ms)
✔ icons and service worker URLs stay under their deployment base (0.96498ms)
✔ service worker precaches only its project directory (14.375389ms)
✔ standalone support remains available offline without replacing the application shell (4.643969ms)
✔ activation preserves sibling apps and this version media cache (2.342736ms)
✔ notification defaults and legacy targets open the project hash route (1.167407ms)
✔ installed app metadata refreshes instead of retaining the cached identity (1.847426ms)
✔ installed app metadata remains available offline (0.958ms)
ℹ tests 11
ℹ suites 0
ℹ pass 11
ℹ fail 0
ℹ cancelled 0
ℹ skipped 0
ℹ todo 0
ℹ duration_ms 34.529525

> oda-one-decision-away@1.0.0 test
> node --import tsx --test tests/*.test.ts supabase/functions/send-nudges/core.test.ts supabase/functions/send-nudges/push-worker.test.ts

✔ 600 scheduled selections are unique across 100 local calendar days and repeat only in the next cycle (2.810464ms)
✔ calendar-day index is independent of server timezone, DST boundaries and midnight UTC (0.29091ms)
✔ sender blocks private-network endpoints, embedded credentials, lookalike hosts and unexpected ports (0.320215ms)
✔ payload identifies adaptation/translation and routes stay valid for root and project hosting (1.121518ms)
✔ cron authenticator requires a substantial matching secret (5.948974ms)
✔ push event displays the real server payload without an open client (2.085256ms)
✔ unexpected push fields cannot become arbitrary notification options (0.946443ms)
✔ does not load a runtime before explicit initialization and blocks unsupported devices (1.57906ms)
✔ context retains the latest user turn, merges interrupted turns, and ignores injected roles (0.456541ms)
✔ streams accumulated visible content and disables reasoning output (1.622916ms)
✔ aborting initialization disposes the downloading runtime and allows retry (2.980801ms)
[ODA Coach] Generation failed: Error: GPU device lost: out of memory
    at Object.generate (/workspace/oda-reference-redesign/tests/ai-coach.test.ts:117:35)
    at <anonymous> (/workspace/oda-reference-redesign/src/services/aiCoach.ts:256:68)
    at Object.stream (/workspace/oda-reference-redesign/src/services/aiCoach.ts:300:5)
    at TestContext.<anonymous> (/workspace/oda-reference-redesign/tests/ai-coach.test.ts:122:30)
    at async Test.run (node:internal/test_runner/test:1389:7)
    at async Test.processPendingSubtests (node:internal/test_runner/test:960:7)
✔ cancellation drains generation, suppresses late text, and releases the next request (2.253871ms)
✔ generation failures are actionable, never become a canned coach reply, and require restart (4.30762ms)
✔ unload cancels an active operation, releases memory and supports a fresh initialization (0.58074ms)
✔ ambient renders are long independent stereo textures with finite bounded levels (151.481508ms)
✔ scene identities differ in spectrum and amplitude dynamics (32.940626ms)
✔ loop overlaps join continuous adjacent noise without a boundary spike (57.403388ms)
✔ seeds reproduce review samples and produce a new texture when changed (125.039424ms)
✔ one Sound Room track keeps one title across categories, including intentional noise reuse (0.286173ms)
✔ fresh startup seeds and absent records do not prompt for a backup (1.542334ms)
✔ empty notebook, lesson, experiment and weekly-review shells are not saved personal work (0.895936ms)
✔ the first saved journal, scripting or future letter qualifies without three older records (1.448072ms)
✔ a saved intention, gratitude note or affirmation qualifies before any decision completion (0.63394ms)
✔ an interrupted first lesson answer of zero, practice checkbox or reflection qualifies (0.725849ms)
✔ the first course plan, paused attempt or saved review qualifies independently of lesson completion (0.531214ms)
✔ one saved weekly review with no kept decisions qualifies (0.200323ms)
✔ one completion, kept decision, vision choice or dream-journal entry preserves existing eligibility (0.608721ms)
✔ a valid downloaded backup suppresses until the exact fourteen-day boundary (0.493898ms)
✔ invalid, absent and future export or cloud timestamps never suppress protection (0.478695ms)
✔ freshness compares actual ISO instants and accepts leap days without calendar normalization (0.180152ms)
✔ only configured, signed-in, recent scoped cloud success with no error suppresses the reminder (0.276238ms)
✔ a recent export still protects work when cloud sync fails, and session dismissal remains respected (0.253805ms)
✔ eligibility does not alter saved work or cloud status, and all three locales explain protection without promising sync (0.440236ms)
✔ restore safety: weekly review text cannot be an object (3.342619ms)
✔ restore safety: life score records need sortable timestamps (0.855726ms)
✔ restore safety: bridge records need their rendered amounts (0.767051ms)
✔ restore safety: a pinned dream name cannot be a React object child (0.728272ms)
✔ legacy course storage migrates into the personal record without changing other data (5.002482ms)
✔ course edits, completion, experiment plans and logs roundtrip through JSON backup (3.337382ms)
✔ a stale save from another feature retains newer lesson notes and practice logs (3.009536ms)
✔ a legacy backup keeps local courses; an explicit empty course backup clears them (1.912104ms)
✔ validation rejects malformed personal, notebook and course data before any storage write (4.132756ms)
✔ quota failures keep the entire previous record and legacy key intact, and a retry succeeds (1.426799ms)
✔ unreadable main data is never replaced by a course-only save (0.442299ms)
✔ lesson edits and re-completion retain the real-world experiment history (0.215125ms)
✔ course mutations wait for the shared write lock and rebase onto a concurrent notebook commit (0.856376ms)
✔ ledger and notebook rewards retain one UTC ceiling when the local decision day differs (14.316029ms)
✔ cloud upload captures current courses and invalid cloud backups leave local storage untouched (11.345042ms)
✔ cloud previews do not change last-sync or local data until the reviewed record is committed (3.474119ms)
✔ Bank chart keeps UTC ledger Today and date labels aligned at New York evening (32.22014ms)
✔ Bank seven-day earnings window is Sep 25 through Oct 1 for the UTC ledger day (3.268457ms)
✔ Savings includes the first displayed UTC day in net and pace, excluding opening history (6.312194ms)
✔ Savings net includes mixed first-day credits, spending and the current UTC day (4.054907ms)
✔ Bank chart formats ledger dates in selected tr UI locale (22.900533ms)
✔ Bank chart formats ledger dates in selected es UI locale (28.643396ms)
✔ a welcome grant preserves the balance and supplies zero practice evidence (1.546651ms)
✔ mixed financial deposits cannot inflate distinct kept days or completed decisions (6.115256ms)
✔ practice week follows local calendar boundaries and repeated days count once (0.187924ms)
✔ reward labels distinguish symbolic unlocking from actual D$ pace estimates in every locale (0.37623ms)
✔ client and server agree on the message limits (0.70689ms)
✔ the request keeps the last 12 messages, trims each to 1500 characters and drops empty ones (0.292763ms)
✔ context is sent only when there is something to send, and is trimmed (0.210058ms)
✔ responses map to a result or a typed error (0.795955ms)
✔ the shared context holds only today, the last kept decisions and short journal lines (8.055814ms)
✔ a matching current durable document uploads and records current plus historical confirmation (26.36697ms)
✔ a stale rendered profile payload cannot roll acknowledged cloud work backward (8.598755ms)
✔ a stale rendered notebook payload cannot roll acknowledged cloud work backward (4.589707ms)
✔ a stale rendered futureSelf payload cannot roll acknowledged cloud work backward (3.196549ms)
✔ missing authoritative local record rejects a push before any cloud query (3.431203ms)
✔ invalid-json authoritative local record rejects a push before any cloud query (2.460123ms)
✔ invalid-document authoritative local record rejects a push before any cloud query (2.413864ms)
✔ a course-only stale caller uses the existing latest-course normalization and can upload (5.466354ms)
✔ an ordinary repository save invalidates current confirmation immediately and retains history (2.824975ms)
✔ a durable Notebook action invalidates confirmation without waiting for its debounce (4.235371ms)
✔ a durable course save invalidates confirmation without requiring the AppProvider event listener (2.111556ms)
✔ a save suppressed by its account guard still makes the current durable document dirty (2.148582ms)
✔ a failed durable repository write preserves previous current confirmation (2.955123ms)
✔ a failed durable notebook write preserves previous current confirmation (2.952269ms)
✔ a failed durable course write preserves previous current confirmation (8.495008ms)
✔ dirty startup does not automatically restore the same acknowledged cloud baseline over newer device work (8.194763ms)
✔ an old in-flight upload retains its remote baseline while the latest durable document remains dirty (11.670976ms)
✔ the latest queued durable payload updates after an older in-flight upload without reverting cloud or device (9.789408ms)
✔ a cloud-restore fingerprint resolve after account drift returns false without publishing obsolete status (19.645206ms)
✔ a cloud-restore fingerprint reject after account drift returns false without publishing obsolete status (6.344633ms)
✔ a cloud-restore fingerprint resolve after project drift returns false without publishing obsolete status (3.529963ms)
✔ a cloud-restore fingerprint reject after project drift returns false without publishing obsolete status (3.349611ms)
✔ a cloud-restore fingerprint resolve after local-record drift returns false without publishing obsolete status (6.002165ms)
✔ a cloud-restore fingerprint reject after local-record drift returns false without publishing obsolete status (5.432172ms)
✔ a rejected current cloud-restore fingerprint returns false, preserves durable data and reports unconfirmed backup (6.610406ms)
✔ cloud-restore acknowledgement owner-quota failure returns a boolean and keeps the durable restored record (3.432465ms)
✔ cloud-restore acknowledgement document-read failure returns a boolean and keeps the durable restored record (4.252486ms)
✔ a clean-reload confirmation fingerprint resolve after account B cannot publish account A status (2.480335ms)
✔ a clean-reload confirmation fingerprint reject after account B cannot publish account A status (2.691524ms)
✔ confirmation bootstrap after a clean reload is tied to the actual persisted document (2.549339ms)
✔ confirmation bootstrap after a dirty reload preserves device work and historical cloud time (3.447738ms)
✔ a coherently hydrated external-tab edit cannot inherit another tab’s current-document confirmation (6.935067ms)
✔ a pending cloud SELECT cannot replace data after account switch (2.78124ms)
✔ a pending cloud SELECT cannot replace data after project switch (0.442941ms)
✔ a pending cloud SELECT cannot replace data after logout and reauthentication as the same account (0.717216ms)
✔ a pending cloud SELECT cannot replace data after an explicit local import barrier (0.704947ms)
✔ a pending cloud SELECT cannot replace data after newer saved personal writing (0.616073ms)
✔ a reviewed cloud restore is checked inside the write lock after account switch (8.741882ms)
✔ a reviewed cloud restore is checked inside the write lock after project switch (1.792994ms)
✔ a reviewed cloud restore is checked inside the write lock after logout and reauthentication as the same account (1.228569ms)
✔ a reviewed cloud restore is checked inside the write lock after an explicit local import barrier (1.408812ms)
✔ a reviewed cloud restore is checked inside the write lock after newer saved personal writing (1.487652ms)
✔ an unchanged reviewed cloud record commits once and records its scoped sync (2.263316ms)
✔ manual sync cannot fall back to uploading a captured previous-account snapshot (0.439275ms)
✔ a delayed automatic backup remains bound to its original account (0.362799ms)
✔ an old upload success cannot mark or emit the new cloud scope (4.190964ms)
✔ an old upload failure cannot mark or emit the new cloud scope (1.713313ms)
✔ fresh OTP sign-in cannot overwrite existing cloud work on the first ordinary save (7.349304ms)
✔ an absent cloud row is inserted once and acknowledges the returned server version and exact data (10.232679ms)
✔ offline SELECT throws and reconnect retain both records (3.569643ms)
✔ offline SELECT resolved and reconnect retain both records (1.693613ms)
✔ shared device A→B→A cannot reuse the historical acknowledgement of A after B owns the record (14.974857ms)
✔ a stale upload SELECT after account cannot write or alter current-scope status (1.488934ms)
✔ a stale upload SELECT after project cannot write or alter current-scope status (1.021997ms)
✔ a stale upload SELECT after logout-return cannot write or alter current-scope status (1.252036ms)
✔ a stale upload SELECT after local-edit cannot write or alter current-scope status (1.072283ms)
✔ a stale upload SELECT after import cannot write or alter current-scope status (1.608024ms)
✔ same-version remote content changed at the fresh read cannot authorize overwrite (4.083101ms)
✔ canonical acknowledgement treats reordered object keys as equal, but retains array order (8.736694ms)
✔ a changed remote version between SELECT and UPDATE yields zero rows and never acknowledges success (3.40887ms)
✔ an absent-row insert race preserves the winning cloud record and holds the import token (1.614053ms)
✔ empty returned write representation never acknowledges or clears import intent (1.226406ms)
✔ missing returned write representation never acknowledges or clears import intent (2.948092ms)
✔ invalid-data returned write representation never acknowledges or clears import intent (1.31504ms)
✔ invalid-version returned write representation never acknowledges or clears import intent (1.318897ms)
✔ multiple returned write representation never acknowledges or clears import intent (1.758772ms)
✔ a legacy timestamp-only acknowledgement cannot authorize an existing-row upload (1.132244ms)
✔ previewing or declining a cloud restore creates no acknowledgement and later saves remain held (1.815978ms)
✔ accepted cloud restore acknowledges the raw fetched JSON, including omitted legacy course data (5.83349ms)
✔ an explicit import facing unacknowledged existing cloud keeps bytes/token and cannot bypass review protection (1.295842ms)
✔ an explicit import into absent cloud can insert and clear only its still-current token (2.888412ms)
✔ a late write response cannot acknowledge a new account or clear a newer import token (2.407253ms)
✔ a write response cannot clear an import created while that same account upload waited (1.292637ms)
✔ acknowledgement storage failure does not report sync success or clear imported intent (4.292567ms)
✔ hash failure cannot mutate cloud or acknowledge the local record (6.083088ms)
✔ awaited remote fingerprint after account cannot authorize a stale write (2.791204ms)
✔ awaited remote fingerprint after local-edit cannot authorize a stale write (3.996459ms)
✔ awaited remote fingerprint after import cannot authorize a stale write (5.630151ms)
✔ a malformed-data SELECT pauses upload without choosing a winner (0.987324ms)
✔ a invalid-version SELECT pauses upload without choosing a winner (0.844098ms)
✔ successful upload acknowledges the actual returned server version rather than the attempted client timestamp (3.15776ms)
✔ a rejected reviewed restore cannot establish cloud acknowledgement (1.682427ms)
✔ a regressed clock advances the conditional write beyond remote microseconds 2040-01-01T00:00:00.999999Z (5.017434ms)
✔ a regressed clock advances the conditional write beyond remote microseconds 2040-01-01T00:00:00.000001+00:00 (3.006921ms)
✔ a valid returned document differing from the sent snapshot cannot establish upload permission (4.877653ms)
✔ a represented conditional write that fails to advance its version cannot be acknowledged (3.66689ms)
✔ an absent-row insert is not attempted when payload hashing is unavailable (1.044041ms)
✔ another owner recorded during hashing invalidates an earlier acknowledgement without changing device bytes (3.727483ms)
✔ another owner recorded during an upload response cannot be overwritten by its late acknowledgement (1.37398ms)
✔ an acknowledgement storage-read failure after durable restore returns false and preserves the restored record (1.276923ms)
✔ a rejected SELECT after a newer local save cannot replace that newer status (0.9914ms)
✔ a manual preview stays paused without acknowledging cloud work until an accepted commit (1.762508ms)
✔ manual review exposes unacknowledged/changed cloud at -1000ms while default startup policy remains unchanged (3.216038ms)
✔ manual review exposes unacknowledged/changed cloud at 0ms while default startup policy remains unchanged (6.605278ms)
✔ manual review exposes unacknowledged/changed cloud at 1000ms while default startup policy remains unchanged (4.339228ms)
✔ known limitation: a legacy same-version mutation after SELECT can pass timestamp-only CAS (7.894615ms)
✔ levels and monthly limits match the plan (1.161898ms)
✔ the highest active RevenueCat entitlement wins; expired ones do not count (0.345754ms)
✔ the tier cache is fresh for ten minutes (0.129716ms)
✔ requests are validated, trimmed and may be empty for a status check (0.399825ms)
✔ crisis words in English, Turkish and Spanish are caught; everyday worry is not (2.559193ms)
✔ the prompt sets the persona, safety rules and reply language; context reaches only the coach level (0.240414ms)
✔ the function keeps secrets and message text out of code and logs (0.326274ms)
✔ no AI provider secret is referenced from the app bundle code (24.606816ms)
✔ lightweight course previews and restore metadata match each real edition (5.130145ms)
✔ English editions keep every course and lesson ID of the Turkish edition (1.150561ms)
✔ every English lesson goes deeper and tells an example story (3.116908ms)
✔ every course and lesson has a real, distinct photo with alt text (3.585587ms)
✔ technique cards name their origin, give doable steps and say honestly what the evidence supports (0.694632ms)
✔ every course states its purpose, scope and outcome, with usable lesson durations (0.326073ms)
✔ the bibliography distinguishes research from guidance and includes usable HTTPS references and limitations (0.914805ms)
✔ every lesson cites existing sources and every advertised research source is used (0.363871ms)
✔ each lesson has two reading paragraphs, three distinct practice instructions and reflection support (3.539558ms)
✔ each lesson offers three distinct answers, one valid correct index and explanatory feedback (1.031632ms)
✔ every lesson has one visual; charts quote a source the lesson cites (0.563202ms)
✔ Spanish editions mirror the English structure (1.773745ms)
✔ Spanish source ids are unique (0.293684ms)
✔ stable course IDs keep their ordered lesson IDs for stored progress (4.272448ms)
✔ every course and lesson has a real, distinct photo with Turkish alt text (1.211804ms)
✔ technique cards name their origin, give doable steps and say honestly what the evidence supports (1.079704ms)
✔ every course states its purpose, scope and outcome, with usable lesson durations (0.359303ms)
✔ the bibliography distinguishes research from guidance and includes usable HTTPS references and limitations (0.926782ms)
✔ every lesson cites existing sources and every advertised research source is used (0.529131ms)
✔ each lesson has two reading paragraphs, three distinct practice instructions and reflection support (3.712009ms)
✔ each lesson offers three distinct answers, one valid correct index and explanatory feedback (1.03705ms)
✔ every lesson has one visual; charts quote a source the lesson cites (0.633309ms)
✔ every untouched course previews its real edition without creating saved learning (3.081024ms)
✔ a saved tick, answer zero, reflection or completion constitutes learning, unlike a blank record (1.720504ms)
✔ saved progress resumes each of the 103 actual lessons across all three editions and Today agrees (27.609561ms)
✔ a later draft cannot skip unfinished prerequisite lessons (0.373234ms)
✔ workbook-only plans stay available for review without inventing lesson progress (0.64715ms)
✔ ordinary saves retain an explicit view while account and same-account backup replacement invalidate it (0.148454ms)
✔ course entry instructions have matching localized keys and keep the actual lesson-number placeholder (0.399415ms)
✔ all 18 courses have distinct, actionable guides in every supported language (1.297994ms)
✔ studio is optional and initially collapsed; completed courses open their transfer practice (37.222891ms)
✔ new plans preserve optionality and keep an independent copy of private fields (0.822324ms)
✔ untrusted backup data cannot introduce unknown courses, malformed dates, duplicate entries, or oversized notes (0.888284ms)
✔ retrying the same journal entry is idempotent; paused and adapted entries retain honest observations (0.459395ms)
✔ journal keeps the most recent bounded entries and does not mutate input during normalization (0.575421ms)
✔ calendar validation handles leap days, impossible dates, and week/month/year transitions (0.174234ms)
✔ due review needs a usable plan; completing review sets a fresh revisit without losing reflection (0.259463ms)
✔ course progress saves and completed lessons keep the plan, journal, and review after an interrupted round trip (1.025943ms)
✔ a practice plan cannot unlock lessons or manufacture completion (0.375539ms)
✔ a localized portable artifact retains ordinary private text without embedding executable HTML (0.367256ms)
✔ overview and lesson requests are distinct, single-use and never write learning progress (1.577247ms)
✔ malformed, unknown-course, cross-course lesson and unsupported version requests are discarded (0.257901ms)
✔ requests belonging to a different account or restored record cannot be consumed (0.333715ms)
✔ an explicit overview stays overview after saved progress arrives; Continue resumes actual incomplete lesson (0.999393ms)
✔ roadmap requests cannot skip prerequisites, open unknown lessons or bypass existing subscription gates (0.360245ms)
✔ completed courses remain rereadable and blocked navigation storage is reported without throwing (0.58785ms)
✔ rapid edits remain visible and are replayed in order under serialized persistence (5.330268ms)
✔ failed drafts survive later edits and a retry rebases them over unrelated saved work (0.453076ms)
✔ same-tab save notifications retain newer input while an earlier batch is committing (0.366294ms)
✔ unexpected persistence exceptions preserve private work and allow a later successful save (0.327636ms)
✔ retry clicked while a failed write is settling starts a fresh persistence attempt (0.347917ms)
✔ malformed and unsupported records recover to separate empty states (2.142734ms)
✔ unknown IDs and properties are discarded; checklists are resized with strict booleans (0.54205ms)
✔ negative, fractional, nonnumeric and out-of-range answers do not satisfy a lesson (0.811067ms)
✔ notes are bounded while their newlines and ordinary content survive (0.188406ms)
✔ tampered completion cannot bypass the exercise, answer or preceding lessons (0.348537ms)
✔ valid completed prefixes survive independently for different courses (0.234104ms)
✔ draft updates are immutable and cannot mark a lesson complete (0.249959ms)
✔ completion follows the real course in order and is idempotent (1.838042ms)
✔ editing a completed prerequisite revalidates later lessons without losing drafts (0.427788ms)
✔ caller-supplied lesson and course objects cannot change the answer or bypass a course (0.376009ms)
✔ saving and reloading preserve a completed lesson and an unfinished draft (1.559641ms)
✔ blocked storage and quota failures are reported without throwing (0.743456ms)
✔ a decision kept today takes priority over array order and an older active carry-over (1.303764ms)
✔ a newly chosen decision after a kept one remains actionable today (0.159121ms)
✔ yesterday’s completion, archived decisions, invalid timestamps and future plans never masquerade as today (0.15191ms)
✔ daily decisions use the local calendar around UTC midnight in both timezone directions (0.412755ms)
✔ a missed weekly review remains available on Wednesday and follows local Sunday boundaries (0.203799ms)
✔ weekly evidence counts actual distinct days and bounds entries to the reviewed calendar week (6.786473ms)
✔ an unfinished decision can be reviewed without inventing completed progress (0.181785ms)
✔ saving and editing a daily reflection preserves other pages, rewards once, and survives JSON backup replacement (1.065042ms)
✔ course continuation resumes selected work before the suggested course and advances to the actual incomplete lesson (0.304341ms)
✔ course continuation recognizes an interrupted first answer of zero and never offers an already completed course (0.299894ms)
✔ daily loop copy has explicit matching nonempty English, Turkish and Spanish strings (0.301576ms)
✔ concurrent retries of a kept daily decision record evidence and reward exactly once (15.645892ms)
✔ deep backup safety: reject unparseable notebook day before replacing any storage (4.943582ms)
✔ deep backup safety: reject impossible calendar day before replacing any storage (1.116069ms)
✔ deep backup safety: reject object mood rendered in journal before replacing any storage (0.992643ms)
✔ deep backup safety: reject object prompt assigned to editor before replacing any storage (0.914855ms)
✔ deep backup safety: reject unknown kind hidden by every writing surface before replacing any storage (1.309232ms)
✔ deep backup safety: reject unparseable gratitude day before replacing any storage (0.956318ms)
✔ deep backup safety: reject invalid writing activity day before replacing any storage (0.778949ms)
✔ deep backup safety: reject invalid ledger day before replacing any storage (0.805729ms)
✔ deep backup safety: reject object activity transaction reference before replacing any storage (0.809865ms)
✔ deep backup safety: reject invalid 369 start day before replacing any storage (1.11ms)
✔ deep backup safety: reject invalid 369 history day before replacing any storage (0.850998ms)
✔ deep backup safety: reject object archive marker hiding a practice before replacing any storage (0.628351ms)
✔ deep backup safety: reject object 369 day timestamp before replacing any storage (0.70066ms)
✔ deep backup safety: reject dream instant producing an invalid display day before replacing any storage (0.487648ms)
✔ deep backup safety: reject invalid course attempt day silently dropping a note before replacing any storage (0.899161ms)
✔ deep backup safety: reject invalid course review due date before replacing any storage (0.787622ms)
✔ deep backup safety: reject invalid course review completion date before replacing any storage (0.844469ms)
✔ deep backup safety: legitimate exported writing, legacy moods, and leap days roundtrip and render (32.855321ms)
✔ deep backup safety: legacy backups without a notebook retain dream fields and local courses (0.689474ms)
✔ an earlier account sync timestamp cannot hide another account cloud record (15.872746ms)
✔ a legacy unscoped timestamp is not proof that this account is synchronized (1.447291ms)
✔ an account deletion response cannot sign out a later signed-in account (0.906713ms)
✔ an account deletion response cannot clear a new project connection (0.274936ms)
✔ a late cloud coach reply cannot be accepted in another account scope (18.480773ms)
✔ account deletion cannot start with another account after awaiting the client (0.329418ms)
✔ cloud coach context consent is isolated between accounts and projects (0.260815ms)
✔ a token refresh keeps the current account coach request valid (0.608551ms)
✔ a project change while reading a coach response also expires its content (0.361627ms)
✔ stopping the coach cancels a response body still being downloaded (0.527148ms)
✔ a queued backup cannot upload a local document rolled back while it waited (5.004435ms)
✔ the latest queued backup still uploads after a preceding slower backup (12.24255ms)
✔ returning to an earlier account cannot reuse its timestamp for another account local record (4.86922ms)
✔ a replaced dataset cannot inherit this account historical synchronization proof (2.773759ms)
✔ an owner-metadata quota failure cannot advertise a newer synchronized local record (5.502639ms)
✔ every localized course can complete and carry its notes into the other editions (17.608944ms)
✔ practice calendar keeps the local day across UTC midnight and daylight-saving weeks (0.584685ms)
✔ a transient personal-record read failure cannot replace already saved course work with an empty fallback (1.764521ms)
✔ a blocked-save session retains private edits and warning after its only view unmounts, then retries successfully (0.50838ms)
✔ explicit replacement cancels a queued old draft while allowing new edits to save after the lock releases (0.705568ms)
✔ a transient legacy-course read failure cannot overwrite the previous separate course record (0.352082ms)
✔ a different tab replacement discards old private draft before replay even when its storage event has not arrived (2.842924ms)
✔ other-tab provisional replacement notifications wait for rollback before inspecting epochs or discarding private drafts (1.266677ms)
✔ same-tab course publication runs under the lock before another tab can project a provisional replacement (0.622202ms)
✔ purchases and payments committed within one clock tick keep distinct identities (4.150041ms)
✔ habit completion dates agree with the local Today calendar on either side of UTC midnight (1.112274ms)
✔ habit yesterday and streaks count actual calendar dates through both DST changes (0.255226ms)
✔ habits roll over at local midnight and keep the previous local day history (1.401802ms)
✔ rollover fallback converts the last-opened instant to its local day (0.357371ms)
✔ date-only values display their saved day while timestamps retain instant conversion (12.008446ms)
✔ calendar formatting rejects normalized impossible days and keeps invalid values readable (0.295197ms)
✔ habit reward identity survives undo, reload and UTC midnight without paying the same local day twice (0.319904ms)
✔ local midnight cannot earn the same habit twice in the UTC reward day (0.142065ms)
✔ habit and check-in rewards share the notebook UTC ceiling, including partial and exhausted budgets (0.239362ms)
✔ a profile save captured before a decision completion retains the kept decision and its evidence (18.289534ms)
✔ concurrent purchases retain both dreams and both payments (3.195708ms)
✔ concurrent purchase checks reject a second claim for the same dream (1.474522ms)
✔ concurrent purchases check affordability against the payment that committed first (1.191804ms)
✔ concurrent savings additions retain both amounts and log entries (2.040909ms)
✔ disjoint profile changes from the same baseline both survive (1.662056ms)
✔ conflicting edits to the same profile field reject before any write and notify the UI (1.345667ms)
✔ an intentional mission deletion and reorder survive a disjoint newer settings save (0.910639ms)
✔ concurrent edits to the mission array reject rather than inventing a merged list (0.860513ms)
✔ even an identical explicit restore invalidates snapshots that were captured before it (3.834083ms)
✔ a profile write queued behind a restore cannot resurrect pre-restore writing (2.202324ms)
✔ legacy records missing transactions can merge a settings edit after a course-only write (0.775914ms)
✔ clearing and recreating the personal record invalidates earlier editable snapshots (1.788407ms)
✔ deleting imported own magic keys while another nested field changes never revives them (0.861344ms)
✔ mission evidence, generated bridges and savings logs keep unique IDs in a single clock tick (2.299541ms)
✔ all 160 shipped English cue identities/text hashes match the 11 runtime sessions (2.860921ms)
✔ every public MP3 byte count/checksum matches delivered metadata and no model/runtime is shipped (22.727501ms)
✔ all shipped decoded/container durations fit the original cue windows with at least250ms margin (0.442019ms)
✔ service worker leaves narration to the verified on-demand cache and does not precache MP3s (2.236495ms)
✔ levels are ordered free < essentials < pro < coach (1.44738ms)
✔ coach message allowances follow the product spec (0.142626ms)
✔ essential courses exist, and Turning Day is not one of them (it is free for all) (0.229708ms)
✔ nothing is locked where subscriptions cannot be bought (web), at any level (0.291972ms)
✔ free level: Turning Day in full, first lessons of the rest, first sounds of each category (0.176668ms)
✔ essentials opens the six core courses and the whole Sound Room, not the rest (0.211029ms)
✔ pro and coach open every lesson and sound (0.250419ms)
✔ six products: two per paid level, ids match the App Store spec (0.35681ms)
✔ RevenueCat entitlements resolve to the highest active level (0.288296ms)
✔ annual saving is computed from real prices only (0.231009ms)
✔ focus streak counts distinct real timer days, not estimates, duplicates or future records (1.245495ms)
✔ yesterday continues a streak until today ends; missing yesterday ends it (0.410701ms)
✔ UTC boundary is explicit and later repeatable-quest sessions remain evidence (0.41579ms)
✔ canonical IDs and exact events dedup without losing spaced completions of the same quest (0.998161ms)
✔ Stop cancels a cue still waiting for synthesis without starting audio (2.652936ms)
✔ deferred synthesis starts at the latest requested volume 0 (0.589812ms)
✔ deferred audio resume starts at the latest requested volume 0 (0.393075ms)
✔ deferred Settings preview preserves requested volume 0 (1.303253ms)
✔ deferred synthesis starts at the latest requested volume 0.35 (0.336409ms)
✔ deferred audio resume starts at the latest requested volume 0.35 (0.524273ms)
✔ deferred Settings preview preserves requested volume 0.35 (0.214545ms)
✔ a volume change during loading preserves stop protection (0.319734ms)
✔ a volume change during loading preserves pause-resume protection (0.342147ms)
✔ a volume change during loading preserves new-session protection (0.440427ms)
✔ a newer cue owns playback when an older synthesis resolves later (0.280535ms)
✔ Pause then Resume cannot resurrect a cue waiting for synthesis (0.201495ms)
✔ Stop also cancels a cue waiting for the audio context to resume (0.19829ms)
✔ a new cue supersedes one waiting for the audio context to resume (0.428709ms)
✔ Pause and Resume invalidate pending context-resume playback (0.357762ms)
✔ replacement immediately stops active audio while the new clip is pending (0.355058ms)
✔ stale source completion cannot clear or end the new cue (0.501038ms)
✔ Pause and Resume preserve an already-started cue without starting it twice (0.248667ms)
✔ unavailable synthesis reports failure without creating an audio source (0.18497ms)
✔ a failed audio context resume reports failure without starting playback (1.55964ms)
✔ a failed source start reports failure and never announces playback (0.62822ms)
✔ English narration cache stays the same when UI locale changes (29.95435ms)
✔ a Settings preview resolving after Stop cannot start playback (0.259543ms)
✔ a Settings preview resolving after a newer cue cannot interrupt it (0.349289ms)
✔ every approved PNG and both approval manifests remain unchanged (19.675843ms)
✔ served responsive variants match actual lossless bitstream dimensions, hashes, and complete-frame geometry (33.875115ms)
✔ all real course covers and tree stages have deployment-scoped responsive sources and retain PNG fallbacks (25.392024ms)
✔ modern-image failures retry the original; PNG and malformed failures reach the existing final fallback (0.259423ms)
✔ 3D decorative growth preserves 60 kept decisions and 30 extra blossoms (1.394431ms)
✔ 3D display normalizes invalid counts without changing the evidence source (0.291421ms)
✔ static legal pages match src/data/legal.ts (run npx tsx scripts/build-legal.ts) (1.188249ms)
✔ every language has the same sections and names the company (0.172241ms)
✔ privacy policy covers what App Review checks (0.236428ms)
✔ local day keys and day gaps follow the calendar, not UTC (1.016418ms)
✔ evidence lists kept decisions newest first and counts the last seven days (6.948077ms)
✔ comeback is kind after a lapse and silent otherwise (0.409409ms)
✔ fresh starts land on the first of the month and on Mondays (1.898714ms)
✔ simple mode lasts a week or until three kept decisions, and can be switched off (0.278391ms)
✔ the day-14 question appears once, only for people who used decisions (0.269227ms)
✔ the weekly look-back is offered on Sunday and Monday, once per week, and its change lasts a week (0.639377ms)
✔ the chain forgives one missed day a week, but not two in a row or two in a week (0.656443ms)
✔ smart reminders aim 30 minutes before the usual kept time, once there is enough history (0.467287ms)
✔ every sign-up intent points at a real course and offers three easy decisions (99.160203ms)
✔ the reminder voice keeps one line per day and never threatens a streak (1.447361ms)
✔ every iOS project and application build configuration enforces the Safari 16.4 baseline (1.150832ms)
✔ Capacitor sync keeps a compatible generated Swift package floor without lowering the app minimum (139.410426ms)
✔ installed native dependency library floors are compatible with the Swift wrapper and app (0.3698ms)
✔ native metadata cannot override the application minimum with an older target (0.658016ms)
✔ native Settings and Account use the shared code flow with device copy in en (12.402733ms)
✔ native Settings and Account use the shared code flow with device copy in tr (19.465093ms)
✔ native Settings and Account use the shared code flow with device copy in es (18.731363ms)
✔ web backup keeps its inline magic-link form and Account keeps link copy (3.895857ms)
✔ native configured signed-in backup retains sync and sign-out actions (3.511995ms)
✔ unconfigured native cloud does not offer a sign-in request (1.813204ms)
✔ actual cloud request and verification use one injected auth adapter and trim input (1.116079ms)
✔ archive weeks cross month/year and leap-day boundaries without changing stored entries (2.02163ms)
✔ all sourced passages remain reachable through their actual categories (4.840657ms)
✔ search finds real English/Turkish text, sources and references and combines with category (31.828628ms)
✔ catalogue sources use allowed web protocols and cannot execute app/script URLs (0.955236ms)
✔ interrupted setup restores fields without allowing a nameless final step (1.26158ms)
✔ a fresh preview seeds only an empty decision and never overwrites restored or typed text (0.128084ms)
✔ unknown, malformed and oversized setup drafts are safely bounded (0.153683ms)
✔ trial length comes only from a free intro offer (1.061697ms)
✔ native reminders: a week ahead, past times skipped, stable ids (1.145985ms)
✔ native planner rejects malformed times and keeps a bounded week inside its namespace (1.107256ms)
✔ interrupted native scheduling leaves the newest state and preserves other notifications (7.298006ms)
✔ a native plugin error does not prevent the next reminder replacement (0.651176ms)
✔ startup waits for restored account rather than temporarily identifying anonymous (1.702767ms)
✔ known sign-out and rapid identity changes are announced immediately, same-ID retry events remain usable (0.223439ms)
✔ failed authentication hydration stays unbound and never identifies anonymous or reads SDK entitlement (0.182126ms)
✔ dispose during initial hydration prevents any late entitlement initialization (0.243789ms)
✔ retry hydrates a currently unknown account before requesting identity or offerings (0.221866ms)
✔ retry with failed hydration cannot bind anonymous or make a subscription request (0.159862ms)
✔ cloud initialization callers share the real restoration promise and never finish early (33.631185ms)
✔ actual failed cloud restoration remains unknown and a later retry can establish the same account (0.875926ms)
✔ a resolved auth error is unknown identity rather than a verified anonymous account (0.477133ms)
✔ unbound init leaves cached native A untouched and exposes prices without personal claims (2.407004ms)
✔ explicitly binding cached A confirms it without login or logout (1.617058ms)
✔ desired B is recorded during native setup before any cached A customer read (5.610864ms)
✔ failed logout clears A claims synchronously and leaves purchase and restore denied (1.45346ms)
✔ staged A, B, A login requests serialize native identity mutation (2.303117ms)
✔ an A purchase settling after desired B success cannot grant B (1.288511ms)
✔ an A purchase settling after desired B cancellation cannot grant B (1.951584ms)
✔ a failed same-ID login can retry without treating desired ID as confirmed ID (0.649123ms)
✔ an offline refresh for confirmed same A preserves its verified entitlement (0.812059ms)
✔ listener payload is only invalidation and canonical aliases do not impersonate another account (0.799901ms)
✔ late A offerings cannot install A packages or personal claims into desired B (0.79287ms)
✔ late A trial eligibility cannot restore a free-trial claim during a B transition (0.686359ms)
✔ a held A customer load from initialization cannot overwrite a later desired B (0.65369ms)
✔ an A restore settling after desired B fails without applying A customer info (0.77982ms)
✔ defer during a held purchase drops trust without native calls and explicit cached-A rebind refreshes it (1.84256ms)
✔ defer during first native setup cancels the old A load and leaves cached A for an explicit rebind (0.42268ms)
✔ defer and immediate same-A rebind cannot accept the older held A customer snapshot (0.658087ms)
✔ canonical A listener refresh rejects its held snapshot if native identity externally drifts to B (0.519476ms)
✔ initial getAppUserID failure at verification read 1 leaves A unconfirmed/free and retryable (0.341286ms)
✔ initial getAppUserID failure at verification read 2 leaves A unconfirmed/free and retryable (0.23774ms)
✔ initial getAppUserID failure at verification read 3 leaves A unconfirmed/free and retryable (0.252873ms)
✔ initial getAppUserID failure at verification read 4 leaves A unconfirmed/free and retryable (0.226272ms)
✔ initial isAnonymous failure at verification read 1 leaves A unconfirmed/free and retryable (0.159902ms)
✔ initial isAnonymous failure at verification read 2 leaves A unconfirmed/free and retryable (0.169206ms)
✔ initial isAnonymous failure at verification read 3 leaves A unconfirmed/free and retryable (0.165941ms)
✔ initial isAnonymous failure at verification read 4 leaves A unconfirmed/free and retryable (0.188225ms)
✔ native paid gates apply before SDK init and after defer while the free samples stay open (0.20447ms)
✔ web and keyless native gates stay open before init and after defer without loading an SDK (0.205611ms)
✔ purchase cannot commit A after desired B arrives in nested verification microtask depth 2 (1.737511ms)
✔ purchase cannot commit A after desired B arrives in nested verification microtask depth 3 (0.602172ms)
✔ restore cannot commit A after desired B arrives in nested verification microtask depth 2 (0.449911ms)
✔ restore cannot commit A after desired B arrives in nested verification microtask depth 3 (0.60746ms)
✔ init cannot commit A after desired B arrives in nested verification microtask depth 2 (0.455008ms)
✔ init cannot commit A after desired B arrives in nested verification microtask depth 3 (0.46851ms)
✔ offerings failure is retryable without configuring or listening twice (2.691855ms)
✔ concurrent initialization shares one pending configure and plan load (5.67448ms)
✔ failed configuration can retry, while a completed setup remains single (0.513267ms)
✔ listener setup failure retries the listener without configuring again (0.387496ms)
✔ a successful empty offering may retry when plans become available (1.433541ms)
✔ free intro pricing is advertised only for confirmed eligible customers (0.690906ms)
✔ missing or failed eligibility checks keep regular prices and unknown trial status (0.633659ms)
✔ an interrupted eligibility refresh after identity change clears the earlier free-trial claim (0.327686ms)
✔ cancelled, pending and failed purchase errors remain distinct and never grant access (0.797227ms)
✔ a successful store response without the requested entitlement remains unconfirmed (0.375178ms)
✔ confirmed entitlement grants access and later SDK updates retain the real highest level (1.812464ms)
✔ restore distinguishes store failure, successful no-plan check, and active entitlement (0.757957ms)
✔ web and unconfigured native flows never load a purchase SDK or create a purchase (0.190478ms)
✔ free duration uses valid store units and cycles, without inventing 30-day months (0.139752ms)
✔ scoped EN/TR/ES uncertain purchase feedback makes no charge or reminder guarantee (0.30366ms)
✔ preserves the first 300 passages and appends exactly 100 each from faith, science and philosophy in order (2.155523ms)
✔ all 600 sourced passages have unique IDs and bilingual text without recycling legacy lines (56.83005ms)
✔ six notifications stay distinct for 100 full days, then repeat, and match the server snapshot across a year boundary (8.754772ms)
✔ local day remains stable from morning to evening; six-time migration preserves existing preferences (1.286327ms)
✔ legacy three-reminder profiles keep their evening time and gain six distinct reminders (0.40298ms)
✔ migration resolves default collisions only in missing slots and reserves later saved slots first (0.368698ms)
✔ every thinker passage links to a Gutenberg book whose text is kept in docs/quote-sources (16.922638ms)
✔ construction does no fetch/decode; current/upcoming preload reuses the current request (31.931108ms)
✔ Stop aborts loading and no late response starts a source (1.38031ms)
✔ Pause cancels original load; Resume retries current cue with a frozen slot and latest volume (1.313879ms)
✔ Pause→Stop discards current loading retry and Resume does not resurrect it (0.636403ms)
✔ new session cancels old load and only the new session owns audio (1.192265ms)
✔ active pause/resume continues the same cue offset without repeating its start or accepting stale end (1.745983ms)
✔ Replay replaces current source at offset zero and reuses decoded audio (0.604435ms)
✔ latest volume 0 wins after delayed clip loading and changes active gain (0.65401ms)
✔ latest volume 0.35 wins after delayed clip loading and changes active gain (0.56171ms)
✔ latest volume after deferred context resume and Stop/new cue protects pending resume (3.518507ms)
✔ expired loading budget and decoder duration mismatch never start audio (1.098433ms)
✔ missing bytes, bad checksum/source text and nonrunning device fail without invoking a provider (1.23551ms)
✔ verified persisted bytes permit offline replay in a new player; corrupt cached bytes are rejected (3.797589ms)
✔ a definitive recording failure cannot retry on Pause→Resume over a device fallback (0.458894ms)
✔ resumed load failure retains only bounded fallback metadata, never a resumable recording (0.719309ms)
✔ root hosting retains history paths, including direct reloads (1.67815ms)
✔ project hosting keeps every navigation on the same static document (0.281065ms)
✔ landing URLs and non-route fragments do not become unknown routes (0.12518ms)
✔ back/forward hash entries resolve to canonical route IDs (0.129666ms)
✔ icons and service worker URLs stay under their deployment base (0.162306ms)
✔ each person reads and writes only their own backup; anonymous visitors get nothing (1772.199978ms)
✔ an oversized backup is refused (1273.828137ms)
✔ cloud coach counters: people read only their own rows and cannot write or call the increment (1131.214475ms)
✔ the monthly increment stops exactly at the limit and a refund gives one back (1173.281663ms)
✔ a strict Content Security Policy ships with the page (0.881264ms)
✔ index.html has no inline scripts (the CSP forbids them) (0.220054ms)
✔ no raw HTML or eval sinks in the app code (13.159431ms)
✔ links that open a new tab cannot reach back into ODA (4.438739ms)
✔ no secret keys in the shipped code (13.323029ms)
✔ production builds carry no source maps (0.34312ms)
✔ service worker precaches only its project directory (20.432496ms)
✔ standalone support remains available offline without replacing the application shell (5.762353ms)
✔ activation preserves sibling apps and this version media cache (1.805663ms)
✔ notification defaults and legacy targets open the project hash route (2.930667ms)
✔ installed app metadata refreshes instead of retaining the cached identity (2.207512ms)
✔ installed app metadata remains available offline (1.980553ms)
✔ native free direct starts and toggles cannot start an all-paid track (2.567587ms)
✔ downgrade hard-stops owned restricted playing selection without page subscribers (32.250201ms)
✔ downgrade hard-stops owned restricted paused selection without page subscribers (29.534569ms)
✔ downgrade hard-stops owned restricted expired selection without page subscribers (14.849539ms)
✔ owned paid playing selection revokes on identityConfirmed even with a paid cached tier (0.838239ms)
✔ owned paid paused selection revokes on identityConfirmed even with a paid cached tier (0.848315ms)
✔ owned paid expired selection revokes on identityConfirmed even with a paid cached tier (1.604609ms)
✔ owned paid playing selection revokes on identityRevision even with a paid cached tier (0.423731ms)
✔ owned paid paused selection revokes on identityRevision even with a paid cached tier (0.64764ms)
✔ owned paid expired selection revokes on identityRevision even with a paid cached tier (2.085167ms)
✔ same-account confirmed paid access survives offerings loading or failed offline refresh (0.592907ms)
✔ admission reads current purchase state even if a notification has not been emitted (0.300064ms)
✔ live resume and timer change reconcile access even without a purchase notification (0.375088ms)
✔ invalid or mismatched provenance rejects {"sectionId":"relax"} without replacing audio (59.300019ms)
✔ invalid or mismatched provenance rejects {"indexInCategory":3} without replacing audio (35.130891ms)
✔ invalid or mismatched provenance rejects {"sectionId":"focus","indexInCategory":0} without replacing audio (34.596372ms)
✔ invalid or mismatched provenance rejects {"sectionId":"relax","indexInCategory":-1} without replacing audio (31.817104ms)
✔ invalid or mismatched provenance rejects {"sectionId":"relax","indexInCategory":0.5} without replacing audio (27.424986ms)
✔ invalid or mismatched provenance rejects {"sectionId":"relax","indexInCategory":99} without replacing audio (25.978146ms)
✔ essentials admits all catalog origins and preserves the timer and user volume (474.593772ms)
✔ pro admits all catalog origins and preserves the timer and user volume (279.560925ms)
✔ coach admits all catalog origins and preserves the timer and user volume (191.266897ms)
✔ each category first two entries remain free, including duplicate 432 and brown-noise origins (122.928951ms)
✔ omitted-origin admission allows any-free aliases and denies exclusively paid tracks (21.46569ms)
✔ web and unconfigured purchases keep paid sounds open through identity transitions (0.572636ms)
✔ external Focus tibetan_bowls replacement survives Sound Room downgrade (1.710719ms)
✔ external Focus waves replacement survives Sound Room downgrade (37.366938ms)
✔ purchase event during an engine start cannot publish a revoked playing selection (0.660449ms)
✔ purchase event during player publication cannot re-arm the revoked timer (0.433466ms)
✔ external waves replacement during player publication retains its untimed graph (50.82009ms)
✔ external tibetan_bowls replacement during player publication retains its untimed graph (1.570968ms)
✔ an unavailable AudioContext rejects the actual engine start without claiming playback (0.448289ms)
✔ failed buffer allocation retains entitlement ownership of the existing paid graph (24.269794ms)
✔ failed no replacement retains entitlement ownership of the existing paid graph (0.555882ms)
✔ same-track no-op cannot take revocation ownership of an external Focus graph (0.518355ms)
✔ pause publication from SoundRoom cannot fade or time the reentrant external tibetan_bowls graph (3.919642ms)
✔ pause publication from Focus cannot fade or time the reentrant external tibetan_bowls graph (1.846054ms)
✔ pause publication from SoundRoom cannot fade or time the reentrant external waves graph (15.735577ms)
✔ pause publication from Focus cannot fade or time the reentrant external waves graph (24.462316ms)
✔ setTimer publication from SoundRoom cannot fade or time the reentrant external tibetan_bowls graph (1.944634ms)
✔ setTimer publication from Focus cannot fade or time the reentrant external tibetan_bowls graph (1.696167ms)
✔ setTimer publication from SoundRoom cannot fade or time the reentrant external waves graph (16.959008ms)
✔ setTimer publication from Focus cannot fade or time the reentrant external waves graph (15.55232ms)
✔ ordinary PlayerBar timer and pause controls still act on the current external Focus graph (30.921823ms)
✔ silence or an absent audio context cannot publish a playing selection (0.393716ms)
✔ breath pacer runs at about 5.5 breaths a minute (0.956508ms)
✔ breathPhase: inhale first, then exhale, then repeats (0.708552ms)
✔ breathPhase is safe with odd input (0.240364ms)
✔ formatRemaining (0.174144ms)
✔ timer fades: a minute for sleep, short otherwise, never over half the timer (0.143317ms)
✔ arming a timer retains the independent three-second attack and actual stereo loop (74.53452ms)
✔ mute and volume respond immediately at the beginning of a timer fade (37.746651ms)
✔ mute and volume respond immediately at the middle of a timer fade (17.245216ms)
✔ mute and volume respond immediately at the end of a timer fade (27.537126ms)
✔ running fades can shorten but do not extend, and timer cancellation preserves user volume (47.630723ms)
✔ shortening a running fade with a delay cannot restore a louder envelope (96.156879ms)
✔ browsers without cancelAndHold retain the current level when shortening a fade (63.313249ms)
✔ track switches release the previous graph and repeated switches/stops bound resources (1212.090697ms)
✔ stop/restart of a tone cancels its initial bowl and recurring callbacks (0.914795ms)
✔ natural bowl endings disconnect their tails while the current ambient drone continues (0.646299ms)
✔ Sound Room timer arming, pause/resume and expiry keep player state and start fade intact (43.301441ms)
✔ external restart of the same track clears the Sound Room countdown and timer selection (47.090295ms)
✔ public support is generated from the same localized help as the app (5.369357ms)
✔ each store locale links to the shipped public support artifact (0.202857ms)
✔ growth keeps an exact capped ledger through every stage boundary and beyond the canopy (7.009099ms)
✔ approved tree pixels and normalized roots match their independent asset manifest (8.975175ms)
✔ rendered paywall claims a free trial only for confirmed eligibility (40.782627ms)
✔ rendered failed offerings include an explicit retry action (6.437864ms)
✔ web paywall keeps free access and does not offer a purchase CTA (14.637756ms)
✔ unconfirmed identity shows truthful verification retry and disables buy and restore even with cached prices (4.508323ms)
✔ pending identity verification does not render a trial or an enabled restore action (2.60338ms)
✔ guided narration keeps original English text and voice with en UI (4.669788ms)
✔ guided narration keeps original English text and voice with tr UI (37.083729ms)
✔ guided narration keeps original English text and voice with es UI (29.592671ms)
✔ English inventory accepts language tags and rejects names or unrelated prefixes (0.450923ms)
✔ an explicitly selected English voice wins over a preferred device name (0.395929ms)
✔ guided speech truthfully reports unavailable with empty inventory (0.35024ms)
✔ guided speech truthfully reports unavailable with non-English inventory (0.292642ms)
✔ late English voice installation refreshes availability and unsubscribe removes listeners (2.424029ms)
✔ Notebook retains verbatim tr text, matching device voice and saved meditation preferences (0.532546ms)
✔ Notebook retains verbatim es text, matching device voice and saved meditation preferences (0.281736ms)
✔ Notebook preserves implicit device language when its voice list has not loaded (0.465144ms)
✔ unsupported device speech does not report available or queued playback (0.182136ms)
✔ empty or disabled cues leave the device queue empty (0.308837ms)
✔ nonzero device volume changes apply to the next utterance without pretending to change active speech (0.400736ms)
✔ zero device volume cancels the owned paused utterance and Resume cannot revive it (0.418433ms)
✔ Stop while device speech is paused lets a new session resume the device queue (0.258141ms)
✔ device cancel failures produce an honest false result (0.271241ms)
✔ device enqueue failures produce an honest false result (0.194835ms)
✔ new cues and Stop detach utterance handlers and ignore captured stale callbacks (0.337921ms)
✔ pause and resume keep the active browser cue, restore speaking state and reject replay while paused (0.24468ms)
✔ stop prevents a delayed provider failure from reviving an obsolete English device cue (0.432124ms)
✔ pause-resume prevents a delayed provider failure from reviving an obsolete English device cue (0.194344ms)
✔ new-cue prevents a delayed provider failure from reviving an obsolete English device cue (0.156536ms)
✔ current provider failure falls back to English device speech; a non-English inventory cannot substitute (0.311751ms)
✔ the optional recorder remains dormant until registration and receives identified current/upcoming cues (0.553728ms)
✔ registered recorder missing clip uses truthful English device fallback without a provider (0.254585ms)
✔ registered recorder overlong clip uses truthful English device fallback without a provider (0.194965ms)
✔ registered recorder wrong language uses truthful English device fallback without a provider (0.214855ms)
✔ registered recorder missing text hash uses truthful English device fallback without a provider (0.400787ms)
✔ registered recorder missing checksum uses truthful English device fallback without a provider (0.195266ms)
✔ registered recorder missing version uses truthful English device fallback without a provider (0.152491ms)
✔ registered recorder wrong cue identity uses truthful English device fallback without a provider (0.175585ms)
✔ registered recorder expired cue slot uses truthful English device fallback without a provider (0.19853ms)
✔ registered recorder unbounded cue slot uses truthful English device fallback without a provider (0.165611ms)
✔ a recorder hash/source verification failure falls back, and absent English speech reports unavailable (0.253984ms)
✔ new cues stop clips and stale recorded callbacks/failures cannot change current playback (0.328828ms)
✔ recorded pause invalidates pending start/fallback even after resume, and Stop invalidates callbacks (0.253865ms)
✔ current recorded load failure falls back to English and unregistering restores device narration (0.233163ms)
✔ synchronous recorded verification and playback errors truthfully queue English fallback (0.274746ms)
✔ a recorded request that already ended cannot later fall back and revive the cue (0.215386ms)
✔ actual playback mode stays loading until recorded start and reports English device fallback (0.293504ms)
✔ a resumed recording failure uses only installed English device speech and rejects stale resume fallback (0.367877ms)
✔ registered recorded volume receives current preference and live zero/nonzero changes (0.247875ms)
ℹ tests 611
ℹ suites 0
ℹ pass 611
ℹ fail 0
ℹ cancelled 0
ℹ skipped 0
ℹ todo 0
ℹ duration_ms 9690.932777
npm notice
npm notice New major version of npm available! 11.9.0 -> 12.2.0
npm notice Changelog: https://github.com/npm/cli/releases/tag/v12.2.0
npm notice To update run: npm install -g npm@12.2.0
npm notice

> oda-one-decision-away@1.0.0 build
> vite build

vite v6.4.3 building for production...
<script src="/one-decision-away/theme-init.js"> in "/index.html" can't be bundled without type="module" attribute
transforming...
✓ 3399 modules transformed.
rendering chunks...
[plugin vite:reporter] 
(!) /workspace/oda-reference-redesign/src/services/cloudSync.ts is dynamically imported by /workspace/oda-reference-redesign/src/main.tsx but also statically imported by /workspace/oda-reference-redesign/src/components/BackupAndCloudSettings.tsx, /workspace/oda-reference-redesign/src/components/BackupReminder.tsx, /workspace/oda-reference-redesign/src/components/DailyNudgesSettings.tsx, /workspace/oda-reference-redesign/src/pages/Account.tsx, /workspace/oda-reference-redesign/src/pages/Coach.tsx, /workspace/oda-reference-redesign/src/pages/Upgrade.tsx, /workspace/oda-reference-redesign/src/services/cloudCoach.ts, /workspace/oda-reference-redesign/src/services/courseProgress.ts, /workspace/oda-reference-redesign/src/services/pushNotifications.ts, /workspace/oda-reference-redesign/src/services/repository.ts, /workspace/oda-reference-redesign/src/services/useCloudState.ts, /workspace/oda-reference-redesign/src/store/useApp.tsx, dynamic import will not move module into another chunk.

computing gzip size...
dist/index.html                                                       3.43 kB │ gzip:     1.13 kB
dist/assets/hanken-grotesk-vietnamese-wght-normal-CHiFlh_0.woff2      9.32 kB
dist/assets/hanken-grotesk-latin-ext-wght-normal-Dg-wlmqe.woff2      19.59 kB
dist/assets/newsreader-vietnamese-opsz-normal-BjhtXyW2.woff2         27.25 kB
dist/assets/newsreader-vietnamese-opsz-italic-DTr-ymY4.woff2         27.90 kB
dist/assets/hanken-grotesk-latin-wght-normal-CaVRRdDk.woff2          34.70 kB
dist/assets/newsreader-latin-ext-opsz-normal-BQn1nviT.woff2          86.61 kB
dist/assets/newsreader-latin-ext-opsz-italic-CSPGnFdO.woff2          95.54 kB
dist/assets/newsreader-latin-opsz-normal-s-izfB6B.woff2             132.00 kB
dist/assets/newsreader-latin-opsz-italic-kJKFiXvB.woff2             146.87 kB
dist/assets/aiCoach.worker-C60CQ1Xm.js                            6,039.34 kB
dist/assets/Today-D76Bu5Fr.css                                        4.80 kB │ gzip:     1.29 kB
dist/assets/Coach-6QKBAJWv.css                                        6.87 kB │ gzip:     2.29 kB
dist/assets/workingSurfaces-Ug3LNMJ2.css                             16.63 kB │ gzip:     3.55 kB
dist/assets/SoundRoom-w5AM9VHB.css                                   19.44 kB │ gzip:     4.72 kB
dist/assets/Notebook-BtNEN5vl.css                                    23.97 kB │ gzip:     4.31 kB
dist/assets/courseNavigationIntent-C0ky-Yq1.css                      37.68 kB │ gzip:     6.56 kB
dist/assets/index-BH5El-p7.css                                      110.55 kB │ gzip:    23.15 kB
dist/assets/de-FmFgRqLi.js                                            0.03 kB │ gzip:     0.05 kB
dist/assets/fr-FmFgRqLi.js                                            0.03 kB │ gzip:     0.05 kB
dist/assets/it-FmFgRqLi.js                                            0.03 kB │ gzip:     0.05 kB
dist/assets/ru-FmFgRqLi.js                                            0.03 kB │ gzip:     0.05 kB
dist/assets/web-DbfkFRS8.js                                           0.18 kB │ gzip:     0.16 kB
dist/assets/useCloudState-BR5Ls21h.js                                 0.20 kB │ gzip:     0.18 kB
dist/assets/chevron-right-CcS6RD4U.js                                 0.30 kB │ gzip:     0.25 kB
dist/assets/square-BJRDAi9h.js                                        0.32 kB │ gzip:     0.26 kB
dist/assets/arrow-up-right-CntihL7y.js                                0.34 kB │ gzip:     0.27 kB
dist/assets/search-CjqGDLUj.js                                        0.35 kB │ gzip:     0.28 kB
dist/assets/circle-check-B1fTrU52.js                                  0.35 kB │ gzip:     0.28 kB
dist/assets/user-round-h7WKBxtC.js                                    0.36 kB │ gzip:     0.28 kB
dist/assets/rotate-ccw-B-sGaoCB.js                                    0.37 kB │ gzip:     0.29 kB
dist/assets/index-DZmS3HxD.js                                         0.38 kB │ gzip:     0.27 kB
dist/assets/mail-D1U8jlaw.js                                          0.39 kB │ gzip:     0.31 kB
dist/assets/moon-C8ZnMOnT.js                                          0.39 kB │ gzip:     0.31 kB
dist/assets/headphones-a66MjhMN.js                                    0.41 kB │ gzip:     0.29 kB
dist/assets/timer-i_PEumcA.js                                         0.41 kB │ gzip:     0.29 kB
dist/assets/wind-IsBECpdy.js                                          0.42 kB │ gzip:     0.30 kB
dist/assets/archive-B3Dxkkt5.js                                       0.43 kB │ gzip:     0.31 kB
dist/assets/route-hFaDu-yG.js                                         0.43 kB │ gzip:     0.31 kB
dist/assets/lock-keyhole-DIL6Ds7H.js                                  0.43 kB │ gzip:     0.33 kB
dist/assets/index-BtorcjuM.js                                         0.45 kB │ gzip:     0.28 kB
dist/assets/pencil-Dx6jdzcP.js                                        0.45 kB │ gzip:     0.33 kB
dist/assets/pen-line-L7Fl_-Nd.js                                      0.45 kB │ gzip:     0.33 kB
dist/assets/index-BNYawzRf.js                                         0.48 kB │ gzip:     0.29 kB
dist/assets/refresh-cw-DxdIz0rz.js                                    0.50 kB │ gzip:     0.33 kB
dist/assets/trash-2-DVnpCE46.js                                       0.50 kB │ gzip:     0.32 kB
dist/assets/entitlements-u2O6Yfci.js                                  0.53 kB │ gzip:     0.32 kB
dist/assets/share-2-CN3rQejl.js                                       0.53 kB │ gzip:     0.34 kB
dist/assets/shuffle-Bkmi5Px4.js                                       0.56 kB │ gzip:     0.35 kB
dist/assets/sun-moon-Db2ZUqHI.js                                      0.57 kB │ gzip:     0.38 kB
dist/assets/waves-BugFxL9k.js                                         0.60 kB │ gzip:     0.32 kB
dist/assets/sparkles-B4DYwYz5.js                                      0.67 kB │ gzip:     0.39 kB
dist/assets/calendar-days-CsQM8tVx.js                                 0.67 kB │ gzip:     0.37 kB
dist/assets/index-CPZDfvBd.js                                         0.67 kB │ gzip:     0.42 kB
dist/assets/trending-up-C275iNbH.js                                   0.69 kB │ gzip:     0.34 kB
dist/assets/index-C-CQqP2D.js                                         0.72 kB │ gzip:     0.41 kB
dist/assets/music-DlxGg6Ud.js                                         0.75 kB │ gzip:     0.39 kB
dist/assets/purchaseIdentityBinding-tFcjnp2u.js                       0.78 kB │ gzip:     0.34 kB
dist/assets/Focus-ClXSwGnL.js                                         0.87 kB │ gzip:     0.47 kB
dist/assets/web-Cd3Mv_E_.js                                           0.90 kB │ gzip:     0.43 kB
dist/assets/web-Dj-UdtFB.js                                           1.06 kB │ gzip:     0.52 kB
dist/assets/Legal-BSDQGxhm.js                                         2.00 kB │ gzip:     0.91 kB
dist/assets/growth-CtfcX3mW.js                                        2.07 kB │ gzip:     0.92 kB
dist/assets/account-Bxum7P_m.js                                       2.95 kB │ gzip:     1.37 kB
dist/assets/Support-Cyo82JPG.js                                       3.54 kB │ gzip:     1.26 kB
dist/assets/OriginalSceneImage-zmk9pRa_.js                            3.62 kB │ gzip:     0.91 kB
dist/assets/Seasons-CMeLLCkO.js                                       3.65 kB │ gzip:     1.29 kB
dist/assets/QuotesBrowser-DcHxuk_C.js                                 3.69 kB │ gzip:     1.52 kB
dist/assets/rewards-CbsLRIp8.js                                       4.17 kB │ gzip:     1.81 kB
dist/assets/Budget-CeMoY3SJ.js                                        4.45 kB │ gzip:     1.70 kB
dist/assets/web-CcqxThKv.js                                           4.65 kB │ gzip:     1.40 kB
dist/assets/Evidence-poRW9EE0.js                                      5.45 kB │ gzip:     2.00 kB
dist/assets/courseNavigationIntent-Diphu7ZA.js                        5.49 kB │ gzip:     2.36 kB
dist/assets/Tools-DwSNlcbI.js                                         5.60 kB │ gzip:     2.18 kB
dist/assets/Missions-Bf4JmVko.js                                      5.65 kB │ gzip:     2.05 kB
dist/assets/LifeScore-C81qv44u.js                                     5.72 kB │ gzip:     1.92 kB
dist/assets/CourseCover-BUY-k6TR.js                                   6.18 kB │ gzip:     2.85 kB
dist/assets/Bridge-CXbD2yI2.js                                        6.53 kB │ gzip:     1.96 kB
dist/assets/FutureSelf-BPcFdzHy.js                                    6.86 kB │ gzip:     1.94 kB
dist/assets/MissionFlows-DW8Xc92H.js                                  8.10 kB │ gzip:     2.50 kB
dist/assets/index-BBKhVv3B.js                                         8.72 kB │ gzip:     3.31 kB
dist/assets/purchases-7Chx3DI3.js                                    10.03 kB │ gzip:     3.28 kB
dist/assets/web-D1YKfHN3.js                                          10.19 kB │ gzip:     2.10 kB
dist/assets/PublicTwoFutures-p7o52Oew.js                             11.24 kB │ gzip:     3.71 kB
dist/assets/Account-DrjZgFh7.js                                      11.76 kB │ gzip:     3.62 kB
dist/assets/support-DJ9bJ5qV.js                                      11.79 kB │ gzip:     4.95 kB
dist/assets/DreamArt-DYQ53ZGI.js                                     12.84 kB │ gzip:     2.50 kB
dist/assets/FocusTimerHub-CzjAfa7O.js                                15.21 kB │ gzip:     4.32 kB
dist/assets/Me-pF_lSKMW.js                                           16.34 kB │ gzip:     5.71 kB
dist/assets/TwoFutures-fGTQhpXJ.js                                   19.69 kB │ gzip:     5.43 kB
dist/assets/Upgrade-2rLaAIQy.js                                      19.72 kB │ gzip:     6.42 kB
dist/assets/media-2mgEiOLR.js                                        23.75 kB │ gzip:     9.29 kB
dist/assets/SoundRoom-aDnSOg1-.js                                    26.91 kB │ gzip:     9.78 kB
dist/assets/Bank-BvqiHIJe.js                                         29.78 kB │ gzip:     8.21 kB
dist/assets/Settings-bLtscQRr.js                                     41.22 kB │ gzip:    12.89 kB
dist/assets/Coach-Bif2rxOu.js                                        49.43 kB │ gzip:    16.16 kB
dist/assets/Dreams-BN4HJvZd.js                                       53.11 kB │ gzip:    14.99 kB
dist/assets/DailyMicroHabits-S6OKQ2k0.js                             56.82 kB │ gzip:    14.79 kB
dist/assets/Notebook-D74dfWKA.js                                     59.86 kB │ gzip:    17.80 kB
dist/assets/Progress-Bc39iSA_.js                                     75.84 kB │ gzip:    18.19 kB
dist/assets/Courses-BLBDhT9r.js                                     113.96 kB │ gzip:    36.62 kB
dist/assets/motion-HNvQpnN_.js                                      128.88 kB │ gzip:    42.38 kB
dist/assets/Today-C50ufxfI.js                                       147.01 kB │ gzip:    46.05 kB
dist/assets/supabase--wUpN4Ei.js                                    228.14 kB │ gzip:    59.28 kB
dist/assets/react-5GCfeWye.js                                       229.42 kB │ gzip:    71.53 kB
dist/assets/genai-DNIGCYRr.js                                       409.93 kB │ gzip:    72.77 kB
dist/assets/charts-Bzd-XkHo.js                                      431.58 kB │ gzip:   124.87 kB
dist/assets/tr-COHWLD3Y.js                                          561.39 kB │ gzip:   219.33 kB
dist/assets/es-qQNFzrdv.js                                          573.85 kB │ gzip:   217.68 kB
dist/assets/index-CbmeKa9h.js                                       951.87 kB │ gzip:   308.84 kB
dist/assets/courses-CKtnra3s.js                                   2,510.75 kB │ gzip:   813.28 kB
dist/assets/index-BMm9S-UO.js                                     5,959.05 kB │ gzip: 2,123.39 kB

(!) Some chunks are larger than 700 kB after minification. Consider:
- Using dynamic import() to code-split the application
- Use build.rollupOptions.output.manualChunks to improve chunking: https://rollupjs.org/configuration-options/#output-manualchunks
- Adjust chunk size limit for this warning via build.chunkSizeWarningLimit.
✓ built in 9.77s
npm notice
npm notice New major version of npm available! 11.9.0 -> 12.2.0
npm notice Changelog: https://github.com/npm/cli/releases/tag/v12.2.0
npm notice To update run: npm install -g npm@12.2.0
npm notice
npm notice
npm notice New major version of npm available! 11.9.0 -> 12.2.0
npm notice Changelog: https://github.com/npm/cli/releases/tag/v12.2.0
npm notice To update run: npm install -g npm@12.2.0
npm notice
