import assert from 'node:assert/strict';
import { admit } from './hybrid-common.mjs';
import { makeSeed, returningCourseFixture, allCoursesCompleteFixture, timerUtcFixture, journalLeapFixture, FIXED_NOW, canonicalDecisionSnapshot } from './fixtures.mjs';
const group = process.argv[2];
assert.ok(['courses','today','notebook'].includes(group));
const qa = await admit(group);
const { getInitialDemoState } = await import(`${qa.repo}/src/services/repository.ts`);
const { courseCatalogFor } = await import(`${qa.repo}/src/data/courseCatalog.ts`);
const { coursesFor } = await import(`${qa.repo}/src/data/courses.ts`);
const catalog = courseCatalogFor('en'), fullCourses = coursesFor('en');
const seed = locale => makeSeed(getInitialDemoState, { locale });
let active;
const newContext = async options => { const fixture = await qa.create(options); active = fixture.page; return fixture; };
const route = (page, path) => qa.goto(page,path);
const weekDays = page => page.locator('.oda-notebook-week-strip button').evaluateAll(elements => elements.map(el => ({ label:el.getAttribute('aria-label'), day:el.querySelector('strong')?.textContent, current:el.getAttribute('aria-current'), pressed:el.getAttribute('aria-pressed') })));
try {
  if (group === 'courses') {
    assert.equal(catalog.length,18); assert.equal(catalog.flatMap(c=>c.lessons).length,103);
    const fixture = returningCourseFixture(seed('en'),catalog);
    const ctx = await newContext({seed:fixture.seed,viewport:{width:390,height:844}}), p=ctx.page;
    await route(p,'/app'); await p.locator('[data-next-lesson-title]').waitFor();
    assert.equal(await p.locator('[data-next-lesson-title]').innerText(),fixture.current.title);
    assert.equal(await p.locator('[data-next-lesson-goal]').innerText(),fixture.current.goal);
    assert.ok((await p.locator('.oda-hybrid-next-lesson').innerText()).includes(`${fixture.current.minutes} min`));
    const before=(await qa.read(p)).courseProgress;
    await p.locator('.oda-hybrid-mission-actions button').first().click(); await p.locator('.oda-course-overview').waitFor();
    assert.equal(await p.locator('#course-overview-title').innerText(),fixture.course.title);
    assert.equal(await p.locator('.oda-course-lesson-title').count(),0);
    assert.equal(await p.evaluate(()=>sessionStorage.getItem('oda_course_navigation_intent_v1')),null);
    assert.deepEqual((await qa.read(p)).courseProgress,before);
    qa.pass('Returning Today View roadmap opens overview and consumes one-use intent without changing progress');
    const completedRow=p.locator(`[data-course-overview-lesson="${fixture.completed[0].id}"] button`);
    await completedRow.focus();await p.keyboard.press('Enter');await p.locator('.oda-course-lesson-title').waitFor();
    assert.equal(await p.locator('.oda-course-lesson-title').innerText(),fixture.completed[0].title);
    assert.equal(await p.locator('#course-reflection').inputValue(),before.lessons[fixture.completed[0].id].reflection);
    qa.pass('Completed roadmap stage0 rereads its real lesson instead of being overwritten by resume stage2');
    await qa.capture(p,'course-reread-completed-390');
    await route(p,'/app'); await p.locator('.oda-hybrid-mission-actions button').last().click();await p.locator('.oda-course-lesson-title').waitFor();
    assert.equal(await p.locator('.oda-course-lesson-title').innerText(),fixture.current.title);
    assert.equal(await p.locator('#course-reflection').inputValue(),before.lessons[fixture.current.id].reflection);
    qa.pass('Today Continue resumes actual next lesson, title, minutes, goal and saved reflection');
    const intents=await p.evaluate(()=>window.__hybridCourseIntents);assert.ok(intents.length);
    const envelope=JSON.parse(intents.at(-1));
    await route(p,'/app'); await p.locator('.oda-hybrid-mission-actions').waitFor();
    envelope.intent={courseId:fixture.course.id,mode:'lesson',lessonId:fixture.future.id};
    await p.evaluate(value=>sessionStorage.setItem('oda_course_navigation_intent_v1',JSON.stringify(value)),envelope);
    await route(p,'/app/courses'); await p.locator('.oda-course-overview').waitFor();
    assert.equal(await p.locator('.oda-course-lesson-title').count(),0);
    assert.ok(await p.locator(`[data-course-overview-lesson="${fixture.future.id}"] button`).isDisabled());
    assert.deepEqual((await qa.read(p)).courseProgress,before);
    assert.equal(await p.evaluate(()=>sessionStorage.getItem('oda_course_navigation_intent_v1')),null);
    qa.pass('Valid-scoped incoming future lesson request is stopped by real prerequisite guard and leaves progress unchanged');
    await p.locator(`[data-course-overview-lesson="${fixture.current.id}"] button`).click(); await p.locator('.oda-course-lesson-title').waitFor();
    const currentFull=fullCourses.find(course=>course.id===fixture.course.id).lessons[2];
    for(const input of await p.locator('.oda-course-practice input[type="checkbox"]').all())await input.check();
    await p.locator(`input[name="answer-${fixture.current.id}"]`).nth(currentFull.correct).check();
    await qa.waitRecord(p,data=>data.courseProgress.lessons[fixture.current.id].checked.every(Boolean)&&data.courseProgress.lessons[fixture.current.id].answer===currentFull.correct);
    assert.equal((await qa.read(p)).courseProgress.lessons[fixture.current.id].completed,false);
    await route(p,'/app');await p.locator('.oda-hybrid-progress [role="progressbar"]').waitFor();
    assert.equal(await p.locator('.oda-hybrid-progress [role="progressbar"]').getAttribute('aria-valuenow'),'2');
    await p.locator('.oda-hybrid-mission-actions button').last().click();await p.locator('.oda-course-lesson-title').waitFor();
    await p.getByRole('button',{name:'Complete lesson',exact:true}).click();
    await qa.waitRecord(p,data=>data.courseProgress.lessons[fixture.current.id].completed===true);
    await route(p,'/app');await p.locator('[data-next-lesson-title]').waitFor();
    assert.equal(await p.locator('.oda-hybrid-progress [role="progressbar"]').getAttribute('aria-valuenow'),'3');
    assert.equal(await p.locator('[data-next-lesson-title]').innerText(),fixture.future.title);
    qa.pass('Actual practice/quiz draft does not count as completion; explicit valid Complete advances committed Today counter and real next title');
    await p.locator('.oda-hybrid-mission-actions button').first().click();await p.locator('.oda-course-overview').waitFor();
    await p.setViewportSize({width:320,height:844}); qa.pass('Returning roadmap320 controls fit',await qa.fit(p,'.oda-courses'));
    await qa.capture(p,'course-overview-320');
    await p.setViewportSize({width:1440,height:1000}); qa.pass('Returning roadmap desktop controls fit',await qa.fit(p,'.oda-courses'));
    await qa.capture(p,'course-overview-1440');
    await ctx.context.close();
    const all=allCoursesCompleteFixture(seed('en'),catalog);
    const complete=await newContext({seed:all.seed,viewport:{width:390,height:844}}), c=complete.page;
    await route(c,'/app');await c.locator('.oda-hybrid-progress [role="progressbar"]').waitFor();
    assert.equal(await c.locator('.oda-hybrid-progress [role="progressbar"]').getAttribute('aria-valuemax'),'103');
    assert.equal(await c.locator('.oda-hybrid-progress [role="progressbar"]').getAttribute('aria-valuenow'),'103');
    assert.equal(await c.locator('.oda-hybrid-mission-actions button').count(),1);
    await c.locator('.oda-hybrid-mission-actions button').click();await c.locator('.oda-course-overview').waitFor();
    qa.pass('All103 real completed lessons keep a finished course visible with roadmap access rather than disappearing');
    await c.getByRole('button',{name:'All courses',exact:true}).click(); await c.locator('.oda-course-row').first().waitFor();
    assert.equal(await c.locator('.oda-course-row').count(),18);
    await c.locator('#course-search').fill(fixture.course.title);assert.equal(await c.locator('.oda-course-row').count(),1);
    await c.locator('#course-search').fill('');assert.equal(await c.locator('.oda-course-row').count(),18);
    qa.pass('Actual18-course catalogue and search remain reachable after all courses complete');
    await qa.capture(c,'all-courses-completed-390'); await complete.context.close();
  }
  if (group === 'today') {
    const history=timerUtcFixture(seed('en'));
    const ctx=await newContext({seed:history.seed,viewport:{width:320,height:844},timezoneId:'Pacific/Kiritimati',fixedClock:FIXED_NOW}),p=ctx.page;
    await route(p,'/app');await p.locator('.oda-hybrid-streak-value').waitFor();
    assert.match(await p.locator('.oda-hybrid-streak-value').innerText(),/^4\b/);
    const bars=await p.locator('[data-focus-day-minutes]').evaluateAll(items=>items.map(item=>({label:item.getAttribute('aria-label'),minutes:Number(item.dataset.focusDayMinutes)})));
    assert.equal(bars.reduce((sum,row)=>sum+row.minutes,0),95);
    assert.deepEqual(bars.filter(row=>row.minutes>0).map(row=>row.label.split(' UTC:')[0]),['2028-02-27','2028-02-28','2028-02-29','2028-03-01']);
    qa.pass('Timer evidence retains distinct canonical repeatable sessions across UTC dates, dedupes an exact canonical event and ignores self/photo/invalid/future records',bars);
    assert.equal(await p.locator('.oda-hybrid-progress [role="progressbar"]').getAttribute('aria-valuemax'),'103');
    assert.equal(await p.locator('.oda-hybrid-progress [role="progressbar"]').getAttribute('aria-valuenow'),'0');
    const buttons=p.locator('.oda-hybrid-actions button[aria-pressed]');assert.equal(await buttons.count(),Math.min(3,history.seed.microHabits.length));
    const day=await p.evaluate(()=>{const d=new Date();return `${d.getFullYear()}-${String(d.getMonth()+1).padStart(2,'0')}-${String(d.getDate()).padStart(2,'0')}`;});
    const habit=history.seed.microHabits[0];await buttons.first().click();
    await qa.waitRecord(p,data=>data.microHabits.find(row=>row.id===habit.id).completedDates.includes(day));
    await p.reload();await p.locator('.oda-hybrid-actions button[aria-pressed="true"]').waitFor();
    assert.ok((await p.locator('.oda-hybrid-metrics').innerText()).includes(`1 / ${history.seed.microHabits.length}`));
    await p.locator('.oda-hybrid-actions button[aria-pressed="true"]').first().click();
    await qa.waitRecord(p,data=>!data.microHabits.find(row=>row.id===habit.id).completedDates.includes(day));
    assert.ok((await p.locator('.oda-hybrid-metrics').innerText()).includes(`0 / ${history.seed.microHabits.length}`));
    qa.pass('Daily habit toggles persist after reload and truthful count reverses without touching course completion');
    const forbidden=ctx.record.requests.filter(row=>/courses-CKtnra3s\.js|\.mp3$|\.onnx$|\.gguf$|received\/|master/i.test(row.url));assert.deepEqual(forbidden,[]);
    qa.pass('First Today uses lightweight catalogue and no full lessons, narration bulk, model runtime or original masters',ctx.record.requests);
    qa.pass('Today320 controls fit',await qa.fit(p,'.oda-reference-today'));
    await qa.capture(p,'today-utc-evidence-habits-320',true);await ctx.context.close();
    const gap=timerUtcFixture(seed('en'),{gapYesterday:true});
    const broken=await newContext({seed:gap.seed,viewport:{width:390,height:844},fixedClock:FIXED_NOW});
    await route(broken.page,'/app');await broken.page.locator('.oda-hybrid-streak-value').waitFor();
    assert.match(await broken.page.locator('.oda-hybrid-streak-value').innerText(),/^0\b/);
    qa.pass('Missing UTC yesterday ends the timer streak even with self/photo completion today');
    await qa.capture(broken.page,'today-broken-streak-390');await broken.context.close();
  }
  if (group === 'notebook') {
    const fixture=journalLeapFixture(seed('en'));
    const ctx=await newContext({seed:fixture.seed,viewport:{width:390,height:844},fixedClock:FIXED_NOW}),p=ctx.page;
    await route(p,'/app/notebook');await p.locator('#notebook-journal-content').waitFor();
    const strip=p.locator('.oda-notebook-week-strip'); assert.equal(await strip.locator('button').count(),7);
    const leap=strip.locator('button').filter({hasText:/29/});await leap.click();
    await p.locator('.oda-hybrid-entry-preview').waitFor();
    assert.ok((await p.locator('.oda-hybrid-entry-preview').innerText()).includes(fixture.entries[0].content));
    await p.getByRole('button',{name:'New journal entry',exact:true}).click();
    await p.waitForFunction(()=>document.activeElement?.id==='notebook-journal-title');
    assert.equal(await p.locator('#notebook-journal-content').inputValue(),'');
    await p.locator('#notebook-journal-title').fill('Synthetic today while leap archive selected');
    await p.locator('#notebook-journal-content').fill('New words belong to TODAY, not the archive filter.');
    await p.locator('.oda-notebook-editor-form button[type="submit"]').click();
    const saved=await qa.waitRecord(p,data=>data.notebook.entries.some(row=>row.title==='Synthetic today while leap archive selected'));
    assert.equal(saved.notebook.entries.find(row=>row.title==='Synthetic today while leap archive selected').dateKey,'2028-03-01');
    assert.equal(saved.notebook.entries.find(row=>row.id===fixture.entries[0].id).dateKey,'2028-02-29');
    qa.pass('Selected leap-day archive filters actual entries; header New focuses empty editor and saves on TODAY');
    const preview=p.locator('.oda-hybrid-entry-preview');await preview.locator('summary').click();
    await preview.getByRole('button',{name:'Edit entry',exact:true}).click();
    await p.locator('#notebook-journal-content').fill('Dirty leap archive edit must not vanish.');
    p.once('dialog',dialog=>dialog.dismiss());await p.getByRole('button',{name:'New journal entry',exact:true}).click();
    assert.equal(await p.locator('#notebook-journal-content').inputValue(),'Dirty leap archive edit must not vanish.');
    const weekBefore=await weekDays(p);await p.getByRole('button',{name:'Previous week',exact:true}).click();
    assert.equal(await p.locator('#notebook-journal-content').inputValue(),'Dirty leap archive edit must not vanish.');
    await p.getByRole('button',{name:'Next week',exact:true}).click();assert.deepEqual(await weekDays(p),weekBefore);
    await p.locator('.oda-notebook-editor-form button[type="submit"]').click();
    const edited=await qa.waitRecord(p,data=>data.notebook.entries.some(row=>row.id===fixture.entries[0].id&&row.content==='Dirty leap archive edit must not vanish.'));
    assert.equal(edited.notebook.entries.find(row=>row.id===fixture.entries[0].id).dateKey,'2028-02-29');
    assert.equal(edited.notebook.entries.filter(row=>row.id===fixture.entries[0].id).length,1);
    qa.pass('Dirty edit New cancel and previous/next week preserve writing; save edits one original-date record');
    await qa.capture(p,'notebook-leap-edit-390',true);
    await p.setViewportSize({width:320,height:844});const notebookWidth=await p.evaluate(()=>({width:document.documentElement.clientWidth,scrollWidth:document.documentElement.scrollWidth}));assert.ok(notebookWidth.scrollWidth<=notebookWidth.width+1);assert.ok(await p.locator('.oda-notebook-week-hint').isVisible());qa.pass('Notebook320 preserves named horizontally scrollable week and document width',notebookWidth);await qa.capture(p,'notebook-leap-320');
    const { QUOTE_COLLECTION, quoteText, quoteSource }=await import(`${qa.repo}/src/data/quoteCollection.ts`);
    const { notebookHybridCopy }=await import(`${qa.repo}/src/i18n/notebookHybrid.ts`);const copy=notebookHybridCopy('en');
    assert.equal(ctx.record.requests.some(row=>row.url.includes('QuotesBrowser-')),false);
    await p.getByRole('button',{name:copy.quotes,exact:true}).click();await p.locator('.oda-quotes-browser').waitFor();
    assert.equal(await p.locator('[data-quote-id]').count(),12);
    assert.equal(await p.locator('.oda-quotes-browser button').filter({hasText:/bookmark|save quote/i}).count(),0);
    for(const category of ['faith','philosophy','society','science']) {
      await p.locator('.oda-quotes-categories').getByRole('button',{name:copy[category],exact:true}).click();
      const expected=QUOTE_COLLECTION.filter(row=>row.category===category).slice(0,12);
      assert.deepEqual(await p.locator('[data-quote-id]').evaluateAll(items=>items.map(item=>item.dataset.quoteId)),expected.map(row=>row.id));
      for(const quote of expected){const card=p.locator(`[data-quote-id="${quote.id}"]`);assert.equal(await card.locator('blockquote').innerText(),quoteText(quote,'en'));assert.equal(await card.locator('.oda-quote-citation p').first().innerText(),quoteSource(quote,'en'));}
    }
    await p.locator('.oda-quotes-categories').getByRole('button',{name:copy.all,exact:true}).click();
    const first=QUOTE_COLLECTION[0];await p.locator('.oda-quotes-search input').fill(quoteText(first,'en').slice(0,35));
    assert.ok(await p.locator(`[data-quote-id="${first.id}"]`).isVisible());
    await p.locator('.oda-quotes-search input').fill('synthetic-no-matching-quote-zz');assert.equal(await p.locator('[data-quote-id]').count(),0);
    await p.locator('.oda-quotes-empty button').click();assert.equal(await p.locator('[data-quote-id]').count(),12);
    const anchors=await p.locator('.oda-quote-citation a').evaluateAll(items=>items.map(item=>({href:item.href,target:item.target,rel:item.rel})));assert.ok(anchors.every(row=>/^https?:/.test(row.href)&&row.target==='_blank'&&row.rel.includes('noopener')&&row.rel.includes('noreferrer')));
    await p.locator('.oda-quotes-more').click();assert.equal(await p.locator('[data-quote-id]').count(),24);
    qa.pass('Quotes loads on demand with real categories/text/sources/search/pagination, safe source links and no fake bookmarking');
    await p.setViewportSize({width:1440,height:1000});qa.pass('Quotes desktop controls fit',await qa.fit(p,'.oda-quotes-browser'));await qa.capture(p,'quotes-real-sources-1440');
    await ctx.context.close();
  }
  for(const context of qa.report.contexts){assert.deepEqual(context.blockedExternal,[]);assert.deepEqual(context.pageErrors,[]);}
  await qa.close('passed');
} catch(error){qa.report.failure=String(error.stack||error);process.exitCode=1;if(active&&!active.isClosed())await qa.capture(active,'failure',true).catch(()=>{});console.error(qa.report.failure);await qa.close('failed');}
