
> oda-one-decision-away@1.0.0 check
> npm run lint && node scripts/validate-i18n.mjs && node --import tsx scripts/test-i18n.ts && node --import tsx scripts/test-notebook.ts && node --import tsx scripts/test-notebook-voice.ts && node --import tsx scripts/test-routing.ts && npm test && npm run build


> oda-one-decision-away@1.0.0 lint
> tsc --noEmit

npm notice
npm notice New major version of npm available! 11.9.0 -> 12.2.0
npm notice Changelog: https://github.com/npm/cli/releases/tag/v12.2.0
npm notice To update run: npm install -g npm@12.2.0
npm notice
tr: 6824 entries; missing keys 0; placeholder differences 0
es: 6824 entries; missing keys 0; placeholder differences 0
English-first startup, saved choices, EN/TR/ES switching, fallback and repeated placeholders passed.
✔ old backups normalize without copying or losing any legacy Dream Journal field (2.350121ms)
✔ new writing of every kind including affirmation earns 25 once; intention alone does not (2.194796ms)
✔ edit, no-op, delete and recreate preserve immutable once-per-day reward claims (0.511153ms)
✔ local writing day and existing UTC reward ceiling are separate and cap-safe (1.731136ms)
✔ 369 only counts matching written intentions, allows partial saves and retains archived histories (1.649893ms)
✔ 369 derives a real 33-day streak and preserves the achieved target after a gap (1.653569ms)
✔ 369 matches Turkish dotted/dotless uppercase pairs without stripping meaningful accents (0.446565ms)
✔ calendar streaks use local days across DST, not elapsed 24-hour periods (0.520537ms)
✔ validation rejects blank entries, future dates, past creation and excess slots without altering input (0.61567ms)
✔ legacy edits preserve photos, links and original date; unified JSON roundtrip is lossless (7.095972ms)
✔ real repository serializes concurrent writes, protects from stale saves, and honors explicit restore (11.519136ms)
✔ stale whole-document saves do not resurrect deleted legacy entries or lose new ones (1.713068ms)
✔ Notebook rebases after a delayed load against a concurrent profile and ledger save (1.233454ms)
✔ concurrent mission and Notebook reward evaluation share the same 2500 ceiling (8.695509ms)
✔ failed storage saves reject, do not push cloud or claim rewards, and queue recovers (1.69448ms)
✔ unreadable saved JSON is preserved, never silently replaced with seed data (0.239341ms)
✔ explicit local restore blocks older cloud data across failed uploads and is account/project scoped (19.726197ms)
✔ an old in-flight cloud upload cannot overwrite a newer restored snapshot or clear its marker (4.691019ms)
✔ a signed-out import binds to the first later connection and stays isolated from other accounts (5.515485ms)
ℹ tests 19
ℹ suites 0
ℹ pass 19
ℹ fail 0
ℹ cancelled 0
ℹ skipped 0
ℹ todo 0
ℹ duration_ms 78.787284
Notebook voice uses device speech only, preserves preferences and handles unavailable speech.
✔ root hosting retains history paths, including direct reloads (1.005359ms)
✔ project hosting keeps every navigation on the same static document (0.325061ms)
✔ landing URLs and non-route fragments do not become unknown routes (0.131188ms)
✔ back/forward hash entries resolve to canonical route IDs (0.130387ms)
✔ icons and service worker URLs stay under their deployment base (0.213853ms)
✔ service worker precaches only its project directory (18.221675ms)
✔ standalone support remains available offline without replacing the application shell (5.834827ms)
✔ activation preserves sibling apps and this version media cache (1.511615ms)
✔ notification defaults and legacy targets open the project hash route (1.095175ms)
✔ installed app metadata refreshes instead of retaining the cached identity (1.891748ms)
✔ installed app metadata remains available offline (0.989095ms)
ℹ tests 11
ℹ suites 0
ℹ pass 11
ℹ fail 0
ℹ cancelled 0
ℹ skipped 0
ℹ todo 0
ℹ duration_ms 38.734932

> oda-one-decision-away@1.0.0 test
> node --import tsx --test tests/*.test.ts supabase/functions/send-nudges/core.test.ts supabase/functions/send-nudges/push-worker.test.ts

✔ 600 scheduled selections are unique across 100 local calendar days and repeat only in the next cycle (3.706071ms)
✔ calendar-day index is independent of server timezone, DST boundaries and midnight UTC (0.392273ms)
✔ sender blocks private-network endpoints, embedded credentials, lookalike hosts and unexpected ports (0.301216ms)
✔ payload identifies adaptation/translation and routes stay valid for root and project hosting (1.150639ms)
✔ cron authenticator requires a substantial matching secret (7.303125ms)
✔ push event displays the real server payload without an open client (1.944068ms)
✔ unexpected push fields cannot become arbitrary notification options (0.723483ms)
✔ does not load a runtime before explicit initialization and blocks unsupported devices (2.054705ms)
✔ context retains the latest user turn, merges interrupted turns, and ignores injected roles (0.482319ms)
✔ streams accumulated visible content and disables reasoning output (1.78628ms)
✔ aborting initialization disposes the downloading runtime and allows retry (3.246045ms)
[ODA Coach] Generation failed: Error: GPU device lost: out of memory
    at Object.generate (/workspace/oda-landing-photographic/tests/ai-coach.test.ts:117:35)
    at <anonymous> (/workspace/oda-landing-photographic/src/services/aiCoach.ts:256:68)
    at Object.stream (/workspace/oda-landing-photographic/src/services/aiCoach.ts:300:5)
    at TestContext.<anonymous> (/workspace/oda-landing-photographic/tests/ai-coach.test.ts:122:30)
    at async Test.run (node:internal/test_runner/test:1389:7)
    at async Test.processPendingSubtests (node:internal/test_runner/test:960:7)
✔ cancellation drains generation, suppresses late text, and releases the next request (2.40208ms)
✔ generation failures are actionable, never become a canned coach reply, and require restart (7.3528ms)
✔ unload cancels an active operation, releases memory and supports a fresh initialization (0.653948ms)
✔ ambient renders are long independent stereo textures with finite bounded levels (168.225542ms)
✔ scene identities differ in spectrum and amplitude dynamics (36.191578ms)
✔ loop overlaps join continuous adjacent noise without a boundary spike (47.053101ms)
✔ seeds reproduce review samples and produce a new texture when changed (145.126908ms)
✔ one Sound Room track keeps one title across categories, including intentional noise reuse (0.354466ms)
✔ fresh startup seeds and absent records do not prompt for a backup (1.749813ms)
✔ empty notebook, lesson, experiment and weekly-review shells are not saved personal work (0.78701ms)
✔ the first saved journal, scripting or future letter qualifies without three older records (1.40358ms)
✔ a saved intention, gratitude note or affirmation qualifies before any decision completion (0.596602ms)
✔ an interrupted first lesson answer of zero, practice checkbox or reflection qualifies (0.679507ms)
✔ the first course plan, paused attempt or saved review qualifies independently of lesson completion (0.60225ms)
✔ one saved weekly review with no kept decisions qualifies (0.189917ms)
✔ one completion, kept decision, vision choice or dream-journal entry preserves existing eligibility (0.756253ms)
✔ a valid downloaded backup suppresses until the exact fourteen-day boundary (0.48297ms)
✔ invalid, absent and future export or cloud timestamps never suppress protection (0.537692ms)
✔ freshness compares actual ISO instants and accepts leap days without calendar normalization (0.155495ms)
✔ only configured, signed-in, recent scoped cloud success with no error suppresses the reminder (0.296067ms)
✔ a recent export still protects work when cloud sync fails, and session dismissal remains respected (0.295627ms)
✔ eligibility does not alter saved work or cloud status, and all three locales explain protection without promising sync (0.547467ms)
✔ restore safety: weekly review text cannot be an object (3.721353ms)
✔ restore safety: life score records need sortable timestamps (0.855703ms)
✔ restore safety: bridge records need their rendered amounts (0.8009ms)
✔ restore safety: a pinned dream name cannot be a React object child (0.766789ms)
✔ legacy course storage migrates into the personal record without changing other data (7.390106ms)
✔ course edits, completion, experiment plans and logs roundtrip through JSON backup (4.309783ms)
✔ a stale save from another feature retains newer lesson notes and practice logs (1.95272ms)
✔ a legacy backup keeps local courses; an explicit empty course backup clears them (2.272945ms)
✔ validation rejects malformed personal, notebook and course data before any storage write (5.089771ms)
✔ quota failures keep the entire previous record and legacy key intact, and a retry succeeds (1.774992ms)
✔ unreadable main data is never replaced by a course-only save (0.709492ms)
✔ lesson edits and re-completion retain the real-world experiment history (0.301806ms)
✔ course mutations wait for the shared write lock and rebase onto a concurrent notebook commit (0.992359ms)
✔ ledger and notebook rewards retain one UTC ceiling when the local decision day differs (14.540382ms)
✔ cloud upload captures current courses and invalid cloud backups leave local storage untouched (19.3037ms)
✔ cloud previews do not change last-sync or local data until the reviewed record is committed (4.869278ms)
✔ Bank chart keeps UTC ledger Today and date labels aligned at New York evening (25.892295ms)
✔ Bank seven-day earnings window is Sep 25 through Oct 1 for the UTC ledger day (2.859471ms)
✔ Savings includes the first displayed UTC day in net and pace, excluding opening history (4.55929ms)
✔ Savings net includes mixed first-day credits, spending and the current UTC day (3.05123ms)
✔ Bank chart formats ledger dates in selected tr UI locale (21.590154ms)
✔ Bank chart formats ledger dates in selected es UI locale (24.306569ms)
✔ a welcome grant preserves the balance and supplies zero practice evidence (1.496451ms)
✔ mixed financial deposits cannot inflate distinct kept days or completed decisions (6.092116ms)
✔ practice week follows local calendar boundaries and repeated days count once (0.18531ms)
✔ reward labels distinguish symbolic unlocking from actual D$ pace estimates in every locale (0.307074ms)
✔ client and server agree on the message limits (1.006261ms)
✔ the request keeps the last 12 messages, trims each to 1500 characters and drops empty ones (0.326002ms)
✔ context is sent only when there is something to send, and is trimmed (0.183778ms)
✔ responses map to a result or a typed error (10.90609ms)
✔ the shared context holds only today, the last kept decisions and short journal lines (6.872986ms)
✔ a matching current durable document uploads and records current plus historical confirmation (17.727347ms)
✔ a stale rendered profile payload cannot roll acknowledged cloud work backward (13.284023ms)
✔ a stale rendered notebook payload cannot roll acknowledged cloud work backward (4.592189ms)
✔ a stale rendered futureSelf payload cannot roll acknowledged cloud work backward (4.524858ms)
✔ missing authoritative local record rejects a push before any cloud query (8.75576ms)
✔ invalid-json authoritative local record rejects a push before any cloud query (2.269048ms)
✔ invalid-document authoritative local record rejects a push before any cloud query (5.319148ms)
✔ a course-only stale caller uses the existing latest-course normalization and can upload (6.079051ms)
✔ an ordinary repository save invalidates current confirmation immediately and retains history (3.235339ms)
✔ a durable Notebook action invalidates confirmation without waiting for its debounce (3.991442ms)
✔ a durable course save invalidates confirmation without requiring the AppProvider event listener (2.10437ms)
✔ a save suppressed by its account guard still makes the current durable document dirty (2.165973ms)
✔ a failed durable repository write preserves previous current confirmation (3.460479ms)
✔ a failed durable notebook write preserves previous current confirmation (5.443415ms)
✔ a failed durable course write preserves previous current confirmation (2.135016ms)
✔ dirty startup does not automatically restore the same acknowledged cloud baseline over newer device work (2.766721ms)
✔ an old in-flight upload retains its remote baseline while the latest durable document remains dirty (4.85775ms)
✔ the latest queued durable payload updates after an older in-flight upload without reverting cloud or device (7.739425ms)
✔ a cloud-restore fingerprint resolve after account drift returns false without publishing obsolete status (6.040568ms)
✔ a cloud-restore fingerprint reject after account drift returns false without publishing obsolete status (3.230151ms)
✔ a cloud-restore fingerprint resolve after project drift returns false without publishing obsolete status (3.60013ms)
✔ a cloud-restore fingerprint reject after project drift returns false without publishing obsolete status (2.793932ms)
✔ a cloud-restore fingerprint resolve after local-record drift returns false without publishing obsolete status (3.078642ms)
✔ a cloud-restore fingerprint reject after local-record drift returns false without publishing obsolete status (4.649296ms)
✔ a rejected current cloud-restore fingerprint returns false, preserves durable data and reports unconfirmed backup (6.978476ms)
✔ cloud-restore acknowledgement owner-quota failure returns a boolean and keeps the durable restored record (5.417266ms)
✔ cloud-restore acknowledgement document-read failure returns a boolean and keeps the durable restored record (2.815208ms)
✔ a clean-reload confirmation fingerprint resolve after account B cannot publish account A status (4.621954ms)
✔ a clean-reload confirmation fingerprint reject after account B cannot publish account A status (3.238674ms)
✔ confirmation bootstrap after a clean reload is tied to the actual persisted document (3.731608ms)
✔ confirmation bootstrap after a dirty reload preserves device work and historical cloud time (3.080435ms)
✔ a coherently hydrated external-tab edit cannot inherit another tab’s current-document confirmation (2.933022ms)
✔ a pending cloud SELECT cannot replace data after account switch (3.1237ms)
✔ a pending cloud SELECT cannot replace data after project switch (0.46946ms)
✔ a pending cloud SELECT cannot replace data after logout and reauthentication as the same account (0.607478ms)
✔ a pending cloud SELECT cannot replace data after an explicit local import barrier (0.97287ms)
✔ a pending cloud SELECT cannot replace data after newer saved personal writing (0.788482ms)
✔ a reviewed cloud restore is checked inside the write lock after account switch (11.233686ms)
✔ a reviewed cloud restore is checked inside the write lock after project switch (2.136268ms)
✔ a reviewed cloud restore is checked inside the write lock after logout and reauthentication as the same account (1.749223ms)
✔ a reviewed cloud restore is checked inside the write lock after an explicit local import barrier (2.175407ms)
✔ a reviewed cloud restore is checked inside the write lock after newer saved personal writing (2.991871ms)
✔ an unchanged reviewed cloud record commits once and records its scoped sync (4.176301ms)
✔ manual sync cannot fall back to uploading a captured previous-account snapshot (0.82711ms)
✔ a delayed automatic backup remains bound to its original account (0.39675ms)
✔ an old upload success cannot mark or emit the new cloud scope (6.042681ms)
✔ an old upload failure cannot mark or emit the new cloud scope (2.056848ms)
✔ fresh OTP sign-in cannot overwrite existing cloud work on the first ordinary save (9.925338ms)
✔ an absent cloud row is inserted once and acknowledges the returned server version and exact data (15.341562ms)
✔ offline SELECT throws and reconnect retain both records (4.320229ms)
✔ offline SELECT resolved and reconnect retain both records (2.643364ms)
✔ shared device A→B→A cannot reuse the historical acknowledgement of A after B owns the record (18.134983ms)
✔ a stale upload SELECT after account cannot write or alter current-scope status (2.069718ms)
✔ a stale upload SELECT after project cannot write or alter current-scope status (1.488089ms)
✔ a stale upload SELECT after logout-return cannot write or alter current-scope status (1.546207ms)
✔ a stale upload SELECT after local-edit cannot write or alter current-scope status (1.518544ms)
✔ a stale upload SELECT after import cannot write or alter current-scope status (1.670324ms)
✔ same-version remote content changed at the fresh read cannot authorize overwrite (6.104244ms)
✔ canonical acknowledgement treats reordered object keys as equal, but retains array order (9.054072ms)
✔ a changed remote version between SELECT and UPDATE yields zero rows and never acknowledges success (4.704558ms)
✔ an absent-row insert race preserves the winning cloud record and holds the import token (2.359005ms)
✔ empty returned write representation never acknowledges or clears import intent (1.961924ms)
✔ missing returned write representation never acknowledges or clears import intent (3.475131ms)
✔ invalid-data returned write representation never acknowledges or clears import intent (2.046302ms)
✔ invalid-version returned write representation never acknowledges or clears import intent (2.292904ms)
✔ multiple returned write representation never acknowledges or clears import intent (2.42855ms)
✔ a legacy timestamp-only acknowledgement cannot authorize an existing-row upload (2.000103ms)
✔ previewing or declining a cloud restore creates no acknowledgement and later saves remain held (3.174147ms)
✔ accepted cloud restore acknowledges the raw fetched JSON, including omitted legacy course data (12.352886ms)
✔ an explicit import facing unacknowledged existing cloud keeps bytes/token and cannot bypass review protection (1.962075ms)
✔ an explicit import into absent cloud can insert and clear only its still-current token (2.588441ms)
✔ a late write response cannot acknowledge a new account or clear a newer import token (1.466707ms)
✔ a write response cannot clear an import created while that same account upload waited (1.605225ms)
✔ acknowledgement storage failure does not report sync success or clear imported intent (2.820903ms)
✔ hash failure cannot mutate cloud or acknowledge the local record (7.04799ms)
✔ awaited remote fingerprint after account cannot authorize a stale write (3.630416ms)
✔ awaited remote fingerprint after local-edit cannot authorize a stale write (4.734053ms)
✔ awaited remote fingerprint after import cannot authorize a stale write (2.794422ms)
✔ a malformed-data SELECT pauses upload without choosing a winner (1.024968ms)
✔ a invalid-version SELECT pauses upload without choosing a winner (0.751355ms)
✔ successful upload acknowledges the actual returned server version rather than the attempted client timestamp (2.093814ms)
✔ a rejected reviewed restore cannot establish cloud acknowledgement (1.706399ms)
✔ a regressed clock advances the conditional write beyond remote microseconds 2040-01-01T00:00:00.999999Z (4.488562ms)
✔ a regressed clock advances the conditional write beyond remote microseconds 2040-01-01T00:00:00.000001+00:00 (3.411595ms)
✔ a valid returned document differing from the sent snapshot cannot establish upload permission (2.16425ms)
✔ a represented conditional write that fails to advance its version cannot be acknowledged (5.639411ms)
✔ an absent-row insert is not attempted when payload hashing is unavailable (1.002024ms)
✔ another owner recorded during hashing invalidates an earlier acknowledgement without changing device bytes (2.397793ms)
✔ another owner recorded during an upload response cannot be overwritten by its late acknowledgement (1.358853ms)
✔ an acknowledgement storage-read failure after durable restore returns false and preserves the restored record (1.252462ms)
✔ a rejected SELECT after a newer local save cannot replace that newer status (1.014393ms)
✔ a manual preview stays paused without acknowledging cloud work until an accepted commit (3.044561ms)
✔ manual review exposes unacknowledged/changed cloud at -1000ms while default startup policy remains unchanged (5.469906ms)
✔ manual review exposes unacknowledged/changed cloud at 0ms while default startup policy remains unchanged (2.368699ms)
✔ manual review exposes unacknowledged/changed cloud at 1000ms while default startup policy remains unchanged (1.995696ms)
✔ known limitation: a legacy same-version mutation after SELECT can pass timestamp-only CAS (4.710198ms)
✔ levels and monthly limits match the plan (1.156778ms)
✔ the highest active RevenueCat entitlement wins; expired ones do not count (1.36288ms)
✔ the tier cache is fresh for ten minutes (0.153583ms)
✔ requests are validated, trimmed and may be empty for a status check (0.454417ms)
✔ crisis words in English, Turkish and Spanish are caught; everyday worry is not (2.384483ms)
✔ the prompt sets the persona, safety rules and reply language; context reaches only the coach level (0.265912ms)
✔ the function keeps secrets and message text out of code and logs (0.314345ms)
✔ no AI provider secret is referenced from the app bundle code (27.507226ms)
✔ lightweight course previews and restore metadata match each real edition (2.438866ms)
✔ English editions keep every course and lesson ID of the Turkish edition (1.154304ms)
✔ every English lesson goes deeper and tells an example story (2.348639ms)
✔ every course and lesson has a real, distinct photo with alt text (0.41716ms)
✔ technique cards name their origin, give doable steps and say honestly what the evidence supports (0.874732ms)
✔ every course states its purpose, scope and outcome, with usable lesson durations (0.381336ms)
✔ the bibliography distinguishes research from guidance and includes usable HTTPS references and limitations (1.011799ms)
✔ every lesson cites existing sources and every advertised research source is used (0.391301ms)
✔ each lesson has two reading paragraphs, three distinct practice instructions and reflection support (4.118723ms)
✔ each lesson offers three distinct answers, one valid correct index and explanatory feedback (1.080353ms)
✔ every lesson has one visual; charts quote a source the lesson cites (0.599295ms)
✔ Spanish editions mirror the English structure (2.205142ms)
✔ Spanish source ids are unique (0.237298ms)
✔ stable course IDs keep their ordered lesson IDs for stored progress (1.170969ms)
✔ every course and lesson has a real, distinct photo with Turkish alt text (4.250974ms)
✔ technique cards name their origin, give doable steps and say honestly what the evidence supports (1.083357ms)
✔ every course states its purpose, scope and outcome, with usable lesson durations (0.39037ms)
✔ the bibliography distinguishes research from guidance and includes usable HTTPS references and limitations (0.948733ms)
✔ every lesson cites existing sources and every advertised research source is used (0.617884ms)
✔ each lesson has two reading paragraphs, three distinct practice instructions and reflection support (6.734185ms)
✔ each lesson offers three distinct answers, one valid correct index and explanatory feedback (1.505535ms)
✔ every lesson has one visual; charts quote a source the lesson cites (2.691237ms)
✔ every untouched course previews its real edition without creating saved learning (4.780033ms)
✔ a saved tick, answer zero, reflection or completion constitutes learning, unlike a blank record (2.866822ms)
✔ saved progress resumes each of the 103 actual lessons across all three editions and Today agrees (36.204083ms)
✔ a later draft cannot skip unfinished prerequisite lessons (0.501388ms)
✔ workbook-only plans stay available for review without inventing lesson progress (0.800349ms)
✔ ordinary saves retain an explicit view while account and same-account backup replacement invalidate it (0.162085ms)
✔ course entry instructions have matching localized keys and keep the actual lesson-number placeholder (0.571924ms)
✔ all 18 courses have distinct, actionable guides in every supported language (1.32325ms)
✔ studio is optional and initially collapsed; completed courses open their transfer practice (30.281798ms)
✔ new plans preserve optionality and keep an independent copy of private fields (0.637884ms)
✔ untrusted backup data cannot introduce unknown courses, malformed dates, duplicate entries, or oversized notes (0.845728ms)
✔ retrying the same journal entry is idempotent; paused and adapted entries retain honest observations (0.420045ms)
✔ journal keeps the most recent bounded entries and does not mutate input during normalization (0.641098ms)
✔ calendar validation handles leap days, impossible dates, and week/month/year transitions (0.304721ms)
✔ due review needs a usable plan; completing review sets a fresh revisit without losing reflection (0.247914ms)
✔ course progress saves and completed lessons keep the plan, journal, and review after an interrupted round trip (1.174224ms)
✔ a practice plan cannot unlock lessons or manufacture completion (0.376199ms)
✔ a localized portable artifact retains ordinary private text without embedding executable HTML (0.319123ms)
✔ overview and lesson requests are distinct, single-use and never write learning progress (1.508409ms)
✔ malformed, unknown-course, cross-course lesson and unsupported version requests are discarded (0.332172ms)
✔ requests belonging to a different account or restored record cannot be consumed (0.268096ms)
✔ an explicit overview stays overview after saved progress arrives; Continue resumes actual incomplete lesson (1.015795ms)
✔ roadmap requests cannot skip prerequisites, open unknown lessons or bypass existing subscription gates (0.318191ms)
✔ completed courses remain rereadable and blocked navigation storage is reported without throwing (0.718576ms)
✔ rapid edits remain visible and are replayed in order under serialized persistence (8.050925ms)
✔ failed drafts survive later edits and a retry rebases them over unrelated saved work (0.660137ms)
✔ same-tab save notifications retain newer input while an earlier batch is committing (0.466855ms)
✔ unexpected persistence exceptions preserve private work and allow a later successful save (0.435608ms)
✔ retry clicked while a failed write is settling starts a fresh persistence attempt (0.453996ms)
✔ malformed and unsupported records recover to separate empty states (1.489791ms)
✔ unknown IDs and properties are discarded; checklists are resized with strict booleans (0.449239ms)
✔ negative, fractional, nonnumeric and out-of-range answers do not satisfy a lesson (0.774561ms)
✔ notes are bounded while their newlines and ordinary content survive (0.155535ms)
✔ tampered completion cannot bypass the exercise, answer or preceding lessons (0.255286ms)
✔ valid completed prefixes survive independently for different courses (0.243227ms)
✔ draft updates are immutable and cannot mark a lesson complete (0.331471ms)
✔ completion follows the real course in order and is idempotent (1.065119ms)
✔ editing a completed prerequisite revalidates later lessons without losing drafts (0.498894ms)
✔ caller-supplied lesson and course objects cannot change the answer or bypass a course (0.271581ms)
✔ saving and reloading preserve a completed lesson and an unfinished draft (1.48887ms)
✔ blocked storage and quota failures are reported without throwing (0.587267ms)
✔ a decision kept today takes priority over array order and an older active carry-over (1.289419ms)
✔ a newly chosen decision after a kept one remains actionable today (0.15904ms)
✔ yesterday’s completion, archived decisions, invalid timestamps and future plans never masquerade as today (0.138559ms)
✔ daily decisions use the local calendar around UTC midnight in both timezone directions (0.440826ms)
✔ a missed weekly review remains available on Wednesday and follows local Sunday boundaries (0.156186ms)
✔ weekly evidence counts actual distinct days and bounds entries to the reviewed calendar week (8.267934ms)
✔ an unfinished decision can be reviewed without inventing completed progress (0.228856ms)
✔ saving and editing a daily reflection preserves other pages, rewards once, and survives JSON backup replacement (1.184249ms)
✔ course continuation resumes selected work before the suggested course and advances to the actual incomplete lesson (0.292763ms)
✔ course continuation recognizes an interrupted first answer of zero and never offers an already completed course (0.285301ms)
✔ daily loop copy has explicit matching nonempty English, Turkish and Spanish strings (0.27775ms)
✔ concurrent retries of a kept daily decision record evidence and reward exactly once (16.452641ms)
✔ deep backup safety: reject unparseable notebook day before replacing any storage (5.096434ms)
✔ deep backup safety: reject impossible calendar day before replacing any storage (1.276893ms)
✔ deep backup safety: reject object mood rendered in journal before replacing any storage (1.05695ms)
✔ deep backup safety: reject object prompt assigned to editor before replacing any storage (0.910849ms)
✔ deep backup safety: reject unknown kind hidden by every writing surface before replacing any storage (0.937219ms)
✔ deep backup safety: reject unparseable gratitude day before replacing any storage (0.749484ms)
✔ deep backup safety: reject invalid writing activity day before replacing any storage (0.66697ms)
✔ deep backup safety: reject invalid ledger day before replacing any storage (0.64716ms)
✔ deep backup safety: reject object activity transaction reference before replacing any storage (0.728313ms)
✔ deep backup safety: reject invalid 369 start day before replacing any storage (1.061697ms)
✔ deep backup safety: reject invalid 369 history day before replacing any storage (0.692969ms)
✔ deep backup safety: reject object archive marker hiding a practice before replacing any storage (0.60807ms)
✔ deep backup safety: reject object 369 day timestamp before replacing any storage (0.798168ms)
✔ deep backup safety: reject dream instant producing an invalid display day before replacing any storage (0.570454ms)
✔ deep backup safety: reject invalid course attempt day silently dropping a note before replacing any storage (1.004671ms)
✔ deep backup safety: reject invalid course review due date before replacing any storage (0.64713ms)
✔ deep backup safety: reject invalid course review completion date before replacing any storage (0.785599ms)
✔ deep backup safety: legitimate exported writing, legacy moods, and leap days roundtrip and render (38.106247ms)
✔ deep backup safety: legacy backups without a notebook retain dream fields and local courses (0.688071ms)
✔ an earlier account sync timestamp cannot hide another account cloud record (12.915818ms)
✔ a legacy unscoped timestamp is not proof that this account is synchronized (1.533888ms)
✔ an account deletion response cannot sign out a later signed-in account (0.884507ms)
✔ an account deletion response cannot clear a new project connection (0.306063ms)
✔ a late cloud coach reply cannot be accepted in another account scope (18.2782ms)
✔ account deletion cannot start with another account after awaiting the client (0.354195ms)
✔ cloud coach context consent is isolated between accounts and projects (0.237349ms)
✔ a token refresh keeps the current account coach request valid (0.517612ms)
✔ a project change while reading a coach response also expires its content (0.366193ms)
✔ stopping the coach cancels a response body still being downloaded (0.495969ms)
✔ a queued backup cannot upload a local document rolled back while it waited (16.284613ms)
✔ the latest queued backup still uploads after a preceding slower backup (5.272316ms)
✔ returning to an earlier account cannot reuse its timestamp for another account local record (6.780231ms)
✔ a replaced dataset cannot inherit this account historical synchronization proof (5.454532ms)
✔ an owner-metadata quota failure cannot advertise a newer synchronized local record (6.414072ms)
✔ every localized course can complete and carry its notes into the other editions (18.683072ms)
✔ practice calendar keeps the local day across UTC midnight and daylight-saving weeks (0.557583ms)
✔ a transient personal-record read failure cannot replace already saved course work with an empty fallback (1.97271ms)
✔ a blocked-save session retains private edits and warning after its only view unmounts, then retries successfully (0.493366ms)
✔ explicit replacement cancels a queued old draft while allowing new edits to save after the lock releases (0.717304ms)
✔ a transient legacy-course read failure cannot overwrite the previous separate course record (0.364871ms)
✔ a different tab replacement discards old private draft before replay even when its storage event has not arrived (1.718637ms)
✔ other-tab provisional replacement notifications wait for rollback before inspecting epochs or discarding private drafts (1.302388ms)
✔ same-tab course publication runs under the lock before another tab can project a provisional replacement (0.604323ms)
✔ purchases and payments committed within one clock tick keep distinct identities (4.644771ms)
✔ habit completion dates agree with the local Today calendar on either side of UTC midnight (1.132344ms)
✔ habit yesterday and streaks count actual calendar dates through both DST changes (0.242227ms)
✔ habits roll over at local midnight and keep the previous local day history (1.348481ms)
✔ rollover fallback converts the last-opened instant to its local day (0.281166ms)
✔ date-only values display their saved day while timestamps retain instant conversion (12.03665ms)
✔ calendar formatting rejects normalized impossible days and keeps invalid values readable (0.272222ms)
✔ habit reward identity survives undo, reload and UTC midnight without paying the same local day twice (0.344672ms)
✔ local midnight cannot earn the same habit twice in the UTC reward day (0.138039ms)
✔ habit and check-in rewards share the notebook UTC ceiling, including partial and exhausted budgets (0.228005ms)
✔ a profile save captured before a decision completion retains the kept decision and its evidence (16.101183ms)
✔ concurrent purchases retain both dreams and both payments (3.196498ms)
✔ concurrent purchase checks reject a second claim for the same dream (1.341461ms)
✔ concurrent purchases check affordability against the payment that committed first (1.550167ms)
✔ concurrent savings additions retain both amounts and log entries (1.665881ms)
✔ disjoint profile changes from the same baseline both survive (1.012132ms)
✔ conflicting edits to the same profile field reject before any write and notify the UI (1.260378ms)
✔ an intentional mission deletion and reorder survive a disjoint newer settings save (0.886662ms)
✔ concurrent edits to the mission array reject rather than inventing a merged list (0.818079ms)
✔ even an identical explicit restore invalidates snapshots that were captured before it (1.871683ms)
✔ a profile write queued behind a restore cannot resurrect pre-restore writing (1.95535ms)
✔ legacy records missing transactions can merge a settings edit after a course-only write (0.711708ms)
✔ clearing and recreating the personal record invalidates earlier editable snapshots (0.744507ms)
✔ deleting imported own magic keys while another nested field changes never revives them (0.872731ms)
✔ mission evidence, generated bridges and savings logs keep unique IDs in a single clock tick (2.244508ms)
✔ all 160 shipped English cue identities/text hashes match the 11 runtime sessions (2.696131ms)
✔ every public MP3 byte count/checksum matches delivered metadata and no model/runtime is shipped (27.79208ms)
✔ all shipped decoded/container durations fit the original cue windows with at least250ms margin (0.372384ms)
✔ service worker leaves narration to the verified on-demand cache and does not precache MP3s (0.305502ms)
✔ levels are ordered free < essentials < pro < coach (1.358276ms)
✔ coach message allowances follow the product spec (0.149716ms)
✔ essential courses exist, and Turning Day is not one of them (it is free for all) (0.244941ms)
✔ nothing is locked where subscriptions cannot be bought (web), at any level (0.317871ms)
✔ free level: Turning Day in full, first lessons of the rest, first sounds of each category (0.166382ms)
✔ essentials opens the six core courses and the whole Sound Room, not the rest (0.224831ms)
✔ pro and coach open every lesson and sound (0.241986ms)
✔ six products: two per paid level, ids match the App Store spec (0.320855ms)
✔ RevenueCat entitlements resolve to the highest active level (0.279143ms)
✔ annual saving is computed from real prices only (0.239502ms)
✔ focus streak counts distinct real timer days, not estimates, duplicates or future records (1.577999ms)
✔ yesterday continues a streak until today ends; missing yesterday ends it (0.228316ms)
✔ UTC boundary is explicit and later repeatable-quest sessions remain evidence (0.191259ms)
✔ canonical IDs and exact events dedup without losing spaced completions of the same quest (0.651015ms)
✔ Stop cancels a cue still waiting for synthesis without starting audio (2.616091ms)
✔ deferred synthesis starts at the latest requested volume 0 (0.742304ms)
✔ deferred audio resume starts at the latest requested volume 0 (0.54816ms)
✔ deferred Settings preview preserves requested volume 0 (0.40337ms)
✔ deferred synthesis starts at the latest requested volume 0.35 (0.413476ms)
✔ deferred audio resume starts at the latest requested volume 0.35 (0.340255ms)
✔ deferred Settings preview preserves requested volume 0.35 (0.268677ms)
✔ a volume change during loading preserves stop protection (0.322668ms)
✔ a volume change during loading preserves pause-resume protection (0.272082ms)
✔ a volume change during loading preserves new-session protection (0.454859ms)
✔ a newer cue owns playback when an older synthesis resolves later (0.407307ms)
✔ Pause then Resume cannot resurrect a cue waiting for synthesis (0.29051ms)
✔ Stop also cancels a cue waiting for the audio context to resume (0.271741ms)
✔ a new cue supersedes one waiting for the audio context to resume (0.388488ms)
✔ Pause and Resume invalidate pending context-resume playback (0.349519ms)
✔ replacement immediately stops active audio while the new clip is pending (0.326895ms)
✔ stale source completion cannot clear or end the new cue (0.416541ms)
✔ Pause and Resume preserve an already-started cue without starting it twice (0.232421ms)
✔ unavailable synthesis reports failure without creating an audio source (1.151753ms)
✔ a failed audio context resume reports failure without starting playback (0.232772ms)
✔ a failed source start reports failure and never announces playback (0.354677ms)
✔ English narration cache stays the same when UI locale changes (59.940264ms)
✔ a Settings preview resolving after Stop cannot start playback (0.317972ms)
✔ a Settings preview resolving after a newer cue cannot interrupt it (0.342699ms)
✔ every approved PNG and both approval manifests remain unchanged (16.216347ms)
✔ served responsive variants match actual lossless bitstream dimensions, hashes, and complete-frame geometry (37.025216ms)
✔ all real course covers and tree stages have deployment-scoped responsive sources and retain PNG fallbacks (24.992157ms)
✔ modern-image failures retry the original; PNG and malformed failures reach the existing final fallback (0.282417ms)
✔ 3D decorative growth preserves 60 kept decisions and 30 extra blossoms (1.221108ms)
✔ 3D display normalizes invalid counts without changing the evidence source (0.200774ms)
✔ static legal pages match src/data/legal.ts (run npx tsx scripts/build-legal.ts) (1.146866ms)
✔ every language has the same sections and names the company (0.225722ms)
✔ privacy policy covers what App Review checks (0.253233ms)
✔ local day keys and day gaps follow the calendar, not UTC (1.28155ms)
✔ evidence lists kept decisions newest first and counts the last seven days (6.654373ms)
✔ comeback is kind after a lapse and silent otherwise (0.258922ms)
✔ fresh starts land on the first of the month and on Mondays (0.198531ms)
✔ simple mode lasts a week or until three kept decisions, and can be switched off (0.294847ms)
✔ the day-14 question appears once, only for people who used decisions (0.308166ms)
✔ the weekly look-back is offered on Sunday and Monday, once per week, and its change lasts a week (0.735504ms)
✔ the chain forgives one missed day a week, but not two in a row or two in a week (0.835494ms)
✔ smart reminders aim 30 minutes before the usual kept time, once there is enough history (0.512366ms)
✔ every sign-up intent points at a real course and offers three easy decisions (105.962699ms)
✔ the reminder voice keeps one line per day and never threatens a streak (1.472429ms)
✔ every iOS project and application build configuration enforces the Safari 16.4 baseline (1.132755ms)
✔ Capacitor sync keeps a compatible generated Swift package floor without lowering the app minimum (140.091491ms)
✔ installed native dependency library floors are compatible with the Swift wrapper and app (0.384251ms)
✔ native metadata cannot override the application minimum with an older target (0.735714ms)
✔ native Settings and Account use the shared code flow with device copy in en (12.602557ms)
✔ native Settings and Account use the shared code flow with device copy in tr (19.540038ms)
✔ native Settings and Account use the shared code flow with device copy in es (21.523881ms)
✔ web backup keeps its inline magic-link form and Account keeps link copy (8.808264ms)
✔ native configured signed-in backup retains sync and sign-out actions (3.004078ms)
✔ unconfigured native cloud does not offer a sign-in request (2.349677ms)
✔ actual cloud request and verification use one injected auth adapter and trim input (1.316463ms)
✔ archive weeks cross month/year and leap-day boundaries without changing stored entries (1.938504ms)
✔ all sourced passages remain reachable through their actual categories (4.90822ms)
✔ search finds real English/Turkish text, sources and references and combines with category (20.095749ms)
✔ catalogue sources use allowed web protocols and cannot execute app/script URLs (0.844208ms)
✔ interrupted setup restores fields without allowing a nameless final step (1.727885ms)
✔ a fresh preview seeds only an empty decision and never overwrites restored or typed text (0.208586ms)
✔ unknown, malformed and oversized setup drafts are safely bounded (0.211801ms)
✔ interface sentence case changes only the first letter after whitespace and punctuation (2.896834ms)
✔ Turkish sentence case handles dotted and dotless I without changing the remaining text (0.790597ms)
✔ sentence labels preserve acronyms, mixed-case names, numeric starts and empty input (0.181285ms)
✔ interface plan formatting leaves its user-authored payload and source unchanged (0.11881ms)
✔ Notebook English writing counts use singular only for one (0.794623ms)
✔ Notebook Spanish writing counts and streaks agree with singular and plural days (0.142926ms)
✔ Notebook Turkish count forms remain unchanged for zero, one and multiple days (1.411807ms)
✔ trial length comes only from a free intro offer (0.725098ms)
✔ native reminders: a week ahead, past times skipped, stable ids (0.821784ms)
✔ native planner rejects malformed times and keeps a bounded week inside its namespace (0.698308ms)
✔ interrupted native scheduling leaves the newest state and preserves other notifications (6.146033ms)
✔ a native plugin error does not prevent the next reminder replacement (0.426746ms)
✔ startup waits for restored account rather than temporarily identifying anonymous (1.683609ms)
✔ known sign-out and rapid identity changes are announced immediately, same-ID retry events remain usable (0.194064ms)
✔ failed authentication hydration stays unbound and never identifies anonymous or reads SDK entitlement (0.174805ms)
✔ dispose during initial hydration prevents any late entitlement initialization (0.133673ms)
✔ retry hydrates a currently unknown account before requesting identity or offerings (0.215296ms)
✔ retry with failed hydration cannot bind anonymous or make a subscription request (0.133843ms)
✔ cloud initialization callers share the real restoration promise and never finish early (31.391578ms)
✔ actual failed cloud restoration remains unknown and a later retry can establish the same account (0.979282ms)
✔ a resolved auth error is unknown identity rather than a verified anonymous account (0.593859ms)
✔ unbound init leaves cached native A untouched and exposes prices without personal claims (2.269415ms)
✔ explicitly binding cached A confirms it without login or logout (0.915256ms)
✔ desired B is recorded during native setup before any cached A customer read (6.836929ms)
✔ failed logout clears A claims synchronously and leaves purchase and restore denied (1.372217ms)
✔ staged A, B, A login requests serialize native identity mutation (1.778562ms)
✔ an A purchase settling after desired B success cannot grant B (0.980765ms)
✔ an A purchase settling after desired B cancellation cannot grant B (0.770536ms)
✔ a failed same-ID login can retry without treating desired ID as confirmed ID (0.548351ms)
✔ an offline refresh for confirmed same A preserves its verified entitlement (0.928496ms)
✔ listener payload is only invalidation and canonical aliases do not impersonate another account (1.128117ms)
✔ late A offerings cannot install A packages or personal claims into desired B (1.185063ms)
✔ late A trial eligibility cannot restore a free-trial claim during a B transition (1.095548ms)
✔ a held A customer load from initialization cannot overwrite a later desired B (1.219796ms)
✔ an A restore settling after desired B fails without applying A customer info (1.091302ms)
✔ defer during a held purchase drops trust without native calls and explicit cached-A rebind refreshes it (2.224687ms)
✔ defer during first native setup cancels the old A load and leaves cached A for an explicit rebind (0.534269ms)
✔ defer and immediate same-A rebind cannot accept the older held A customer snapshot (0.664226ms)
✔ canonical A listener refresh rejects its held snapshot if native identity externally drifts to B (0.624455ms)
✔ initial getAppUserID failure at verification read 1 leaves A unconfirmed/free and retryable (0.473417ms)
✔ initial getAppUserID failure at verification read 2 leaves A unconfirmed/free and retryable (0.268216ms)
✔ initial getAppUserID failure at verification read 3 leaves A unconfirmed/free and retryable (0.248617ms)
✔ initial getAppUserID failure at verification read 4 leaves A unconfirmed/free and retryable (0.219261ms)
✔ initial isAnonymous failure at verification read 1 leaves A unconfirmed/free and retryable (0.186462ms)
✔ initial isAnonymous failure at verification read 2 leaves A unconfirmed/free and retryable (0.179171ms)
✔ initial isAnonymous failure at verification read 3 leaves A unconfirmed/free and retryable (0.417202ms)
✔ initial isAnonymous failure at verification read 4 leaves A unconfirmed/free and retryable (0.503732ms)
✔ native paid gates apply before SDK init and after defer while the free samples stay open (0.255897ms)
✔ web and keyless native gates stay open before init and after defer without loading an SDK (0.209367ms)
✔ purchase cannot commit A after desired B arrives in nested verification microtask depth 2 (2.18652ms)
✔ purchase cannot commit A after desired B arrives in nested verification microtask depth 3 (0.667861ms)
✔ restore cannot commit A after desired B arrives in nested verification microtask depth 2 (0.597054ms)
✔ restore cannot commit A after desired B arrives in nested verification microtask depth 3 (0.665758ms)
✔ init cannot commit A after desired B arrives in nested verification microtask depth 2 (0.560128ms)
✔ init cannot commit A after desired B arrives in nested verification microtask depth 3 (0.511745ms)
✔ offerings failure is retryable without configuring or listening twice (2.640196ms)
✔ concurrent initialization shares one pending configure and plan load (5.385201ms)
✔ failed configuration can retry, while a completed setup remains single (0.563984ms)
✔ listener setup failure retries the listener without configuring again (0.364722ms)
✔ a successful empty offering may retry when plans become available (0.47559ms)
✔ free intro pricing is advertised only for confirmed eligible customers (0.770506ms)
✔ missing or failed eligibility checks keep regular prices and unknown trial status (0.650515ms)
✔ an interrupted eligibility refresh after identity change clears the earlier free-trial claim (0.328077ms)
✔ cancelled, pending and failed purchase errors remain distinct and never grant access (0.855385ms)
✔ a successful store response without the requested entitlement remains unconfirmed (0.308838ms)
✔ confirmed entitlement grants access and later SDK updates retain the real highest level (1.917493ms)
✔ restore distinguishes store failure, successful no-plan check, and active entitlement (0.682863ms)
✔ web and unconfigured native flows never load a purchase SDK or create a purchase (0.182677ms)
✔ free duration uses valid store units and cycles, without inventing 30-day months (0.104077ms)
✔ scoped EN/TR/ES uncertain purchase feedback makes no charge or reminder guarantee (0.274265ms)
✔ preserves the first 300 passages and appends exactly 100 each from faith, science and philosophy in order (1.744591ms)
✔ all 600 sourced passages have unique IDs and bilingual text without recycling legacy lines (40.209826ms)
✔ six notifications stay distinct for 100 full days, then repeat, and match the server snapshot across a year boundary (6.378846ms)
✔ local day remains stable from morning to evening; six-time migration preserves existing preferences (0.998562ms)
✔ legacy three-reminder profiles keep their evening time and gain six distinct reminders (0.258812ms)
✔ migration resolves default collisions only in missing slots and reserves later saved slots first (0.269948ms)
✔ every thinker passage links to a Gutenberg book whose text is kept in docs/quote-sources (17.749028ms)
✔ construction does no fetch/decode; current/upcoming preload reuses the current request (31.089366ms)
✔ Stop aborts loading and no late response starts a source (0.861103ms)
✔ Pause cancels original load; Resume retries current cue with a frozen slot and latest volume (0.863527ms)
✔ Pause→Stop discards current loading retry and Resume does not resurrect it (0.463892ms)
✔ new session cancels old load and only the new session owns audio (0.827893ms)
✔ active pause/resume continues the same cue offset without repeating its start or accepting stale end (1.14272ms)
✔ Replay replaces current source at offset zero and reuses decoded audio (0.421708ms)
✔ latest volume 0 wins after delayed clip loading and changes active gain (0.394086ms)
✔ latest volume 0.35 wins after delayed clip loading and changes active gain (0.437091ms)
✔ latest volume after deferred context resume and Stop/new cue protects pending resume (1.772793ms)
✔ expired loading budget and decoder duration mismatch never start audio (0.689403ms)
✔ missing bytes, bad checksum/source text and nonrunning device fail without invoking a provider (0.79938ms)
✔ verified persisted bytes permit offline replay in a new player; corrupt cached bytes are rejected (2.255584ms)
✔ a definitive recording failure cannot retry on Pause→Resume over a device fallback (0.336729ms)
✔ resumed load failure retains only bounded fallback metadata, never a resumable recording (0.435509ms)
✔ root hosting retains history paths, including direct reloads (0.880623ms)
✔ project hosting keeps every navigation on the same static document (0.303239ms)
✔ landing URLs and non-route fragments do not become unknown routes (0.17136ms)
✔ back/forward hash entries resolve to canonical route IDs (0.146622ms)
✔ icons and service worker URLs stay under their deployment base (0.188446ms)
✔ saved-progress first render uses confirmed provider data rather than a provisional completed projection (5.896525ms)
✔ a confirmed completed seed remains visible when the projection currently says incomplete (0.656634ms)
✔ no confirmed provider record means empty progress rather than unconfirmed local completion (0.398964ms)
✔ each person reads and writes only their own backup; anonymous visitors get nothing (1866.403906ms)
✔ an oversized backup is refused (1273.083072ms)
✔ cloud coach counters: people read only their own rows and cannot write or call the increment (1109.106294ms)
✔ the monthly increment stops exactly at the limit and a refund gives one back (1131.189992ms)
✔ a strict Content Security Policy ships with the page (0.84543ms)
✔ index.html has no inline scripts (the CSP forbids them) (0.212111ms)
✔ no raw HTML or eval sinks in the app code (13.017385ms)
✔ links that open a new tab cannot reach back into ODA (4.65732ms)
✔ no secret keys in the shipped code (13.182314ms)
✔ production builds carry no source maps (0.322218ms)
✔ service worker precaches only its project directory (16.450191ms)
✔ standalone support remains available offline without replacing the application shell (4.939668ms)
✔ activation preserves sibling apps and this version media cache (1.419379ms)
✔ notification defaults and legacy targets open the project hash route (2.043544ms)
✔ installed app metadata refreshes instead of retaining the cached identity (1.877512ms)
✔ installed app metadata remains available offline (0.924199ms)
✔ native free direct starts and toggles cannot start an all-paid track (4.041147ms)
✔ downgrade hard-stops owned restricted playing selection without page subscribers (31.480198ms)
✔ downgrade hard-stops owned restricted paused selection without page subscribers (31.361633ms)
✔ downgrade hard-stops owned restricted expired selection without page subscribers (14.780815ms)
✔ owned paid playing selection revokes on identityConfirmed even with a paid cached tier (0.842165ms)
✔ owned paid paused selection revokes on identityConfirmed even with a paid cached tier (0.842866ms)
✔ owned paid expired selection revokes on identityConfirmed even with a paid cached tier (2.101501ms)
✔ owned paid playing selection revokes on identityRevision even with a paid cached tier (0.447047ms)
✔ owned paid paused selection revokes on identityRevision even with a paid cached tier (0.642824ms)
✔ owned paid expired selection revokes on identityRevision even with a paid cached tier (1.331015ms)
✔ same-account confirmed paid access survives offerings loading or failed offline refresh (0.676684ms)
✔ admission reads current purchase state even if a notification has not been emitted (0.305522ms)
✔ live resume and timer change reconcile access even without a purchase notification (0.371883ms)
✔ invalid or mismatched provenance rejects {"sectionId":"relax"} without replacing audio (71.464188ms)
✔ invalid or mismatched provenance rejects {"indexInCategory":3} without replacing audio (42.039827ms)
✔ invalid or mismatched provenance rejects {"sectionId":"focus","indexInCategory":0} without replacing audio (36.376133ms)
✔ invalid or mismatched provenance rejects {"sectionId":"relax","indexInCategory":-1} without replacing audio (28.174108ms)
✔ invalid or mismatched provenance rejects {"sectionId":"relax","indexInCategory":0.5} without replacing audio (30.866704ms)
✔ invalid or mismatched provenance rejects {"sectionId":"relax","indexInCategory":99} without replacing audio (27.067343ms)
✔ essentials admits all catalog origins and preserves the timer and user volume (406.471079ms)
✔ pro admits all catalog origins and preserves the timer and user volume (449.28649ms)
✔ coach admits all catalog origins and preserves the timer and user volume (276.59197ms)
✔ each category first two entries remain free, including duplicate 432 and brown-noise origins (116.228609ms)
✔ omitted-origin admission allows any-free aliases and denies exclusively paid tracks (29.123074ms)
✔ web and unconfigured purchases keep paid sounds open through identity transitions (0.615652ms)
✔ external Focus tibetan_bowls replacement survives Sound Room downgrade (1.619481ms)
✔ external Focus waves replacement survives Sound Room downgrade (43.021733ms)
✔ purchase event during an engine start cannot publish a revoked playing selection (0.657174ms)
✔ purchase event during player publication cannot re-arm the revoked timer (0.499376ms)
✔ external waves replacement during player publication retains its untimed graph (20.700865ms)
✔ external tibetan_bowls replacement during player publication retains its untimed graph (1.283423ms)
✔ an unavailable AudioContext rejects the actual engine start without claiming playback (0.385924ms)
✔ failed buffer allocation retains entitlement ownership of the existing paid graph (45.942735ms)
✔ failed no replacement retains entitlement ownership of the existing paid graph (0.515981ms)
✔ same-track no-op cannot take revocation ownership of an external Focus graph (0.465074ms)
✔ pause publication from SoundRoom cannot fade or time the reentrant external tibetan_bowls graph (2.118336ms)
✔ pause publication from Focus cannot fade or time the reentrant external tibetan_bowls graph (1.72392ms)
✔ pause publication from SoundRoom cannot fade or time the reentrant external waves graph (24.806331ms)
✔ pause publication from Focus cannot fade or time the reentrant external waves graph (22.282298ms)
✔ setTimer publication from SoundRoom cannot fade or time the reentrant external tibetan_bowls graph (1.987338ms)
✔ setTimer publication from Focus cannot fade or time the reentrant external tibetan_bowls graph (2.836143ms)
✔ setTimer publication from SoundRoom cannot fade or time the reentrant external waves graph (27.130939ms)
✔ setTimer publication from Focus cannot fade or time the reentrant external waves graph (21.172199ms)
✔ ordinary PlayerBar timer and pause controls still act on the current external Focus graph (82.575292ms)
✔ silence or an absent audio context cannot publish a playing selection (5.191488ms)
✔ breath pacer runs at about 5.5 breaths a minute (0.744757ms)
✔ breathPhase: inhale first, then exhale, then repeats (0.691707ms)
✔ breathPhase is safe with odd input (0.162726ms)
✔ formatRemaining (0.139041ms)
✔ timer fades: a minute for sleep, short otherwise, never over half the timer (0.135505ms)
✔ arming a timer retains the independent three-second attack and actual stereo loop (84.577267ms)
✔ mute and volume respond immediately at the beginning of a timer fade (31.635108ms)
✔ mute and volume respond immediately at the middle of a timer fade (25.107685ms)
✔ mute and volume respond immediately at the end of a timer fade (17.667884ms)
✔ running fades can shorten but do not extend, and timer cancellation preserves user volume (73.234137ms)
✔ shortening a running fade with a delay cannot restore a louder envelope (96.370429ms)
✔ browsers without cancelAndHold retain the current level when shortening a fade (49.098777ms)
✔ track switches release the previous graph and repeated switches/stops bound resources (687.261409ms)
✔ stop/restart of a tone cancels its initial bowl and recurring callbacks (6.502673ms)
✔ natural bowl endings disconnect their tails while the current ambient drone continues (0.826811ms)
✔ Sound Room timer arming, pause/resume and expiry keep player state and start fade intact (63.229372ms)
✔ external restart of the same track clears the Sound Room countdown and timer selection (65.073805ms)
✔ public support is generated from the same localized help as the app (2.617041ms)
✔ each store locale links to the shipped public support artifact (0.261056ms)
✔ growth keeps an exact capped ledger through every stage boundary and beyond the canopy (7.45826ms)
✔ approved tree pixels and normalized roots match their independent asset manifest (16.314035ms)
✔ rendered paywall claims a free trial only for confirmed eligibility (46.039472ms)
✔ rendered failed offerings include an explicit retry action (13.424431ms)
✔ web paywall keeps free access and does not offer a purchase CTA (6.335421ms)
✔ unconfirmed identity shows truthful verification retry and disables buy and restore even with cached prices (4.527383ms)
✔ pending identity verification does not render a trial or an enabled restore action (5.120732ms)
✔ guided narration keeps original English text and voice with en UI (4.230995ms)
✔ guided narration keeps original English text and voice with tr UI (21.868012ms)
✔ guided narration keeps original English text and voice with es UI (25.633592ms)
✔ English inventory accepts language tags and rejects names or unrelated prefixes (0.511405ms)
✔ an explicitly selected English voice wins over a preferred device name (0.422269ms)
✔ guided speech truthfully reports unavailable with empty inventory (0.470913ms)
✔ guided speech truthfully reports unavailable with non-English inventory (0.292032ms)
✔ late English voice installation refreshes availability and unsubscribe removes listeners (0.4365ms)
✔ Notebook retains verbatim tr text, matching device voice and saved meditation preferences (0.597084ms)
✔ Notebook retains verbatim es text, matching device voice and saved meditation preferences (1.522815ms)
✔ Notebook preserves implicit device language when its voice list has not loaded (0.335327ms)
✔ unsupported device speech does not report available or queued playback (0.321187ms)
✔ empty or disabled cues leave the device queue empty (0.375759ms)
✔ nonzero device volume changes apply to the next utterance without pretending to change active speech (0.459205ms)
✔ zero device volume cancels the owned paused utterance and Resume cannot revive it (0.556713ms)
✔ Stop while device speech is paused lets a new session resume the device queue (0.309078ms)
✔ device cancel failures produce an honest false result (0.240625ms)
✔ device enqueue failures produce an honest false result (0.272532ms)
✔ new cues and Stop detach utterance handlers and ignore captured stale callbacks (0.477212ms)
✔ pause and resume keep the active browser cue, restore speaking state and reject replay while paused (0.390231ms)
✔ stop prevents a delayed provider failure from reviving an obsolete English device cue (0.527959ms)
✔ pause-resume prevents a delayed provider failure from reviving an obsolete English device cue (0.738047ms)
✔ new-cue prevents a delayed provider failure from reviving an obsolete English device cue (4.583388ms)
✔ current provider failure falls back to English device speech; a non-English inventory cannot substitute (0.363691ms)
✔ the optional recorder remains dormant until registration and receives identified current/upcoming cues (0.618867ms)
✔ registered recorder missing clip uses truthful English device fallback without a provider (0.312463ms)
✔ registered recorder overlong clip uses truthful English device fallback without a provider (0.166682ms)
✔ registered recorder wrong language uses truthful English device fallback without a provider (0.194675ms)
✔ registered recorder missing text hash uses truthful English device fallback without a provider (0.168285ms)
✔ registered recorder missing checksum uses truthful English device fallback without a provider (0.20522ms)
✔ registered recorder missing version uses truthful English device fallback without a provider (0.234355ms)
✔ registered recorder wrong cue identity uses truthful English device fallback without a provider (0.189066ms)
✔ registered recorder expired cue slot uses truthful English device fallback without a provider (0.285352ms)
✔ registered recorder unbounded cue slot uses truthful English device fallback without a provider (0.168655ms)
✔ a recorder hash/source verification failure falls back, and absent English speech reports unavailable (0.249758ms)
✔ new cues stop clips and stale recorded callbacks/failures cannot change current playback (0.382059ms)
✔ recorded pause invalidates pending start/fallback even after resume, and Stop invalidates callbacks (0.254315ms)
✔ current recorded load failure falls back to English and unregistering restores device narration (0.230298ms)
✔ synchronous recorded verification and playback errors truthfully queue English fallback (0.279233ms)
✔ a recorded request that already ended cannot later fall back and revive the cue (0.209928ms)
✔ actual playback mode stays loading until recorded start and reports English device fallback (0.342539ms)
✔ a resumed recording failure uses only installed English device speech and rejects stale resume fallback (0.317831ms)
✔ registered recorded volume receives current preference and live zero/nonzero changes (0.298262ms)
ℹ tests 621
ℹ suites 0
ℹ pass 621
ℹ fail 0
ℹ cancelled 0
ℹ skipped 0
ℹ todo 0
ℹ duration_ms 9992.006138
npm notice
npm notice New major version of npm available! 11.9.0 -> 12.2.0
npm notice Changelog: https://github.com/npm/cli/releases/tag/v12.2.0
npm notice To update run: npm install -g npm@12.2.0
npm notice

> oda-one-decision-away@1.0.0 build
> vite build

vite v6.4.3 building for production...
<script src="/one-decision-away/theme-init.js"> in "/index.html" can't be bundled without type="module" attribute
transforming...
✓ 3402 modules transformed.
rendering chunks...
[plugin vite:reporter] 
(!) /workspace/oda-landing-photographic/src/services/cloudSync.ts is dynamically imported by /workspace/oda-landing-photographic/src/main.tsx but also statically imported by /workspace/oda-landing-photographic/src/components/BackupAndCloudSettings.tsx, /workspace/oda-landing-photographic/src/components/BackupReminder.tsx, /workspace/oda-landing-photographic/src/components/DailyNudgesSettings.tsx, /workspace/oda-landing-photographic/src/hooks/useSavedCourseProgress.ts, /workspace/oda-landing-photographic/src/pages/Account.tsx, /workspace/oda-landing-photographic/src/pages/Coach.tsx, /workspace/oda-landing-photographic/src/pages/Upgrade.tsx, /workspace/oda-landing-photographic/src/services/cloudCoach.ts, /workspace/oda-landing-photographic/src/services/courseProgress.ts, /workspace/oda-landing-photographic/src/services/pushNotifications.ts, /workspace/oda-landing-photographic/src/services/repository.ts, /workspace/oda-landing-photographic/src/services/useCloudState.ts, /workspace/oda-landing-photographic/src/store/useApp.tsx, dynamic import will not move module into another chunk.

computing gzip size...
dist/index.html                                                       3.52 kB │ gzip:     1.14 kB
dist/assets/hanken-grotesk-vietnamese-wght-normal-CHiFlh_0.woff2      9.32 kB
dist/assets/hanken-grotesk-latin-ext-wght-normal-Dg-wlmqe.woff2      19.59 kB
dist/assets/newsreader-vietnamese-opsz-normal-BjhtXyW2.woff2         27.25 kB
dist/assets/newsreader-vietnamese-opsz-italic-DTr-ymY4.woff2         27.90 kB
dist/assets/hanken-grotesk-latin-wght-normal-CaVRRdDk.woff2          34.70 kB
dist/assets/newsreader-latin-ext-opsz-normal-BQn1nviT.woff2          86.61 kB
dist/assets/newsreader-latin-ext-opsz-italic-CSPGnFdO.woff2          95.54 kB
dist/assets/newsreader-latin-opsz-normal-s-izfB6B.woff2             132.00 kB
dist/assets/newsreader-latin-opsz-italic-kJKFiXvB.woff2             146.87 kB
dist/assets/aiCoach.worker-C60CQ1Xm.js                            6,039.34 kB
dist/assets/Coach-CYL8xFG4.css                                        6.89 kB │ gzip:     2.31 kB
dist/assets/Today-BLKGw7K2.css                                        9.67 kB │ gzip:     2.47 kB
dist/assets/workingSurfaces-Ug3LNMJ2.css                             16.63 kB │ gzip:     3.55 kB
dist/assets/SoundRoom-w5AM9VHB.css                                   19.44 kB │ gzip:     4.72 kB
dist/assets/Notebook-B2CgyXXC.css                                    24.02 kB │ gzip:     4.32 kB
dist/assets/courseNavigationIntent-C0ky-Yq1.css                      37.68 kB │ gzip:     6.56 kB
dist/assets/index-BrMGcJ-4.css                                      114.35 kB │ gzip:    23.77 kB
dist/assets/de-FmFgRqLi.js                                            0.03 kB │ gzip:     0.05 kB
dist/assets/fr-FmFgRqLi.js                                            0.03 kB │ gzip:     0.05 kB
dist/assets/it-FmFgRqLi.js                                            0.03 kB │ gzip:     0.05 kB
dist/assets/ru-FmFgRqLi.js                                            0.03 kB │ gzip:     0.05 kB
dist/assets/web-ieCCZCIy.js                                           0.18 kB │ gzip:     0.16 kB
dist/assets/useCloudState-CM4HG-m1.js                                 0.20 kB │ gzip:     0.18 kB
dist/assets/chevron-right-2g8a2zim.js                                 0.30 kB │ gzip:     0.25 kB
dist/assets/square-3973Fq-i.js                                        0.32 kB │ gzip:     0.26 kB
dist/assets/arrow-up-right-DXd9kOzz.js                                0.34 kB │ gzip:     0.27 kB
dist/assets/search-Doofnqxc.js                                        0.35 kB │ gzip:     0.28 kB
dist/assets/circle-check-DtxpfhKr.js                                  0.35 kB │ gzip:     0.28 kB
dist/assets/user-round-DVr3vR3M.js                                    0.36 kB │ gzip:     0.28 kB
dist/assets/rotate-ccw-BL--buWL.js                                    0.37 kB │ gzip:     0.29 kB
dist/assets/index-V3ag_1PH.js                                         0.38 kB │ gzip:     0.27 kB
dist/assets/mail-BBHZziB7.js                                          0.39 kB │ gzip:     0.31 kB
dist/assets/moon-D5l3U6xw.js                                          0.39 kB │ gzip:     0.31 kB
dist/assets/headphones-DEBmF5jo.js                                    0.41 kB │ gzip:     0.29 kB
dist/assets/timer-BGOXFC3a.js                                         0.41 kB │ gzip:     0.29 kB
dist/assets/wind-Bq78ZkQ1.js                                          0.42 kB │ gzip:     0.30 kB
dist/assets/archive-jeVB_0DH.js                                       0.43 kB │ gzip:     0.31 kB
dist/assets/route-L0dNG35D.js                                         0.43 kB │ gzip:     0.31 kB
dist/assets/lock-keyhole-DIcYQE3e.js                                  0.43 kB │ gzip:     0.33 kB
dist/assets/index-DgBh0VB5.js                                         0.45 kB │ gzip:     0.28 kB
dist/assets/pencil-BwbT4odz.js                                        0.45 kB │ gzip:     0.33 kB
dist/assets/pen-line-gqmDqE0A.js                                      0.45 kB │ gzip:     0.33 kB
dist/assets/index-DEkiIRrD.js                                         0.48 kB │ gzip:     0.29 kB
dist/assets/refresh-cw-Dhtk0Rhz.js                                    0.50 kB │ gzip:     0.33 kB
dist/assets/trash-2-DdWafcYo.js                                       0.50 kB │ gzip:     0.32 kB
dist/assets/entitlements-u2O6Yfci.js                                  0.53 kB │ gzip:     0.32 kB
dist/assets/share-2-qmayCKfx.js                                       0.53 kB │ gzip:     0.34 kB
dist/assets/shuffle-Dr-TlPt2.js                                       0.56 kB │ gzip:     0.35 kB
dist/assets/sun-moon-_HqsMWWi.js                                      0.57 kB │ gzip:     0.38 kB
dist/assets/waves-iXEHOV3e.js                                         0.60 kB │ gzip:     0.32 kB
dist/assets/sparkles-CH3Ed_pJ.js                                      0.67 kB │ gzip:     0.39 kB
dist/assets/calendar-days-CumJxApa.js                                 0.67 kB │ gzip:     0.37 kB
dist/assets/index-BAkMrYEM.js                                         0.67 kB │ gzip:     0.42 kB
dist/assets/trending-up-C7b4U2T-.js                                   0.69 kB │ gzip:     0.34 kB
dist/assets/index-COL6zZao.js                                         0.72 kB │ gzip:     0.40 kB
dist/assets/music-BAsAzYTe.js                                         0.75 kB │ gzip:     0.39 kB
dist/assets/purchaseIdentityBinding-tFcjnp2u.js                       0.78 kB │ gzip:     0.34 kB
dist/assets/Focus-BE1dpWeM.js                                         0.87 kB │ gzip:     0.47 kB
dist/assets/web-XLCPvROD.js                                           0.90 kB │ gzip:     0.43 kB
dist/assets/web-CdEEAbs6.js                                           1.06 kB │ gzip:     0.52 kB
dist/assets/Legal-Bc3zkr4K.js                                         2.00 kB │ gzip:     0.91 kB
dist/assets/growth-CtfcX3mW.js                                        2.07 kB │ gzip:     0.92 kB
dist/assets/account-BYFu-Wwp.js                                       2.95 kB │ gzip:     1.37 kB
dist/assets/Support-Dfjpd2L3.js                                       3.54 kB │ gzip:     1.26 kB
dist/assets/OriginalSceneImage-zmk9pRa_.js                            3.62 kB │ gzip:     0.91 kB
dist/assets/Seasons-mWRs_qWH.js                                       3.65 kB │ gzip:     1.29 kB
dist/assets/QuotesBrowser-pXCX2Bo8.js                                 3.69 kB │ gzip:     1.52 kB
dist/assets/rewards-CquGFd1s.js                                       4.17 kB │ gzip:     1.81 kB
dist/assets/Budget-BIBDYv8G.js                                        4.45 kB │ gzip:     1.70 kB
dist/assets/web-CwQpifTt.js                                           4.65 kB │ gzip:     1.40 kB
dist/assets/Evidence-BzJ6wJKt.js                                      5.45 kB │ gzip:     2.00 kB
dist/assets/courseNavigationIntent-B2saDuJt.js                        5.49 kB │ gzip:     2.36 kB
dist/assets/Tools-v70qQO4n.js                                         5.60 kB │ gzip:     2.18 kB
dist/assets/Missions-C1cFLGfK.js                                      5.65 kB │ gzip:     2.05 kB
dist/assets/LifeScore-C-9IVF6S.js                                     5.72 kB │ gzip:     1.92 kB
dist/assets/CourseCover-BxdOB_Q9.js                                   6.18 kB │ gzip:     2.85 kB
dist/assets/Bridge-Bi2tsEtd.js                                        6.53 kB │ gzip:     1.96 kB
dist/assets/FutureSelf-CpH2yyAc.js                                    6.86 kB │ gzip:     1.94 kB
dist/assets/MissionFlows-BrfbZVI8.js                                  8.10 kB │ gzip:     2.50 kB
dist/assets/index-HYzik8FW.js                                         8.72 kB │ gzip:     3.31 kB
dist/assets/purchases-CdrIzMsc.js                                    10.03 kB │ gzip:     3.28 kB
dist/assets/web-BOYY0uk3.js                                          10.19 kB │ gzip:     2.10 kB
dist/assets/PublicTwoFutures-Lw8FWu06.js                             11.24 kB │ gzip:     3.71 kB
dist/assets/Account-C4RnqinX.js                                      11.76 kB │ gzip:     3.62 kB
dist/assets/support-DpOdqG9j.js                                      11.79 kB │ gzip:     4.95 kB
dist/assets/DreamArt-BfTsqVEo.js                                     12.84 kB │ gzip:     2.50 kB
dist/assets/FocusTimerHub-vHtIg7Cb.js                                15.21 kB │ gzip:     4.32 kB
dist/assets/Me-BRIl9r2e.js                                           16.34 kB │ gzip:     5.72 kB
dist/assets/TwoFutures-DdyYNw_e.js                                   19.69 kB │ gzip:     5.43 kB
dist/assets/Upgrade-ZfJof6bC.js                                      19.72 kB │ gzip:     6.41 kB
dist/assets/media-2mgEiOLR.js                                        23.75 kB │ gzip:     9.29 kB
dist/assets/SoundRoom-2uya3rzD.js                                    26.91 kB │ gzip:     9.78 kB
dist/assets/Bank-CgcAZI7Q.js                                         29.78 kB │ gzip:     8.21 kB
dist/assets/Settings-Bw2qAWKZ.js                                     41.23 kB │ gzip:    12.89 kB
dist/assets/Coach-BnxeyH4I.js                                        49.43 kB │ gzip:    16.16 kB
dist/assets/Dreams-CxY4cOVT.js                                       53.11 kB │ gzip:    14.99 kB
dist/assets/DailyMicroHabits-CjIlPUZg.js                             56.82 kB │ gzip:    14.79 kB
dist/assets/Notebook-Cu2jgNEg.js                                     61.09 kB │ gzip:    18.26 kB
dist/assets/Progress-BTS_u7qh.js                                     75.84 kB │ gzip:    18.19 kB
dist/assets/Courses-Bc-b7otk.js                                     113.96 kB │ gzip:    36.61 kB
dist/assets/motion-HNvQpnN_.js                                      128.88 kB │ gzip:    42.38 kB
dist/assets/Today-D-snha55.js                                       148.53 kB │ gzip:    46.77 kB
dist/assets/supabase--wUpN4Ei.js                                    228.14 kB │ gzip:    59.28 kB
dist/assets/react-5GCfeWye.js                                       229.42 kB │ gzip:    71.53 kB
dist/assets/genai-DNIGCYRr.js                                       409.93 kB │ gzip:    72.77 kB
dist/assets/charts-Bzd-XkHo.js                                      431.58 kB │ gzip:   124.87 kB
dist/assets/tr-COHWLD3Y.js                                          561.39 kB │ gzip:   219.33 kB
dist/assets/es-qQNFzrdv.js                                          573.85 kB │ gzip:   217.68 kB
dist/assets/index-BIs4BkQI.js                                       953.77 kB │ gzip:   309.66 kB
dist/assets/courses-CKtnra3s.js                                   2,510.75 kB │ gzip:   813.28 kB
dist/assets/index-BMm9S-UO.js                                     5,959.05 kB │ gzip: 2,123.39 kB

(!) Some chunks are larger than 700 kB after minification. Consider:
- Using dynamic import() to code-split the application
- Use build.rollupOptions.output.manualChunks to improve chunking: https://rollupjs.org/configuration-options/#output-manualchunks
- Adjust chunk size limit for this warning via build.chunkSizeWarningLimit.
✓ built in 9.87s
npm notice
npm notice New major version of npm available! 11.9.0 -> 12.2.0
npm notice Changelog: https://github.com/npm/cli/releases/tag/v12.2.0
npm notice To update run: npm install -g npm@12.2.0
npm notice
npm notice
npm notice New major version of npm available! 11.9.0 -> 12.2.0
npm notice Changelog: https://github.com/npm/cli/releases/tag/v12.2.0
npm notice To update run: npm install -g npm@12.2.0
npm notice
