
> oda-one-decision-away@1.0.0 build
> vite build

vite v6.4.3 building for production...
<script src="/one-decision-away/theme-init.js"> in "/index.html" can't be bundled without type="module" attribute
transforming...
✓ 3388 modules transformed.
rendering chunks...
[plugin vite:reporter] 
(!) /workspace/oda-reference-redesign/src/services/cloudSync.ts is dynamically imported by /workspace/oda-reference-redesign/src/main.tsx but also statically imported by /workspace/oda-reference-redesign/src/components/BackupAndCloudSettings.tsx, /workspace/oda-reference-redesign/src/components/BackupReminder.tsx, /workspace/oda-reference-redesign/src/components/DailyNudgesSettings.tsx, /workspace/oda-reference-redesign/src/pages/Account.tsx, /workspace/oda-reference-redesign/src/pages/Coach.tsx, /workspace/oda-reference-redesign/src/pages/Upgrade.tsx, /workspace/oda-reference-redesign/src/services/cloudCoach.ts, /workspace/oda-reference-redesign/src/services/courseProgress.ts, /workspace/oda-reference-redesign/src/services/pushNotifications.ts, /workspace/oda-reference-redesign/src/services/repository.ts, /workspace/oda-reference-redesign/src/services/useCloudState.ts, /workspace/oda-reference-redesign/src/store/useApp.tsx, dynamic import will not move module into another chunk.

computing gzip size...
dist/index.html                                                       3.43 kB │ gzip:     1.14 kB
dist/assets/hanken-grotesk-vietnamese-wght-normal-CHiFlh_0.woff2      9.32 kB
dist/assets/hanken-grotesk-latin-ext-wght-normal-Dg-wlmqe.woff2      19.59 kB
dist/assets/newsreader-vietnamese-opsz-normal-BjhtXyW2.woff2         27.25 kB
dist/assets/newsreader-vietnamese-opsz-italic-DTr-ymY4.woff2         27.90 kB
dist/assets/hanken-grotesk-latin-wght-normal-CaVRRdDk.woff2          34.70 kB
dist/assets/newsreader-latin-ext-opsz-normal-BQn1nviT.woff2          86.61 kB
dist/assets/newsreader-latin-ext-opsz-italic-CSPGnFdO.woff2          95.54 kB
dist/assets/newsreader-latin-opsz-normal-s-izfB6B.woff2             132.00 kB
dist/assets/newsreader-latin-opsz-italic-kJKFiXvB.woff2             146.87 kB
dist/assets/aiCoach.worker-C60CQ1Xm.js                            6,039.34 kB
dist/assets/Today-D76Bu5Fr.css                                        4.80 kB │ gzip:     1.29 kB
dist/assets/Coach-FmmySK6D.css                                        5.95 kB │ gzip:     2.15 kB
dist/assets/workingSurfaces-BcspPDge.css                             10.35 kB │ gzip:     2.45 kB
dist/assets/Notebook-cFvxJ3JR.css                                    12.18 kB │ gzip:     2.54 kB
dist/assets/SoundRoom-4cX7i88W.css                                   15.48 kB │ gzip:     3.91 kB
dist/assets/Courses-BKn5AeI_.css                                     34.16 kB │ gzip:     5.96 kB
dist/assets/index-BD7SNJOJ.css                                      110.59 kB │ gzip:    23.16 kB
dist/assets/de-FmFgRqLi.js                                            0.03 kB │ gzip:     0.05 kB
dist/assets/fr-FmFgRqLi.js                                            0.03 kB │ gzip:     0.05 kB
dist/assets/it-FmFgRqLi.js                                            0.03 kB │ gzip:     0.05 kB
dist/assets/ru-FmFgRqLi.js                                            0.03 kB │ gzip:     0.05 kB
dist/assets/web-BOp9TQTf.js                                           0.18 kB │ gzip:     0.16 kB
dist/assets/useCloudState-C9MnL6Av.js                                 0.20 kB │ gzip:     0.18 kB
dist/assets/chevron-right-BuVWBu0u.js                                 0.30 kB │ gzip:     0.25 kB
dist/assets/square-CJ4BGm8M.js                                        0.32 kB │ gzip:     0.26 kB
dist/assets/arrow-up-right-O6CZGE_7.js                                0.34 kB │ gzip:     0.27 kB
dist/assets/search-D9zvhXFV.js                                        0.35 kB │ gzip:     0.28 kB
dist/assets/circle-check-BN6r4-9Z.js                                  0.35 kB │ gzip:     0.28 kB
dist/assets/user-round-Cz4rbRlb.js                                    0.36 kB │ gzip:     0.28 kB
dist/assets/rotate-ccw-DyIVwBnm.js                                    0.37 kB │ gzip:     0.29 kB
dist/assets/index-QOliW6OY.js                                         0.38 kB │ gzip:     0.27 kB
dist/assets/mail-DUd6rRZS.js                                          0.39 kB │ gzip:     0.31 kB
dist/assets/moon-CLoyNZtV.js                                          0.39 kB │ gzip:     0.31 kB
dist/assets/headphones-BAWkSxlw.js                                    0.41 kB │ gzip:     0.29 kB
dist/assets/timer-BeBVL9W0.js                                         0.41 kB │ gzip:     0.29 kB
dist/assets/wind-CETTQioN.js                                          0.42 kB │ gzip:     0.30 kB
dist/assets/archive-DWsP2RGw.js                                       0.43 kB │ gzip:     0.31 kB
dist/assets/route-BD12bK0G.js                                         0.43 kB │ gzip:     0.31 kB
dist/assets/lock-keyhole-CFPN-T1q.js                                  0.43 kB │ gzip:     0.33 kB
dist/assets/index-K2L_jfad.js                                         0.45 kB │ gzip:     0.28 kB
dist/assets/pencil-CWwbX_Mc.js                                        0.45 kB │ gzip:     0.33 kB
dist/assets/pen-line-BT7bTLvc.js                                      0.45 kB │ gzip:     0.33 kB
dist/assets/index-C8t0r7yZ.js                                         0.48 kB │ gzip:     0.29 kB
dist/assets/refresh-cw-C3PHPvkr.js                                    0.50 kB │ gzip:     0.33 kB
dist/assets/trash-2-zI6HCWx4.js                                       0.50 kB │ gzip:     0.32 kB
dist/assets/share-2-e9k3WCgw.js                                       0.53 kB │ gzip:     0.34 kB
dist/assets/shuffle-D5Raj_UT.js                                       0.56 kB │ gzip:     0.35 kB
dist/assets/sun-moon-8q9A07KK.js                                      0.57 kB │ gzip:     0.38 kB
dist/assets/waves-DvETA2SF.js                                         0.60 kB │ gzip:     0.32 kB
dist/assets/sparkles-CcmPsHPc.js                                      0.67 kB │ gzip:     0.39 kB
dist/assets/calendar-days-66KqIwzY.js                                 0.67 kB │ gzip:     0.37 kB
dist/assets/index-waLOCqKM.js                                         0.67 kB │ gzip:     0.42 kB
dist/assets/trending-up-Bg8LqIo1.js                                   0.69 kB │ gzip:     0.34 kB
dist/assets/index-G78_0w5w.js                                         0.72 kB │ gzip:     0.40 kB
dist/assets/music-BQUm9eFn.js                                         0.75 kB │ gzip:     0.40 kB
dist/assets/purchaseIdentityBinding-tFcjnp2u.js                       0.78 kB │ gzip:     0.34 kB
dist/assets/web-DsH_HQOv.js                                           0.90 kB │ gzip:     0.43 kB
dist/assets/Focus-CjujgFNx.js                                         0.90 kB │ gzip:     0.48 kB
dist/assets/web-DaWX8weR.js                                           1.06 kB │ gzip:     0.52 kB
dist/assets/courseEntryCopy-ClIZWujk.js                               1.35 kB │ gzip:     0.72 kB
dist/assets/Legal-CUgLbvG4.js                                         2.00 kB │ gzip:     0.91 kB
dist/assets/growth-CtfcX3mW.js                                        2.07 kB │ gzip:     0.92 kB
dist/assets/account-CekEXrT9.js                                       2.95 kB │ gzip:     1.37 kB
dist/assets/Support-DzNO9XqH.js                                       3.54 kB │ gzip:     1.26 kB
dist/assets/Seasons-DGcVSNpk.js                                       3.65 kB │ gzip:     1.29 kB
dist/assets/rewards-CunQ1O76.js                                       4.17 kB │ gzip:     1.81 kB
dist/assets/Budget-D1iW3mfJ.js                                        4.45 kB │ gzip:     1.70 kB
dist/assets/web-D4gQkjo6.js                                           4.65 kB │ gzip:     1.40 kB
dist/assets/Evidence-BzjpS1vl.js                                      5.45 kB │ gzip:     2.00 kB
dist/assets/Tools-DP5ZDPgv.js                                         5.60 kB │ gzip:     2.18 kB
dist/assets/Missions-DGchScAv.js                                      5.65 kB │ gzip:     2.05 kB
dist/assets/LifeScore-DUpjAfkg.js                                     5.72 kB │ gzip:     1.92 kB
dist/assets/CourseCover-BGyq9u5F.js                                   6.18 kB │ gzip:     2.85 kB
dist/assets/Bridge-BOMM12NQ.js                                        6.53 kB │ gzip:     1.96 kB
dist/assets/FutureSelf-Dyzmvwug.js                                    6.86 kB │ gzip:     1.94 kB
dist/assets/MissionFlows-CWhju3cg.js                                  8.10 kB │ gzip:     2.50 kB
dist/assets/index-BOrA1j6T.js                                         8.72 kB │ gzip:     3.31 kB
dist/assets/web-C1Go4Oiy.js                                          10.19 kB │ gzip:     2.10 kB
dist/assets/purchases-DzTQyB2M.js                                    10.51 kB │ gzip:     3.49 kB
dist/assets/PublicTwoFutures-DGwHZyq4.js                             11.24 kB │ gzip:     3.71 kB
dist/assets/Account-rmIdSeer.js                                      11.76 kB │ gzip:     3.63 kB
dist/assets/support-BRBV5w-2.js                                      11.79 kB │ gzip:     4.95 kB
dist/assets/DreamArt-CCLX5pyg.js                                     12.84 kB │ gzip:     2.50 kB
dist/assets/FocusTimerHub-BIdNnE3L.js                                15.21 kB │ gzip:     4.32 kB
dist/assets/Me-BM-brof1.js                                           16.31 kB │ gzip:     5.70 kB
dist/assets/Upgrade-Cxmak7em.js                                      19.68 kB │ gzip:     6.40 kB
dist/assets/TwoFutures-BbmPpzRk.js                                   19.69 kB │ gzip:     5.43 kB
dist/assets/media-2mgEiOLR.js                                        23.75 kB │ gzip:     9.29 kB
dist/assets/SoundRoom-Dwri3rHP.js                                    24.21 kB │ gzip:     8.87 kB
dist/assets/Bank-B-lNb37i.js                                         29.78 kB │ gzip:     8.21 kB
dist/assets/Settings-Dd-zxN2Y.js                                     41.22 kB │ gzip:    12.89 kB
dist/assets/Coach-B1u4RMIT.js                                        49.37 kB │ gzip:    16.12 kB
dist/assets/Notebook-CTLmtH-a.js                                     50.87 kB │ gzip:    14.73 kB
dist/assets/Dreams-DYkUW9Qp.js                                       53.11 kB │ gzip:    14.99 kB
dist/assets/DailyMicroHabits-BMUVvexK.js                             56.82 kB │ gzip:    14.79 kB
dist/assets/Progress-BQ4LGGOG.js                                     75.84 kB │ gzip:    18.19 kB
dist/assets/Courses-CgEq8rws.js                                     112.20 kB │ gzip:    35.93 kB
dist/assets/motion-HNvQpnN_.js                                      128.88 kB │ gzip:    42.38 kB
dist/assets/Today-BxbcdEGA.js                                       140.54 kB │ gzip:    43.56 kB
dist/assets/supabase--wUpN4Ei.js                                    228.14 kB │ gzip:    59.28 kB
dist/assets/react-5GCfeWye.js                                       229.42 kB │ gzip:    71.53 kB
dist/assets/genai-DNIGCYRr.js                                       409.93 kB │ gzip:    72.77 kB
dist/assets/charts-Bzd-XkHo.js                                      431.58 kB │ gzip:   124.87 kB
dist/assets/tr-COHWLD3Y.js                                          561.39 kB │ gzip:   219.33 kB
dist/assets/es-qQNFzrdv.js                                          573.85 kB │ gzip:   217.68 kB
dist/assets/index-NFWGLys2.js                                       951.68 kB │ gzip:   308.77 kB
dist/assets/courses-CKtnra3s.js                                   2,510.75 kB │ gzip:   813.28 kB
dist/assets/index-BMm9S-UO.js                                     5,959.05 kB │ gzip: 2,123.39 kB

(!) Some chunks are larger than 700 kB after minification. Consider:
- Using dynamic import() to code-split the application
- Use build.rollupOptions.output.manualChunks to improve chunking: https://rollupjs.org/configuration-options/#output-manualchunks
- Adjust chunk size limit for this warning via build.chunkSizeWarningLimit.
✓ built in 10.77s
npm notice
npm notice New major version of npm available! 11.9.0 -> 12.2.0
npm notice Changelog: https://github.com/npm/cli/releases/tag/v12.2.0
npm notice To update run: npm install -g npm@12.2.0
npm notice
