
> oda-one-decision-away@1.0.0 build
> vite build

vite v6.4.3 building for production...
<script src="/one-decision-away/theme-init.js"> in "/index.html" can't be bundled without type="module" attribute
transforming...
✓ 3387 modules transformed.
rendering chunks...
[plugin vite:reporter] 
(!) /workspace/oda-reference-redesign/src/services/cloudSync.ts is dynamically imported by /workspace/oda-reference-redesign/src/main.tsx but also statically imported by /workspace/oda-reference-redesign/src/components/BackupAndCloudSettings.tsx, /workspace/oda-reference-redesign/src/components/BackupReminder.tsx, /workspace/oda-reference-redesign/src/components/DailyNudgesSettings.tsx, /workspace/oda-reference-redesign/src/pages/Account.tsx, /workspace/oda-reference-redesign/src/pages/Coach.tsx, /workspace/oda-reference-redesign/src/pages/Upgrade.tsx, /workspace/oda-reference-redesign/src/services/cloudCoach.ts, /workspace/oda-reference-redesign/src/services/courseProgress.ts, /workspace/oda-reference-redesign/src/services/pushNotifications.ts, /workspace/oda-reference-redesign/src/services/repository.ts, /workspace/oda-reference-redesign/src/services/useCloudState.ts, /workspace/oda-reference-redesign/src/store/useApp.tsx, dynamic import will not move module into another chunk.

computing gzip size...
dist/index.html                                                       3.43 kB │ gzip:     1.14 kB
dist/assets/hanken-grotesk-vietnamese-wght-normal-CHiFlh_0.woff2      9.32 kB
dist/assets/hanken-grotesk-latin-ext-wght-normal-Dg-wlmqe.woff2      19.59 kB
dist/assets/newsreader-vietnamese-opsz-normal-BjhtXyW2.woff2         27.25 kB
dist/assets/newsreader-vietnamese-opsz-italic-DTr-ymY4.woff2         27.90 kB
dist/assets/hanken-grotesk-latin-wght-normal-CaVRRdDk.woff2          34.70 kB
dist/assets/newsreader-latin-ext-opsz-normal-BQn1nviT.woff2          86.61 kB
dist/assets/newsreader-latin-ext-opsz-italic-CSPGnFdO.woff2          95.54 kB
dist/assets/newsreader-latin-opsz-normal-s-izfB6B.woff2             132.00 kB
dist/assets/newsreader-latin-opsz-italic-kJKFiXvB.woff2             146.87 kB
dist/assets/aiCoach.worker-C60CQ1Xm.js                            6,039.34 kB
dist/assets/Today-D76Bu5Fr.css                                        4.80 kB │ gzip:     1.29 kB
dist/assets/Notebook-BjA0y0MZ.css                                     6.23 kB │ gzip:     1.51 kB
dist/assets/Coach-CHXIqrGu.css                                        6.30 kB │ gzip:     2.24 kB
dist/assets/SoundRoom-CeBMxxCK.css                                   13.39 kB │ gzip:     3.48 kB
dist/assets/Courses-kKtlHSwg.css                                     28.68 kB │ gzip:     5.20 kB
dist/assets/index-ehHxfAPB.css                                      113.95 kB │ gzip:    23.76 kB
dist/assets/de-FmFgRqLi.js                                            0.03 kB │ gzip:     0.05 kB
dist/assets/fr-FmFgRqLi.js                                            0.03 kB │ gzip:     0.05 kB
dist/assets/it-FmFgRqLi.js                                            0.03 kB │ gzip:     0.05 kB
dist/assets/ru-FmFgRqLi.js                                            0.03 kB │ gzip:     0.05 kB
dist/assets/web-DtTeoyds.js                                           0.18 kB │ gzip:     0.16 kB
dist/assets/useCloudState-QW-PFALp.js                                 0.20 kB │ gzip:     0.18 kB
dist/assets/chevron-right-IjjOARJG.js                                 0.30 kB │ gzip:     0.25 kB
dist/assets/square-Dc0A7g91.js                                        0.32 kB │ gzip:     0.26 kB
dist/assets/arrow-up-right-XC22wlja.js                                0.34 kB │ gzip:     0.27 kB
dist/assets/search-BoGu7CrT.js                                        0.35 kB │ gzip:     0.28 kB
dist/assets/circle-check-DuRrUhXG.js                                  0.35 kB │ gzip:     0.28 kB
dist/assets/user-round-DFuECesf.js                                    0.36 kB │ gzip:     0.28 kB
dist/assets/rotate-ccw-DGzLUm8H.js                                    0.37 kB │ gzip:     0.29 kB
dist/assets/index-pmRDZ8gp.js                                         0.38 kB │ gzip:     0.27 kB
dist/assets/mail-F-G7FcLG.js                                          0.39 kB │ gzip:     0.31 kB
dist/assets/moon-BGpLnf3o.js                                          0.39 kB │ gzip:     0.31 kB
dist/assets/headphones-CycjTXg8.js                                    0.41 kB │ gzip:     0.29 kB
dist/assets/timer-C8W-wO2H.js                                         0.41 kB │ gzip:     0.29 kB
dist/assets/wind-37l67--2.js                                          0.42 kB │ gzip:     0.30 kB
dist/assets/archive-DCiWjWTu.js                                       0.43 kB │ gzip:     0.31 kB
dist/assets/route-ivKY55ww.js                                         0.43 kB │ gzip:     0.31 kB
dist/assets/lock-keyhole-BK4QmbK4.js                                  0.43 kB │ gzip:     0.33 kB
dist/assets/index-D9b3fDB9.js                                         0.45 kB │ gzip:     0.28 kB
dist/assets/pencil-E4G7-ZAJ.js                                        0.45 kB │ gzip:     0.33 kB
dist/assets/pen-line-BsOF0VDF.js                                      0.45 kB │ gzip:     0.33 kB
dist/assets/index-BuoeyZt9.js                                         0.48 kB │ gzip:     0.29 kB
dist/assets/refresh-cw-Cn_0VmeU.js                                    0.50 kB │ gzip:     0.33 kB
dist/assets/trash-2-CRvZtWKh.js                                       0.50 kB │ gzip:     0.32 kB
dist/assets/Focus-V4tLXS_L.js                                         0.53 kB │ gzip:     0.33 kB
dist/assets/share-2-mH2TtILv.js                                       0.53 kB │ gzip:     0.34 kB
dist/assets/shuffle-DLlZonin.js                                       0.56 kB │ gzip:     0.35 kB
dist/assets/sun-moon-DR_AB1zz.js                                      0.57 kB │ gzip:     0.38 kB
dist/assets/waves-X_i4WZVq.js                                         0.60 kB │ gzip:     0.32 kB
dist/assets/sparkles-B9KYVvmE.js                                      0.67 kB │ gzip:     0.39 kB
dist/assets/calendar-days-BSIxIyoF.js                                 0.67 kB │ gzip:     0.37 kB
dist/assets/index-CQ0Ra_wU.js                                         0.67 kB │ gzip:     0.42 kB
dist/assets/trending-up-dt0OdX0J.js                                   0.69 kB │ gzip:     0.34 kB
dist/assets/index-BxSqb-M9.js                                         0.72 kB │ gzip:     0.41 kB
dist/assets/music-PVzMeg06.js                                         0.75 kB │ gzip:     0.39 kB
dist/assets/purchaseIdentityBinding-tFcjnp2u.js                       0.78 kB │ gzip:     0.34 kB
dist/assets/web-BzoHNI6j.js                                           0.90 kB │ gzip:     0.43 kB
dist/assets/web-40wcuusw.js                                           1.06 kB │ gzip:     0.52 kB
dist/assets/courseEntryCopy-ClIZWujk.js                               1.35 kB │ gzip:     0.72 kB
dist/assets/Legal-CfLddJWe.js                                         2.00 kB │ gzip:     0.91 kB
dist/assets/growth-CtfcX3mW.js                                        2.07 kB │ gzip:     0.92 kB
dist/assets/account-6WjNgkls.js                                       2.95 kB │ gzip:     1.37 kB
dist/assets/Support-CYctTdyQ.js                                       3.54 kB │ gzip:     1.26 kB
dist/assets/Seasons-CEUP8Z9i.js                                       3.65 kB │ gzip:     1.29 kB
dist/assets/rewards-BBp9g8vI.js                                       4.17 kB │ gzip:     1.81 kB
dist/assets/Budget-D_BkMMma.js                                        4.45 kB │ gzip:     1.70 kB
dist/assets/web-BAeD5aHw.js                                           4.65 kB │ gzip:     1.40 kB
dist/assets/Evidence-j9j0RlkQ.js                                      5.45 kB │ gzip:     2.00 kB
dist/assets/Tools-VHfc7Owp.js                                         5.60 kB │ gzip:     2.18 kB
dist/assets/Missions-BGyXNIZ5.js                                      5.65 kB │ gzip:     2.05 kB
dist/assets/LifeScore-CQj2CSTj.js                                     5.72 kB │ gzip:     1.92 kB
dist/assets/Bridge-CZXL8FB7.js                                        6.53 kB │ gzip:     1.96 kB
dist/assets/FutureSelf-GB2tR8Ld.js                                    6.86 kB │ gzip:     1.94 kB
dist/assets/MissionFlows-Dqu4oRPe.js                                  8.10 kB │ gzip:     2.50 kB
dist/assets/index-Cr7Nqhfb.js                                         8.72 kB │ gzip:     3.31 kB
dist/assets/web-DJ2MvuKV.js                                          10.19 kB │ gzip:     2.10 kB
dist/assets/purchases-CorMMukT.js                                    10.51 kB │ gzip:     3.49 kB
dist/assets/PublicTwoFutures-BHW6Mulo.js                             11.24 kB │ gzip:     3.71 kB
dist/assets/Account-CqkTLzgR.js                                      11.76 kB │ gzip:     3.62 kB
dist/assets/support-BdU_Qx4f.js                                      11.79 kB │ gzip:     4.95 kB
dist/assets/DreamArt-Dr8v_M_w.js                                     12.84 kB │ gzip:     2.50 kB
dist/assets/FocusTimerHub-CSArnD2N.js                                14.91 kB │ gzip:     4.26 kB
dist/assets/Me-pOuRrnEZ.js                                           16.31 kB │ gzip:     5.70 kB
dist/assets/Upgrade-B9M-HzLz.js                                      19.68 kB │ gzip:     6.39 kB
dist/assets/TwoFutures-Byi1QNvs.js                                   19.69 kB │ gzip:     5.43 kB
dist/assets/SoundRoom-BPh2MdUE.js                                    22.49 kB │ gzip:     8.39 kB
dist/assets/media-2mgEiOLR.js                                        23.75 kB │ gzip:     9.29 kB
dist/assets/Bank-D46kQLRg.js                                         29.78 kB │ gzip:     8.21 kB
dist/assets/Settings-Ct6IIhh0.js                                     41.22 kB │ gzip:    12.89 kB
dist/assets/Coach-Cgah2nNu.js                                        49.29 kB │ gzip:    16.06 kB
dist/assets/Notebook-S5jysZne.js                                     50.51 kB │ gzip:    14.64 kB
dist/assets/Dreams-CzR0gSAz.js                                       53.11 kB │ gzip:    14.99 kB
dist/assets/DailyMicroHabits-BCsJeVhU.js                             56.82 kB │ gzip:    14.79 kB
dist/assets/Progress-sMS79fzB.js                                     75.84 kB │ gzip:    18.19 kB
dist/assets/Courses-DQZoA0BD.js                                     118.04 kB │ gzip:    37.99 kB
dist/assets/motion-HNvQpnN_.js                                      128.88 kB │ gzip:    42.38 kB
dist/assets/Today-ZhqpNaYh.js                                       140.18 kB │ gzip:    43.48 kB
dist/assets/supabase--wUpN4Ei.js                                    228.14 kB │ gzip:    59.28 kB
dist/assets/react-5GCfeWye.js                                       229.42 kB │ gzip:    71.53 kB
dist/assets/genai-DNIGCYRr.js                                       409.93 kB │ gzip:    72.77 kB
dist/assets/charts-Bzd-XkHo.js                                      431.58 kB │ gzip:   124.87 kB
dist/assets/tr-COHWLD3Y.js                                          561.39 kB │ gzip:   219.33 kB
dist/assets/es-qQNFzrdv.js                                          573.85 kB │ gzip:   217.68 kB
dist/assets/index-CNddE3GR.js                                       951.59 kB │ gzip:   308.76 kB
dist/assets/courses-CKtnra3s.js                                   2,510.75 kB │ gzip:   813.28 kB
dist/assets/index-BMm9S-UO.js                                     5,959.05 kB │ gzip: 2,123.39 kB

(!) Some chunks are larger than 700 kB after minification. Consider:
- Using dynamic import() to code-split the application
- Use build.rollupOptions.output.manualChunks to improve chunking: https://rollupjs.org/configuration-options/#output-manualchunks
- Adjust chunk size limit for this warning via build.chunkSizeWarningLimit.
✓ built in 11.24s
npm notice
npm notice New major version of npm available! 11.9.0 -> 12.2.0
npm notice Changelog: https://github.com/npm/cli/releases/tag/v12.2.0
npm notice To update run: npm install -g npm@12.2.0
npm notice
