
> oda-one-decision-away@1.0.0 check
> npm run lint && node scripts/validate-i18n.mjs && node --import tsx scripts/test-i18n.ts && node --import tsx scripts/test-notebook.ts && node --import tsx scripts/test-notebook-voice.ts && node --import tsx scripts/test-routing.ts && npm test && npm run build


> oda-one-decision-away@1.0.0 lint
> tsc --noEmit

npm notice
npm notice New major version of npm available! 11.9.0 -> 12.2.0
npm notice Changelog: https://github.com/npm/cli/releases/tag/v12.2.0
npm notice To update run: npm install -g npm@12.2.0
npm notice
tr: 6823 entries; missing keys 0; placeholder differences 0
es: 6823 entries; missing keys 0; placeholder differences 0
English-first startup, saved choices, EN/TR/ES switching, fallback and repeated placeholders passed.
✔ old backups normalize without copying or losing any legacy Dream Journal field (3.04577ms)
✔ new writing of every kind including affirmation earns 25 once; intention alone does not (2.245429ms)
✔ edit, no-op, delete and recreate preserve immutable once-per-day reward claims (1.370334ms)
✔ local writing day and existing UTC reward ceiling are separate and cap-safe (0.498976ms)
✔ 369 only counts matching written intentions, allows partial saves and retains archived histories (1.660214ms)
✔ 369 derives a real 33-day streak and preserves the achieved target after a gap (1.624299ms)
✔ 369 matches Turkish dotted/dotless uppercase pairs without stripping meaningful accents (0.439785ms)
✔ calendar streaks use local days across DST, not elapsed 24-hour periods (0.60116ms)
✔ validation rejects blank entries, future dates, past creation and excess slots without altering input (0.533597ms)
✔ legacy edits preserve photos, links and original date; unified JSON roundtrip is lossless (7.152527ms)
✔ real repository serializes concurrent writes, protects from stale saves, and honors explicit restore (10.429598ms)
✔ stale whole-document saves do not resurrect deleted legacy entries or lose new ones (1.469134ms)
✔ Notebook rebases after a delayed load against a concurrent profile and ledger save (0.953634ms)
✔ concurrent mission and Notebook reward evaluation share the same 2500 ceiling (7.61356ms)
✔ failed storage saves reject, do not push cloud or claim rewards, and queue recovers (1.239366ms)
✔ unreadable saved JSON is preserved, never silently replaced with seed data (0.187814ms)
✔ explicit local restore blocks older cloud data across failed uploads and is account/project scoped (30.8259ms)
✔ an old in-flight cloud upload cannot overwrite a newer restored snapshot or clear its marker (4.219668ms)
✔ a signed-out import binds to the first later connection and stays isolated from other accounts (5.386604ms)
ℹ tests 19
ℹ suites 0
ℹ pass 19
ℹ fail 0
ℹ cancelled 0
ℹ skipped 0
ℹ todo 0
ℹ duration_ms 87.133143
Notebook voice uses device speech only, preserves preferences and handles unavailable speech.
✔ root hosting retains history paths, including direct reloads (1.012333ms)
✔ project hosting keeps every navigation on the same static document (0.327496ms)
✔ landing URLs and non-route fragments do not become unknown routes (0.1846ms)
✔ back/forward hash entries resolve to canonical route IDs (0.122976ms)
✔ icons and service worker URLs stay under their deployment base (0.142015ms)
✔ service worker precaches only its project directory (21.263533ms)
✔ standalone support remains available offline without replacing the application shell (5.506427ms)
✔ activation preserves sibling apps and this version media cache (1.679383ms)
✔ notification defaults and legacy targets open the project hash route (1.112784ms)
✔ installed app metadata refreshes instead of retaining the cached identity (2.174021ms)
✔ installed app metadata remains available offline (0.958581ms)
ℹ tests 11
ℹ suites 0
ℹ pass 11
ℹ fail 0
ℹ cancelled 0
ℹ skipped 0
ℹ todo 0
ℹ duration_ms 62.347049

> oda-one-decision-away@1.0.0 test
> node --import tsx --test tests/*.test.ts supabase/functions/send-nudges/core.test.ts supabase/functions/send-nudges/push-worker.test.ts

✔ 600 scheduled selections are unique across 100 local calendar days and repeat only in the next cycle (3.806663ms)
✔ calendar-day index is independent of server timezone, DST boundaries and midnight UTC (0.379104ms)
✔ sender blocks private-network endpoints, embedded credentials, lookalike hosts and unexpected ports (0.430341ms)
✔ payload identifies adaptation/translation and routes stay valid for root and project hosting (1.752743ms)
✔ cron authenticator requires a substantial matching secret (12.66853ms)
✔ push event displays the real server payload without an open client (2.689603ms)
✔ unexpected push fields cannot become arbitrary notification options (1.852405ms)
✔ does not load a runtime before explicit initialization and blocks unsupported devices (2.249536ms)
✔ context retains the latest user turn, merges interrupted turns, and ignores injected roles (0.643084ms)
✔ streams accumulated visible content and disables reasoning output (2.392422ms)
✔ aborting initialization disposes the downloading runtime and allows retry (4.885186ms)
[ODA Coach] Generation failed: Error: GPU device lost: out of memory
    at Object.generate (/workspace/oda-mobile-core-quality/tests/ai-coach.test.ts:117:35)
    at <anonymous> (/workspace/oda-mobile-core-quality/src/services/aiCoach.ts:256:68)
    at Object.stream (/workspace/oda-mobile-core-quality/src/services/aiCoach.ts:300:5)
    at TestContext.<anonymous> (/workspace/oda-mobile-core-quality/tests/ai-coach.test.ts:122:30)
    at async Test.run (node:internal/test_runner/test:1389:7)
    at async Test.processPendingSubtests (node:internal/test_runner/test:960:7)
✔ cancellation drains generation, suppresses late text, and releases the next request (4.463127ms)
✔ generation failures are actionable, never become a canned coach reply, and require restart (3.407058ms)
✔ unload cancels an active operation, releases memory and supports a fresh initialization (0.850437ms)
✔ ambient renders are long independent stereo textures with finite bounded levels (173.231732ms)
✔ scene identities differ in spectrum and amplitude dynamics (37.802713ms)
✔ loop overlaps join continuous adjacent noise without a boundary spike (52.671415ms)
✔ seeds reproduce review samples and produce a new texture when changed (169.998437ms)
✔ one Sound Room track keeps one title across categories, including intentional noise reuse (0.394888ms)
✔ fresh startup seeds and absent records do not prompt for a backup (3.349781ms)
✔ empty notebook, lesson, experiment and weekly-review shells are not saved personal work (0.97112ms)
✔ the first saved journal, scripting or future letter qualifies without three older records (1.507042ms)
✔ a saved intention, gratitude note or affirmation qualifies before any decision completion (0.947614ms)
✔ an interrupted first lesson answer of zero, practice checkbox or reflection qualifies (0.628101ms)
✔ the first course plan, paused attempt or saved review qualifies independently of lesson completion (0.758728ms)
✔ one saved weekly review with no kept decisions qualifies (0.239122ms)
✔ one completion, kept decision, vision choice or dream-journal entry preserves existing eligibility (0.623674ms)
✔ a valid downloaded backup suppresses until the exact fourteen-day boundary (0.464653ms)
✔ invalid, absent and future export or cloud timestamps never suppress protection (0.531775ms)
✔ freshness compares actual ISO instants and accepts leap days without calendar normalization (0.131719ms)
✔ only configured, signed-in, recent scoped cloud success with no error suppresses the reminder (0.275607ms)
✔ a recent export still protects work when cloud sync fails, and session dismissal remains respected (0.279573ms)
✔ eligibility does not alter saved work or cloud status, and all three locales explain protection without promising sync (0.43592ms)
✔ restore safety: weekly review text cannot be an object (3.672791ms)
✔ restore safety: life score records need sortable timestamps (1.227528ms)
✔ restore safety: bridge records need their rendered amounts (1.171884ms)
✔ restore safety: a pinned dream name cannot be a React object child (0.902967ms)
✔ legacy course storage migrates into the personal record without changing other data (7.889375ms)
✔ course edits, completion, experiment plans and logs roundtrip through JSON backup (5.618176ms)
✔ a stale save from another feature retains newer lesson notes and practice logs (3.039051ms)
✔ a legacy backup keeps local courses; an explicit empty course backup clears them (2.742381ms)
✔ validation rejects malformed personal, notebook and course data before any storage write (6.109079ms)
✔ quota failures keep the entire previous record and legacy key intact, and a retry succeeds (2.184517ms)
✔ unreadable main data is never replaced by a course-only save (0.695553ms)
✔ lesson edits and re-completion retain the real-world experiment history (0.398824ms)
✔ course mutations wait for the shared write lock and rebase onto a concurrent notebook commit (1.386239ms)
✔ ledger and notebook rewards retain one UTC ceiling when the local decision day differs (18.615544ms)
✔ cloud upload captures current courses and invalid cloud backups leave local storage untouched (17.045567ms)
✔ cloud previews do not change last-sync or local data until the reviewed record is committed (10.07901ms)
✔ Bank chart keeps UTC ledger Today and date labels aligned at New York evening (35.955176ms)
✔ Bank seven-day earnings window is Sep 25 through Oct 1 for the UTC ledger day (9.036902ms)
✔ Savings includes the first displayed UTC day in net and pace, excluding opening history (7.035311ms)
✔ Savings net includes mixed first-day credits, spending and the current UTC day (4.603189ms)
✔ Bank chart formats ledger dates in selected tr UI locale (102.656162ms)
✔ Bank chart formats ledger dates in selected es UI locale (90.707751ms)
✔ a welcome grant preserves the balance and supplies zero practice evidence (4.507024ms)
✔ mixed financial deposits cannot inflate distinct kept days or completed decisions (9.726105ms)
✔ practice week follows local calendar boundaries and repeated days count once (0.318923ms)
✔ reward labels distinguish symbolic unlocking from actual D$ pace estimates in every locale (0.531644ms)
✔ client and server agree on the message limits (0.819491ms)
✔ the request keeps the last 12 messages, trims each to 1500 characters and drops empty ones (0.297531ms)
✔ context is sent only when there is something to send, and is trimmed (0.169687ms)
✔ responses map to a result or a typed error (1.239738ms)
✔ the shared context holds only today, the last kept decisions and short journal lines (6.545339ms)
✔ a matching current durable document uploads and records current plus historical confirmation (30.748263ms)
✔ a stale rendered profile payload cannot roll acknowledged cloud work backward (6.260599ms)
✔ a stale rendered notebook payload cannot roll acknowledged cloud work backward (4.884385ms)
✔ a stale rendered futureSelf payload cannot roll acknowledged cloud work backward (4.59715ms)
✔ missing authoritative local record rejects a push before any cloud query (5.531134ms)
✔ invalid-json authoritative local record rejects a push before any cloud query (3.098321ms)
✔ invalid-document authoritative local record rejects a push before any cloud query (3.662885ms)
✔ a course-only stale caller uses the existing latest-course normalization and can upload (7.870837ms)
✔ an ordinary repository save invalidates current confirmation immediately and retains history (5.51515ms)
✔ a durable Notebook action invalidates confirmation without waiting for its debounce (5.471393ms)
✔ a durable course save invalidates confirmation without requiring the AppProvider event listener (12.700839ms)
✔ a save suppressed by its account guard still makes the current durable document dirty (7.51037ms)
✔ a failed durable repository write preserves previous current confirmation (4.726776ms)
✔ a failed durable notebook write preserves previous current confirmation (7.587247ms)
✔ a failed durable course write preserves previous current confirmation (4.068529ms)
✔ dirty startup does not automatically restore the same acknowledged cloud baseline over newer device work (4.930354ms)
✔ an old in-flight upload retains its remote baseline while the latest durable document remains dirty (11.132104ms)
✔ the latest queued durable payload updates after an older in-flight upload without reverting cloud or device (11.765062ms)
✔ a cloud-restore fingerprint resolve after account drift returns false without publishing obsolete status (7.710663ms)
✔ a cloud-restore fingerprint reject after account drift returns false without publishing obsolete status (4.077794ms)
✔ a cloud-restore fingerprint resolve after project drift returns false without publishing obsolete status (6.358746ms)
✔ a cloud-restore fingerprint reject after project drift returns false without publishing obsolete status (4.141751ms)
✔ a cloud-restore fingerprint resolve after local-record drift returns false without publishing obsolete status (5.476821ms)
✔ a cloud-restore fingerprint reject after local-record drift returns false without publishing obsolete status (5.294917ms)
✔ a rejected current cloud-restore fingerprint returns false, preserves durable data and reports unconfirmed backup (3.745942ms)
✔ cloud-restore acknowledgement owner-quota failure returns a boolean and keeps the durable restored record (4.28701ms)
✔ cloud-restore acknowledgement document-read failure returns a boolean and keeps the durable restored record (4.765735ms)
✔ a clean-reload confirmation fingerprint resolve after account B cannot publish account A status (4.136522ms)
✔ a clean-reload confirmation fingerprint reject after account B cannot publish account A status (3.061956ms)
✔ confirmation bootstrap after a clean reload is tied to the actual persisted document (3.265914ms)
✔ confirmation bootstrap after a dirty reload preserves device work and historical cloud time (4.014968ms)
✔ a coherently hydrated external-tab edit cannot inherit another tab’s current-document confirmation (3.330102ms)
✔ a pending cloud SELECT cannot replace data after account switch (3.780574ms)
✔ a pending cloud SELECT cannot replace data after project switch (0.640189ms)
✔ a pending cloud SELECT cannot replace data after logout and reauthentication as the same account (0.890568ms)
✔ a pending cloud SELECT cannot replace data after an explicit local import barrier (0.992392ms)
✔ a pending cloud SELECT cannot replace data after newer saved personal writing (0.807302ms)
✔ a reviewed cloud restore is checked inside the write lock after account switch (11.497707ms)
✔ a reviewed cloud restore is checked inside the write lock after project switch (4.765164ms)
✔ a reviewed cloud restore is checked inside the write lock after logout and reauthentication as the same account (3.056558ms)
✔ a reviewed cloud restore is checked inside the write lock after an explicit local import barrier (7.947132ms)
✔ a reviewed cloud restore is checked inside the write lock after newer saved personal writing (2.17346ms)
✔ an unchanged reviewed cloud record commits once and records its scoped sync (3.469583ms)
✔ manual sync cannot fall back to uploading a captured previous-account snapshot (0.66682ms)
✔ a delayed automatic backup remains bound to its original account (0.466486ms)
✔ an old upload success cannot mark or emit the new cloud scope (4.133778ms)
✔ an old upload failure cannot mark or emit the new cloud scope (2.244418ms)
✔ fresh OTP sign-in cannot overwrite existing cloud work on the first ordinary save (7.440144ms)
✔ an absent cloud row is inserted once and acknowledges the returned server version and exact data (17.723443ms)
✔ offline SELECT throws and reconnect retain both records (4.347112ms)
✔ offline SELECT resolved and reconnect retain both records (3.613971ms)
✔ shared device A→B→A cannot reuse the historical acknowledgement of A after B owns the record (17.702241ms)
✔ a stale upload SELECT after account cannot write or alter current-scope status (1.977895ms)
✔ a stale upload SELECT after project cannot write or alter current-scope status (1.378226ms)
✔ a stale upload SELECT after logout-return cannot write or alter current-scope status (1.039654ms)
✔ a stale upload SELECT after local-edit cannot write or alter current-scope status (0.974075ms)
✔ a stale upload SELECT after import cannot write or alter current-scope status (1.35374ms)
✔ same-version remote content changed at the fresh read cannot authorize overwrite (5.876627ms)
✔ canonical acknowledgement treats reordered object keys as equal, but retains array order (8.003377ms)
✔ a changed remote version between SELECT and UPDATE yields zero rows and never acknowledges success (4.661066ms)
✔ an absent-row insert race preserves the winning cloud record and holds the import token (2.170847ms)
✔ empty returned write representation never acknowledges or clears import intent (1.944504ms)
✔ missing returned write representation never acknowledges or clears import intent (3.096108ms)
✔ invalid-data returned write representation never acknowledges or clears import intent (1.662627ms)
✔ invalid-version returned write representation never acknowledges or clears import intent (1.954038ms)
✔ multiple returned write representation never acknowledges or clears import intent (1.936402ms)
✔ a legacy timestamp-only acknowledgement cannot authorize an existing-row upload (1.619863ms)
✔ previewing or declining a cloud restore creates no acknowledgement and later saves remain held (2.643813ms)
✔ accepted cloud restore acknowledges the raw fetched JSON, including omitted legacy course data (6.322768ms)
✔ an explicit import facing unacknowledged existing cloud keeps bytes/token and cannot bypass review protection (1.283553ms)
✔ an explicit import into absent cloud can insert and clear only its still-current token (4.401003ms)
✔ a late write response cannot acknowledge a new account or clear a newer import token (1.653163ms)
✔ a write response cannot clear an import created while that same account upload waited (1.669999ms)
✔ acknowledgement storage failure does not report sync success or clear imported intent (5.716635ms)
✔ hash failure cannot mutate cloud or acknowledge the local record (2.887732ms)
✔ awaited remote fingerprint after account cannot authorize a stale write (3.057339ms)
✔ awaited remote fingerprint after local-edit cannot authorize a stale write (4.329605ms)
✔ awaited remote fingerprint after import cannot authorize a stale write (6.329383ms)
✔ a malformed-data SELECT pauses upload without choosing a winner (1.406569ms)
✔ a invalid-version SELECT pauses upload without choosing a winner (1.095258ms)
✔ successful upload acknowledges the actual returned server version rather than the attempted client timestamp (3.853515ms)
✔ a rejected reviewed restore cannot establish cloud acknowledgement (2.506766ms)
✔ a regressed clock advances the conditional write beyond remote microseconds 2040-01-01T00:00:00.999999Z (7.854401ms)
✔ a regressed clock advances the conditional write beyond remote microseconds 2040-01-01T00:00:00.000001+00:00 (4.327602ms)
✔ a valid returned document differing from the sent snapshot cannot establish upload permission (2.360253ms)
✔ a represented conditional write that fails to advance its version cannot be acknowledged (3.015155ms)
✔ an absent-row insert is not attempted when payload hashing is unavailable (0.93779ms)
✔ another owner recorded during hashing invalidates an earlier acknowledgement without changing device bytes (3.281328ms)
✔ another owner recorded during an upload response cannot be overwritten by its late acknowledgement (4.62976ms)
✔ an acknowledgement storage-read failure after durable restore returns false and preserves the restored record (1.554483ms)
✔ a rejected SELECT after a newer local save cannot replace that newer status (1.091242ms)
✔ a manual preview stays paused without acknowledging cloud work until an accepted commit (4.955377ms)
✔ manual review exposes unacknowledged/changed cloud at -1000ms while default startup policy remains unchanged (3.403663ms)
✔ manual review exposes unacknowledged/changed cloud at 0ms while default startup policy remains unchanged (2.343027ms)
✔ manual review exposes unacknowledged/changed cloud at 1000ms while default startup policy remains unchanged (2.951799ms)
✔ known limitation: a legacy same-version mutation after SELECT can pass timestamp-only CAS (3.763097ms)
✔ levels and monthly limits match the plan (1.339498ms)
✔ the highest active RevenueCat entitlement wins; expired ones do not count (0.276809ms)
✔ the tier cache is fresh for ten minutes (0.153743ms)
✔ requests are validated, trimmed and may be empty for a status check (0.477423ms)
✔ crisis words in English, Turkish and Spanish are caught; everyday worry is not (2.531452ms)
✔ the prompt sets the persona, safety rules and reply language; context reaches only the coach level (0.216958ms)
✔ the function keeps secrets and message text out of code and logs (0.325533ms)
✔ no AI provider secret is referenced from the app bundle code (38.549254ms)
✔ lightweight course previews and restore metadata match each real edition (3.041114ms)
✔ English editions keep every course and lesson ID of the Turkish edition (1.660554ms)
✔ every English lesson goes deeper and tells an example story (3.061734ms)
✔ every course and lesson has a real, distinct photo with alt text (0.750436ms)
✔ technique cards name their origin, give doable steps and say honestly what the evidence supports (1.434872ms)
✔ every course states its purpose, scope and outcome, with usable lesson durations (0.381107ms)
✔ the bibliography distinguishes research from guidance and includes usable HTTPS references and limitations (1.270293ms)
✔ every lesson cites existing sources and every advertised research source is used (0.703505ms)
✔ each lesson has two reading paragraphs, three distinct practice instructions and reflection support (4.509056ms)
✔ each lesson offers three distinct answers, one valid correct index and explanatory feedback (1.744911ms)
✔ every lesson has one visual; charts quote a source the lesson cites (0.885029ms)
✔ Spanish editions mirror the English structure (2.454897ms)
✔ Spanish source ids are unique (0.231861ms)
✔ stable course IDs keep their ordered lesson IDs for stored progress (4.981962ms)
✔ every course and lesson has a real, distinct photo with Turkish alt text (4.284601ms)
✔ technique cards name their origin, give doable steps and say honestly what the evidence supports (1.538619ms)
✔ every course states its purpose, scope and outcome, with usable lesson durations (0.713841ms)
✔ the bibliography distinguishes research from guidance and includes usable HTTPS references and limitations (1.675295ms)
✔ every lesson cites existing sources and every advertised research source is used (0.698547ms)
✔ each lesson has two reading paragraphs, three distinct practice instructions and reflection support (5.174683ms)
✔ each lesson offers three distinct answers, one valid correct index and explanatory feedback (1.738722ms)
✔ every lesson has one visual; charts quote a source the lesson cites (0.827342ms)
✔ every untouched course previews its real edition without creating saved learning (4.892346ms)
✔ a saved tick, answer zero, reflection or completion constitutes learning, unlike a blank record (2.004394ms)
✔ saved progress resumes each of the 103 actual lessons across all three editions and Today agrees (42.135169ms)
✔ a later draft cannot skip unfinished prerequisite lessons (0.531545ms)
✔ workbook-only plans stay available for review without inventing lesson progress (0.924459ms)
✔ ordinary saves retain an explicit view while account and same-account backup replacement invalidate it (0.206373ms)
✔ course entry instructions have matching localized keys and keep the actual lesson-number placeholder (0.913623ms)
✔ all 18 courses have distinct, actionable guides in every supported language (1.681165ms)
✔ studio is optional and initially collapsed; completed courses open their transfer practice (44.195007ms)
✔ new plans preserve optionality and keep an independent copy of private fields (0.834724ms)
✔ untrusted backup data cannot introduce unknown courses, malformed dates, duplicate entries, or oversized notes (1.240829ms)
✔ retrying the same journal entry is idempotent; paused and adapted entries retain honest observations (0.663274ms)
✔ journal keeps the most recent bounded entries and does not mutate input during normalization (0.652467ms)
✔ calendar validation handles leap days, impossible dates, and week/month/year transitions (0.266454ms)
✔ due review needs a usable plan; completing review sets a fresh revisit without losing reflection (0.472856ms)
✔ course progress saves and completed lessons keep the plan, journal, and review after an interrupted round trip (1.166746ms)
✔ a practice plan cannot unlock lessons or manufacture completion (0.286284ms)
✔ a localized portable artifact retains ordinary private text without embedding executable HTML (0.278431ms)
✔ rapid edits remain visible and are replayed in order under serialized persistence (7.050001ms)
✔ failed drafts survive later edits and a retry rebases them over unrelated saved work (0.523001ms)
✔ same-tab save notifications retain newer input while an earlier batch is committing (0.76003ms)
✔ unexpected persistence exceptions preserve private work and allow a later successful save (0.247445ms)
✔ retry clicked while a failed write is settling starts a fresh persistence attempt (0.284581ms)
✔ malformed and unsupported records recover to separate empty states (1.560202ms)
✔ unknown IDs and properties are discarded; checklists are resized with strict booleans (0.463511ms)
✔ negative, fractional, nonnumeric and out-of-range answers do not satisfy a lesson (0.56139ms)
✔ notes are bounded while their newlines and ordinary content survive (0.154043ms)
✔ tampered completion cannot bypass the exercise, answer or preceding lessons (0.235967ms)
✔ valid completed prefixes survive independently for different courses (0.211219ms)
✔ draft updates are immutable and cannot mark a lesson complete (0.230168ms)
✔ completion follows the real course in order and is idempotent (1.048317ms)
✔ editing a completed prerequisite revalidates later lessons without losing drafts (0.377061ms)
✔ caller-supplied lesson and course objects cannot change the answer or bypass a course (0.296249ms)
✔ saving and reloading preserve a completed lesson and an unfinished draft (1.416504ms)
✔ blocked storage and quota failures are reported without throwing (0.618537ms)
✔ a decision kept today takes priority over array order and an older active carry-over (1.847958ms)
✔ a newly chosen decision after a kept one remains actionable today (0.306834ms)
✔ yesterday’s completion, archived decisions, invalid timestamps and future plans never masquerade as today (0.238982ms)
✔ daily decisions use the local calendar around UTC midnight in both timezone directions (0.590884ms)
✔ a missed weekly review remains available on Wednesday and follows local Sunday boundaries (0.268026ms)
✔ weekly evidence counts actual distinct days and bounds entries to the reviewed calendar week (10.544411ms)
✔ an unfinished decision can be reviewed without inventing completed progress (0.359505ms)
✔ saving and editing a daily reflection preserves other pages, rewards once, and survives JSON backup replacement (1.309913ms)
✔ course continuation resumes selected work before the suggested course and advances to the actual incomplete lesson (0.600799ms)
✔ course continuation recognizes an interrupted first answer of zero and never offers an already completed course (0.443481ms)
✔ daily loop copy has explicit matching nonempty English, Turkish and Spanish strings (0.348968ms)
✔ concurrent retries of a kept daily decision record evidence and reward exactly once (23.581435ms)
✔ deep backup safety: reject unparseable notebook day before replacing any storage (5.665916ms)
✔ deep backup safety: reject impossible calendar day before replacing any storage (1.336403ms)
✔ deep backup safety: reject object mood rendered in journal before replacing any storage (1.00421ms)
✔ deep backup safety: reject object prompt assigned to editor before replacing any storage (1.062348ms)
✔ deep backup safety: reject unknown kind hidden by every writing surface before replacing any storage (1.247228ms)
✔ deep backup safety: reject unparseable gratitude day before replacing any storage (1.112344ms)
✔ deep backup safety: reject invalid writing activity day before replacing any storage (1.542314ms)
✔ deep backup safety: reject invalid ledger day before replacing any storage (0.996378ms)
✔ deep backup safety: reject object activity transaction reference before replacing any storage (1.000545ms)
✔ deep backup safety: reject invalid 369 start day before replacing any storage (1.220167ms)
✔ deep backup safety: reject invalid 369 history day before replacing any storage (0.989148ms)
✔ deep backup safety: reject object archive marker hiding a practice before replacing any storage (0.942327ms)
✔ deep backup safety: reject object 369 day timestamp before replacing any storage (0.929337ms)
✔ deep backup safety: reject dream instant producing an invalid display day before replacing any storage (0.826401ms)
✔ deep backup safety: reject invalid course attempt day silently dropping a note before replacing any storage (1.168158ms)
✔ deep backup safety: reject invalid course review due date before replacing any storage (0.871179ms)
✔ deep backup safety: reject invalid course review completion date before replacing any storage (0.726139ms)
✔ deep backup safety: legitimate exported writing, legacy moods, and leap days roundtrip and render (47.315301ms)
✔ deep backup safety: legacy backups without a notebook retain dream fields and local courses (0.709945ms)
✔ an earlier account sync timestamp cannot hide another account cloud record (19.932302ms)
✔ a legacy unscoped timestamp is not proof that this account is synchronized (5.237568ms)
✔ an account deletion response cannot sign out a later signed-in account (1.011421ms)
✔ an account deletion response cannot clear a new project connection (0.266694ms)
✔ a late cloud coach reply cannot be accepted in another account scope (20.397956ms)
✔ account deletion cannot start with another account after awaiting the client (0.326384ms)
✔ cloud coach context consent is isolated between accounts and projects (0.283138ms)
✔ a token refresh keeps the current account coach request valid (0.636253ms)
✔ a project change while reading a coach response also expires its content (0.374036ms)
✔ stopping the coach cancels a response body still being downloaded (0.650265ms)
✔ a queued backup cannot upload a local document rolled back while it waited (7.760817ms)
✔ the latest queued backup still uploads after a preceding slower backup (5.644635ms)
✔ returning to an earlier account cannot reuse its timestamp for another account local record (7.781349ms)
✔ a replaced dataset cannot inherit this account historical synchronization proof (4.701276ms)
✔ an owner-metadata quota failure cannot advertise a newer synchronized local record (8.083847ms)
✔ every localized course can complete and carry its notes into the other editions (25.005591ms)
✔ practice calendar keeps the local day across UTC midnight and daylight-saving weeks (0.484954ms)
✔ a transient personal-record read failure cannot replace already saved course work with an empty fallback (3.234176ms)
✔ a blocked-save session retains private edits and warning after its only view unmounts, then retries successfully (0.6738ms)
✔ explicit replacement cancels a queued old draft while allowing new edits to save after the lock releases (0.673129ms)
✔ a transient legacy-course read failure cannot overwrite the previous separate course record (0.423191ms)
✔ a different tab replacement discards old private draft before replay even when its storage event has not arrived (2.541457ms)
✔ other-tab provisional replacement notifications wait for rollback before inspecting epochs or discarding private drafts (2.114971ms)
✔ same-tab course publication runs under the lock before another tab can project a provisional replacement (0.839771ms)
✔ purchases and payments committed within one clock tick keep distinct identities (6.3882ms)
✔ habit completion dates agree with the local Today calendar on either side of UTC midnight (1.670228ms)
✔ habit yesterday and streaks count actual calendar dates through both DST changes (0.386585ms)
✔ habits roll over at local midnight and keep the previous local day history (1.7112ms)
✔ rollover fallback converts the last-opened instant to its local day (0.249227ms)
✔ date-only values display their saved day while timestamps retain instant conversion (14.84482ms)
✔ calendar formatting rejects normalized impossible days and keeps invalid values readable (0.346534ms)
✔ habit reward identity survives undo, reload and UTC midnight without paying the same local day twice (0.389169ms)
✔ local midnight cannot earn the same habit twice in the UTC reward day (0.141664ms)
✔ habit and check-in rewards share the notebook UTC ceiling, including partial and exhausted budgets (0.333425ms)
✔ a profile save captured before a decision completion retains the kept decision and its evidence (17.861526ms)
✔ concurrent purchases retain both dreams and both payments (2.197486ms)
✔ concurrent purchase checks reject a second claim for the same dream (1.798933ms)
✔ concurrent purchases check affordability against the payment that committed first (2.211317ms)
✔ concurrent savings additions retain both amounts and log entries (1.976292ms)
✔ disjoint profile changes from the same baseline both survive (1.295961ms)
✔ conflicting edits to the same profile field reject before any write and notify the UI (1.454501ms)
✔ an intentional mission deletion and reorder survive a disjoint newer settings save (0.889366ms)
✔ concurrent edits to the mission array reject rather than inventing a merged list (0.793001ms)
✔ even an identical explicit restore invalidates snapshots that were captured before it (1.800786ms)
✔ a profile write queued behind a restore cannot resurrect pre-restore writing (2.104886ms)
✔ legacy records missing transactions can merge a settings edit after a course-only write (0.71351ms)
✔ clearing and recreating the personal record invalidates earlier editable snapshots (0.628151ms)
✔ deleting imported own magic keys while another nested field changes never revives them (1.010089ms)
✔ mission evidence, generated bridges and savings logs keep unique IDs in a single clock tick (3.665999ms)
✔ all 160 shipped English cue identities/text hashes match the 11 runtime sessions (1.720314ms)
✔ every public MP3 byte count/checksum matches delivered metadata and no model/runtime is shipped (30.325728ms)
✔ all shipped decoded/container durations fit the original cue windows with at least250ms margin (0.447417ms)
✔ service worker leaves narration to the verified on-demand cache and does not precache MP3s (0.313945ms)
✔ levels are ordered free < essentials < pro < coach (2.090324ms)
✔ coach message allowances follow the product spec (0.264ms)
✔ essential courses exist, and Turning Day is not one of them (it is free for all) (0.37614ms)
✔ nothing is locked where subscriptions cannot be bought (web), at any level (0.469721ms)
✔ free level: Turning Day in full, first lessons of the rest, first sounds of each category (0.209056ms)
✔ essentials opens the six core courses and the whole Sound Room, not the rest (0.328477ms)
✔ pro and coach open every lesson and sound (0.256999ms)
✔ six products: two per paid level, ids match the App Store spec (0.27094ms)
✔ RevenueCat entitlements resolve to the highest active level (0.238611ms)
✔ annual saving is computed from real prices only (0.246704ms)
✔ Stop cancels a cue still waiting for synthesis without starting audio (2.128542ms)
✔ deferred synthesis starts at the latest requested volume 0 (0.486576ms)
✔ deferred audio resume starts at the latest requested volume 0 (0.390621ms)
✔ deferred Settings preview preserves requested volume 0 (0.352273ms)
✔ deferred synthesis starts at the latest requested volume 0.35 (0.294656ms)
✔ deferred audio resume starts at the latest requested volume 0.35 (0.43006ms)
✔ deferred Settings preview preserves requested volume 0.35 (0.380136ms)
✔ a volume change during loading preserves stop protection (0.369549ms)
✔ a volume change during loading preserves pause-resume protection (0.286714ms)
✔ a volume change during loading preserves new-session protection (0.459315ms)
✔ a newer cue owns playback when an older synthesis resolves later (0.272693ms)
✔ Pause then Resume cannot resurrect a cue waiting for synthesis (0.23763ms)
✔ Stop also cancels a cue waiting for the audio context to resume (0.238441ms)
✔ a new cue supersedes one waiting for the audio context to resume (0.342559ms)
✔ Pause and Resume invalidate pending context-resume playback (0.291902ms)
✔ replacement immediately stops active audio while the new clip is pending (0.36342ms)
✔ stale source completion cannot clear or end the new cue (0.413796ms)
✔ Pause and Resume preserve an already-started cue without starting it twice (0.278171ms)
✔ unavailable synthesis reports failure without creating an audio source (0.182196ms)
✔ a failed audio context resume reports failure without starting playback (0.261436ms)
✔ a failed source start reports failure and never announces playback (0.342649ms)
✔ English narration cache stays the same when UI locale changes (34.539011ms)
✔ a Settings preview resolving after Stop cannot start playback (0.269227ms)
✔ a Settings preview resolving after a newer cue cannot interrupt it (0.360886ms)
✔ every approved PNG and both approval manifests remain unchanged (19.97068ms)
✔ served responsive variants match actual lossless bitstream dimensions, hashes, and complete-frame geometry (47.890141ms)
✔ all real course covers and tree stages have deployment-scoped responsive sources and retain PNG fallbacks (33.041134ms)
✔ modern-image failures retry the original; PNG and malformed failures reach the existing final fallback (0.336379ms)
✔ 3D decorative growth preserves 60 kept decisions and 30 extra blossoms (3.207235ms)
✔ 3D display normalizes invalid counts without changing the evidence source (0.22443ms)
✔ static legal pages match src/data/legal.ts (run npx tsx scripts/build-legal.ts) (1.996972ms)
✔ every language has the same sections and names the company (0.285632ms)
✔ privacy policy covers what App Review checks (0.286734ms)
✔ local day keys and day gaps follow the calendar, not UTC (1.26819ms)
✔ evidence lists kept decisions newest first and counts the last seven days (7.66331ms)
✔ comeback is kind after a lapse and silent otherwise (0.247715ms)
✔ fresh starts land on the first of the month and on Mondays (0.101193ms)
✔ simple mode lasts a week or until three kept decisions, and can be switched off (0.246293ms)
✔ the day-14 question appears once, only for people who used decisions (0.362969ms)
✔ the weekly look-back is offered on Sunday and Monday, once per week, and its change lasts a week (0.634631ms)
✔ the chain forgives one missed day a week, but not two in a row or two in a week (2.581448ms)
✔ smart reminders aim 30 minutes before the usual kept time, once there is enough history (0.405855ms)
✔ every sign-up intent points at a real course and offers three easy decisions (108.046048ms)
✔ the reminder voice keeps one line per day and never threatens a streak (1.736649ms)
✔ every iOS project and application build configuration enforces the Safari 16.4 baseline (1.203041ms)
✔ Capacitor sync keeps a compatible generated Swift package floor without lowering the app minimum (135.832809ms)
✔ installed native dependency library floors are compatible with the Swift wrapper and app (0.400006ms)
✔ native metadata cannot override the application minimum with an older target (0.684016ms)
✔ native Settings and Account use the shared code flow with device copy in en (17.283242ms)
✔ native Settings and Account use the shared code flow with device copy in tr (27.082504ms)
✔ native Settings and Account use the shared code flow with device copy in es (16.863887ms)
✔ web backup keeps its inline magic-link form and Account keeps link copy (3.613099ms)
✔ native configured signed-in backup retains sync and sign-out actions (2.464771ms)
✔ unconfigured native cloud does not offer a sign-in request (1.926887ms)
✔ actual cloud request and verification use one injected auth adapter and trim input (1.326728ms)
✔ interrupted setup restores fields without allowing a nameless final step (1.247939ms)
✔ a fresh preview seeds only an empty decision and never overwrites restored or typed text (0.119191ms)
✔ unknown, malformed and oversized setup drafts are safely bounded (0.183899ms)
✔ trial length comes only from a free intro offer (1.082809ms)
✔ native reminders: a week ahead, past times skipped, stable ids (1.079574ms)
✔ native planner rejects malformed times and keeps a bounded week inside its namespace (1.004501ms)
✔ interrupted native scheduling leaves the newest state and preserves other notifications (8.084687ms)
✔ a native plugin error does not prevent the next reminder replacement (0.594179ms)
✔ startup waits for restored account rather than temporarily identifying anonymous (1.731031ms)
✔ known sign-out and rapid identity changes are announced immediately, same-ID retry events remain usable (0.194374ms)
✔ failed authentication hydration stays unbound and never identifies anonymous or reads SDK entitlement (0.204119ms)
✔ dispose during initial hydration prevents any late entitlement initialization (0.127813ms)
✔ retry hydrates a currently unknown account before requesting identity or offerings (0.19179ms)
✔ retry with failed hydration cannot bind anonymous or make a subscription request (0.153903ms)
✔ cloud initialization callers share the real restoration promise and never finish early (52.034524ms)
✔ actual failed cloud restoration remains unknown and a later retry can establish the same account (0.954184ms)
✔ a resolved auth error is unknown identity rather than a verified anonymous account (0.447857ms)
✔ unbound init leaves cached native A untouched and exposes prices without personal claims (2.717373ms)
✔ explicitly binding cached A confirms it without login or logout (0.875455ms)
✔ desired B is recorded during native setup before any cached A customer read (7.905346ms)
✔ failed logout clears A claims synchronously and leaves purchase and restore denied (2.455216ms)
✔ staged A, B, A login requests serialize native identity mutation (5.811312ms)
✔ an A purchase settling after desired B success cannot grant B (1.733344ms)
✔ an A purchase settling after desired B cancellation cannot grant B (1.016929ms)
✔ a failed same-ID login can retry without treating desired ID as confirmed ID (0.653519ms)
✔ an offline refresh for confirmed same A preserves its verified entitlement (1.198595ms)
✔ listener payload is only invalidation and canonical aliases do not impersonate another account (1.512309ms)
✔ late A offerings cannot install A packages or personal claims into desired B (1.926756ms)
✔ late A trial eligibility cannot restore a free-trial claim during a B transition (1.429914ms)
✔ a held A customer load from initialization cannot overwrite a later desired B (5.914462ms)
✔ an A restore settling after desired B fails without applying A customer info (1.085654ms)
✔ defer during a held purchase drops trust without native calls and explicit cached-A rebind refreshes it (1.2615ms)
✔ defer during first native setup cancels the old A load and leaves cached A for an explicit rebind (0.517754ms)
✔ defer and immediate same-A rebind cannot accept the older held A customer snapshot (0.805198ms)
✔ canonical A listener refresh rejects its held snapshot if native identity externally drifts to B (0.53515ms)
✔ initial getAppUserID failure at verification read 1 leaves A unconfirmed/free and retryable (0.374467ms)
✔ initial getAppUserID failure at verification read 2 leaves A unconfirmed/free and retryable (0.238912ms)
✔ initial getAppUserID failure at verification read 3 leaves A unconfirmed/free and retryable (0.24433ms)
✔ initial getAppUserID failure at verification read 4 leaves A unconfirmed/free and retryable (0.199992ms)
✔ initial isAnonymous failure at verification read 1 leaves A unconfirmed/free and retryable (0.203949ms)
✔ initial isAnonymous failure at verification read 2 leaves A unconfirmed/free and retryable (0.207714ms)
✔ initial isAnonymous failure at verification read 3 leaves A unconfirmed/free and retryable (0.206342ms)
✔ initial isAnonymous failure at verification read 4 leaves A unconfirmed/free and retryable (0.263689ms)
✔ native paid gates apply before SDK init and after defer while the free samples stay open (0.210288ms)
✔ web and keyless native gates stay open before init and after defer without loading an SDK (0.208846ms)
✔ purchase cannot commit A after desired B arrives in nested verification microtask depth 2 (2.435777ms)
✔ purchase cannot commit A after desired B arrives in nested verification microtask depth 3 (1.659472ms)
✔ restore cannot commit A after desired B arrives in nested verification microtask depth 2 (1.018292ms)
✔ restore cannot commit A after desired B arrives in nested verification microtask depth 3 (0.637765ms)
✔ init cannot commit A after desired B arrives in nested verification microtask depth 2 (0.607489ms)
✔ init cannot commit A after desired B arrives in nested verification microtask depth 3 (1.204283ms)
✔ offerings failure is retryable without configuring or listening twice (3.405324ms)
✔ concurrent initialization shares one pending configure and plan load (4.80976ms)
✔ failed configuration can retry, while a completed setup remains single (0.509441ms)
✔ listener setup failure retries the listener without configuring again (0.464262ms)
✔ a successful empty offering may retry when plans become available (0.3765ms)
✔ free intro pricing is advertised only for confirmed eligible customers (0.652237ms)
✔ missing or failed eligibility checks keep regular prices and unknown trial status (0.511565ms)
✔ an interrupted eligibility refresh after identity change clears the earlier free-trial claim (0.349269ms)
✔ cancelled, pending and failed purchase errors remain distinct and never grant access (0.798268ms)
✔ a successful store response without the requested entitlement remains unconfirmed (0.322448ms)
✔ confirmed entitlement grants access and later SDK updates retain the real highest level (2.216305ms)
✔ restore distinguishes store failure, successful no-plan check, and active entitlement (0.666109ms)
✔ web and unconfigured native flows never load a purchase SDK or create a purchase (0.179031ms)
✔ free duration uses valid store units and cycles, without inventing 30-day months (0.108975ms)
✔ scoped EN/TR/ES uncertain purchase feedback makes no charge or reminder guarantee (0.335457ms)
✔ preserves the first 300 passages and appends exactly 100 each from faith, science and philosophy in order (1.667944ms)
✔ all 600 sourced passages have unique IDs and bilingual text without recycling legacy lines (45.360772ms)
✔ six notifications stay distinct for 100 full days, then repeat, and match the server snapshot across a year boundary (7.176748ms)
✔ local day remains stable from morning to evening; six-time migration preserves existing preferences (1.156691ms)
✔ legacy three-reminder profiles keep their evening time and gain six distinct reminders (0.417041ms)
✔ migration resolves default collisions only in missing slots and reserves later saved slots first (0.388448ms)
✔ every thinker passage links to a Gutenberg book whose text is kept in docs/quote-sources (16.854913ms)
✔ construction does no fetch/decode; current/upcoming preload reuses the current request (30.27068ms)
✔ Stop aborts loading and no late response starts a source (1.795858ms)
✔ Pause cancels original load; Resume retries current cue with a frozen slot and latest volume (1.721927ms)
✔ Pause→Stop discards current loading retry and Resume does not resurrect it (1.288461ms)
✔ new session cancels old load and only the new session owns audio (1.171163ms)
✔ active pause/resume continues the same cue offset without repeating its start or accepting stale end (2.886159ms)
✔ Replay replaces current source at offset zero and reuses decoded audio (0.524574ms)
✔ latest volume 0 wins after delayed clip loading and changes active gain (0.492726ms)
✔ latest volume 0.35 wins after delayed clip loading and changes active gain (0.708548ms)
✔ latest volume after deferred context resume and Stop/new cue protects pending resume (4.290024ms)
✔ expired loading budget and decoder duration mismatch never start audio (0.857308ms)
✔ missing bytes, bad checksum/source text and nonrunning device fail without invoking a provider (1.331175ms)
✔ verified persisted bytes permit offline replay in a new player; corrupt cached bytes are rejected (5.255265ms)
✔ a definitive recording failure cannot retry on Pause→Resume over a device fallback (0.366675ms)
✔ resumed load failure retains only bounded fallback metadata, never a resumable recording (0.766961ms)
✔ root hosting retains history paths, including direct reloads (1.173146ms)
✔ project hosting keeps every navigation on the same static document (0.306754ms)
✔ landing URLs and non-route fragments do not become unknown routes (0.543132ms)
✔ back/forward hash entries resolve to canonical route IDs (0.162186ms)
✔ icons and service worker URLs stay under their deployment base (0.189717ms)
✔ each person reads and writes only their own backup; anonymous visitors get nothing (2107.400816ms)
✔ an oversized backup is refused (1398.608614ms)
✔ cloud coach counters: people read only their own rows and cannot write or call the increment (1148.876685ms)
✔ the monthly increment stops exactly at the limit and a refund gives one back (1192.087452ms)
✔ a strict Content Security Policy ships with the page (1.143ms)
✔ index.html has no inline scripts (the CSP forbids them) (0.240374ms)
✔ no raw HTML or eval sinks in the app code (14.726636ms)
✔ links that open a new tab cannot reach back into ODA (4.450158ms)
✔ no secret keys in the shipped code (14.913379ms)
✔ production builds carry no source maps (0.359885ms)
✔ service worker precaches only its project directory (30.105659ms)
✔ standalone support remains available offline without replacing the application shell (7.964428ms)
✔ activation preserves sibling apps and this version media cache (2.248144ms)
✔ notification defaults and legacy targets open the project hash route (3.491517ms)
✔ installed app metadata refreshes instead of retaining the cached identity (3.011309ms)
✔ installed app metadata remains available offline (1.112114ms)
✔ native free direct starts and toggles cannot start an all-paid track (2.994013ms)
✔ downgrade hard-stops owned restricted playing selection without page subscribers (46.533211ms)
✔ downgrade hard-stops owned restricted paused selection without page subscribers (36.387059ms)
✔ downgrade hard-stops owned restricted expired selection without page subscribers (17.969906ms)
✔ owned paid playing selection revokes on identityConfirmed even with a paid cached tier (0.863978ms)
✔ owned paid paused selection revokes on identityConfirmed even with a paid cached tier (0.923759ms)
✔ owned paid expired selection revokes on identityConfirmed even with a paid cached tier (1.751132ms)
✔ owned paid playing selection revokes on identityRevision even with a paid cached tier (0.40963ms)
✔ owned paid paused selection revokes on identityRevision even with a paid cached tier (1.708457ms)
✔ owned paid expired selection revokes on identityRevision even with a paid cached tier (1.489525ms)
✔ same-account confirmed paid access survives offerings loading or failed offline refresh (1.149511ms)
✔ admission reads current purchase state even if a notification has not been emitted (0.488785ms)
✔ live resume and timer change reconcile access even without a purchase notification (0.636854ms)
✔ invalid or mismatched provenance rejects {"sectionId":"relax"} without replacing audio (107.887141ms)
✔ invalid or mismatched provenance rejects {"indexInCategory":3} without replacing audio (143.654803ms)
✔ invalid or mismatched provenance rejects {"sectionId":"focus","indexInCategory":0} without replacing audio (39.533684ms)
✔ invalid or mismatched provenance rejects {"sectionId":"relax","indexInCategory":-1} without replacing audio (56.211714ms)
✔ invalid or mismatched provenance rejects {"sectionId":"relax","indexInCategory":0.5} without replacing audio (81.692752ms)
✔ invalid or mismatched provenance rejects {"sectionId":"relax","indexInCategory":99} without replacing audio (57.63573ms)
✔ essentials admits all catalog origins and preserves the timer and user volume (694.753743ms)
✔ pro admits all catalog origins and preserves the timer and user volume (398.796881ms)
✔ coach admits all catalog origins and preserves the timer and user volume (275.968639ms)
✔ each category first two entries remain free, including duplicate 432 and brown-noise origins (171.12007ms)
✔ omitted-origin admission allows any-free aliases and denies exclusively paid tracks (25.087427ms)
✔ web and unconfigured purchases keep paid sounds open through identity transitions (1.096531ms)
✔ external Focus tibetan_bowls replacement survives Sound Room downgrade (2.825918ms)
✔ external Focus waves replacement survives Sound Room downgrade (66.5002ms)
✔ purchase event during an engine start cannot publish a revoked playing selection (0.881705ms)
✔ purchase event during player publication cannot re-arm the revoked timer (1.094367ms)
✔ external waves replacement during player publication retains its untimed graph (20.287005ms)
✔ external tibetan_bowls replacement during player publication retains its untimed graph (1.533582ms)
✔ an unavailable AudioContext rejects the actual engine start without claiming playback (0.402609ms)
✔ failed buffer allocation retains entitlement ownership of the existing paid graph (21.966627ms)
✔ failed no replacement retains entitlement ownership of the existing paid graph (0.865931ms)
✔ same-track no-op cannot take revocation ownership of an external Focus graph (0.457403ms)
✔ pause publication from SoundRoom cannot fade or time the reentrant external tibetan_bowls graph (2.91247ms)
✔ pause publication from Focus cannot fade or time the reentrant external tibetan_bowls graph (2.573055ms)
✔ pause publication from SoundRoom cannot fade or time the reentrant external waves graph (30.152271ms)
✔ pause publication from Focus cannot fade or time the reentrant external waves graph (26.55241ms)
✔ setTimer publication from SoundRoom cannot fade or time the reentrant external tibetan_bowls graph (3.004629ms)
✔ setTimer publication from Focus cannot fade or time the reentrant external tibetan_bowls graph (2.038406ms)
✔ setTimer publication from SoundRoom cannot fade or time the reentrant external waves graph (24.530669ms)
✔ setTimer publication from Focus cannot fade or time the reentrant external waves graph (37.798938ms)
✔ ordinary PlayerBar timer and pause controls still act on the current external Focus graph (31.018161ms)
✔ silence or an absent audio context cannot publish a playing selection (0.37598ms)
✔ breath pacer runs at about 5.5 breaths a minute (2.053469ms)
✔ breathPhase: inhale first, then exhale, then repeats (0.853953ms)
✔ breathPhase is safe with odd input (0.126822ms)
✔ formatRemaining (0.152841ms)
✔ timer fades: a minute for sleep, short otherwise, never over half the timer (0.169026ms)
✔ arming a timer retains the independent three-second attack and actual stereo loop (165.705282ms)
✔ mute and volume respond immediately at the beginning of a timer fade (50.56133ms)
✔ mute and volume respond immediately at the middle of a timer fade (48.082597ms)
✔ mute and volume respond immediately at the end of a timer fade (25.75323ms)
✔ running fades can shorten but do not extend, and timer cancellation preserves user volume (57.526819ms)
✔ shortening a running fade with a delay cannot restore a louder envelope (73.992394ms)
✔ browsers without cancelAndHold retain the current level when shortening a fade (213.325789ms)
✔ track switches release the previous graph and repeated switches/stops bound resources (756.241599ms)
✔ stop/restart of a tone cancels its initial bowl and recurring callbacks (1.052594ms)
✔ natural bowl endings disconnect their tails while the current ambient drone continues (0.682092ms)
✔ Sound Room timer arming, pause/resume and expiry keep player state and start fade intact (44.155121ms)
✔ external restart of the same track clears the Sound Room countdown and timer selection (59.254381ms)
✔ public support is generated from the same localized help as the app (2.269176ms)
✔ each store locale links to the shipped public support artifact (0.212922ms)
✔ growth keeps an exact capped ledger through every stage boundary and beyond the canopy (18.218662ms)
✔ approved tree pixels and normalized roots match their independent asset manifest (11.807837ms)
✔ rendered paywall claims a free trial only for confirmed eligibility (47.944017ms)
✔ rendered failed offerings include an explicit retry action (6.80345ms)
✔ web paywall keeps free access and does not offer a purchase CTA (7.247613ms)
✔ unconfirmed identity shows truthful verification retry and disables buy and restore even with cached prices (5.640389ms)
✔ pending identity verification does not render a trial or an enabled restore action (3.327939ms)
✔ guided narration keeps original English text and voice with en UI (3.808726ms)
✔ guided narration keeps original English text and voice with tr UI (27.76102ms)
✔ guided narration keeps original English text and voice with es UI (17.783593ms)
✔ English inventory accepts language tags and rejects names or unrelated prefixes (0.421968ms)
✔ an explicitly selected English voice wins over a preferred device name (0.337881ms)
✔ guided speech truthfully reports unavailable with empty inventory (0.348367ms)
✔ guided speech truthfully reports unavailable with non-English inventory (0.258281ms)
✔ late English voice installation refreshes availability and unsubscribe removes listeners (0.522491ms)
✔ Notebook retains verbatim tr text, matching device voice and saved meditation preferences (0.576813ms)
✔ Notebook retains verbatim es text, matching device voice and saved meditation preferences (0.615232ms)
✔ Notebook preserves implicit device language when its voice list has not loaded (4.415255ms)
✔ unsupported device speech does not report available or queued playback (0.229988ms)
✔ empty or disabled cues leave the device queue empty (0.277911ms)
✔ nonzero device volume changes apply to the next utterance without pretending to change active speech (0.366915ms)
✔ zero device volume cancels the owned paused utterance and Resume cannot revive it (0.499326ms)
✔ Stop while device speech is paused lets a new session resume the device queue (0.291682ms)
✔ device cancel failures produce an honest false result (0.232672ms)
✔ device enqueue failures produce an honest false result (0.188144ms)
✔ new cues and Stop detach utterance handlers and ignore captured stale callbacks (1.45336ms)
✔ pause and resume keep the active browser cue, restore speaking state and reject replay while paused (0.313935ms)
✔ stop prevents a delayed provider failure from reviving an obsolete English device cue (0.676334ms)
✔ pause-resume prevents a delayed provider failure from reviving an obsolete English device cue (0.179011ms)
✔ new-cue prevents a delayed provider failure from reviving an obsolete English device cue (0.160363ms)
✔ current provider failure falls back to English device speech; a non-English inventory cannot substitute (0.301326ms)
✔ the optional recorder remains dormant until registration and receives identified current/upcoming cues (0.569002ms)
✔ registered recorder missing clip uses truthful English device fallback without a provider (0.268026ms)
✔ registered recorder overlong clip uses truthful English device fallback without a provider (0.164119ms)
✔ registered recorder wrong language uses truthful English device fallback without a provider (0.209597ms)
✔ registered recorder missing text hash uses truthful English device fallback without a provider (0.167694ms)
✔ registered recorder missing checksum uses truthful English device fallback without a provider (0.215576ms)
✔ registered recorder missing version uses truthful English device fallback without a provider (0.149567ms)
✔ registered recorder wrong cue identity uses truthful English device fallback without a provider (0.191029ms)
✔ registered recorder expired cue slot uses truthful English device fallback without a provider (0.224951ms)
✔ registered recorder unbounded cue slot uses truthful English device fallback without a provider (0.636533ms)
✔ a recorder hash/source verification failure falls back, and absent English speech reports unavailable (0.288156ms)
✔ new cues stop clips and stale recorded callbacks/failures cannot change current playback (0.525185ms)
✔ recorded pause invalidates pending start/fallback even after resume, and Stop invalidates callbacks (0.247174ms)
✔ current recorded load failure falls back to English and unregistering restores device narration (0.483282ms)
✔ synchronous recorded verification and playback errors truthfully queue English fallback (0.372273ms)
✔ a recorded request that already ended cannot later fall back and revive the cue (0.246063ms)
✔ actual playback mode stays loading until recorded start and reports English device fallback (0.357812ms)
✔ a resumed recording failure uses only installed English device speech and rejects stale resume fallback (0.323419ms)
✔ registered recorded volume receives current preference and live zero/nonzero changes (0.441318ms)
ℹ tests 597
ℹ suites 0
ℹ pass 597
ℹ fail 0
ℹ cancelled 0
ℹ skipped 0
ℹ todo 0
ℹ duration_ms 12819.818197
npm notice
npm notice New major version of npm available! 11.9.0 -> 12.2.0
npm notice Changelog: https://github.com/npm/cli/releases/tag/v12.2.0
npm notice To update run: npm install -g npm@12.2.0
npm notice

> oda-one-decision-away@1.0.0 build
> vite build

vite v6.4.3 building for production...
<script src="/one-decision-away/theme-init.js"> in "/index.html" can't be bundled without type="module" attribute
transforming...
✓ 3384 modules transformed.
rendering chunks...
[plugin vite:reporter] 
(!) /workspace/oda-mobile-core-quality/src/services/cloudSync.ts is dynamically imported by /workspace/oda-mobile-core-quality/src/main.tsx but also statically imported by /workspace/oda-mobile-core-quality/src/components/BackupAndCloudSettings.tsx, /workspace/oda-mobile-core-quality/src/components/BackupReminder.tsx, /workspace/oda-mobile-core-quality/src/components/DailyNudgesSettings.tsx, /workspace/oda-mobile-core-quality/src/pages/Account.tsx, /workspace/oda-mobile-core-quality/src/pages/Coach.tsx, /workspace/oda-mobile-core-quality/src/pages/Upgrade.tsx, /workspace/oda-mobile-core-quality/src/services/cloudCoach.ts, /workspace/oda-mobile-core-quality/src/services/courseProgress.ts, /workspace/oda-mobile-core-quality/src/services/pushNotifications.ts, /workspace/oda-mobile-core-quality/src/services/repository.ts, /workspace/oda-mobile-core-quality/src/services/useCloudState.ts, /workspace/oda-mobile-core-quality/src/store/useApp.tsx, dynamic import will not move module into another chunk.

computing gzip size...
dist/index.html                                                       3.43 kB │ gzip:     1.13 kB
dist/assets/hanken-grotesk-vietnamese-wght-normal-CHiFlh_0.woff2      9.32 kB
dist/assets/hanken-grotesk-latin-ext-wght-normal-Dg-wlmqe.woff2      19.59 kB
dist/assets/newsreader-vietnamese-opsz-normal-BjhtXyW2.woff2         27.25 kB
dist/assets/newsreader-vietnamese-opsz-italic-DTr-ymY4.woff2         27.90 kB
dist/assets/hanken-grotesk-latin-wght-normal-CaVRRdDk.woff2          34.70 kB
dist/assets/newsreader-latin-ext-opsz-normal-BQn1nviT.woff2          86.61 kB
dist/assets/newsreader-latin-ext-opsz-italic-CSPGnFdO.woff2          95.54 kB
dist/assets/newsreader-latin-opsz-normal-s-izfB6B.woff2             132.00 kB
dist/assets/newsreader-latin-opsz-italic-kJKFiXvB.woff2             146.87 kB
dist/assets/aiCoach.worker-C60CQ1Xm.js                            6,039.34 kB
dist/assets/Today-D76Bu5Fr.css                                        4.80 kB │ gzip:     1.29 kB
dist/assets/SoundRoom-CqaeVc25.css                                   10.94 kB │ gzip:     2.71 kB
dist/assets/Courses-dAxxx90S.css                                     26.09 kB │ gzip:     4.85 kB
dist/assets/index-D6Ptr9gO.css                                      108.09 kB │ gzip:    22.67 kB
dist/assets/de-FmFgRqLi.js                                            0.03 kB │ gzip:     0.05 kB
dist/assets/fr-FmFgRqLi.js                                            0.03 kB │ gzip:     0.05 kB
dist/assets/it-FmFgRqLi.js                                            0.03 kB │ gzip:     0.05 kB
dist/assets/ru-FmFgRqLi.js                                            0.03 kB │ gzip:     0.05 kB
dist/assets/web-Bb5PnSZm.js                                           0.18 kB │ gzip:     0.16 kB
dist/assets/useCloudState-BZ-Vfxzr.js                                 0.20 kB │ gzip:     0.18 kB
dist/assets/chevron-right-L419cfE5.js                                 0.30 kB │ gzip:     0.25 kB
dist/assets/square-DTKLnwnq.js                                        0.32 kB │ gzip:     0.26 kB
dist/assets/arrow-up-right-CogUSDHg.js                                0.34 kB │ gzip:     0.27 kB
dist/assets/search-CGrEtlc0.js                                        0.35 kB │ gzip:     0.28 kB
dist/assets/circle-check-C4y64iqD.js                                  0.35 kB │ gzip:     0.28 kB
dist/assets/user-round-DWAhX0_W.js                                    0.36 kB │ gzip:     0.28 kB
dist/assets/rotate-ccw-DYi7taXp.js                                    0.37 kB │ gzip:     0.29 kB
dist/assets/index-B0DLlssZ.js                                         0.38 kB │ gzip:     0.27 kB
dist/assets/mail-BUURFNCq.js                                          0.39 kB │ gzip:     0.31 kB
dist/assets/moon-B8RewYVp.js                                          0.39 kB │ gzip:     0.31 kB
dist/assets/headphones-C_S11X3-.js                                    0.41 kB │ gzip:     0.29 kB
dist/assets/timer-ZFG3x1n6.js                                         0.41 kB │ gzip:     0.29 kB
dist/assets/wind-DLOKaJEG.js                                          0.42 kB │ gzip:     0.30 kB
dist/assets/archive-CfOVfMZU.js                                       0.43 kB │ gzip:     0.31 kB
dist/assets/route-BSXu5UvT.js                                         0.43 kB │ gzip:     0.31 kB
dist/assets/lock-keyhole-DOalIDXV.js                                  0.43 kB │ gzip:     0.33 kB
dist/assets/index-FR12ypau.js                                         0.45 kB │ gzip:     0.28 kB
dist/assets/pencil-Bw1wqzdY.js                                        0.45 kB │ gzip:     0.33 kB
dist/assets/pen-line-BzLAdnw5.js                                      0.45 kB │ gzip:     0.33 kB
dist/assets/index-CIPtpDJy.js                                         0.48 kB │ gzip:     0.29 kB
dist/assets/refresh-cw-DPTaImZi.js                                    0.50 kB │ gzip:     0.33 kB
dist/assets/trash-2-kGzGZh8m.js                                       0.50 kB │ gzip:     0.32 kB
dist/assets/Focus-DuWhWGss.js                                         0.53 kB │ gzip:     0.33 kB
dist/assets/share-2-q0ZAmnxr.js                                       0.53 kB │ gzip:     0.34 kB
dist/assets/shuffle-D_PilrKf.js                                       0.56 kB │ gzip:     0.35 kB
dist/assets/sun-moon-CiH6Xxbl.js                                      0.57 kB │ gzip:     0.38 kB
dist/assets/waves-CsPRzkOM.js                                         0.60 kB │ gzip:     0.32 kB
dist/assets/sparkles-BIxX_zXr.js                                      0.67 kB │ gzip:     0.39 kB
dist/assets/calendar-days-Duj1V7s0.js                                 0.67 kB │ gzip:     0.37 kB
dist/assets/index-Bpv5qIJp.js                                         0.67 kB │ gzip:     0.42 kB
dist/assets/trending-up-BF78eyIM.js                                   0.69 kB │ gzip:     0.34 kB
dist/assets/index-DwZDrcRo.js                                         0.72 kB │ gzip:     0.41 kB
dist/assets/music-DPqRK9Qv.js                                         0.75 kB │ gzip:     0.39 kB
dist/assets/purchaseIdentityBinding-tFcjnp2u.js                       0.78 kB │ gzip:     0.34 kB
dist/assets/web-BY6ZfZlR.js                                           0.90 kB │ gzip:     0.43 kB
dist/assets/web-Bi-ni2Sr.js                                           1.06 kB │ gzip:     0.52 kB
dist/assets/courseEntryCopy-ClIZWujk.js                               1.35 kB │ gzip:     0.72 kB
dist/assets/Legal-DuYQl-z6.js                                         2.00 kB │ gzip:     0.91 kB
dist/assets/growth-CtfcX3mW.js                                        2.07 kB │ gzip:     0.92 kB
dist/assets/account-C2xHxVWw.js                                       2.95 kB │ gzip:     1.37 kB
dist/assets/Support-Bd1NJK_v.js                                       3.54 kB │ gzip:     1.26 kB
dist/assets/Seasons-Cx5q-O-S.js                                       3.65 kB │ gzip:     1.29 kB
dist/assets/rewards-qp_nowTD.js                                       4.17 kB │ gzip:     1.81 kB
dist/assets/Budget-CrLMpXXz.js                                        4.45 kB │ gzip:     1.70 kB
dist/assets/web-B07dQ1oM.js                                           4.65 kB │ gzip:     1.40 kB
dist/assets/Evidence-mjsPR1D0.js                                      5.45 kB │ gzip:     2.00 kB
dist/assets/Tools-B9-6hf_R.js                                         5.60 kB │ gzip:     2.18 kB
dist/assets/Missions-CpBKpgl4.js                                      5.65 kB │ gzip:     2.05 kB
dist/assets/LifeScore-DIjissD-.js                                     5.72 kB │ gzip:     1.92 kB
dist/assets/Bridge-BFEPYSej.js                                        6.53 kB │ gzip:     1.96 kB
dist/assets/FutureSelf-BbO-v5y0.js                                    6.86 kB │ gzip:     1.94 kB
dist/assets/MissionFlows-BVLV8WNI.js                                  8.10 kB │ gzip:     2.50 kB
dist/assets/index-Ci4F8FHs.js                                         8.72 kB │ gzip:     3.31 kB
dist/assets/web-B6fcvkfk.js                                          10.19 kB │ gzip:     2.10 kB
dist/assets/purchases-D_E9nsBh.js                                    10.51 kB │ gzip:     3.49 kB
dist/assets/PublicTwoFutures-hx9bgbMX.js                             11.24 kB │ gzip:     3.71 kB
dist/assets/Account-YtdFCeIS.js                                      11.76 kB │ gzip:     3.62 kB
dist/assets/support-BsLFr1ar.js                                      11.79 kB │ gzip:     4.95 kB
dist/assets/DreamArt-QOM1MpIS.js                                     12.84 kB │ gzip:     2.50 kB
dist/assets/FocusTimerHub-C1LEDwYT.js                                14.88 kB │ gzip:     4.25 kB
dist/assets/Me-CIPY_DGj.js                                           16.31 kB │ gzip:     5.70 kB
dist/assets/Upgrade-DqMf3rwz.js                                      19.68 kB │ gzip:     6.40 kB
dist/assets/TwoFutures-M7wxfEQ-.js                                   19.69 kB │ gzip:     5.43 kB
dist/assets/SoundRoom-COdjV4DD.js                                    22.10 kB │ gzip:     8.39 kB
dist/assets/media-2mgEiOLR.js                                        23.75 kB │ gzip:     9.29 kB
dist/assets/Bank-Xecf0Ed9.js                                         29.78 kB │ gzip:     8.21 kB
dist/assets/Settings-C6mLbzHb.js                                     41.22 kB │ gzip:    12.89 kB
dist/assets/Coach-CL71N973.js                                        48.50 kB │ gzip:    15.86 kB
dist/assets/Notebook-CgtZHVDa.js                                     49.24 kB │ gzip:    14.33 kB
dist/assets/Dreams-7cI2IaVx.js                                       53.11 kB │ gzip:    14.99 kB
dist/assets/DailyMicroHabits-QHqsPxtg.js                             56.82 kB │ gzip:    14.79 kB
dist/assets/Progress-ByZt_5M5.js                                     75.84 kB │ gzip:    18.19 kB
dist/assets/Courses-BolwnlVd.js                                     118.04 kB │ gzip:    37.99 kB
dist/assets/motion-HNvQpnN_.js                                      128.88 kB │ gzip:    42.38 kB
dist/assets/Today-D0LkpLfM.js                                       140.16 kB │ gzip:    43.47 kB
dist/assets/supabase--wUpN4Ei.js                                    228.14 kB │ gzip:    59.28 kB
dist/assets/react-5GCfeWye.js                                       229.42 kB │ gzip:    71.53 kB
dist/assets/genai-DNIGCYRr.js                                       409.93 kB │ gzip:    72.77 kB
dist/assets/charts-Bzd-XkHo.js                                      431.58 kB │ gzip:   124.87 kB
dist/assets/tr-Bxmf0hre.js                                          561.31 kB │ gzip:   219.30 kB
dist/assets/es-D_dh5elY.js                                          573.76 kB │ gzip:   217.65 kB
dist/assets/index-BHJu62wr.js                                       950.99 kB │ gzip:   308.55 kB
dist/assets/courses-CKtnra3s.js                                   2,510.75 kB │ gzip:   813.28 kB
dist/assets/index-BMm9S-UO.js                                     5,959.05 kB │ gzip: 2,123.39 kB

(!) Some chunks are larger than 700 kB after minification. Consider:
- Using dynamic import() to code-split the application
- Use build.rollupOptions.output.manualChunks to improve chunking: https://rollupjs.org/configuration-options/#output-manualchunks
- Adjust chunk size limit for this warning via build.chunkSizeWarningLimit.
✓ built in 10.09s
npm notice
npm notice New major version of npm available! 11.9.0 -> 12.2.0
npm notice Changelog: https://github.com/npm/cli/releases/tag/v12.2.0
npm notice To update run: npm install -g npm@12.2.0
npm notice
npm notice
npm notice New major version of npm available! 11.9.0 -> 12.2.0
npm notice Changelog: https://github.com/npm/cli/releases/tag/v12.2.0
npm notice To update run: npm install -g npm@12.2.0
npm notice
