PASS en-1440: only interface plan prefix is sentence-case; raw lowercase title, NASA/iPhone and plan unchanged
PASS en-1440: Today controls fit
PASS en-1440: localized singular counts, original journal text and selected/today date visible
PASS en-1440: Notebook controls fit
PASS en-1440: nearby no-match/reset, search/date/week/calendar preserve original unsaved editor
PASS en-390: only interface plan prefix is sentence-case; raw lowercase title, NASA/iPhone and plan unchanged
PASS en-390: Today controls fit
PASS en-390: localized singular counts, original journal text and selected/today date visible
PASS en-390: Notebook controls fit
PASS en-390: nearby no-match/reset, search/date/week/calendar preserve original unsaved editor
PASS en-320: only interface plan prefix is sentence-case; raw lowercase title, NASA/iPhone and plan unchanged
PASS en-320: Today controls fit
PASS en-320: localized singular counts, original journal text and selected/today date visible
PASS en-320: Notebook controls fit
PASS en-320: nearby no-match/reset, search/date/week/calendar preserve original unsaved editor
PASS en-320: week reveal scrolls horizontal region without page-Y jump
PASS tr-1440: only interface plan prefix is sentence-case; raw lowercase title, NASA/iPhone and plan unchanged
PASS tr-1440: Today controls fit
PASS tr-1440: localized singular counts, original journal text and selected/today date visible
PASS tr-1440: Notebook controls fit
PASS tr-1440: nearby no-match/reset, search/date/week/calendar preserve original unsaved editor
PASS tr-390: only interface plan prefix is sentence-case; raw lowercase title, NASA/iPhone and plan unchanged
PASS tr-390: Today controls fit
PASS tr-390: localized singular counts, original journal text and selected/today date visible
PASS tr-390: Notebook controls fit
PASS tr-390: nearby no-match/reset, search/date/week/calendar preserve original unsaved editor
PASS tr-320: only interface plan prefix is sentence-case; raw lowercase title, NASA/iPhone and plan unchanged
PASS tr-320: Today controls fit
PASS tr-320: localized singular counts, original journal text and selected/today date visible
PASS tr-320: Notebook controls fit
PASS tr-320: nearby no-match/reset, search/date/week/calendar preserve original unsaved editor
PASS tr-320: week reveal scrolls horizontal region without page-Y jump
PASS es-1440: only interface plan prefix is sentence-case; raw lowercase title, NASA/iPhone and plan unchanged
PASS es-1440: Today controls fit
PASS es-1440: localized singular counts, original journal text and selected/today date visible
PASS es-1440: Notebook controls fit
PASS es-1440: nearby no-match/reset, search/date/week/calendar preserve original unsaved editor
PASS es-390: only interface plan prefix is sentence-case; raw lowercase title, NASA/iPhone and plan unchanged
PASS es-390: Today controls fit
PASS es-390: localized singular counts, original journal text and selected/today date visible
PASS es-390: Notebook controls fit
PASS es-390: nearby no-match/reset, search/date/week/calendar preserve original unsaved editor
PASS es-320: only interface plan prefix is sentence-case; raw lowercase title, NASA/iPhone and plan unchanged
PASS es-320: Today controls fit
PASS es-320: localized singular counts, original journal text and selected/today date visible
PASS es-320: Notebook controls fit
PASS es-320: nearby no-match/reset, search/date/week/calendar preserve original unsaved editor
PASS es-320: week reveal scrolls horizontal region without page-Y jump
PASS en: 0 writing-day count and empty/reset
PASS en: 2 writing-day count
PASS tr: 0 writing-day count and empty/reset
PASS tr: 2 writing-day count
PASS es: 0 writing-day count and empty/reset
PASS es: 2 writing-day count
PASS en-1440: plan native failure visible, original record/draft retained, duplicate click guarded
PASS en-1440: plan retry commits once without duplicate mission/reward
PASS en-1440: tomorrow native failure visible, original record/draft retained, duplicate click guarded
PASS en-1440: tomorrow retry commits once without duplicate mission/reward and replaces failure toast with confirmed success
PASS tr-390: plan native failure visible, original record/draft retained, duplicate click guarded
PASS tr-390: plan retry commits once without duplicate mission/reward
PASS tr-390: tomorrow native failure visible, original record/draft retained, duplicate click guarded
PASS tr-390: tomorrow retry commits once without duplicate mission/reward and replaces failure toast with confirmed success
PASS es-320: plan native failure visible, original record/draft retained, duplicate click guarded
PASS es-320: plan retry commits once without duplicate mission/reward
PASS es-320: tomorrow native failure visible, original record/draft retained, duplicate click guarded
PASS es-320: tomorrow retry commits once without duplicate mission/reward and replaces failure toast with confirmed success
PASS TR search on English-browser locale matches dotted İ and dotless I without rewriting saved title
PASS 390: held native plan save blocks Cancel/Escape/backdrop and retains sheet draft
PASS 390: genuine held transaction abort retains draft, shows failure and enables retry
PASS 390: retry after held genuine abort commits through native queue
PASS dark-320: no-match action fits
