
> oda-one-decision-away@1.0.0 check
> npm run lint && node scripts/validate-i18n.mjs && node --import tsx scripts/test-i18n.ts && node --import tsx scripts/test-notebook.ts && node --import tsx scripts/test-notebook-voice.ts && node --import tsx scripts/test-routing.ts && npm test && npm run build


> oda-one-decision-away@1.0.0 lint
> tsc --noEmit

npm notice
npm notice New major version of npm available! 11.9.0 -> 12.2.0
npm notice Changelog: https://github.com/npm/cli/releases/tag/v12.2.0
npm notice To update run: npm install -g npm@12.2.0
npm notice
tr: 6824 entries; missing keys 0; placeholder differences 0
es: 6824 entries; missing keys 0; placeholder differences 0
English-first startup, saved choices, EN/TR/ES switching, fallback and repeated placeholders passed.
✔ old backups normalize without copying or losing any legacy Dream Journal field (2.311911ms)
✔ new writing of every kind including affirmation earns 25 once; intention alone does not (1.914449ms)
✔ edit, no-op, delete and recreate preserve immutable once-per-day reward claims (0.46896ms)
✔ local writing day and existing UTC reward ceiling are separate and cap-safe (0.395609ms)
✔ 369 only counts matching written intentions, allows partial saves and retains archived histories (2.165259ms)
✔ 369 derives a real 33-day streak and preserves the achieved target after a gap (1.496295ms)
✔ 369 matches Turkish dotted/dotless uppercase pairs without stripping meaningful accents (0.422449ms)
✔ calendar streaks use local days across DST, not elapsed 24-hour periods (0.559718ms)
✔ validation rejects blank entries, future dates, past creation and excess slots without altering input (0.442661ms)
✔ legacy edits preserve photos, links and original date; unified JSON roundtrip is lossless (6.619683ms)
✔ real repository serializes concurrent writes, protects from stale saves, and honors explicit restore (10.211601ms)
✔ stale whole-document saves do not resurrect deleted legacy entries or lose new ones (1.475824ms)
✔ Notebook rebases after a delayed load against a concurrent profile and ledger save (1.046754ms)
✔ concurrent mission and Notebook reward evaluation share the same 2500 ceiling (7.277829ms)
✔ failed storage saves reject, do not push cloud or claim rewards, and queue recovers (1.246307ms)
✔ unreadable saved JSON is preserved, never silently replaced with seed data (0.22484ms)
✔ explicit local restore blocks older cloud data across failed uploads and is account/project scoped (15.465906ms)
✔ an old in-flight cloud upload cannot overwrite a newer restored snapshot or clear its marker (4.143293ms)
✔ a signed-out import binds to the first later connection and stays isolated from other accounts (4.472491ms)
ℹ tests 19
ℹ suites 0
ℹ pass 19
ℹ fail 0
ℹ cancelled 0
ℹ skipped 0
ℹ todo 0
ℹ duration_ms 66.974743
Notebook voice uses device speech only, preserves preferences and handles unavailable speech.
✔ root hosting retains history paths, including direct reloads (0.932091ms)
✔ project hosting keeps every navigation on the same static document (0.950229ms)
✔ landing URLs and non-route fragments do not become unknown routes (0.128435ms)
✔ back/forward hash entries resolve to canonical route IDs (0.124829ms)
✔ icons and service worker URLs stay under their deployment base (0.217539ms)
✔ service worker precaches only its project directory (14.210516ms)
✔ standalone support remains available offline without replacing the application shell (5.380857ms)
✔ activation preserves sibling apps and this version media cache (1.425358ms)
✔ notification defaults and legacy targets open the project hash route (1.052213ms)
✔ installed app metadata refreshes instead of retaining the cached identity (1.860166ms)
✔ installed app metadata remains available offline (0.943929ms)
ℹ tests 11
ℹ suites 0
ℹ pass 11
ℹ fail 0
ℹ cancelled 0
ℹ skipped 0
ℹ todo 0
ℹ duration_ms 33.798232

> oda-one-decision-away@1.0.0 test
> node --import tsx --test tests/*.test.ts supabase/functions/send-nudges/core.test.ts supabase/functions/send-nudges/push-worker.test.ts

✔ 600 scheduled selections are unique across 100 local calendar days and repeat only in the next cycle (3.267097ms)
✔ calendar-day index is independent of server timezone, DST boundaries and midnight UTC (0.323199ms)
✔ sender blocks private-network endpoints, embedded credentials, lookalike hosts and unexpected ports (0.272693ms)
✔ payload identifies adaptation/translation and routes stay valid for root and project hosting (1.212917ms)
✔ cron authenticator requires a substantial matching secret (11.361412ms)
✔ push event displays the real server payload without an open client (3.017679ms)
✔ unexpected push fields cannot become arbitrary notification options (0.705628ms)
✔ does not load a runtime before explicit initialization and blocks unsupported devices (1.676929ms)
✔ context retains the latest user turn, merges interrupted turns, and ignores injected roles (0.493767ms)
✔ streams accumulated visible content and disables reasoning output (1.520362ms)
✔ aborting initialization disposes the downloading runtime and allows retry (3.801416ms)
[ODA Coach] Generation failed: Error: GPU device lost: out of memory
    at Object.generate (/workspace/oda-reference-redesign/tests/ai-coach.test.ts:117:35)
    at <anonymous> (/workspace/oda-reference-redesign/src/services/aiCoach.ts:256:68)
    at Object.stream (/workspace/oda-reference-redesign/src/services/aiCoach.ts:300:5)
    at TestContext.<anonymous> (/workspace/oda-reference-redesign/tests/ai-coach.test.ts:122:30)
    at async Test.run (node:internal/test_runner/test:1389:7)
    at async Test.processPendingSubtests (node:internal/test_runner/test:960:7)
✔ cancellation drains generation, suppresses late text, and releases the next request (2.095894ms)
✔ generation failures are actionable, never become a canned coach reply, and require restart (3.858823ms)
✔ unload cancels an active operation, releases memory and supports a fresh initialization (0.573759ms)
✔ ambient renders are long independent stereo textures with finite bounded levels (153.68769ms)
✔ scene identities differ in spectrum and amplitude dynamics (31.467282ms)
✔ loop overlaps join continuous adjacent noise without a boundary spike (46.948732ms)
✔ seeds reproduce review samples and produce a new texture when changed (127.402514ms)
✔ one Sound Room track keeps one title across categories, including intentional noise reuse (0.292462ms)
✔ fresh startup seeds and absent records do not prompt for a backup (1.778323ms)
✔ empty notebook, lesson, experiment and weekly-review shells are not saved personal work (0.722954ms)
✔ the first saved journal, scripting or future letter qualifies without three older records (1.316974ms)
✔ a saved intention, gratitude note or affirmation qualifies before any decision completion (0.615141ms)
✔ an interrupted first lesson answer of zero, practice checkbox or reflection qualifies (0.627189ms)
✔ the first course plan, paused attempt or saved review qualifies independently of lesson completion (0.555551ms)
✔ one saved weekly review with no kept decisions qualifies (0.244481ms)
✔ one completion, kept decision, vision choice or dream-journal entry preserves existing eligibility (1.044431ms)
✔ a valid downloaded backup suppresses until the exact fourteen-day boundary (0.463962ms)
✔ invalid, absent and future export or cloud timestamps never suppress protection (0.537443ms)
✔ freshness compares actual ISO instants and accepts leap days without calendar normalization (0.349289ms)
✔ only configured, signed-in, recent scoped cloud success with no error suppresses the reminder (0.437913ms)
✔ a recent export still protects work when cloud sync fails, and session dismissal remains respected (0.259072ms)
✔ eligibility does not alter saved work or cloud status, and all three locales explain protection without promising sync (0.664165ms)
✔ restore safety: weekly review text cannot be an object (3.875668ms)
✔ restore safety: life score records need sortable timestamps (1.042618ms)
✔ restore safety: bridge records need their rendered amounts (1.292327ms)
✔ restore safety: a pinned dream name cannot be a React object child (0.802916ms)
✔ legacy course storage migrates into the personal record without changing other data (5.043727ms)
✔ course edits, completion, experiment plans and logs roundtrip through JSON backup (3.410113ms)
✔ a stale save from another feature retains newer lesson notes and practice logs (2.201143ms)
✔ a legacy backup keeps local courses; an explicit empty course backup clears them (1.830021ms)
✔ validation rejects malformed personal, notebook and course data before any storage write (3.957963ms)
✔ quota failures keep the entire previous record and legacy key intact, and a retry succeeds (1.26831ms)
✔ unreadable main data is never replaced by a course-only save (0.384462ms)
✔ lesson edits and re-completion retain the real-world experiment history (0.281656ms)
✔ course mutations wait for the shared write lock and rebase onto a concurrent notebook commit (0.79913ms)
✔ ledger and notebook rewards retain one UTC ceiling when the local decision day differs (14.023172ms)
✔ cloud upload captures current courses and invalid cloud backups leave local storage untouched (11.560903ms)
✔ cloud previews do not change last-sync or local data until the reviewed record is committed (3.439598ms)
✔ Bank chart keeps UTC ledger Today and date labels aligned at New York evening (24.562519ms)
✔ Bank seven-day earnings window is Sep 25 through Oct 1 for the UTC ledger day (4.268733ms)
✔ Savings includes the first displayed UTC day in net and pace, excluding opening history (6.735198ms)
✔ Savings net includes mixed first-day credits, spending and the current UTC day (3.232585ms)
✔ Bank chart formats ledger dates in selected tr UI locale (20.349079ms)
✔ Bank chart formats ledger dates in selected es UI locale (19.238598ms)
✔ a welcome grant preserves the balance and supplies zero practice evidence (1.858414ms)
✔ mixed financial deposits cannot inflate distinct kept days or completed decisions (12.557152ms)
✔ practice week follows local calendar boundaries and repeated days count once (0.230449ms)
✔ reward labels distinguish symbolic unlocking from actual D$ pace estimates in every locale (0.400386ms)
✔ client and server agree on the message limits (0.667981ms)
✔ the request keeps the last 12 messages, trims each to 1500 characters and drops empty ones (0.250199ms)
✔ context is sent only when there is something to send, and is trimmed (0.283429ms)
✔ responses map to a result or a typed error (0.860093ms)
✔ the shared context holds only today, the last kept decisions and short journal lines (6.42016ms)
✔ a matching current durable document uploads and records current plus historical confirmation (20.582198ms)
✔ a stale rendered profile payload cannot roll acknowledged cloud work backward (11.797001ms)
✔ a stale rendered notebook payload cannot roll acknowledged cloud work backward (10.542492ms)
✔ a stale rendered futureSelf payload cannot roll acknowledged cloud work backward (2.883355ms)
✔ missing authoritative local record rejects a push before any cloud query (2.860721ms)
✔ invalid-json authoritative local record rejects a push before any cloud query (3.318504ms)
✔ invalid-document authoritative local record rejects a push before any cloud query (2.628539ms)
✔ a course-only stale caller uses the existing latest-course normalization and can upload (7.346213ms)
✔ an ordinary repository save invalidates current confirmation immediately and retains history (7.558429ms)
✔ a durable Notebook action invalidates confirmation without waiting for its debounce (6.303433ms)
✔ a durable course save invalidates confirmation without requiring the AppProvider event listener (3.199324ms)
✔ a save suppressed by its account guard still makes the current durable document dirty (4.058305ms)
✔ a failed durable repository write preserves previous current confirmation (3.949349ms)
✔ a failed durable notebook write preserves previous current confirmation (4.986329ms)
✔ a failed durable course write preserves previous current confirmation (6.101658ms)
✔ dirty startup does not automatically restore the same acknowledged cloud baseline over newer device work (5.642222ms)
✔ an old in-flight upload retains its remote baseline while the latest durable document remains dirty (6.774167ms)
✔ the latest queued durable payload updates after an older in-flight upload without reverting cloud or device (14.628828ms)
✔ a cloud-restore fingerprint resolve after account drift returns false without publishing obsolete status (5.513808ms)
✔ a cloud-restore fingerprint reject after account drift returns false without publishing obsolete status (5.6868ms)
✔ a cloud-restore fingerprint resolve after project drift returns false without publishing obsolete status (5.803207ms)
✔ a cloud-restore fingerprint reject after project drift returns false without publishing obsolete status (3.195098ms)
✔ a cloud-restore fingerprint resolve after local-record drift returns false without publishing obsolete status (3.82433ms)
✔ a cloud-restore fingerprint reject after local-record drift returns false without publishing obsolete status (6.731812ms)
✔ a rejected current cloud-restore fingerprint returns false, preserves durable data and reports unconfirmed backup (3.981327ms)
✔ cloud-restore acknowledgement owner-quota failure returns a boolean and keeps the durable restored record (4.238658ms)
✔ cloud-restore acknowledgement document-read failure returns a boolean and keeps the durable restored record (3.235859ms)
✔ a clean-reload confirmation fingerprint resolve after account B cannot publish account A status (4.417589ms)
✔ a clean-reload confirmation fingerprint reject after account B cannot publish account A status (2.297809ms)
✔ confirmation bootstrap after a clean reload is tied to the actual persisted document (3.265364ms)
✔ confirmation bootstrap after a dirty reload preserves device work and historical cloud time (6.421452ms)
✔ a coherently hydrated external-tab edit cannot inherit another tab’s current-document confirmation (5.544424ms)
✔ a pending cloud SELECT cannot replace data after account switch (3.616215ms)
✔ a pending cloud SELECT cannot replace data after project switch (0.763797ms)
✔ a pending cloud SELECT cannot replace data after logout and reauthentication as the same account (1.128929ms)
✔ a pending cloud SELECT cannot replace data after an explicit local import barrier (0.747441ms)
✔ a pending cloud SELECT cannot replace data after newer saved personal writing (1.310044ms)
✔ a reviewed cloud restore is checked inside the write lock after account switch (10.55455ms)
✔ a reviewed cloud restore is checked inside the write lock after project switch (1.88225ms)
✔ a reviewed cloud restore is checked inside the write lock after logout and reauthentication as the same account (1.46624ms)
✔ a reviewed cloud restore is checked inside the write lock after an explicit local import barrier (3.184521ms)
✔ a reviewed cloud restore is checked inside the write lock after newer saved personal writing (1.337895ms)
✔ an unchanged reviewed cloud record commits once and records its scoped sync (3.067004ms)
✔ manual sync cannot fall back to uploading a captured previous-account snapshot (0.446947ms)
✔ a delayed automatic backup remains bound to its original account (0.331802ms)
✔ an old upload success cannot mark or emit the new cloud scope (3.934737ms)
✔ an old upload failure cannot mark or emit the new cloud scope (5.703025ms)
✔ fresh OTP sign-in cannot overwrite existing cloud work on the first ordinary save (7.001261ms)
✔ an absent cloud row is inserted once and acknowledges the returned server version and exact data (8.699702ms)
✔ offline SELECT throws and reconnect retain both records (4.321242ms)
✔ offline SELECT resolved and reconnect retain both records (1.635567ms)
✔ shared device A→B→A cannot reuse the historical acknowledgement of A after B owns the record (11.812254ms)
✔ a stale upload SELECT after account cannot write or alter current-scope status (1.361421ms)
✔ a stale upload SELECT after project cannot write or alter current-scope status (0.89816ms)
✔ a stale upload SELECT after logout-return cannot write or alter current-scope status (0.999703ms)
✔ a stale upload SELECT after local-edit cannot write or alter current-scope status (1.075208ms)
✔ a stale upload SELECT after import cannot write or alter current-scope status (1.017811ms)
✔ same-version remote content changed at the fresh read cannot authorize overwrite (3.396092ms)
✔ canonical acknowledgement treats reordered object keys as equal, but retains array order (5.392394ms)
✔ a changed remote version between SELECT and UPDATE yields zero rows and never acknowledges success (2.924518ms)
✔ an absent-row insert race preserves the winning cloud record and holds the import token (1.484808ms)
✔ empty returned write representation never acknowledges or clears import intent (1.18875ms)
✔ missing returned write representation never acknowledges or clears import intent (1.108238ms)
✔ invalid-data returned write representation never acknowledges or clears import intent (1.457046ms)
✔ invalid-version returned write representation never acknowledges or clears import intent (3.786412ms)
✔ multiple returned write representation never acknowledges or clears import intent (1.711761ms)
✔ a legacy timestamp-only acknowledgement cannot authorize an existing-row upload (1.252536ms)
✔ previewing or declining a cloud restore creates no acknowledgement and later saves remain held (2.010784ms)
✔ accepted cloud restore acknowledges the raw fetched JSON, including omitted legacy course data (5.319193ms)
✔ an explicit import facing unacknowledged existing cloud keeps bytes/token and cannot bypass review protection (1.163582ms)
✔ an explicit import into absent cloud can insert and clear only its still-current token (2.653177ms)
✔ a late write response cannot acknowledge a new account or clear a newer import token (1.621015ms)
✔ a write response cannot clear an import created while that same account upload waited (1.846015ms)
✔ acknowledgement storage failure does not report sync success or clear imported intent (2.939891ms)
✔ hash failure cannot mutate cloud or acknowledge the local record (3.301349ms)
✔ awaited remote fingerprint after account cannot authorize a stale write (4.415204ms)
✔ awaited remote fingerprint after local-edit cannot authorize a stale write (2.219721ms)
✔ awaited remote fingerprint after import cannot authorize a stale write (3.061635ms)
✔ a malformed-data SELECT pauses upload without choosing a winner (0.949037ms)
✔ a invalid-version SELECT pauses upload without choosing a winner (0.70054ms)
✔ successful upload acknowledges the actual returned server version rather than the attempted client timestamp (2.056904ms)
✔ a rejected reviewed restore cannot establish cloud acknowledgement (2.099639ms)
✔ a regressed clock advances the conditional write beyond remote microseconds 2040-01-01T00:00:00.999999Z (7.596492ms)
✔ a regressed clock advances the conditional write beyond remote microseconds 2040-01-01T00:00:00.000001+00:00 (3.476083ms)
✔ a valid returned document differing from the sent snapshot cannot establish upload permission (5.753241ms)
✔ a represented conditional write that fails to advance its version cannot be acknowledged (2.634259ms)
✔ an absent-row insert is not attempted when payload hashing is unavailable (0.993684ms)
✔ another owner recorded during hashing invalidates an earlier acknowledgement without changing device bytes (2.889034ms)
✔ another owner recorded during an upload response cannot be overwritten by its late acknowledgement (2.091928ms)
✔ an acknowledgement storage-read failure after durable restore returns false and preserves the restored record (1.34764ms)
✔ a rejected SELECT after a newer local save cannot replace that newer status (1.094167ms)
✔ a manual preview stays paused without acknowledging cloud work until an accepted commit (2.922936ms)
✔ manual review exposes unacknowledged/changed cloud at -1000ms while default startup policy remains unchanged (2.321906ms)
✔ manual review exposes unacknowledged/changed cloud at 0ms while default startup policy remains unchanged (2.334425ms)
✔ manual review exposes unacknowledged/changed cloud at 1000ms while default startup policy remains unchanged (2.062923ms)
✔ known limitation: a legacy same-version mutation after SELECT can pass timestamp-only CAS (3.843429ms)
✔ levels and monthly limits match the plan (1.354661ms)
✔ the highest active RevenueCat entitlement wins; expired ones do not count (0.316009ms)
✔ the tier cache is fresh for ten minutes (0.183007ms)
✔ requests are validated, trimmed and may be empty for a status check (0.511294ms)
✔ crisis words in English, Turkish and Spanish are caught; everyday worry is not (2.339202ms)
✔ the prompt sets the persona, safety rules and reply language; context reaches only the coach level (0.262337ms)
✔ the function keeps secrets and message text out of code and logs (0.325483ms)
✔ no AI provider secret is referenced from the app bundle code (27.442389ms)
✔ lightweight course previews and restore metadata match each real edition (5.549993ms)
✔ English editions keep every course and lesson ID of the Turkish edition (6.678171ms)
✔ every English lesson goes deeper and tells an example story (6.153236ms)
✔ every course and lesson has a real, distinct photo with alt text (0.346003ms)
✔ technique cards name their origin, give doable steps and say honestly what the evidence supports (0.710145ms)
✔ every course states its purpose, scope and outcome, with usable lesson durations (0.358012ms)
✔ the bibliography distinguishes research from guidance and includes usable HTTPS references and limitations (0.840773ms)
✔ every lesson cites existing sources and every advertised research source is used (0.380246ms)
✔ each lesson has two reading paragraphs, three distinct practice instructions and reflection support (3.551407ms)
✔ each lesson offers three distinct answers, one valid correct index and explanatory feedback (0.985703ms)
✔ every lesson has one visual; charts quote a source the lesson cites (0.537724ms)
✔ Spanish editions mirror the English structure (2.144207ms)
✔ Spanish source ids are unique (0.253824ms)
✔ stable course IDs keep their ordered lesson IDs for stored progress (4.41241ms)
✔ every course and lesson has a real, distinct photo with Turkish alt text (1.359649ms)
✔ technique cards name their origin, give doable steps and say honestly what the evidence supports (1.364266ms)
✔ every course states its purpose, scope and outcome, with usable lesson durations (0.454098ms)
✔ the bibliography distinguishes research from guidance and includes usable HTTPS references and limitations (1.287249ms)
✔ every lesson cites existing sources and every advertised research source is used (0.628973ms)
✔ each lesson has two reading paragraphs, three distinct practice instructions and reflection support (3.525258ms)
✔ each lesson offers three distinct answers, one valid correct index and explanatory feedback (1.475624ms)
✔ every lesson has one visual; charts quote a source the lesson cites (0.876206ms)
✔ every untouched course previews its real edition without creating saved learning (3.323612ms)
✔ a saved tick, answer zero, reflection or completion constitutes learning, unlike a blank record (1.714245ms)
✔ saved progress resumes each of the 103 actual lessons across all three editions and Today agrees (31.231566ms)
✔ a later draft cannot skip unfinished prerequisite lessons (0.359354ms)
✔ workbook-only plans stay available for review without inventing lesson progress (0.754973ms)
✔ ordinary saves retain an explicit view while account and same-account backup replacement invalidate it (0.14503ms)
✔ course entry instructions have matching localized keys and keep the actual lesson-number placeholder (0.439836ms)
✔ all 18 courses have distinct, actionable guides in every supported language (1.782079ms)
✔ studio is optional and initially collapsed; completed courses open their transfer practice (32.572997ms)
✔ new plans preserve optionality and keep an independent copy of private fields (0.649723ms)
✔ untrusted backup data cannot introduce unknown courses, malformed dates, duplicate entries, or oversized notes (0.855425ms)
✔ retrying the same journal entry is idempotent; paused and adapted entries retain honest observations (0.450012ms)
✔ journal keeps the most recent bounded entries and does not mutate input during normalization (0.501539ms)
✔ calendar validation handles leap days, impossible dates, and week/month/year transitions (0.174084ms)
✔ due review needs a usable plan; completing review sets a fresh revisit without losing reflection (0.196428ms)
✔ course progress saves and completed lessons keep the plan, journal, and review after an interrupted round trip (0.969077ms)
✔ a practice plan cannot unlock lessons or manufacture completion (0.316279ms)
✔ a localized portable artifact retains ordinary private text without embedding executable HTML (0.262237ms)
✔ rapid edits remain visible and are replayed in order under serialized persistence (5.739931ms)
✔ failed drafts survive later edits and a retry rebases them over unrelated saved work (0.431523ms)
✔ same-tab save notifications retain newer input while an earlier batch is committing (0.308387ms)
✔ unexpected persistence exceptions preserve private work and allow a later successful save (0.272963ms)
✔ retry clicked while a failed write is settling starts a fresh persistence attempt (0.404162ms)
✔ malformed and unsupported records recover to separate empty states (1.45311ms)
✔ unknown IDs and properties are discarded; checklists are resized with strict booleans (0.468769ms)
✔ negative, fractional, nonnumeric and out-of-range answers do not satisfy a lesson (0.544294ms)
✔ notes are bounded while their newlines and ordinary content survive (0.153362ms)
✔ tampered completion cannot bypass the exercise, answer or preceding lessons (0.266894ms)
✔ valid completed prefixes survive independently for different courses (0.21078ms)
✔ draft updates are immutable and cannot mark a lesson complete (0.220153ms)
✔ completion follows the real course in order and is idempotent (1.117301ms)
✔ editing a completed prerequisite revalidates later lessons without losing drafts (0.258782ms)
✔ caller-supplied lesson and course objects cannot change the answer or bypass a course (0.308907ms)
✔ saving and reloading preserve a completed lesson and an unfinished draft (1.350334ms)
✔ blocked storage and quota failures are reported without throwing (0.592888ms)
✔ a decision kept today takes priority over array order and an older active carry-over (1.405658ms)
✔ a newly chosen decision after a kept one remains actionable today (0.155976ms)
✔ yesterday’s completion, archived decisions, invalid timestamps and future plans never masquerade as today (0.256668ms)
✔ daily decisions use the local calendar around UTC midnight in both timezone directions (0.430091ms)
✔ a missed weekly review remains available on Wednesday and follows local Sunday boundaries (0.147413ms)
✔ weekly evidence counts actual distinct days and bounds entries to the reviewed calendar week (6.733034ms)
✔ an unfinished decision can be reviewed without inventing completed progress (0.173783ms)
✔ saving and editing a daily reflection preserves other pages, rewards once, and survives JSON backup replacement (1.085413ms)
✔ course continuation resumes selected work before the suggested course and advances to the actual incomplete lesson (0.355989ms)
✔ course continuation recognizes an interrupted first answer of zero and never offers an already completed course (0.243068ms)
✔ daily loop copy has explicit matching nonempty English, Turkish and Spanish strings (0.219743ms)
✔ concurrent retries of a kept daily decision record evidence and reward exactly once (18.332987ms)
✔ deep backup safety: reject unparseable notebook day before replacing any storage (4.709ms)
✔ deep backup safety: reject impossible calendar day before replacing any storage (1.134217ms)
✔ deep backup safety: reject object mood rendered in journal before replacing any storage (1.337706ms)
✔ deep backup safety: reject object prompt assigned to editor before replacing any storage (1.184543ms)
✔ deep backup safety: reject unknown kind hidden by every writing surface before replacing any storage (1.125013ms)
✔ deep backup safety: reject unparseable gratitude day before replacing any storage (1.00419ms)
✔ deep backup safety: reject invalid writing activity day before replacing any storage (1.004301ms)
✔ deep backup safety: reject invalid ledger day before replacing any storage (0.907574ms)
✔ deep backup safety: reject object activity transaction reference before replacing any storage (1.044652ms)
✔ deep backup safety: reject invalid 369 start day before replacing any storage (1.206376ms)
✔ deep backup safety: reject invalid 369 history day before replacing any storage (0.619738ms)
✔ deep backup safety: reject object archive marker hiding a practice before replacing any storage (0.588651ms)
✔ deep backup safety: reject object 369 day timestamp before replacing any storage (0.607159ms)
✔ deep backup safety: reject dream instant producing an invalid display day before replacing any storage (0.501799ms)
✔ deep backup safety: reject invalid course attempt day silently dropping a note before replacing any storage (1.065504ms)
✔ deep backup safety: reject invalid course review due date before replacing any storage (0.976729ms)
✔ deep backup safety: reject invalid course review completion date before replacing any storage (0.870649ms)
✔ deep backup safety: legitimate exported writing, legacy moods, and leap days roundtrip and render (29.063033ms)
✔ deep backup safety: legacy backups without a notebook retain dream fields and local courses (0.575802ms)
✔ an earlier account sync timestamp cannot hide another account cloud record (12.612085ms)
✔ a legacy unscoped timestamp is not proof that this account is synchronized (1.563137ms)
✔ an account deletion response cannot sign out a later signed-in account (0.824118ms)
✔ an account deletion response cannot clear a new project connection (0.306243ms)
✔ a late cloud coach reply cannot be accepted in another account scope (17.657624ms)
✔ account deletion cannot start with another account after awaiting the client (0.309559ms)
✔ cloud coach context consent is isolated between accounts and projects (0.384082ms)
✔ a token refresh keeps the current account coach request valid (0.586698ms)
✔ a project change while reading a coach response also expires its content (0.370772ms)
✔ stopping the coach cancels a response body still being downloaded (0.491714ms)
✔ a queued backup cannot upload a local document rolled back while it waited (15.980025ms)
✔ the latest queued backup still uploads after a preceding slower backup (6.847828ms)
✔ returning to an earlier account cannot reuse its timestamp for another account local record (9.576889ms)
✔ a replaced dataset cannot inherit this account historical synchronization proof (2.566116ms)
✔ an owner-metadata quota failure cannot advertise a newer synchronized local record (8.827114ms)
✔ every localized course can complete and carry its notes into the other editions (18.147737ms)
✔ practice calendar keeps the local day across UTC midnight and daylight-saving weeks (0.479767ms)
✔ a transient personal-record read failure cannot replace already saved course work with an empty fallback (1.792684ms)
✔ a blocked-save session retains private edits and warning after its only view unmounts, then retries successfully (0.524634ms)
✔ explicit replacement cancels a queued old draft while allowing new edits to save after the lock releases (0.671657ms)
✔ a transient legacy-course read failure cannot overwrite the previous separate course record (0.387667ms)
✔ a different tab replacement discards old private draft before replay even when its storage event has not arrived (1.738442ms)
✔ other-tab provisional replacement notifications wait for rollback before inspecting epochs or discarding private drafts (1.419459ms)
✔ same-tab course publication runs under the lock before another tab can project a provisional replacement (0.592587ms)
✔ purchases and payments committed within one clock tick keep distinct identities (4.456998ms)
✔ habit completion dates agree with the local Today calendar on either side of UTC midnight (1.17551ms)
✔ habit yesterday and streaks count actual calendar dates through both DST changes (0.379725ms)
✔ habits roll over at local midnight and keep the previous local day history (1.375583ms)
✔ rollover fallback converts the last-opened instant to its local day (0.288597ms)
✔ date-only values display their saved day while timestamps retain instant conversion (12.055492ms)
✔ calendar formatting rejects normalized impossible days and keeps invalid values readable (0.258852ms)
✔ habit reward identity survives undo, reload and UTC midnight without paying the same local day twice (0.340035ms)
✔ local midnight cannot earn the same habit twice in the UTC reward day (0.137749ms)
✔ habit and check-in rewards share the notebook UTC ceiling, including partial and exhausted budgets (0.341127ms)
✔ a profile save captured before a decision completion retains the kept decision and its evidence (16.139767ms)
✔ concurrent purchases retain both dreams and both payments (3.198934ms)
✔ concurrent purchase checks reject a second claim for the same dream (1.266387ms)
✔ concurrent purchases check affordability against the payment that committed first (1.376023ms)
✔ concurrent savings additions retain both amounts and log entries (1.805473ms)
✔ disjoint profile changes from the same baseline both survive (1.009498ms)
✔ conflicting edits to the same profile field reject before any write and notify the UI (1.296433ms)
✔ an intentional mission deletion and reorder survive a disjoint newer settings save (0.912642ms)
✔ concurrent edits to the mission array reject rather than inventing a merged list (0.864279ms)
✔ even an identical explicit restore invalidates snapshots that were captured before it (1.755748ms)
✔ a profile write queued behind a restore cannot resurrect pre-restore writing (6.044842ms)
✔ legacy records missing transactions can merge a settings edit after a course-only write (0.754382ms)
✔ clearing and recreating the personal record invalidates earlier editable snapshots (1.902751ms)
✔ deleting imported own magic keys while another nested field changes never revives them (0.885911ms)
✔ mission evidence, generated bridges and savings logs keep unique IDs in a single clock tick (2.211568ms)
✔ all 160 shipped English cue identities/text hashes match the 11 runtime sessions (3.761585ms)
✔ every public MP3 byte count/checksum matches delivered metadata and no model/runtime is shipped (25.802926ms)
✔ all shipped decoded/container durations fit the original cue windows with at least250ms margin (0.444713ms)
✔ service worker leaves narration to the verified on-demand cache and does not precache MP3s (0.340826ms)
✔ levels are ordered free < essentials < pro < coach (1.48612ms)
✔ coach message allowances follow the product spec (0.130367ms)
✔ essential courses exist, and Turning Day is not one of them (it is free for all) (0.30426ms)
✔ nothing is locked where subscriptions cannot be bought (web), at any level (0.324121ms)
✔ free level: Turning Day in full, first lessons of the rest, first sounds of each category (0.233644ms)
✔ essentials opens the six core courses and the whole Sound Room, not the rest (0.24456ms)
✔ pro and coach open every lesson and sound (0.374097ms)
✔ six products: two per paid level, ids match the App Store spec (0.345253ms)
✔ RevenueCat entitlements resolve to the highest active level (0.305523ms)
✔ annual saving is computed from real prices only (0.308387ms)
✔ Stop cancels a cue still waiting for synthesis without starting audio (2.076113ms)
✔ deferred synthesis starts at the latest requested volume 0 (0.59476ms)
✔ deferred audio resume starts at the latest requested volume 0 (0.382289ms)
✔ deferred Settings preview preserves requested volume 0 (0.40287ms)
✔ deferred synthesis starts at the latest requested volume 0.35 (0.333004ms)
✔ deferred audio resume starts at the latest requested volume 0.35 (0.361097ms)
✔ deferred Settings preview preserves requested volume 0.35 (0.239392ms)
✔ a volume change during loading preserves stop protection (0.331452ms)
✔ a volume change during loading preserves pause-resume protection (0.289799ms)
✔ a volume change during loading preserves new-session protection (0.39651ms)
✔ a newer cue owns playback when an older synthesis resolves later (0.288437ms)
✔ Pause then Resume cannot resurrect a cue waiting for synthesis (0.214384ms)
✔ Stop also cancels a cue waiting for the audio context to resume (0.202657ms)
✔ a new cue supersedes one waiting for the audio context to resume (0.348527ms)
✔ Pause and Resume invalidate pending context-resume playback (0.319764ms)
✔ replacement immediately stops active audio while the new clip is pending (0.281447ms)
✔ stale source completion cannot clear or end the new cue (0.385364ms)
✔ Pause and Resume preserve an already-started cue without starting it twice (1.371106ms)
✔ unavailable synthesis reports failure without creating an audio source (0.213113ms)
✔ a failed audio context resume reports failure without starting playback (0.352453ms)
✔ a failed source start reports failure and never announces playback (0.665457ms)
✔ English narration cache stays the same when UI locale changes (30.314698ms)
✔ a Settings preview resolving after Stop cannot start playback (0.26461ms)
✔ a Settings preview resolving after a newer cue cannot interrupt it (0.289909ms)
✔ every approved PNG and both approval manifests remain unchanged (20.93734ms)
✔ served responsive variants match actual lossless bitstream dimensions, hashes, and complete-frame geometry (31.612243ms)
✔ all real course covers and tree stages have deployment-scoped responsive sources and retain PNG fallbacks (20.265463ms)
✔ modern-image failures retry the original; PNG and malformed failures reach the existing final fallback (0.23745ms)
✔ 3D decorative growth preserves 60 kept decisions and 30 extra blossoms (1.165245ms)
✔ 3D display normalizes invalid counts without changing the evidence source (0.234105ms)
✔ static legal pages match src/data/legal.ts (run npx tsx scripts/build-legal.ts) (2.172449ms)
✔ every language has the same sections and names the company (0.204881ms)
✔ privacy policy covers what App Review checks (0.264871ms)
✔ local day keys and day gaps follow the calendar, not UTC (1.005643ms)
✔ evidence lists kept decisions newest first and counts the last seven days (6.950383ms)
✔ comeback is kind after a lapse and silent otherwise (0.360295ms)
✔ fresh starts land on the first of the month and on Mondays (0.15187ms)
✔ simple mode lasts a week or until three kept decisions, and can be switched off (0.218261ms)
✔ the day-14 question appears once, only for people who used decisions (0.266724ms)
✔ the weekly look-back is offered on Sunday and Monday, once per week, and its change lasts a week (0.592837ms)
✔ the chain forgives one missed day a week, but not two in a row or two in a week (0.664546ms)
✔ smart reminders aim 30 minutes before the usual kept time, once there is enough history (0.436962ms)
✔ every sign-up intent points at a real course and offers three easy decisions (100.145886ms)
✔ the reminder voice keeps one line per day and never threatens a streak (1.484598ms)
✔ every iOS project and application build configuration enforces the Safari 16.4 baseline (1.081577ms)
✔ Capacitor sync keeps a compatible generated Swift package floor without lowering the app minimum (137.362923ms)
✔ installed native dependency library floors are compatible with the Swift wrapper and app (0.353415ms)
✔ native metadata cannot override the application minimum with an older target (0.649443ms)
✔ native Settings and Account use the shared code flow with device copy in en (11.794307ms)
✔ native Settings and Account use the shared code flow with device copy in tr (17.893111ms)
✔ native Settings and Account use the shared code flow with device copy in es (15.705649ms)
✔ web backup keeps its inline magic-link form and Account keeps link copy (3.34849ms)
✔ native configured signed-in backup retains sync and sign-out actions (2.39075ms)
✔ unconfigured native cloud does not offer a sign-in request (1.632631ms)
✔ actual cloud request and verification use one injected auth adapter and trim input (1.121448ms)
✔ interrupted setup restores fields without allowing a nameless final step (1.191624ms)
✔ a fresh preview seeds only an empty decision and never overwrites restored or typed text (0.133272ms)
✔ unknown, malformed and oversized setup drafts are safely bounded (0.189417ms)
✔ trial length comes only from a free intro offer (0.750487ms)
✔ native reminders: a week ahead, past times skipped, stable ids (0.777137ms)
✔ native planner rejects malformed times and keeps a bounded week inside its namespace (0.666108ms)
✔ interrupted native scheduling leaves the newest state and preserves other notifications (4.902823ms)
✔ a native plugin error does not prevent the next reminder replacement (0.374317ms)
✔ startup waits for restored account rather than temporarily identifying anonymous (1.464758ms)
✔ known sign-out and rapid identity changes are announced immediately, same-ID retry events remain usable (0.221205ms)
✔ failed authentication hydration stays unbound and never identifies anonymous or reads SDK entitlement (0.177789ms)
✔ dispose during initial hydration prevents any late entitlement initialization (0.132771ms)
✔ retry hydrates a currently unknown account before requesting identity or offerings (0.802385ms)
✔ retry with failed hydration cannot bind anonymous or make a subscription request (0.137909ms)
✔ cloud initialization callers share the real restoration promise and never finish early (32.270178ms)
✔ actual failed cloud restoration remains unknown and a later retry can establish the same account (0.794342ms)
✔ a resolved auth error is unknown identity rather than a verified anonymous account (0.447177ms)
✔ unbound init leaves cached native A untouched and exposes prices without personal claims (2.209144ms)
✔ explicitly binding cached A confirms it without login or logout (1.50622ms)
✔ desired B is recorded during native setup before any cached A customer read (5.065259ms)
✔ failed logout clears A claims synchronously and leaves purchase and restore denied (1.228099ms)
✔ staged A, B, A login requests serialize native identity mutation (1.664009ms)
✔ an A purchase settling after desired B success cannot grant B (0.948796ms)
✔ an A purchase settling after desired B cancellation cannot grant B (0.710696ms)
✔ a failed same-ID login can retry without treating desired ID as confirmed ID (0.564625ms)
✔ an offline refresh for confirmed same A preserves its verified entitlement (0.740712ms)
✔ listener payload is only invalidation and canonical aliases do not impersonate another account (0.789876ms)
✔ late A offerings cannot install A packages or personal claims into desired B (0.789866ms)
✔ late A trial eligibility cannot restore a free-trial claim during a B transition (0.671236ms)
✔ a held A customer load from initialization cannot overwrite a later desired B (0.621091ms)
✔ an A restore settling after desired B fails without applying A customer info (1.078613ms)
✔ defer during a held purchase drops trust without native calls and explicit cached-A rebind refreshes it (1.944133ms)
✔ defer during first native setup cancels the old A load and leaves cached A for an explicit rebind (0.453827ms)
✔ defer and immediate same-A rebind cannot accept the older held A customer snapshot (0.58106ms)
✔ canonical A listener refresh rejects its held snapshot if native identity externally drifts to B (0.51499ms)
✔ initial getAppUserID failure at verification read 1 leaves A unconfirmed/free and retryable (0.33713ms)
✔ initial getAppUserID failure at verification read 2 leaves A unconfirmed/free and retryable (0.218531ms)
✔ initial getAppUserID failure at verification read 3 leaves A unconfirmed/free and retryable (0.263389ms)
✔ initial getAppUserID failure at verification read 4 leaves A unconfirmed/free and retryable (0.236869ms)
✔ initial isAnonymous failure at verification read 1 leaves A unconfirmed/free and retryable (0.159181ms)
✔ initial isAnonymous failure at verification read 2 leaves A unconfirmed/free and retryable (0.17157ms)
✔ initial isAnonymous failure at verification read 3 leaves A unconfirmed/free and retryable (0.172001ms)
✔ initial isAnonymous failure at verification read 4 leaves A unconfirmed/free and retryable (0.217659ms)
✔ native paid gates apply before SDK init and after defer while the free samples stay open (0.2313ms)
✔ web and keyless native gates stay open before init and after defer without loading an SDK (0.207434ms)
✔ purchase cannot commit A after desired B arrives in nested verification microtask depth 2 (1.846536ms)
✔ purchase cannot commit A after desired B arrives in nested verification microtask depth 3 (0.558726ms)
✔ restore cannot commit A after desired B arrives in nested verification microtask depth 2 (0.459816ms)
✔ restore cannot commit A after desired B arrives in nested verification microtask depth 3 (0.580408ms)
✔ init cannot commit A after desired B arrives in nested verification microtask depth 2 (0.571815ms)
✔ init cannot commit A after desired B arrives in nested verification microtask depth 3 (0.530173ms)
✔ offerings failure is retryable without configuring or listening twice (2.52345ms)
✔ concurrent initialization shares one pending configure and plan load (5.643665ms)
✔ failed configuration can retry, while a completed setup remains single (0.525366ms)
✔ listener setup failure retries the listener without configuring again (0.375118ms)
✔ a successful empty offering may retry when plans become available (0.446787ms)
✔ free intro pricing is advertised only for confirmed eligible customers (0.9048ms)
✔ missing or failed eligibility checks keep regular prices and unknown trial status (0.54842ms)
✔ an interrupted eligibility refresh after identity change clears the earlier free-trial claim (0.391663ms)
✔ cancelled, pending and failed purchase errors remain distinct and never grant access (0.804208ms)
✔ a successful store response without the requested entitlement remains unconfirmed (0.348017ms)
✔ confirmed entitlement grants access and later SDK updates retain the real highest level (1.561134ms)
✔ restore distinguishes store failure, successful no-plan check, and active entitlement (0.644376ms)
✔ web and unconfigured native flows never load a purchase SDK or create a purchase (0.213974ms)
✔ free duration uses valid store units and cycles, without inventing 30-day months (0.109636ms)
✔ scoped EN/TR/ES uncertain purchase feedback makes no charge or reminder guarantee (0.271652ms)
✔ preserves the first 300 passages and appends exactly 100 each from faith, science and philosophy in order (1.767145ms)
✔ all 600 sourced passages have unique IDs and bilingual text without recycling legacy lines (45.960467ms)
✔ six notifications stay distinct for 100 full days, then repeat, and match the server snapshot across a year boundary (8.132673ms)
✔ local day remains stable from morning to evening; six-time migration preserves existing preferences (1.271676ms)
✔ legacy three-reminder profiles keep their evening time and gain six distinct reminders (0.346935ms)
✔ migration resolves default collisions only in missing slots and reserves later saved slots first (0.358002ms)
✔ every thinker passage links to a Gutenberg book whose text is kept in docs/quote-sources (12.129815ms)
✔ construction does no fetch/decode; current/upcoming preload reuses the current request (22.693159ms)
✔ Stop aborts loading and no late response starts a source (0.879632ms)
✔ Pause cancels original load; Resume retries current cue with a frozen slot and latest volume (1.051382ms)
✔ Pause→Stop discards current loading retry and Resume does not resurrect it (0.484784ms)
✔ new session cancels old load and only the new session owns audio (0.887774ms)
✔ active pause/resume continues the same cue offset without repeating its start or accepting stale end (1.209762ms)
✔ Replay replaces current source at offset zero and reuses decoded audio (0.421828ms)
✔ latest volume 0 wins after delayed clip loading and changes active gain (0.405544ms)
✔ latest volume 0.35 wins after delayed clip loading and changes active gain (0.351162ms)
✔ latest volume after deferred context resume and Stop/new cue protects pending resume (2.171979ms)
✔ expired loading budget and decoder duration mismatch never start audio (0.750506ms)
✔ missing bytes, bad checksum/source text and nonrunning device fail without invoking a provider (0.799781ms)
✔ verified persisted bytes permit offline replay in a new player; corrupt cached bytes are rejected (2.242635ms)
✔ a definitive recording failure cannot retry on Pause→Resume over a device fallback (0.389439ms)
✔ resumed load failure retains only bounded fallback metadata, never a resumable recording (0.499216ms)
✔ root hosting retains history paths, including direct reloads (0.956989ms)
✔ project hosting keeps every navigation on the same static document (0.281566ms)
✔ landing URLs and non-route fragments do not become unknown routes (0.125611ms)
✔ back/forward hash entries resolve to canonical route IDs (0.169877ms)
✔ icons and service worker URLs stay under their deployment base (0.268086ms)
✔ each person reads and writes only their own backup; anonymous visitors get nothing (1874.26282ms)
✔ an oversized backup is refused (1285.963579ms)
✔ cloud coach counters: people read only their own rows and cannot write or call the increment (1172.832096ms)
✔ the monthly increment stops exactly at the limit and a refund gives one back (1156.66619ms)
✔ a strict Content Security Policy ships with the page (0.89862ms)
✔ index.html has no inline scripts (the CSP forbids them) (0.234525ms)
✔ no raw HTML or eval sinks in the app code (13.435932ms)
✔ links that open a new tab cannot reach back into ODA (4.334543ms)
✔ no secret keys in the shipped code (13.674424ms)
✔ production builds carry no source maps (0.248196ms)
✔ service worker precaches only its project directory (16.872966ms)
✔ standalone support remains available offline without replacing the application shell (5.17196ms)
✔ activation preserves sibling apps and this version media cache (1.34799ms)
✔ notification defaults and legacy targets open the project hash route (1.890883ms)
✔ installed app metadata refreshes instead of retaining the cached identity (1.833986ms)
✔ installed app metadata remains available offline (0.911269ms)
✔ native free direct starts and toggles cannot start an all-paid track (3.020513ms)
✔ downgrade hard-stops owned restricted playing selection without page subscribers (44.36453ms)
✔ downgrade hard-stops owned restricted paused selection without page subscribers (27.070336ms)
✔ downgrade hard-stops owned restricted expired selection without page subscribers (21.704462ms)
✔ owned paid playing selection revokes on identityConfirmed even with a paid cached tier (0.850288ms)
✔ owned paid paused selection revokes on identityConfirmed even with a paid cached tier (0.75956ms)
✔ owned paid expired selection revokes on identityConfirmed even with a paid cached tier (1.570497ms)
✔ owned paid playing selection revokes on identityRevision even with a paid cached tier (0.509441ms)
✔ owned paid paused selection revokes on identityRevision even with a paid cached tier (0.590204ms)
✔ owned paid expired selection revokes on identityRevision even with a paid cached tier (1.490177ms)
✔ same-account confirmed paid access survives offerings loading or failed offline refresh (1.201459ms)
✔ admission reads current purchase state even if a notification has not been emitted (0.30993ms)
✔ live resume and timer change reconcile access even without a purchase notification (0.382378ms)
✔ invalid or mismatched provenance rejects {"sectionId":"relax"} without replacing audio (73.639103ms)
✔ invalid or mismatched provenance rejects {"indexInCategory":3} without replacing audio (72.437063ms)
✔ invalid or mismatched provenance rejects {"sectionId":"focus","indexInCategory":0} without replacing audio (44.861543ms)
✔ invalid or mismatched provenance rejects {"sectionId":"relax","indexInCategory":-1} without replacing audio (48.655687ms)
✔ invalid or mismatched provenance rejects {"sectionId":"relax","indexInCategory":0.5} without replacing audio (48.72372ms)
✔ invalid or mismatched provenance rejects {"sectionId":"relax","indexInCategory":99} without replacing audio (79.188625ms)
✔ essentials admits all catalog origins and preserves the timer and user volume (577.859526ms)
✔ pro admits all catalog origins and preserves the timer and user volume (408.363692ms)
✔ coach admits all catalog origins and preserves the timer and user volume (254.360202ms)
✔ each category first two entries remain free, including duplicate 432 and brown-noise origins (137.610138ms)
✔ omitted-origin admission allows any-free aliases and denies exclusively paid tracks (36.156307ms)
✔ web and unconfigured purchases keep paid sounds open through identity transitions (0.837207ms)
✔ external Focus tibetan_bowls replacement survives Sound Room downgrade (2.31829ms)
✔ external Focus waves replacement survives Sound Room downgrade (50.339296ms)
✔ purchase event during an engine start cannot publish a revoked playing selection (0.83864ms)
✔ purchase event during player publication cannot re-arm the revoked timer (0.545306ms)
✔ external waves replacement during player publication retains its untimed graph (25.656695ms)
✔ external tibetan_bowls replacement during player publication retains its untimed graph (1.449454ms)
✔ an unavailable AudioContext rejects the actual engine start without claiming playback (0.427808ms)
✔ failed buffer allocation retains entitlement ownership of the existing paid graph (43.984925ms)
✔ failed no replacement retains entitlement ownership of the existing paid graph (0.739659ms)
✔ same-track no-op cannot take revocation ownership of an external Focus graph (0.720942ms)
✔ pause publication from SoundRoom cannot fade or time the reentrant external tibetan_bowls graph (3.94327ms)
✔ pause publication from Focus cannot fade or time the reentrant external tibetan_bowls graph (3.200125ms)
✔ pause publication from SoundRoom cannot fade or time the reentrant external waves graph (36.281572ms)
✔ pause publication from Focus cannot fade or time the reentrant external waves graph (39.377569ms)
✔ setTimer publication from SoundRoom cannot fade or time the reentrant external tibetan_bowls graph (2.281595ms)
✔ setTimer publication from Focus cannot fade or time the reentrant external tibetan_bowls graph (2.650393ms)
✔ setTimer publication from SoundRoom cannot fade or time the reentrant external waves graph (25.011969ms)
✔ setTimer publication from Focus cannot fade or time the reentrant external waves graph (20.154545ms)
✔ ordinary PlayerBar timer and pause controls still act on the current external Focus graph (38.363584ms)
✔ silence or an absent audio context cannot publish a playing selection (0.442711ms)
✔ breath pacer runs at about 5.5 breaths a minute (0.734432ms)
✔ breathPhase: inhale first, then exhale, then repeats (0.696995ms)
✔ breathPhase is safe with odd input (0.136787ms)
✔ formatRemaining (0.151439ms)
✔ timer fades: a minute for sleep, short otherwise, never over half the timer (0.141314ms)
✔ arming a timer retains the independent three-second attack and actual stereo loop (97.190886ms)
✔ mute and volume respond immediately at the beginning of a timer fade (38.830511ms)
✔ mute and volume respond immediately at the middle of a timer fade (17.598034ms)
✔ mute and volume respond immediately at the end of a timer fade (17.777877ms)
✔ running fades can shorten but do not extend, and timer cancellation preserves user volume (51.579314ms)
✔ shortening a running fade with a delay cannot restore a louder envelope (55.687373ms)
✔ browsers without cancelAndHold retain the current level when shortening a fade (53.090451ms)
✔ track switches release the previous graph and repeated switches/stops bound resources (596.981803ms)
✔ stop/restart of a tone cancels its initial bowl and recurring callbacks (1.399729ms)
✔ natural bowl endings disconnect their tails while the current ambient drone continues (25.38915ms)
✔ Sound Room timer arming, pause/resume and expiry keep player state and start fade intact (72.417909ms)
✔ external restart of the same track clears the Sound Room countdown and timer selection (77.362621ms)
✔ public support is generated from the same localized help as the app (2.676523ms)
✔ each store locale links to the shipped public support artifact (0.244059ms)
✔ growth keeps an exact capped ledger through every stage boundary and beyond the canopy (8.703674ms)
✔ approved tree pixels and normalized roots match their independent asset manifest (11.126866ms)
✔ rendered paywall claims a free trial only for confirmed eligibility (52.891355ms)
✔ rendered failed offerings include an explicit retry action (7.448717ms)
✔ web paywall keeps free access and does not offer a purchase CTA (9.92087ms)
✔ unconfirmed identity shows truthful verification retry and disables buy and restore even with cached prices (7.004265ms)
✔ pending identity verification does not render a trial or an enabled restore action (9.249003ms)
✔ guided narration keeps original English text and voice with en UI (2.699878ms)
✔ guided narration keeps original English text and voice with tr UI (18.223802ms)
✔ guided narration keeps original English text and voice with es UI (13.140445ms)
✔ English inventory accepts language tags and rejects names or unrelated prefixes (0.391132ms)
✔ an explicitly selected English voice wins over a preferred device name (0.413857ms)
✔ guided speech truthfully reports unavailable with empty inventory (0.342188ms)
✔ guided speech truthfully reports unavailable with non-English inventory (0.228035ms)
✔ late English voice installation refreshes availability and unsubscribe removes listeners (0.406406ms)
✔ Notebook retains verbatim tr text, matching device voice and saved meditation preferences (0.89198ms)
✔ Notebook retains verbatim es text, matching device voice and saved meditation preferences (0.391202ms)
✔ Notebook preserves implicit device language when its voice list has not loaded (0.26428ms)
✔ unsupported device speech does not report available or queued playback (0.236838ms)
✔ empty or disabled cues leave the device queue empty (0.302388ms)
✔ nonzero device volume changes apply to the next utterance without pretending to change active speech (0.394638ms)
✔ zero device volume cancels the owned paused utterance and Resume cannot revive it (0.472205ms)
✔ Stop while device speech is paused lets a new session resume the device queue (0.317411ms)
✔ device cancel failures produce an honest false result (0.24396ms)
✔ device enqueue failures produce an honest false result (0.215787ms)
✔ new cues and Stop detach utterance handlers and ignore captured stale callbacks (0.403391ms)
✔ pause and resume keep the active browser cue, restore speaking state and reject replay while paused (0.288006ms)
✔ stop prevents a delayed provider failure from reviving an obsolete English device cue (0.424954ms)
✔ pause-resume prevents a delayed provider failure from reviving an obsolete English device cue (0.219873ms)
✔ new-cue prevents a delayed provider failure from reviving an obsolete English device cue (0.263539ms)
✔ current provider failure falls back to English device speech; a non-English inventory cannot substitute (0.378453ms)
✔ the optional recorder remains dormant until registration and receives identified current/upcoming cues (0.759299ms)
✔ registered recorder missing clip uses truthful English device fallback without a provider (0.398113ms)
✔ registered recorder overlong clip uses truthful English device fallback without a provider (6.663919ms)
✔ registered recorder wrong language uses truthful English device fallback without a provider (0.196798ms)
✔ registered recorder missing text hash uses truthful English device fallback without a provider (0.195867ms)
✔ registered recorder missing checksum uses truthful English device fallback without a provider (0.223428ms)
✔ registered recorder missing version uses truthful English device fallback without a provider (0.160723ms)
✔ registered recorder wrong cue identity uses truthful English device fallback without a provider (0.196968ms)
✔ registered recorder expired cue slot uses truthful English device fallback without a provider (0.254024ms)
✔ registered recorder unbounded cue slot uses truthful English device fallback without a provider (0.186162ms)
✔ a recorder hash/source verification failure falls back, and absent English speech reports unavailable (0.277911ms)
✔ new cues stop clips and stale recorded callbacks/failures cannot change current playback (0.367797ms)
✔ recorded pause invalidates pending start/fallback even after resume, and Stop invalidates callbacks (0.250269ms)
✔ current recorded load failure falls back to English and unregistering restores device narration (0.225612ms)
✔ synchronous recorded verification and playback errors truthfully queue English fallback (0.298312ms)
✔ a recorded request that already ended cannot later fall back and revive the cue (0.181495ms)
✔ actual playback mode stays loading until recorded start and reports English device fallback (0.293354ms)
✔ a resumed recording failure uses only installed English device speech and rejects stale resume fallback (0.307886ms)
✔ registered recorded volume receives current preference and live zero/nonzero changes (0.258741ms)
ℹ tests 597
ℹ suites 0
ℹ pass 597
ℹ fail 0
ℹ cancelled 0
ℹ skipped 0
ℹ todo 0
ℹ duration_ms 9581.207322
npm notice
npm notice New major version of npm available! 11.9.0 -> 12.2.0
npm notice Changelog: https://github.com/npm/cli/releases/tag/v12.2.0
npm notice To update run: npm install -g npm@12.2.0
npm notice

> oda-one-decision-away@1.0.0 build
> vite build

vite v6.4.3 building for production...
<script src="/one-decision-away/theme-init.js"> in "/index.html" can't be bundled without type="module" attribute
transforming...
✓ 3390 modules transformed.
rendering chunks...
[plugin vite:reporter] 
(!) /workspace/oda-reference-redesign/src/services/cloudSync.ts is dynamically imported by /workspace/oda-reference-redesign/src/main.tsx but also statically imported by /workspace/oda-reference-redesign/src/components/BackupAndCloudSettings.tsx, /workspace/oda-reference-redesign/src/components/BackupReminder.tsx, /workspace/oda-reference-redesign/src/components/DailyNudgesSettings.tsx, /workspace/oda-reference-redesign/src/pages/Account.tsx, /workspace/oda-reference-redesign/src/pages/Coach.tsx, /workspace/oda-reference-redesign/src/pages/Upgrade.tsx, /workspace/oda-reference-redesign/src/services/cloudCoach.ts, /workspace/oda-reference-redesign/src/services/courseProgress.ts, /workspace/oda-reference-redesign/src/services/pushNotifications.ts, /workspace/oda-reference-redesign/src/services/repository.ts, /workspace/oda-reference-redesign/src/services/useCloudState.ts, /workspace/oda-reference-redesign/src/store/useApp.tsx, dynamic import will not move module into another chunk.

computing gzip size...
dist/index.html                                                       3.43 kB │ gzip:     1.14 kB
dist/assets/hanken-grotesk-vietnamese-wght-normal-CHiFlh_0.woff2      9.32 kB
dist/assets/hanken-grotesk-latin-ext-wght-normal-Dg-wlmqe.woff2      19.59 kB
dist/assets/newsreader-vietnamese-opsz-normal-BjhtXyW2.woff2         27.25 kB
dist/assets/newsreader-vietnamese-opsz-italic-DTr-ymY4.woff2         27.90 kB
dist/assets/hanken-grotesk-latin-wght-normal-CaVRRdDk.woff2          34.70 kB
dist/assets/newsreader-latin-ext-opsz-normal-BQn1nviT.woff2          86.61 kB
dist/assets/newsreader-latin-ext-opsz-italic-CSPGnFdO.woff2          95.54 kB
dist/assets/newsreader-latin-opsz-normal-s-izfB6B.woff2             132.00 kB
dist/assets/newsreader-latin-opsz-italic-kJKFiXvB.woff2             146.87 kB
dist/assets/aiCoach.worker-C60CQ1Xm.js                            6,039.34 kB
dist/assets/Today-D76Bu5Fr.css                                        4.80 kB │ gzip:     1.29 kB
dist/assets/Coach-6QKBAJWv.css                                        6.87 kB │ gzip:     2.29 kB
dist/assets/workingSurfaces-oQLpUkGf.css                             12.47 kB │ gzip:     2.87 kB
dist/assets/Notebook-BkOktFbP.css                                    14.26 kB │ gzip:     2.83 kB
dist/assets/SoundRoom-D4y6dNcT.css                                   19.31 kB │ gzip:     4.69 kB
dist/assets/Courses-BKn5AeI_.css                                     34.16 kB │ gzip:     5.96 kB
dist/assets/index-BD7SNJOJ.css                                      110.59 kB │ gzip:    23.16 kB
dist/assets/de-FmFgRqLi.js                                            0.03 kB │ gzip:     0.05 kB
dist/assets/fr-FmFgRqLi.js                                            0.03 kB │ gzip:     0.05 kB
dist/assets/it-FmFgRqLi.js                                            0.03 kB │ gzip:     0.05 kB
dist/assets/ru-FmFgRqLi.js                                            0.03 kB │ gzip:     0.05 kB
dist/assets/web-Db0MsAwp.js                                           0.18 kB │ gzip:     0.16 kB
dist/assets/useCloudState-D1cWpim-.js                                 0.20 kB │ gzip:     0.18 kB
dist/assets/chevron-right-djcbG90Q.js                                 0.30 kB │ gzip:     0.25 kB
dist/assets/square-Dbh9Ll_S.js                                        0.32 kB │ gzip:     0.26 kB
dist/assets/arrow-up-right-CxAcXDoJ.js                                0.34 kB │ gzip:     0.27 kB
dist/assets/search-BscIkmGu.js                                        0.35 kB │ gzip:     0.28 kB
dist/assets/circle-check-DrONs5fy.js                                  0.35 kB │ gzip:     0.28 kB
dist/assets/user-round-CYeQSUDv.js                                    0.36 kB │ gzip:     0.28 kB
dist/assets/rotate-ccw-DsbDr_tF.js                                    0.37 kB │ gzip:     0.29 kB
dist/assets/index-ClQI_ARb.js                                         0.38 kB │ gzip:     0.27 kB
dist/assets/mail-BoCx0s2I.js                                          0.39 kB │ gzip:     0.31 kB
dist/assets/moon-ylHRevw5.js                                          0.39 kB │ gzip:     0.31 kB
dist/assets/headphones-_zqncUQG.js                                    0.41 kB │ gzip:     0.29 kB
dist/assets/timer-DIplIJoQ.js                                         0.41 kB │ gzip:     0.29 kB
dist/assets/archive-fbKGTOcA.js                                       0.43 kB │ gzip:     0.31 kB
dist/assets/route-D3aFDIIi.js                                         0.43 kB │ gzip:     0.31 kB
dist/assets/lock-keyhole-_JUgToz-.js                                  0.43 kB │ gzip:     0.33 kB
dist/assets/index-AkbKNHJh.js                                         0.45 kB │ gzip:     0.28 kB
dist/assets/pencil-CG2q0Nth.js                                        0.45 kB │ gzip:     0.33 kB
dist/assets/pen-line-CdXvCcm-.js                                      0.45 kB │ gzip:     0.33 kB
dist/assets/index-CdaI8D8W.js                                         0.48 kB │ gzip:     0.29 kB
dist/assets/refresh-cw-BsIe8O60.js                                    0.50 kB │ gzip:     0.33 kB
dist/assets/trash-2-DeJgPG1K.js                                       0.50 kB │ gzip:     0.32 kB
dist/assets/share-2-vUQotHNL.js                                       0.53 kB │ gzip:     0.34 kB
dist/assets/shuffle-B_PNa4cb.js                                       0.56 kB │ gzip:     0.35 kB
dist/assets/sun-moon-BCftOcHZ.js                                      0.57 kB │ gzip:     0.38 kB
dist/assets/waves-Bhr62L7b.js                                         0.60 kB │ gzip:     0.32 kB
dist/assets/sparkles-1UnPpQ5X.js                                      0.67 kB │ gzip:     0.39 kB
dist/assets/calendar-days-p6afrpNr.js                                 0.67 kB │ gzip:     0.37 kB
dist/assets/index-C-6mvQW5.js                                         0.67 kB │ gzip:     0.42 kB
dist/assets/trending-up-DKc4VtjP.js                                   0.69 kB │ gzip:     0.34 kB
dist/assets/index-BCFXtCvA.js                                         0.72 kB │ gzip:     0.41 kB
dist/assets/music-D_Py8f3D.js                                         0.75 kB │ gzip:     0.40 kB
dist/assets/purchaseIdentityBinding-tFcjnp2u.js                       0.78 kB │ gzip:     0.34 kB
dist/assets/Focus--BXHwvqS.js                                         0.87 kB │ gzip:     0.47 kB
dist/assets/web-BoClaQWU.js                                           0.90 kB │ gzip:     0.43 kB
dist/assets/web-DA8FA9L9.js                                           1.06 kB │ gzip:     0.52 kB
dist/assets/courseEntryCopy-ClIZWujk.js                               1.35 kB │ gzip:     0.72 kB
dist/assets/Legal-BNUrGT4p.js                                         2.00 kB │ gzip:     0.91 kB
dist/assets/growth-CtfcX3mW.js                                        2.07 kB │ gzip:     0.92 kB
dist/assets/account-Km2gvT11.js                                       2.95 kB │ gzip:     1.38 kB
dist/assets/Support-CWwUqAgl.js                                       3.54 kB │ gzip:     1.26 kB
dist/assets/Seasons-qgsYTOAJ.js                                       3.65 kB │ gzip:     1.29 kB
dist/assets/OriginalSceneImage-DtQGzjA-.js                            4.02 kB │ gzip:     1.14 kB
dist/assets/rewards-DsJppg0s.js                                       4.17 kB │ gzip:     1.81 kB
dist/assets/Budget-BUfYV5m5.js                                        4.45 kB │ gzip:     1.70 kB
dist/assets/web-DnGI2T2o.js                                           4.65 kB │ gzip:     1.40 kB
dist/assets/Evidence-BiS0tyeE.js                                      5.45 kB │ gzip:     2.00 kB
dist/assets/Tools-CpAeOu8i.js                                         5.60 kB │ gzip:     2.18 kB
dist/assets/Missions-B260VhG7.js                                      5.65 kB │ gzip:     2.05 kB
dist/assets/LifeScore-BNxx8taU.js                                     5.72 kB │ gzip:     1.92 kB
dist/assets/CourseCover-BulVniTA.js                                   6.18 kB │ gzip:     2.85 kB
dist/assets/Bridge-B10oPBjF.js                                        6.53 kB │ gzip:     1.96 kB
dist/assets/FutureSelf-BgQq_KBW.js                                    6.86 kB │ gzip:     1.94 kB
dist/assets/MissionFlows-C-WWA2Hs.js                                  8.10 kB │ gzip:     2.50 kB
dist/assets/index-Bjyq1UDk.js                                         8.72 kB │ gzip:     3.31 kB
dist/assets/web-BD00I3W5.js                                          10.19 kB │ gzip:     2.10 kB
dist/assets/purchases-C3YoH0Lf.js                                    10.51 kB │ gzip:     3.49 kB
dist/assets/PublicTwoFutures-B-UNmnR1.js                             11.24 kB │ gzip:     3.71 kB
dist/assets/Account-BhtbqM8J.js                                      11.76 kB │ gzip:     3.62 kB
dist/assets/support-D7TmDZGM.js                                      11.79 kB │ gzip:     4.95 kB
dist/assets/DreamArt-_UBHGedX.js                                     12.84 kB │ gzip:     2.50 kB
dist/assets/FocusTimerHub-D0yRnPcV.js                                15.21 kB │ gzip:     4.32 kB
dist/assets/Me-BGftrQT-.js                                           16.31 kB │ gzip:     5.69 kB
dist/assets/Upgrade-axB1dt-t.js                                      19.68 kB │ gzip:     6.40 kB
dist/assets/TwoFutures-BjoT5Sh-.js                                   19.69 kB │ gzip:     5.43 kB
dist/assets/media-2mgEiOLR.js                                        23.75 kB │ gzip:     9.29 kB
dist/assets/SoundRoom-S5dw6S5R.js                                    26.83 kB │ gzip:     9.75 kB
dist/assets/Bank-oCE_K6MC.js                                         29.78 kB │ gzip:     8.21 kB
dist/assets/Settings-BM-pDbAW.js                                     41.22 kB │ gzip:    12.89 kB
dist/assets/Coach-DHNv2gTL.js                                        49.40 kB │ gzip:    16.15 kB
dist/assets/Notebook-CRyN5QLf.js                                     51.75 kB │ gzip:    14.89 kB
dist/assets/Dreams-CuvbFWGv.js                                       53.11 kB │ gzip:    14.99 kB
dist/assets/DailyMicroHabits-DX--U1Z0.js                             56.82 kB │ gzip:    14.79 kB
dist/assets/Progress-DLhMErfZ.js                                     75.84 kB │ gzip:    18.19 kB
dist/assets/Courses-3WPN7pdb.js                                     112.20 kB │ gzip:    35.93 kB
dist/assets/motion-HNvQpnN_.js                                      128.88 kB │ gzip:    42.38 kB
dist/assets/Today-DhmioeHd.js                                       140.81 kB │ gzip:    43.68 kB
dist/assets/supabase--wUpN4Ei.js                                    228.14 kB │ gzip:    59.28 kB
dist/assets/react-5GCfeWye.js                                       229.42 kB │ gzip:    71.53 kB
dist/assets/genai-DNIGCYRr.js                                       409.93 kB │ gzip:    72.77 kB
dist/assets/charts-Bzd-XkHo.js                                      431.58 kB │ gzip:   124.87 kB
dist/assets/tr-COHWLD3Y.js                                          561.39 kB │ gzip:   219.33 kB
dist/assets/es-qQNFzrdv.js                                          573.85 kB │ gzip:   217.68 kB
dist/assets/index-F6nUwJ-M.js                                       951.69 kB │ gzip:   308.78 kB
dist/assets/courses-CKtnra3s.js                                   2,510.75 kB │ gzip:   813.28 kB
dist/assets/index-BMm9S-UO.js                                     5,959.05 kB │ gzip: 2,123.39 kB

(!) Some chunks are larger than 700 kB after minification. Consider:
- Using dynamic import() to code-split the application
- Use build.rollupOptions.output.manualChunks to improve chunking: https://rollupjs.org/configuration-options/#output-manualchunks
- Adjust chunk size limit for this warning via build.chunkSizeWarningLimit.
✓ built in 9.46s
npm notice
npm notice New major version of npm available! 11.9.0 -> 12.2.0
npm notice Changelog: https://github.com/npm/cli/releases/tag/v12.2.0
npm notice To update run: npm install -g npm@12.2.0
npm notice
npm notice
npm notice New major version of npm available! 11.9.0 -> 12.2.0
npm notice Changelog: https://github.com/npm/cli/releases/tag/v12.2.0
npm notice To update run: npm install -g npm@12.2.0
npm notice
