Downloading WebKit 26.6 (playwright webkit v2359)[2m from https://cdn.playwright.dev/dbazure/download/playwright/builds/webkit/2359/webkit-debian-13.zip[22m
Error: Download failed: server returned code 403 body 'Domain forbidden'. URL: https://cdn.playwright.dev/dbazure/download/playwright/builds/webkit/2359/webkit-debian-13.zip
    at IncomingMessage.handleError (/workspace/one-decision-away/node_modules/playwright-core/lib/coreBundle.js:32551:23)
    at IncomingMessage.emit (node:events:531:35)
    at endReadableNT (node:internal/streams/readable:1698:12)
    at process.processTicksAndRejections (node:internal/process/task_queues:89:21)
Downloading WebKit 26.6 (playwright webkit v2359)[2m from https://playwright.download.prss.microsoft.com/dbazure/download/playwright/builds/webkit/2359/webkit-debian-13.zip[22m
Error: Download failed: server returned code 403 body 'Domain forbidden'. URL: https://playwright.download.prss.microsoft.com/dbazure/download/playwright/builds/webkit/2359/webkit-debian-13.zip
    at IncomingMessage.handleError (/workspace/one-decision-away/node_modules/playwright-core/lib/coreBundle.js:32551:23)
    at IncomingMessage.emit (node:events:531:35)
    at endReadableNT (node:internal/streams/readable:1698:12)
    at process.processTicksAndRejections (node:internal/process/task_queues:89:21)
Downloading WebKit 26.6 (playwright webkit v2359)[2m from https://cdn.playwright.dev/builds/webkit/2359/webkit-debian-13.zip[22m
Error: Download failed: server returned code 403 body 'Domain forbidden'. URL: https://cdn.playwright.dev/builds/webkit/2359/webkit-debian-13.zip
    at IncomingMessage.handleError (/workspace/one-decision-away/node_modules/playwright-core/lib/coreBundle.js:32551:23)
    at IncomingMessage.emit (node:events:531:35)
    at endReadableNT (node:internal/streams/readable:1698:12)
    at process.processTicksAndRejections (node:internal/process/task_queues:89:21)
Downloading WebKit 26.6 (playwright webkit v2359)[2m from https://cdn.playwright.dev/dbazure/download/playwright/builds/webkit/2359/webkit-debian-13.zip[22m
Error: Download failed: server returned code 403 body 'Domain forbidden'. URL: https://cdn.playwright.dev/dbazure/download/playwright/builds/webkit/2359/webkit-debian-13.zip
    at IncomingMessage.handleError (/workspace/one-decision-away/node_modules/playwright-core/lib/coreBundle.js:32551:23)
    at IncomingMessage.emit (node:events:531:35)
    at endReadableNT (node:internal/streams/readable:1698:12)
    at process.processTicksAndRejections (node:internal/process/task_queues:89:21)
Downloading WebKit 26.6 (playwright webkit v2359)[2m from https://playwright.download.prss.microsoft.com/dbazure/download/playwright/builds/webkit/2359/webkit-debian-13.zip[22m
Error: Download failed: server returned code 403 body 'Domain forbidden'. URL: https://playwright.download.prss.microsoft.com/dbazure/download/playwright/builds/webkit/2359/webkit-debian-13.zip
    at IncomingMessage.handleError (/workspace/one-decision-away/node_modules/playwright-core/lib/coreBundle.js:32551:23)
    at IncomingMessage.emit (node:events:531:35)
    at endReadableNT (node:internal/streams/readable:1698:12)
    at process.processTicksAndRejections (node:internal/process/task_queues:89:21)
Failed to install browsers
Error: Failed to download WebKit 26.6 (playwright webkit v2359), caused by
Error: Download failure, code=1
    at ChildProcess.<anonymous> (/workspace/one-decision-away/node_modules/playwright-core/lib/coreBundle.js:32428:32)
    at ChildProcess.emit (node:events:519:28)
    at ChildProcess._handle.onexit (node:internal/child_process:293:12)
npm notice
npm notice New major version of npm available! 11.9.0 -> 12.2.0
npm notice Changelog: https://github.com/npm/cli/releases/tag/v12.2.0
npm notice To update run: npm install -g npm@12.2.0
npm notice
