GitHub Pages run 36814133655
Commit d623b60ab58dde3d37e1b8d8768e64343cf390e3
vite v6.4.3 building for production...
transforming...
✓ 3360 modules transformed.
rendering chunks...
computing gzip size...
dist/index.html                                                       3.43 kB │ gzip:     1.14 kB
dist/assets/hanken-grotesk-vietnamese-wght-normal-CHiFlh_0.woff2      9.32 kB
dist/assets/hanken-grotesk-latin-ext-wght-normal-Dg-wlmqe.woff2      19.59 kB
dist/assets/newsreader-vietnamese-opsz-normal-BjhtXyW2.woff2         27.25 kB
dist/assets/newsreader-vietnamese-opsz-italic-DTr-ymY4.woff2         27.90 kB
dist/assets/hanken-grotesk-latin-wght-normal-CaVRRdDk.woff2          34.70 kB
dist/assets/newsreader-latin-ext-opsz-normal-BQn1nviT.woff2          86.61 kB
dist/assets/newsreader-latin-ext-opsz-italic-CSPGnFdO.woff2          95.54 kB
(!) Some chunks are larger than 700 kB after minification. Consider:
dist/assets/newsreader-latin-opsz-normal-s-izfB6B.woff2             132.00 kB
dist/assets/newsreader-latin-opsz-italic-kJKFiXvB.woff2             146.87 kB
dist/assets/aiCoach.worker-C60CQ1Xm.js                            6,039.34 kB
dist/assets/Today-D76Bu5Fr.css                                        4.80 kB │ gzip:     1.29 kB
dist/assets/SoundRoom-CqaeVc25.css                                   10.94 kB │ gzip:     2.71 kB
dist/assets/Courses-COCHombq.css                                     26.53 kB │ gzip:     4.99 kB
dist/assets/index-BMv8rU5q.css                                      103.72 kB │ gzip:    21.77 kB
dist/assets/de-FmFgRqLi.js                                            0.03 kB │ gzip:     0.05 kB
dist/assets/fr-FmFgRqLi.js                                            0.03 kB │ gzip:     0.05 kB
dist/assets/it-FmFgRqLi.js                                            0.03 kB │ gzip:     0.05 kB
dist/assets/ru-FmFgRqLi.js                                            0.03 kB │ gzip:     0.05 kB
dist/assets/web-DjZBsBeW.js                                           0.18 kB │ gzip:     0.16 kB
dist/assets/useCloudState-BPeiqNzl.js                                 0.20 kB │ gzip:     0.18 kB
dist/assets/chevron-right-CSpDiI3Q.js                                 0.30 kB │ gzip:     0.25 kB
dist/assets/square-O159SMdF.js                                        0.32 kB │ gzip:     0.26 kB
dist/assets/arrow-up-right-CSiPY_nM.js                                0.34 kB │ gzip:     0.27 kB
dist/assets/search-Ca8GHEhI.js                                        0.35 kB │ gzip:     0.28 kB
dist/assets/circle-check-rciNIXHd.js                                  0.35 kB │ gzip:     0.28 kB
dist/assets/user-round-Cm1FVzke.js                                    0.36 kB │ gzip:     0.28 kB
dist/assets/rotate-ccw-BmwIa4AL.js                                    0.37 kB │ gzip:     0.29 kB
dist/assets/index-Dmvbelb7.js                                         0.38 kB │ gzip:     0.27 kB
dist/assets/mail-DhJfyMtH.js                                          0.39 kB │ gzip:     0.31 kB
dist/assets/moon-Bj2HXVm8.js                                          0.39 kB │ gzip:     0.31 kB
dist/assets/log-out-DT0HD6xB.js                                       0.40 kB │ gzip:     0.29 kB
dist/assets/headphones-B59z48sM.js                                    0.41 kB │ gzip:     0.29 kB
dist/assets/timer-HjZYfMDs.js                                         0.41 kB │ gzip:     0.29 kB
dist/assets/wind-BFyUV0zO.js                                          0.42 kB │ gzip:     0.30 kB
dist/assets/archive-FpCoITeL.js                                       0.43 kB │ gzip:     0.31 kB
dist/assets/route-BKG5pqjv.js                                         0.43 kB │ gzip:     0.31 kB
dist/assets/lock-keyhole-Cxy33iOy.js                                  0.43 kB │ gzip:     0.33 kB
dist/assets/index-DlD--wod.js                                         0.45 kB │ gzip:     0.28 kB
dist/assets/pencil-BnT_olx9.js                                        0.45 kB │ gzip:     0.33 kB
dist/assets/pen-line-CFireJtj.js                                      0.45 kB │ gzip:     0.33 kB
dist/assets/index-BvBuWs1q.js                                         0.48 kB │ gzip:     0.29 kB
dist/assets/refresh-cw-3Mm_6zzw.js                                    0.50 kB │ gzip:     0.33 kB
dist/assets/trash-2-CnT1wC-H.js                                       0.50 kB │ gzip:     0.32 kB
dist/assets/Focus-DkPNJRrl.js                                         0.53 kB │ gzip:     0.33 kB
dist/assets/share-2-Dg_NR3Xk.js                                       0.53 kB │ gzip:     0.34 kB
dist/assets/shuffle-LqDnXiwh.js                                       0.56 kB │ gzip:     0.35 kB
dist/assets/sun-moon-ZSpoAE-m.js                                      0.57 kB │ gzip:     0.38 kB
dist/assets/waves-CfhvmCAV.js                                         0.60 kB │ gzip:     0.32 kB
dist/assets/sparkles-JK8j76eB.js                                      0.67 kB │ gzip:     0.39 kB
dist/assets/calendar-days-Diww7CWV.js                                 0.67 kB │ gzip:     0.37 kB
dist/assets/index-Be-lF_B_.js                                         0.67 kB │ gzip:     0.42 kB
dist/assets/trending-up-IB64Xx82.js                                   0.69 kB │ gzip:     0.34 kB
dist/assets/index-DlSFhh2f.js                                         0.72 kB │ gzip:     0.41 kB
dist/assets/music-N3CILclu.js                                         0.75 kB │ gzip:     0.40 kB
dist/assets/web-DHbpOVYd.js                                           0.90 kB │ gzip:     0.43 kB
dist/assets/web-CiC2d44z.js                                           1.06 kB │ gzip:     0.52 kB
dist/assets/Legal-N5krALbK.js                                         2.00 kB │ gzip:     0.91 kB
dist/assets/Support-DYenlZY_.js                                       3.54 kB │ gzip:     1.26 kB
dist/assets/Seasons-CL7wBjdw.js                                       3.65 kB │ gzip:     1.29 kB
dist/assets/Budget-V_7gDPNO.js                                        4.45 kB │ gzip:     1.70 kB
dist/assets/web-dLYjWF2u.js                                           4.65 kB │ gzip:     1.40 kB
dist/assets/purchases-BCf-mWPk.js                                     4.73 kB │ gzip:     2.16 kB
dist/assets/Evidence-CrNpzj31.js                                      5.42 kB │ gzip:     1.98 kB
dist/assets/Tools-BUCKjxIw.js                                         5.60 kB │ gzip:     2.18 kB
dist/assets/Missions-pHB6hWMy.js                                      5.65 kB │ gzip:     2.05 kB
dist/assets/LifeScore-wWPeeB_T.js                                     5.72 kB │ gzip:     1.92 kB
dist/assets/Bridge-j2WuaOZj.js                                        6.53 kB │ gzip:     1.96 kB
dist/assets/FutureSelf-D-kEFGmg.js                                    6.86 kB │ gzip:     1.94 kB
dist/assets/MissionFlows-CLqxbMZ2.js                                  8.10 kB │ gzip:     2.50 kB
dist/assets/index-C_vDA4Pw.js                                         8.72 kB │ gzip:     3.31 kB
dist/assets/web-DYuyOHiC.js                                          10.19 kB │ gzip:     2.10 kB
dist/assets/Account-tH4YEnRj.js                                      10.41 kB │ gzip:     3.25 kB
dist/assets/PublicTwoFutures-BVqsGTv-.js                             11.24 kB │ gzip:     3.71 kB
dist/assets/support-B-JNsX1I.js                                      11.79 kB │ gzip:     4.94 kB
dist/assets/DreamArt-dpUGt4hF.js                                     12.84 kB │ gzip:     2.51 kB
dist/assets/FocusTimerHub-CCqbFrEw.js                                13.62 kB │ gzip:     3.86 kB
dist/assets/Upgrade-GOQrV-gZ.js                                      14.05 kB │ gzip:     4.76 kB
dist/assets/Me-3NxhPtMH.js                                           16.29 kB │ gzip:     5.65 kB
dist/assets/TwoFutures-BTt7GHo-.js                                   19.69 kB │ gzip:     5.43 kB
dist/assets/SoundRoom-Bv4UurGI.js                                    20.33 kB │ gzip:     7.76 kB
dist/assets/media-2mgEiOLR.js                                        23.75 kB │ gzip:     9.29 kB
dist/assets/Bank-78uHkLsn.js                                         29.85 kB │ gzip:     8.22 kB
dist/assets/Settings-VzpDeAVz.js                                     40.62 kB │ gzip:    12.75 kB
dist/assets/Coach-Dh1gOwY0.js                                        48.49 kB │ gzip:    15.86 kB
dist/assets/Notebook-WpAB36mm.js                                     48.78 kB │ gzip:    14.17 kB
dist/assets/Dreams-CyeoXu5K.js                                       53.04 kB │ gzip:    14.93 kB
dist/assets/DailyMicroHabits-B-v6OkbM.js                             56.82 kB │ gzip:    14.78 kB
dist/assets/Progress-5HSc-Uvk.js                                     75.84 kB │ gzip:    18.19 kB
dist/assets/Courses-BZbTu2gf.js                                     108.40 kB │ gzip:    35.13 kB
dist/assets/motion-HNvQpnN_.js                                      128.88 kB │ gzip:    42.38 kB
dist/assets/Today-BzyH7Rot.js                                       135.01 kB │ gzip:    41.63 kB
dist/assets/supabase--wUpN4Ei.js                                    228.14 kB │ gzip:    59.28 kB
dist/assets/react-5GCfeWye.js                                       229.42 kB │ gzip:    71.53 kB
dist/assets/genai-DNIGCYRr.js                                       409.93 kB │ gzip:    72.77 kB
dist/assets/charts-CiESIKeW.js                                      431.59 kB │ gzip:   124.88 kB
dist/assets/tr-C8BDhSCr.js                                          560.83 kB │ gzip:   219.10 kB
dist/assets/es-CYCsPQH7.js                                          573.26 kB │ gzip:   217.48 kB
dist/assets/index-IZtRVcVk.js                                       785.19 kB │ gzip:   260.02 kB
dist/assets/courses-CKtnra3s.js                                   2,510.75 kB │ gzip:   813.28 kB
dist/assets/index-BMm9S-UO.js                                     5,959.05 kB │ gzip: 2,123.39 kB
✓ built in 8.09s

