Reading package lists...
Building dependency tree...
Reading state information...
The following additional packages will be installed:
  libcairo-script-interpreter2 libgtk-4-common libhidapi-hidraw0 liblzo2-2
Suggested packages:
  gvfs
Recommended packages:
  libgtk-4-bin libgtk-4-media-gstreamer
The following NEW packages will be installed:
  libcairo-script-interpreter2 libgles2 libgraphene-1.0-0 libgtk-4-1
  libgtk-4-common libharfbuzz-icu0 libhidapi-hidraw0 libhyphen0 liblzo2-2
  libmanette-0.2-0
0 upgraded, 10 newly installed, 0 to remove and 0 not upgraded.
Need to get 6241 kB of archives.
After this operation, 28.9 MB of additional disk space will be used.
Get:1 https://snapshot.debian.org/archive/debian/20260828T000000Z trixie/main amd64 liblzo2-2 amd64 2.10-3+b1 [55.1 kB]
Get:2 https://snapshot.debian.org/archive/debian/20260828T000000Z trixie/main amd64 libcairo-script-interpreter2 amd64 1.18.4-1+b1 [59.3 kB]
Get:3 https://snapshot.debian.org/archive/debian/20260828T000000Z trixie/main amd64 libgles2 amd64 1.7.0-1+b2 [17.3 kB]
Get:4 https://snapshot.debian.org/archive/debian/20260828T000000Z trixie/main amd64 libgraphene-1.0-0 amd64 1.10.8-5 [42.4 kB]
Get:5 https://snapshot.debian.org/archive/debian/20260828T000000Z trixie/main amd64 libgtk-4-common all 4.18.6+ds-2 [2797 kB]
Get:6 https://snapshot.debian.org/archive/debian/20260828T000000Z trixie/main amd64 libgtk-4-1 amd64 4.18.6+ds-2 [3167 kB]
Get:7 https://snapshot.debian.org/archive/debian/20260828T000000Z trixie/main amd64 libharfbuzz-icu0 amd64 10.2.0-1+deb13u1 [15.5 kB]
Get:8 https://snapshot.debian.org/archive/debian/20260828T000000Z trixie/main amd64 libhidapi-hidraw0 amd64 0.14.0-1+b2 [12.7 kB]
Get:9 https://snapshot.debian.org/archive/debian/20260828T000000Z trixie/main amd64 libhyphen0 amd64 2.8.8-7+b2 [30.7 kB]
Get:10 https://snapshot.debian.org/archive/debian/20260828T000000Z trixie/main amd64 libmanette-0.2-0 amd64 0.2.12-1 [43.8 kB]
Fetched 6241 kB in 2s (2880 kB/s)
Download complete and in download only mode
W: Unable to read /etc/apt/apt.conf.d/80-applied-apt-retries - open (13: Permission denied)
