vite v6.4.3 building for production...

(!) outDir /tmp/oda-webkit-project-build is not inside project root and will not be emptied.
Use --emptyOutDir to override.

<script src="/one-decision-away/theme-init.js"> in "/index.html" can't be bundled without type="module" attribute
transforming...
✓ 3360 modules transformed.
rendering chunks...
[plugin vite:reporter] 
(!) /workspace/one-decision-away/src/services/cloudSync.ts is dynamically imported by /workspace/one-decision-away/src/main.tsx but also statically imported by /workspace/one-decision-away/src/components/BackupAndCloudSettings.tsx, /workspace/one-decision-away/src/components/BackupReminder.tsx, /workspace/one-decision-away/src/components/DailyNudgesSettings.tsx, /workspace/one-decision-away/src/pages/Account.tsx, /workspace/one-decision-away/src/pages/Coach.tsx, /workspace/one-decision-away/src/services/cloudCoach.ts, /workspace/one-decision-away/src/services/courseProgress.ts, /workspace/one-decision-away/src/services/pushNotifications.ts, /workspace/one-decision-away/src/services/repository.ts, /workspace/one-decision-away/src/services/useCloudState.ts, /workspace/one-decision-away/src/store/useApp.tsx, dynamic import will not move module into another chunk.

computing gzip size...
../../tmp/oda-webkit-project-build/index.html                                                       3.43 kB │ gzip:     1.13 kB
../../tmp/oda-webkit-project-build/assets/hanken-grotesk-vietnamese-wght-normal-CHiFlh_0.woff2      9.32 kB
../../tmp/oda-webkit-project-build/assets/hanken-grotesk-latin-ext-wght-normal-Dg-wlmqe.woff2      19.59 kB
../../tmp/oda-webkit-project-build/assets/newsreader-vietnamese-opsz-normal-BjhtXyW2.woff2         27.25 kB
../../tmp/oda-webkit-project-build/assets/newsreader-vietnamese-opsz-italic-DTr-ymY4.woff2         27.90 kB
../../tmp/oda-webkit-project-build/assets/hanken-grotesk-latin-wght-normal-CaVRRdDk.woff2          34.70 kB
../../tmp/oda-webkit-project-build/assets/newsreader-latin-ext-opsz-normal-BQn1nviT.woff2          86.61 kB
../../tmp/oda-webkit-project-build/assets/newsreader-latin-ext-opsz-italic-CSPGnFdO.woff2          95.54 kB
../../tmp/oda-webkit-project-build/assets/newsreader-latin-opsz-normal-s-izfB6B.woff2             132.00 kB
../../tmp/oda-webkit-project-build/assets/newsreader-latin-opsz-italic-kJKFiXvB.woff2             146.87 kB
../../tmp/oda-webkit-project-build/assets/aiCoach.worker-C60CQ1Xm.js                            6,039.34 kB
../../tmp/oda-webkit-project-build/assets/Today-D76Bu5Fr.css                                        4.80 kB │ gzip:     1.29 kB
../../tmp/oda-webkit-project-build/assets/SoundRoom-CqaeVc25.css                                   10.94 kB │ gzip:     2.71 kB
../../tmp/oda-webkit-project-build/assets/Courses-COCHombq.css                                     26.53 kB │ gzip:     4.99 kB
../../tmp/oda-webkit-project-build/assets/index-BMv8rU5q.css                                      103.72 kB │ gzip:    21.77 kB
../../tmp/oda-webkit-project-build/assets/de-FmFgRqLi.js                                            0.03 kB │ gzip:     0.05 kB
../../tmp/oda-webkit-project-build/assets/fr-FmFgRqLi.js                                            0.03 kB │ gzip:     0.05 kB
../../tmp/oda-webkit-project-build/assets/it-FmFgRqLi.js                                            0.03 kB │ gzip:     0.05 kB
../../tmp/oda-webkit-project-build/assets/ru-FmFgRqLi.js                                            0.03 kB │ gzip:     0.05 kB
../../tmp/oda-webkit-project-build/assets/web-CUAqCnAn.js                                           0.18 kB │ gzip:     0.16 kB
../../tmp/oda-webkit-project-build/assets/useCloudState-Ie4EX2HM.js                                 0.20 kB │ gzip:     0.18 kB
../../tmp/oda-webkit-project-build/assets/chevron-right-D9YU1Ahz.js                                 0.30 kB │ gzip:     0.25 kB
../../tmp/oda-webkit-project-build/assets/square-D36ntAMQ.js                                        0.32 kB │ gzip:     0.26 kB
../../tmp/oda-webkit-project-build/assets/arrow-up-right-B794alWP.js                                0.34 kB │ gzip:     0.27 kB
../../tmp/oda-webkit-project-build/assets/search--6Xd4r53.js                                        0.35 kB │ gzip:     0.28 kB
../../tmp/oda-webkit-project-build/assets/circle-check-DLCgI_lo.js                                  0.35 kB │ gzip:     0.28 kB
../../tmp/oda-webkit-project-build/assets/user-round-COkX30m_.js                                    0.36 kB │ gzip:     0.28 kB
../../tmp/oda-webkit-project-build/assets/rotate-ccw-D4KBATYl.js                                    0.37 kB │ gzip:     0.29 kB
../../tmp/oda-webkit-project-build/assets/index-CtYNg-FC.js                                         0.38 kB │ gzip:     0.27 kB
../../tmp/oda-webkit-project-build/assets/mail-CrYjJ1xq.js                                          0.39 kB │ gzip:     0.31 kB
../../tmp/oda-webkit-project-build/assets/moon-C1HQeU3L.js                                          0.39 kB │ gzip:     0.31 kB
../../tmp/oda-webkit-project-build/assets/log-out-Y2XqU4Vo.js                                       0.40 kB │ gzip:     0.30 kB
../../tmp/oda-webkit-project-build/assets/headphones-DaJ_Edxb.js                                    0.41 kB │ gzip:     0.29 kB
../../tmp/oda-webkit-project-build/assets/timer-DQzhkOZT.js                                         0.41 kB │ gzip:     0.29 kB
../../tmp/oda-webkit-project-build/assets/wind-DkY_QHWx.js                                          0.42 kB │ gzip:     0.30 kB
../../tmp/oda-webkit-project-build/assets/archive-BP3fh3ia.js                                       0.43 kB │ gzip:     0.31 kB
../../tmp/oda-webkit-project-build/assets/route-DSUB8RPL.js                                         0.43 kB │ gzip:     0.31 kB
../../tmp/oda-webkit-project-build/assets/lock-keyhole-D5mCQacr.js                                  0.43 kB │ gzip:     0.33 kB
../../tmp/oda-webkit-project-build/assets/index-CfNE-F3G.js                                         0.45 kB │ gzip:     0.28 kB
../../tmp/oda-webkit-project-build/assets/pencil-DaZ0gfyh.js                                        0.45 kB │ gzip:     0.33 kB
../../tmp/oda-webkit-project-build/assets/pen-line-B37fhC22.js                                      0.45 kB │ gzip:     0.33 kB
../../tmp/oda-webkit-project-build/assets/index-yy6Ixz_x.js                                         0.48 kB │ gzip:     0.29 kB
../../tmp/oda-webkit-project-build/assets/refresh-cw-BrelD1Sy.js                                    0.50 kB │ gzip:     0.33 kB
../../tmp/oda-webkit-project-build/assets/trash-2-C5WjrCed.js                                       0.50 kB │ gzip:     0.32 kB
../../tmp/oda-webkit-project-build/assets/Focus-DXQLwd-h.js                                         0.53 kB │ gzip:     0.33 kB
../../tmp/oda-webkit-project-build/assets/share-2-BFD8B5dc.js                                       0.53 kB │ gzip:     0.34 kB
../../tmp/oda-webkit-project-build/assets/shuffle-spmdd4YK.js                                       0.56 kB │ gzip:     0.35 kB
../../tmp/oda-webkit-project-build/assets/sun-moon-BwRIO_YK.js                                      0.57 kB │ gzip:     0.38 kB
../../tmp/oda-webkit-project-build/assets/waves-DJzInNCc.js                                         0.60 kB │ gzip:     0.32 kB
../../tmp/oda-webkit-project-build/assets/sparkles-C69o-eKl.js                                      0.67 kB │ gzip:     0.39 kB
../../tmp/oda-webkit-project-build/assets/calendar-days-DIJgqgSh.js                                 0.67 kB │ gzip:     0.37 kB
../../tmp/oda-webkit-project-build/assets/index-CP_Jmq7G.js                                         0.67 kB │ gzip:     0.42 kB
../../tmp/oda-webkit-project-build/assets/trending-up-CdHPQnZx.js                                   0.69 kB │ gzip:     0.34 kB
../../tmp/oda-webkit-project-build/assets/index-Cq06NCnE.js                                         0.72 kB │ gzip:     0.41 kB
../../tmp/oda-webkit-project-build/assets/music-Cj94kBMd.js                                         0.75 kB │ gzip:     0.40 kB
../../tmp/oda-webkit-project-build/assets/web-CqqDg5xJ.js                                           0.90 kB │ gzip:     0.43 kB
../../tmp/oda-webkit-project-build/assets/web-BvNq7mjU.js                                           1.06 kB │ gzip:     0.52 kB
../../tmp/oda-webkit-project-build/assets/Legal-DKwA6Le1.js                                         2.00 kB │ gzip:     0.91 kB
../../tmp/oda-webkit-project-build/assets/Support-DHBxzkxw.js                                       3.54 kB │ gzip:     1.25 kB
../../tmp/oda-webkit-project-build/assets/Seasons-R2ZvKvm7.js                                       3.65 kB │ gzip:     1.29 kB
../../tmp/oda-webkit-project-build/assets/Budget-BKts6_pL.js                                        4.45 kB │ gzip:     1.70 kB
../../tmp/oda-webkit-project-build/assets/web-CBgBjVHj.js                                           4.65 kB │ gzip:     1.40 kB
../../tmp/oda-webkit-project-build/assets/purchases-sMfCIYHz.js                                     4.73 kB │ gzip:     2.16 kB
../../tmp/oda-webkit-project-build/assets/Evidence-CgeXwK_m.js                                      5.42 kB │ gzip:     1.98 kB
../../tmp/oda-webkit-project-build/assets/Tools-InWfV7nK.js                                         5.60 kB │ gzip:     2.18 kB
../../tmp/oda-webkit-project-build/assets/Missions-BD3TOdcQ.js                                      5.65 kB │ gzip:     2.05 kB
../../tmp/oda-webkit-project-build/assets/LifeScore-CMZhaTx1.js                                     5.72 kB │ gzip:     1.92 kB
../../tmp/oda-webkit-project-build/assets/Bridge-CnuhFEyv.js                                        6.53 kB │ gzip:     1.96 kB
../../tmp/oda-webkit-project-build/assets/FutureSelf-B0UQzQzl.js                                    6.86 kB │ gzip:     1.94 kB
../../tmp/oda-webkit-project-build/assets/MissionFlows-DWKCu7rc.js                                  8.10 kB │ gzip:     2.50 kB
../../tmp/oda-webkit-project-build/assets/index-DpS6BzIX.js                                         8.72 kB │ gzip:     3.31 kB
../../tmp/oda-webkit-project-build/assets/web-CxWXDiGw.js                                          10.19 kB │ gzip:     2.10 kB
../../tmp/oda-webkit-project-build/assets/Account-BuvfB4p5.js                                      10.41 kB │ gzip:     3.24 kB
../../tmp/oda-webkit-project-build/assets/PublicTwoFutures-URkZeowC.js                             11.24 kB │ gzip:     3.71 kB
../../tmp/oda-webkit-project-build/assets/support-C8mI9eDs.js                                      11.79 kB │ gzip:     4.94 kB
../../tmp/oda-webkit-project-build/assets/DreamArt-Ci1HLn2d.js                                     12.84 kB │ gzip:     2.50 kB
../../tmp/oda-webkit-project-build/assets/FocusTimerHub-D87040QP.js                                13.62 kB │ gzip:     3.86 kB
../../tmp/oda-webkit-project-build/assets/Upgrade-C-LDmLtN.js                                      14.05 kB │ gzip:     4.76 kB
../../tmp/oda-webkit-project-build/assets/Me-DYX3UFs2.js                                           16.29 kB │ gzip:     5.65 kB
../../tmp/oda-webkit-project-build/assets/TwoFutures-CLYz1CHH.js                                   19.69 kB │ gzip:     5.43 kB
../../tmp/oda-webkit-project-build/assets/SoundRoom-BNydVfVo.js                                    20.33 kB │ gzip:     7.77 kB
../../tmp/oda-webkit-project-build/assets/media-2mgEiOLR.js                                        23.75 kB │ gzip:     9.29 kB
../../tmp/oda-webkit-project-build/assets/Bank-vUT6jlxU.js                                         29.85 kB │ gzip:     8.22 kB
../../tmp/oda-webkit-project-build/assets/Settings-DKf50NrV.js                                     40.62 kB │ gzip:    12.75 kB
../../tmp/oda-webkit-project-build/assets/Coach-BITm8ial.js                                        48.49 kB │ gzip:    15.86 kB
../../tmp/oda-webkit-project-build/assets/Notebook-DlE1NREL.js                                     48.78 kB │ gzip:    14.17 kB
../../tmp/oda-webkit-project-build/assets/Dreams-CbHpcxfF.js                                       53.04 kB │ gzip:    14.92 kB
../../tmp/oda-webkit-project-build/assets/DailyMicroHabits-CXrTlFb9.js                             56.82 kB │ gzip:    14.79 kB
../../tmp/oda-webkit-project-build/assets/Progress-Wx54goUc.js                                     75.84 kB │ gzip:    18.18 kB
../../tmp/oda-webkit-project-build/assets/Courses-CyE1sx5A.js                                     108.40 kB │ gzip:    35.13 kB
../../tmp/oda-webkit-project-build/assets/motion-HNvQpnN_.js                                      128.88 kB │ gzip:    42.38 kB
../../tmp/oda-webkit-project-build/assets/Today-Q998vcXa.js                                       135.01 kB │ gzip:    41.62 kB
../../tmp/oda-webkit-project-build/assets/supabase--wUpN4Ei.js                                    228.14 kB │ gzip:    59.28 kB
../../tmp/oda-webkit-project-build/assets/react-5GCfeWye.js                                       229.42 kB │ gzip:    71.53 kB
../../tmp/oda-webkit-project-build/assets/genai-DNIGCYRr.js                                       409.93 kB │ gzip:    72.77 kB
../../tmp/oda-webkit-project-build/assets/charts-CiESIKeW.js                                      431.59 kB │ gzip:   124.88 kB
../../tmp/oda-webkit-project-build/assets/tr-C8BDhSCr.js                                          560.83 kB │ gzip:   219.10 kB
../../tmp/oda-webkit-project-build/assets/es-CYCsPQH7.js                                          573.26 kB │ gzip:   217.48 kB
../../tmp/oda-webkit-project-build/assets/index-DpdRUPje.js                                       785.19 kB │ gzip:   259.89 kB
../../tmp/oda-webkit-project-build/assets/courses-CKtnra3s.js                                   2,510.75 kB │ gzip:   813.28 kB
../../tmp/oda-webkit-project-build/assets/index-BMm9S-UO.js                                     5,959.05 kB │ gzip: 2,123.39 kB

(!) Some chunks are larger than 700 kB after minification. Consider:
- Using dynamic import() to code-split the application
- Use build.rollupOptions.output.manualChunks to improve chunking: https://rollupjs.org/configuration-options/#output-manualchunks
- Adjust chunk size limit for this warning via build.chunkSizeWarningLimit.
✓ built in 12.19s
