/workspace/.cloud-tools/playwright-browsers/webkit-2359/pw_run.sh
node:internal/modules/run_main:123
    triggerUncaughtException(
    ^

browserType.launch: 
╔══════════════════════════════════════════════════════╗
║ Host system is missing dependencies to run browsers. ║
║ Missing libraries:                                   ║
║     libgtk-4.so.1                                    ║
║     libgraphene-1.0.so.0                             ║
║     libharfbuzz-icu.so.0                             ║
║     libmanette-0.2.so.0                              ║
║     libhyphen.so.0                                   ║
║     libGLESv2.so.2                                   ║
╚══════════════════════════════════════════════════════╝
    at /workspace/one-decision-away/[eval1]:1:95 {
  log: [],
  name: 'Error'
}

Node.js v22.23.3
