node:internal/child_process:1160
    result.error = new ErrnoException(result.error, 'spawnSync ' + options.file);
                   ^

<ref *1> Error: spawnSync git ENOBUFS
    at Object.spawnSync (node:internal/child_process:1160:20)
    at spawnSync (node:child_process:928:24)
    at execFileSync (node:child_process:971:15)
    at old (file:///workspace/scratch/oda-reference-redesign/scoped-layout-repair/working-surfaces/source-proof.mjs:4:80)
    at file:///workspace/scratch/oda-reference-redesign/scoped-layout-repair/working-surfaces/source-proof.mjs:8:283
    at Array.map (<anonymous>)
    at file:///workspace/scratch/oda-reference-redesign/scoped-layout-repair/working-surfaces/source-proof.mjs:8:157
    at ModuleJob.run (node:internal/modules/esm/module_job:439:25)
    at async node:internal/modules/esm/loader:643:26
    at async asyncRunEntryPointWithESMLoader (node:internal/modules/run_main:101:5) {
  errno: -105,
  code: 'ENOBUFS',
  syscall: 'spawnSync git',
  path: 'git',
  spawnargs: [
    'show',
    '635209e1731ba53e2567c0f39b011183912d7ac8:public/assets/oda/course-covers/oda-focus.png'
  ],
  error: [Circular *1],
  status: null,
  signal: 'SIGTERM',
  output: [
    null,
    Buffer(1081344) [Uint8Array] [
      137,  80, 78, 71,  13,  10,  26,  10,   0,   0,   0,  13,
       73,  72, 68, 82,   0,   0,   6, 136,   0,   0,   3, 172,
        8,   2,  0,  0,   0, 246, 184, 163, 251,   0,   0,  92,
      102,  99, 97, 66,  88,   0,   0,  92, 102, 106, 117, 109,
       98,   0,  0,  0,  30, 106, 117, 109, 100,  99,  50, 112,
       97,   0, 17,  0,  16, 128,   0,   0, 170,   0,  56, 155,
      113,   3, 99, 50, 112,  97,   0,   0,   0,  92,  64, 106,
      117, 109, 98,  0,   0,   0,  71, 106, 117, 109, 100,  99,
       50, 109, 97,  0,
      ... 1081244 more items
    ],
    Buffer(0) [Uint8Array] []
  ],
  pid: 227777,
  stdout: Buffer(1081344) [Uint8Array] [
    137,  80, 78, 71,  13,  10,  26,  10,   0,   0,   0,  13,
     73,  72, 68, 82,   0,   0,   6, 136,   0,   0,   3, 172,
      8,   2,  0,  0,   0, 246, 184, 163, 251,   0,   0,  92,
    102,  99, 97, 66,  88,   0,   0,  92, 102, 106, 117, 109,
     98,   0,  0,  0,  30, 106, 117, 109, 100,  99,  50, 112,
     97,   0, 17,  0,  16, 128,   0,   0, 170,   0,  56, 155,
    113,   3, 99, 50, 112,  97,   0,   0,   0,  92,  64, 106,
    117, 109, 98,  0,   0,   0,  71, 106, 117, 109, 100,  99,
     50, 109, 97,  0,
    ... 1081244 more items
  ],
  stderr: Buffer(0) [Uint8Array] []
}

Node.js v24.19.0
