✔ native free direct starts and toggles cannot start an all-paid track (3.843329ms)
✔ downgrade hard-stops owned restricted playing selection without page subscribers (51.072992ms)
✔ downgrade hard-stops owned restricted paused selection without page subscribers (40.404581ms)
✔ downgrade hard-stops owned restricted expired selection without page subscribers (15.194624ms)
✔ owned paid playing selection revokes on identityConfirmed even with a paid cached tier (0.883327ms)
✔ owned paid paused selection revokes on identityConfirmed even with a paid cached tier (1.015577ms)
✔ owned paid expired selection revokes on identityConfirmed even with a paid cached tier (2.672897ms)
✔ owned paid playing selection revokes on identityRevision even with a paid cached tier (0.450992ms)
✔ owned paid paused selection revokes on identityRevision even with a paid cached tier (1.060305ms)
✔ owned paid expired selection revokes on identityRevision even with a paid cached tier (1.647685ms)
✔ same-account confirmed paid access survives offerings loading or failed offline refresh (0.64045ms)
✔ admission reads current purchase state even if a notification has not been emitted (0.424092ms)
✔ live resume and timer change reconcile access even without a purchase notification (0.371873ms)
✔ invalid or mismatched provenance rejects {"sectionId":"relax"} without replacing audio (76.576819ms)
✔ invalid or mismatched provenance rejects {"indexInCategory":3} without replacing audio (50.341549ms)
✔ invalid or mismatched provenance rejects {"sectionId":"focus","indexInCategory":0} without replacing audio (22.172328ms)
✔ invalid or mismatched provenance rejects {"sectionId":"relax","indexInCategory":-1} without replacing audio (28.984211ms)
✔ invalid or mismatched provenance rejects {"sectionId":"relax","indexInCategory":0.5} without replacing audio (24.257735ms)
✔ invalid or mismatched provenance rejects {"sectionId":"relax","indexInCategory":99} without replacing audio (41.718761ms)
✔ essentials admits all catalog origins and preserves the timer and user volume (384.226917ms)
✔ pro admits all catalog origins and preserves the timer and user volume (274.812444ms)
✔ coach admits all catalog origins and preserves the timer and user volume (225.136697ms)
✔ each category first two entries remain free, including duplicate 432 and brown-noise origins (123.660391ms)
✔ omitted-origin admission allows any-free aliases and denies exclusively paid tracks (38.85882ms)
✔ web and unconfigured purchases keep paid sounds open through identity transitions (0.563573ms)
✔ external Focus tibetan_bowls replacement survives Sound Room downgrade (2.373554ms)
✔ external Focus waves replacement survives Sound Room downgrade (40.748972ms)
✔ purchase event during an engine start cannot publish a revoked playing selection (0.603664ms)
✔ purchase event during player publication cannot re-arm the revoked timer (0.417191ms)
✔ external waves replacement during player publication retains its untimed graph (25.498143ms)
✔ external tibetan_bowls replacement during player publication retains its untimed graph (3.218873ms)
✔ an unavailable AudioContext rejects the actual engine start without claiming playback (0.463111ms)
✔ failed buffer allocation retains entitlement ownership of the existing paid graph (25.115854ms)
✔ failed no replacement retains entitlement ownership of the existing paid graph (0.553258ms)
✔ same-track no-op cannot take revocation ownership of an external Focus graph (0.430502ms)
✔ pause publication from SoundRoom cannot fade or time the reentrant external tibetan_bowls graph (2.755692ms)
✔ pause publication from Focus cannot fade or time the reentrant external tibetan_bowls graph (1.901469ms)
✔ pause publication from SoundRoom cannot fade or time the reentrant external waves graph (24.198035ms)
✔ pause publication from Focus cannot fade or time the reentrant external waves graph (30.530371ms)
✔ setTimer publication from SoundRoom cannot fade or time the reentrant external tibetan_bowls graph (2.395907ms)
✔ setTimer publication from Focus cannot fade or time the reentrant external tibetan_bowls graph (1.837752ms)
✔ setTimer publication from SoundRoom cannot fade or time the reentrant external waves graph (22.408666ms)
✔ setTimer publication from Focus cannot fade or time the reentrant external waves graph (21.661334ms)
✔ ordinary PlayerBar timer and pause controls still act on the current external Focus graph (46.307858ms)
✔ silence or an absent audio context cannot publish a playing selection (0.443282ms)
✔ breath pacer runs at about 5.5 breaths a minute (0.78608ms)
✔ breathPhase: inhale first, then exhale, then repeats (1.086715ms)
✔ breathPhase is safe with odd input (0.220634ms)
✔ formatRemaining (0.218752ms)
✔ timer fades: a minute for sleep, short otherwise, never over half the timer (0.226874ms)
✔ arming a timer retains the independent three-second attack and actual stereo loop (127.674999ms)
✔ mute and volume respond immediately at the beginning of a timer fade (33.216799ms)
✔ mute and volume respond immediately at the middle of a timer fade (20.494347ms)
✔ mute and volume respond immediately at the end of a timer fade (16.124862ms)
✔ running fades can shorten but do not extend, and timer cancellation preserves user volume (53.418944ms)
✔ shortening a running fade with a delay cannot restore a louder envelope (101.91246ms)
✔ browsers without cancelAndHold retain the current level when shortening a fade (42.337657ms)
✔ track switches release the previous graph and repeated switches/stops bound resources (445.498931ms)
✔ stop/restart of a tone cancels its initial bowl and recurring callbacks (1.174058ms)
✔ natural bowl endings disconnect their tails while the current ambient drone continues (0.670105ms)
✔ Sound Room timer arming, pause/resume and expiry keep player state and start fade intact (62.888641ms)
✔ external restart of the same track clears the Sound Room countdown and timer selection (43.835485ms)
ℹ tests 62
ℹ suites 0
ℹ pass 62
ℹ fail 0
ℹ cancelled 0
ℹ skipped 0
ℹ todo 0
ℹ duration_ms 1893.917878
