PASS: focus-normal: named modal focuses Keep going
PASS: focus-normal: forward and reverse Tab stay inside
PASS: focus-normal: background Pause is isolated and cannot take focus
PASS: focus-normal: Escape cancels only confirmation and restores trigger/scroll
PASS: focus-normal: reopen and Keep going restore trigger/scroll
PASS: focus-normal: backdrop dismisses reopened confirmation
PASS: focus-normal: explicit cancel ends session without completion/reward/data changes
PASS: focus-no-inert: named modal focuses Keep going
PASS: focus-no-inert: forward and reverse Tab stay inside
PASS: focus-no-inert: background Pause is isolated and cannot take focus
PASS: focus-no-inert: Escape cancels only confirmation and restores trigger/scroll
PASS: focus-no-inert: reopen and Keep going restore trigger/scroll
PASS: focus-no-inert: backdrop dismisses reopened confirmation
PASS: focus-no-inert: explicit cancel ends session without completion/reward/data changes
PASS: photo-native: Notebook mounts without whole-app recovery
PASS: photo-native: actual saved photo loads and dialog receives focus
PASS: photo-native: owned synthetic image and Close control fit viewport
PASS: photo-native: forward and reverse Tab stay inside
PASS: photo-native: programmatic background focus stays inside
PASS: photo-native: Escape restores photo trigger/scroll/exact data
PASS: photo-native: repeated Close and backdrop restore photo trigger/exact data
PASS: photo-native: reload preserves usable Notebook and exact photo data
PASS: photo-native-320: Notebook mounts without whole-app recovery
PASS: photo-native-320: actual saved photo loads and dialog receives focus
PASS: photo-native-320: owned synthetic image and Close control fit viewport
PASS: photo-native-320: forward and reverse Tab stay inside
PASS: photo-native-320: programmatic background focus stays inside
PASS: photo-native-320: Escape restores photo trigger/scroll/exact data
PASS: photo-native-320: repeated Close and backdrop restore photo trigger/exact data
PASS: photo-native-320: reload preserves usable Notebook and exact photo data
PASS: photo-no-showModal: Notebook mounts without whole-app recovery
PASS: photo-no-showModal: actual saved photo loads and dialog receives focus
PASS: photo-no-showModal: owned synthetic image and Close control fit viewport
PASS: photo-no-showModal: forward and reverse Tab stay inside
PASS: photo-no-showModal: programmatic background focus stays inside
PASS: photo-no-showModal: Escape restores photo trigger/scroll/exact data
PASS: photo-no-showModal: repeated Close and backdrop restore photo trigger/exact data
PASS: photo-no-showModal: reload preserves usable Notebook and exact photo data
PASS: photo-no-close: Notebook mounts without whole-app recovery
PASS: photo-no-close: actual saved photo loads and dialog receives focus
PASS: photo-no-close: owned synthetic image and Close control fit viewport
PASS: photo-no-close: forward and reverse Tab stay inside
PASS: photo-no-close: programmatic background focus stays inside
PASS: photo-no-close: Escape restores photo trigger/scroll/exact data
PASS: photo-no-close: repeated Close and backdrop restore photo trigger/exact data
PASS: photo-no-close: reload preserves usable Notebook and exact photo data
PASS: photo-no-methods-or-inert: Notebook mounts without whole-app recovery
PASS: photo-no-methods-or-inert: actual saved photo loads and dialog receives focus
PASS: photo-no-methods-or-inert: owned synthetic image and Close control fit viewport
PASS: photo-no-methods-or-inert: forward and reverse Tab stay inside
PASS: photo-no-methods-or-inert: programmatic background focus stays inside
PASS: photo-no-methods-or-inert: Escape restores photo trigger/scroll/exact data
PASS: photo-no-methods-or-inert: repeated Close and backdrop restore photo trigger/exact data
PASS: photo-no-methods-or-inert: reload preserves usable Notebook and exact photo data
PASS: fullscreen: unsupported control is disabled without false state or thrown handler
PASS: fullscreen: denied request leaves truthful label and working session
PASS: fullscreen: focus Pause/Resume recover after denial
PASS: fullscreen: restored supported API genuinely enters Chromium fullscreen
PASS: fullscreen: external browser API exit updates visible label
PASS: fullscreen: reentry and explicit exit track actual document state
PASS: all isolated synthetic scenarios complete without page errors
{"output":"/workspace/scratch/oda-reference-redesign/fidelity-rework/final/ssr-boundary-fix/flows/dialogs","checks":61,"errors":0,"externalBlocked":0,"sourceUnchanged":true,"failure":null}
