PASS 1: Actual Chromium IndexedDB and Web Locks are available to the real record queue
PASS 2: Ordinary actual AppProvider save pauses unreviewed cloud work and preserves the device decision
PASS 3: Actual native-branch Settings displays the truthful paused status
PASS 4: Unreviewed Account avoids a current-backup claim
PASS 5: Account Back returns to the existing Settings route
PASS 6: Actual cloud review Cancel preserves exact device and cloud bytes without fallback upload
PASS 7: Actual reviewed cloud replacement establishes current plus historical confirmation without upload
PASS 8: Durable ordinary save immediately clears current confirmation before its real debounce, retaining historical time
PASS 9: Dirty Account shows device-saved copy and the historical timestamp without calling current work backed up
PASS 10: Successful latest actual Account callback restores current confirmation
PASS 11: Actual settings stale-render Sync callback cannot roll newer acknowledged device/cloud work backward
PASS 12: Actual account stale-render Sync callback cannot roll newer acknowledged device/cloud work backward
PASS 13: Fresh render can upload the latest authoritative record and clear stale-callback failure
PASS 14: Older in-flight upload advances only its baseline while a later real durable save remains unconfirmed
PASS 15: Next latest callback uploads the newer durable decision and establishes current confirmation
PASS 16: Real separate-page IndexedDB/Web Lock writes serialize and preserve both Notebook edits plus authoritative projection
PASS 17: Actual file review Cancel preserves the current authoritative record
PASS 18: Actual import preserves the new device document and its barrier without overwriting acknowledged cloud work
PASS 19: Existing import barrier blocks manual-review fallback and keeps imported work unconfirmed
PASS 20: Actual reviewed replacement cannot cross a changed account scope
PASS 21: Actual reviewed replacement cannot cross a changed project scope
PASS 34: Observed provider/email boundaries, page errors, external attempts and failed local assets are zero
{"out":"/workspace/scratch/oda-cloud-current-record-browser","passed":34,"checks":34,"screenshots":14,"failure":null}
