PASS Normal service-worker-enabled first use requests zero MP3
PASS Final build first app load requests zero MP3
PASS Start fetches only current and next two cues
PASS Pause stops and disconnects the recorded source
PASS Resume starts from measured playback offset
PASS Repeat retires the resumed source and restarts the current cue
PASS Keyboard Home sets visible voice volume to zero
PASS Volume zero sets the active real GainNode to zero
PASS Muted repeat creates only a gain-zero recorded source
PASS Keyboard volume update reaches the active recorded GainNode
PASS End session stops and disconnects all started recorded sources
PASS No late source or fallback utterance after end
PASS Current recording request is held before decode/start
PASS stop: delayed old cue never starts or invokes fallback
PASS Current recording request is held before decode/start
PASS switch: delayed old cue never starts or invokes fallback
PASS Guided current cue load is pending before Pause
PASS Paused pending load cannot start recorded or device output
PASS Resume retries the pending current cue in the real audio context
PASS First playback writes verified current-cue bytes to native CacheStorage
PASS Offline replay re-decodes CacheStorage after another session cleared memory, with zero network requests
PASS Missing MP3 admits only the requested strict English device fallback
PASS No English fixture leaves explicit localized unavailable caption
PASS Missing MP3 admits only the requested strict English device fallback
PASS Fallback preserves English source text despite Turkish display locale
PASS Notebook words remain verbatim in the display-locale device voice with zero MP3
PASS Notebook words remain verbatim in the display-locale device voice with zero MP3
PASS Notebook words remain verbatim in the display-locale device voice with zero MP3
PASS Final guidance list retains localized fit and no MP3 preload
PASS Final guidance list retains localized fit and no MP3 preload
PASS Final guidance list retains localized fit and no MP3 preload
PASS Final guidance list retains localized fit and no MP3 preload
PASS Final guidance list retains localized fit and no MP3 preload
PASS Final guidance list retains localized fit and no MP3 preload
PASS Final guidance list retains localized fit and no MP3 preload
PASS 18 final browser cases, 35 checks
