DONE en-light-320: 19 states
DONE en-light-390: 21 states
DONE en-dark-320: 19 states
DONE en-light-1440: 19 states
DONE en-dark-390: 19 states
DONE en-dark-1440: 19 states
DONE tr-light-320: 21 states
DONE tr-light-390: 19 states
DONE tr-light-1440: 19 states
DONE tr-dark-320: 21 states
DONE tr-dark-1440: 9 states
DONE tr-dark-390: 4 states
node:internal/modules/run_main:107
    triggerUncaughtException(
    ^

browser.newContext: Target page, context or browser has been closed
    at async run (/workspace/scratch/oda-reference-redesign/hybrid-reference-ui/independent-visual/final-5aa/run-hybrid-final.mjs:102:19)
    at async file:///workspace/scratch/oda-reference-redesign/hybrid-reference-ui/independent-visual/final-5aa/run-hybrid-final.mjs:253:58 {
  log: []
}

Node.js v24.19.0
