
> oda-one-decision-away@1.0.0 check
> npm run lint && node scripts/validate-i18n.mjs && node --import tsx scripts/test-i18n.ts && node --import tsx scripts/test-notebook.ts && node --import tsx scripts/test-notebook-voice.ts && node --import tsx scripts/test-routing.ts && npm test && npm run build


> oda-one-decision-away@1.0.0 lint
> tsc --noEmit

npm notice
npm notice New major version of npm available! 11.9.0 -> 12.2.0
npm notice Changelog: https://github.com/npm/cli/releases/tag/v12.2.0
npm notice To update run: npm install -g npm@12.2.0
npm notice
tr: 6824 entries; missing keys 0; placeholder differences 0
es: 6824 entries; missing keys 0; placeholder differences 0
English-first startup, saved choices, EN/TR/ES switching, fallback and repeated placeholders passed.
✔ old backups normalize without copying or losing any legacy Dream Journal field (2.242185ms)
✔ new writing of every kind including affirmation earns 25 once; intention alone does not (1.891203ms)
✔ edit, no-op, delete and recreate preserve immutable once-per-day reward claims (0.487257ms)
✔ local writing day and existing UTC reward ceiling are separate and cap-safe (0.36991ms)
✔ 369 only counts matching written intentions, allows partial saves and retains archived histories (2.648068ms)
✔ 369 derives a real 33-day streak and preserves the achieved target after a gap (1.390084ms)
✔ 369 matches Turkish dotted/dotless uppercase pairs without stripping meaningful accents (0.448529ms)
✔ calendar streaks use local days across DST, not elapsed 24-hour periods (0.502371ms)
✔ validation rejects blank entries, future dates, past creation and excess slots without altering input (0.473247ms)
✔ legacy edits preserve photos, links and original date; unified JSON roundtrip is lossless (6.658421ms)
✔ real repository serializes concurrent writes, protects from stale saves, and honors explicit restore (10.3694ms)
✔ stale whole-document saves do not resurrect deleted legacy entries or lose new ones (1.369803ms)
✔ Notebook rebases after a delayed load against a concurrent profile and ledger save (0.911821ms)
✔ concurrent mission and Notebook reward evaluation share the same 2500 ceiling (7.296116ms)
✔ failed storage saves reject, do not push cloud or claim rewards, and queue recovers (1.272647ms)
✔ unreadable saved JSON is preserved, never silently replaced with seed data (0.197208ms)
✔ explicit local restore blocks older cloud data across failed uploads and is account/project scoped (15.062444ms)
✔ an old in-flight cloud upload cannot overwrite a newer restored snapshot or clear its marker (4.059025ms)
✔ a signed-out import binds to the first later connection and stays isolated from other accounts (4.761439ms)
ℹ tests 19
ℹ suites 0
ℹ pass 19
ℹ fail 0
ℹ cancelled 0
ℹ skipped 0
ℹ todo 0
ℹ duration_ms 66.97527
Notebook voice uses device speech only, preserves preferences and handles unavailable speech.
✔ root hosting retains history paths, including direct reloads (1.008617ms)
✔ project hosting keeps every navigation on the same static document (0.281326ms)
✔ landing URLs and non-route fragments do not become unknown routes (0.150749ms)
✔ back/forward hash entries resolve to canonical route IDs (0.127954ms)
✔ icons and service worker URLs stay under their deployment base (0.202587ms)
✔ service worker precaches only its project directory (13.813923ms)
✔ standalone support remains available offline without replacing the application shell (5.400486ms)
✔ activation preserves sibling apps and this version media cache (1.357946ms)
✔ notification defaults and legacy targets open the project hash route (1.001086ms)
✔ installed app metadata refreshes instead of retaining the cached identity (1.848879ms)
✔ installed app metadata remains available offline (0.945631ms)
ℹ tests 11
ℹ suites 0
ℹ pass 11
ℹ fail 0
ℹ cancelled 0
ℹ skipped 0
ℹ todo 0
ℹ duration_ms 33.268918

> oda-one-decision-away@1.0.0 test
> node --import tsx --test tests/*.test.ts supabase/functions/send-nudges/core.test.ts supabase/functions/send-nudges/push-worker.test.ts

✔ 600 scheduled selections are unique across 100 local calendar days and repeat only in the next cycle (3.093925ms)
✔ calendar-day index is independent of server timezone, DST boundaries and midnight UTC (0.299563ms)
✔ sender blocks private-network endpoints, embedded credentials, lookalike hosts and unexpected ports (0.302027ms)
✔ payload identifies adaptation/translation and routes stay valid for root and project hosting (1.320159ms)
✔ cron authenticator requires a substantial matching secret (8.282159ms)
✔ push event displays the real server payload without an open client (1.905635ms)
✔ unexpected push fields cannot become arbitrary notification options (0.739639ms)
✔ does not load a runtime before explicit initialization and blocks unsupported devices (1.736329ms)
✔ context retains the latest user turn, merges interrupted turns, and ignores injected roles (0.524454ms)
✔ streams accumulated visible content and disables reasoning output (1.515734ms)
✔ aborting initialization disposes the downloading runtime and allows retry (3.316611ms)
[ODA Coach] Generation failed: Error: GPU device lost: out of memory
    at Object.generate (/workspace/oda-reference-redesign/tests/ai-coach.test.ts:117:35)
    at <anonymous> (/workspace/oda-reference-redesign/src/services/aiCoach.ts:256:68)
    at Object.stream (/workspace/oda-reference-redesign/src/services/aiCoach.ts:300:5)
    at TestContext.<anonymous> (/workspace/oda-reference-redesign/tests/ai-coach.test.ts:122:30)
    at async Test.run (node:internal/test_runner/test:1389:7)
    at async Test.processPendingSubtests (node:internal/test_runner/test:960:7)
✔ cancellation drains generation, suppresses late text, and releases the next request (2.204608ms)
✔ generation failures are actionable, never become a canned coach reply, and require restart (2.793409ms)
✔ unload cancels an active operation, releases memory and supports a fresh initialization (1.632862ms)
✔ ambient renders are long independent stereo textures with finite bounded levels (162.048474ms)
✔ scene identities differ in spectrum and amplitude dynamics (31.881088ms)
✔ loop overlaps join continuous adjacent noise without a boundary spike (45.5251ms)
✔ seeds reproduce review samples and produce a new texture when changed (119.126789ms)
✔ one Sound Room track keeps one title across categories, including intentional noise reuse (0.402219ms)
✔ fresh startup seeds and absent records do not prompt for a backup (1.609497ms)
✔ empty notebook, lesson, experiment and weekly-review shells are not saved personal work (0.68057ms)
✔ the first saved journal, scripting or future letter qualifies without three older records (1.422844ms)
✔ a saved intention, gratitude note or affirmation qualifies before any decision completion (0.593949ms)
✔ an interrupted first lesson answer of zero, practice checkbox or reflection qualifies (0.651987ms)
✔ the first course plan, paused attempt or saved review qualifies independently of lesson completion (3.126604ms)
✔ one saved weekly review with no kept decisions qualifies (0.246183ms)
✔ one completion, kept decision, vision choice or dream-journal entry preserves existing eligibility (0.808344ms)
✔ a valid downloaded backup suppresses until the exact fourteen-day boundary (0.538835ms)
✔ invalid, absent and future export or cloud timestamps never suppress protection (0.761382ms)
✔ freshness compares actual ISO instants and accepts leap days without calendar normalization (0.1454ms)
✔ only configured, signed-in, recent scoped cloud success with no error suppresses the reminder (0.290149ms)
✔ a recent export still protects work when cloud sync fails, and session dismissal remains respected (0.292483ms)
✔ eligibility does not alter saved work or cloud status, and all three locales explain protection without promising sync (0.392774ms)
✔ restore safety: weekly review text cannot be an object (3.622395ms)
✔ restore safety: life score records need sortable timestamps (1.177783ms)
✔ restore safety: bridge records need their rendered amounts (1.106665ms)
✔ restore safety: a pinned dream name cannot be a React object child (1.007825ms)
✔ legacy course storage migrates into the personal record without changing other data (5.853402ms)
✔ course edits, completion, experiment plans and logs roundtrip through JSON backup (4.916764ms)
✔ a stale save from another feature retains newer lesson notes and practice logs (2.671745ms)
✔ a legacy backup keeps local courses; an explicit empty course backup clears them (2.889845ms)
✔ validation rejects malformed personal, notebook and course data before any storage write (6.168849ms)
✔ quota failures keep the entire previous record and legacy key intact, and a retry succeeds (2.796935ms)
✔ unreadable main data is never replaced by a course-only save (1.009137ms)
✔ lesson edits and re-completion retain the real-world experiment history (0.341837ms)
✔ course mutations wait for the shared write lock and rebase onto a concurrent notebook commit (1.272696ms)
✔ ledger and notebook rewards retain one UTC ceiling when the local decision day differs (23.035606ms)
✔ cloud upload captures current courses and invalid cloud backups leave local storage untouched (14.927529ms)
✔ cloud previews do not change last-sync or local data until the reviewed record is committed (3.416473ms)
✔ Bank chart keeps UTC ledger Today and date labels aligned at New York evening (28.066083ms)
✔ Bank seven-day earnings window is Sep 25 through Oct 1 for the UTC ledger day (3.599319ms)
✔ Savings includes the first displayed UTC day in net and pace, excluding opening history (5.264641ms)
✔ Savings net includes mixed first-day credits, spending and the current UTC day (3.315199ms)
✔ Bank chart formats ledger dates in selected tr UI locale (22.801ms)
✔ Bank chart formats ledger dates in selected es UI locale (26.255101ms)
✔ a welcome grant preserves the balance and supplies zero practice evidence (1.390816ms)
✔ mixed financial deposits cannot inflate distinct kept days or completed decisions (6.430295ms)
✔ practice week follows local calendar boundaries and repeated days count once (0.187984ms)
✔ reward labels distinguish symbolic unlocking from actual D$ pace estimates in every locale (0.319394ms)
✔ client and server agree on the message limits (0.768053ms)
✔ the request keeps the last 12 messages, trims each to 1500 characters and drops empty ones (0.271271ms)
✔ context is sent only when there is something to send, and is trimmed (0.284941ms)
✔ responses map to a result or a typed error (0.795444ms)
✔ the shared context holds only today, the last kept decisions and short journal lines (7.144266ms)
✔ a matching current durable document uploads and records current plus historical confirmation (23.5002ms)
✔ a stale rendered profile payload cannot roll acknowledged cloud work backward (23.73831ms)
✔ a stale rendered notebook payload cannot roll acknowledged cloud work backward (9.775239ms)
✔ a stale rendered futureSelf payload cannot roll acknowledged cloud work backward (12.915384ms)
✔ missing authoritative local record rejects a push before any cloud query (6.823671ms)
✔ invalid-json authoritative local record rejects a push before any cloud query (8.185604ms)
✔ invalid-document authoritative local record rejects a push before any cloud query (3.05799ms)
✔ a course-only stale caller uses the existing latest-course normalization and can upload (11.008898ms)
✔ an ordinary repository save invalidates current confirmation immediately and retains history (6.20219ms)
✔ a durable Notebook action invalidates confirmation without waiting for its debounce (8.120705ms)
✔ a durable course save invalidates confirmation without requiring the AppProvider event listener (5.02608ms)
✔ a save suppressed by its account guard still makes the current durable document dirty (4.844284ms)
✔ a failed durable repository write preserves previous current confirmation (6.06995ms)
✔ a failed durable notebook write preserves previous current confirmation (7.285601ms)
✔ a failed durable course write preserves previous current confirmation (6.059725ms)
✔ dirty startup does not automatically restore the same acknowledged cloud baseline over newer device work (8.834076ms)
✔ an old in-flight upload retains its remote baseline while the latest durable document remains dirty (9.862652ms)
✔ the latest queued durable payload updates after an older in-flight upload without reverting cloud or device (23.779021ms)
✔ a cloud-restore fingerprint resolve after account drift returns false without publishing obsolete status (7.625645ms)
✔ a cloud-restore fingerprint reject after account drift returns false without publishing obsolete status (4.503038ms)
✔ a cloud-restore fingerprint resolve after project drift returns false without publishing obsolete status (5.414928ms)
✔ a cloud-restore fingerprint reject after project drift returns false without publishing obsolete status (3.869188ms)
✔ a cloud-restore fingerprint resolve after local-record drift returns false without publishing obsolete status (4.303987ms)
✔ a cloud-restore fingerprint reject after local-record drift returns false without publishing obsolete status (5.209687ms)
✔ a rejected current cloud-restore fingerprint returns false, preserves durable data and reports unconfirmed backup (5.32413ms)
✔ cloud-restore acknowledgement owner-quota failure returns a boolean and keeps the durable restored record (4.734188ms)
✔ cloud-restore acknowledgement document-read failure returns a boolean and keeps the durable restored record (3.354058ms)
✔ a clean-reload confirmation fingerprint resolve after account B cannot publish account A status (4.115981ms)
✔ a clean-reload confirmation fingerprint reject after account B cannot publish account A status (3.325846ms)
✔ confirmation bootstrap after a clean reload is tied to the actual persisted document (4.200851ms)
✔ confirmation bootstrap after a dirty reload preserves device work and historical cloud time (11.123ms)
✔ a coherently hydrated external-tab edit cannot inherit another tab’s current-document confirmation (4.964336ms)
✔ a pending cloud SELECT cannot replace data after account switch (3.36805ms)
✔ a pending cloud SELECT cannot replace data after project switch (0.513878ms)
✔ a pending cloud SELECT cannot replace data after logout and reauthentication as the same account (0.802354ms)
✔ a pending cloud SELECT cannot replace data after an explicit local import barrier (0.896498ms)
✔ a pending cloud SELECT cannot replace data after newer saved personal writing (0.958812ms)
✔ a reviewed cloud restore is checked inside the write lock after account switch (11.73051ms)
✔ a reviewed cloud restore is checked inside the write lock after project switch (3.058671ms)
✔ a reviewed cloud restore is checked inside the write lock after logout and reauthentication as the same account (1.282852ms)
✔ a reviewed cloud restore is checked inside the write lock after an explicit local import barrier (1.461974ms)
✔ a reviewed cloud restore is checked inside the write lock after newer saved personal writing (1.643548ms)
✔ an unchanged reviewed cloud record commits once and records its scoped sync (6.28784ms)
✔ manual sync cannot fall back to uploading a captured previous-account snapshot (0.575732ms)
✔ a delayed automatic backup remains bound to its original account (0.374777ms)
✔ an old upload success cannot mark or emit the new cloud scope (4.146338ms)
✔ an old upload failure cannot mark or emit the new cloud scope (1.603318ms)
✔ fresh OTP sign-in cannot overwrite existing cloud work on the first ordinary save (8.489022ms)
✔ an absent cloud row is inserted once and acknowledges the returned server version and exact data (10.443171ms)
✔ offline SELECT throws and reconnect retain both records (3.786833ms)
✔ offline SELECT resolved and reconnect retain both records (1.867898ms)
✔ shared device A→B→A cannot reuse the historical acknowledgement of A after B owns the record (11.483216ms)
✔ a stale upload SELECT after account cannot write or alter current-scope status (1.428693ms)
✔ a stale upload SELECT after project cannot write or alter current-scope status (0.940224ms)
✔ a stale upload SELECT after logout-return cannot write or alter current-scope status (0.995337ms)
✔ a stale upload SELECT after local-edit cannot write or alter current-scope status (1.009278ms)
✔ a stale upload SELECT after import cannot write or alter current-scope status (4.443317ms)
✔ same-version remote content changed at the fresh read cannot authorize overwrite (3.502592ms)
✔ canonical acknowledgement treats reordered object keys as equal, but retains array order (9.991458ms)
✔ a changed remote version between SELECT and UPDATE yields zero rows and never acknowledges success (4.980975ms)
✔ an absent-row insert race preserves the winning cloud record and holds the import token (1.876141ms)
✔ empty returned write representation never acknowledges or clears import intent (1.212206ms)
✔ missing returned write representation never acknowledges or clears import intent (2.250888ms)
✔ invalid-data returned write representation never acknowledges or clears import intent (1.403515ms)
✔ invalid-version returned write representation never acknowledges or clears import intent (1.353249ms)
✔ multiple returned write representation never acknowledges or clears import intent (1.678852ms)
✔ a legacy timestamp-only acknowledgement cannot authorize an existing-row upload (1.172795ms)
✔ previewing or declining a cloud restore creates no acknowledgement and later saves remain held (2.061541ms)
✔ accepted cloud restore acknowledges the raw fetched JSON, including omitted legacy course data (5.953463ms)
✔ an explicit import facing unacknowledged existing cloud keeps bytes/token and cannot bypass review protection (1.967489ms)
✔ an explicit import into absent cloud can insert and clear only its still-current token (2.949476ms)
✔ a late write response cannot acknowledge a new account or clear a newer import token (2.497591ms)
✔ a write response cannot clear an import created while that same account upload waited (1.444508ms)
✔ acknowledgement storage failure does not report sync success or clear imported intent (5.466566ms)
✔ hash failure cannot mutate cloud or acknowledge the local record (2.911558ms)
✔ awaited remote fingerprint after account cannot authorize a stale write (2.87337ms)
✔ awaited remote fingerprint after local-edit cannot authorize a stale write (3.638509ms)
✔ awaited remote fingerprint after import cannot authorize a stale write (3.304152ms)
✔ a malformed-data SELECT pauses upload without choosing a winner (1.460531ms)
✔ a invalid-version SELECT pauses upload without choosing a winner (0.949497ms)
✔ successful upload acknowledges the actual returned server version rather than the attempted client timestamp (5.532185ms)
✔ a rejected reviewed restore cannot establish cloud acknowledgement (2.678085ms)
✔ a regressed clock advances the conditional write beyond remote microseconds 2040-01-01T00:00:00.999999Z (6.500262ms)
✔ a regressed clock advances the conditional write beyond remote microseconds 2040-01-01T00:00:00.000001+00:00 (3.953535ms)
✔ a valid returned document differing from the sent snapshot cannot establish upload permission (3.329702ms)
✔ a represented conditional write that fails to advance its version cannot be acknowledged (3.2757ms)
✔ an absent-row insert is not attempted when payload hashing is unavailable (1.063039ms)
✔ another owner recorded during hashing invalidates an earlier acknowledgement without changing device bytes (3.989851ms)
✔ another owner recorded during an upload response cannot be overwritten by its late acknowledgement (1.930342ms)
✔ an acknowledgement storage-read failure after durable restore returns false and preserves the restored record (1.622285ms)
✔ a rejected SELECT after a newer local save cannot replace that newer status (1.173407ms)
✔ a manual preview stays paused without acknowledging cloud work until an accepted commit (2.384511ms)
✔ manual review exposes unacknowledged/changed cloud at -1000ms while default startup policy remains unchanged (2.72056ms)
✔ manual review exposes unacknowledged/changed cloud at 0ms while default startup policy remains unchanged (2.360323ms)
✔ manual review exposes unacknowledged/changed cloud at 1000ms while default startup policy remains unchanged (4.333712ms)
✔ known limitation: a legacy same-version mutation after SELECT can pass timestamp-only CAS (4.98719ms)
✔ levels and monthly limits match the plan (2.048321ms)
✔ the highest active RevenueCat entitlement wins; expired ones do not count (0.378593ms)
✔ the tier cache is fresh for ten minutes (0.184469ms)
✔ requests are validated, trimmed and may be empty for a status check (0.866042ms)
✔ crisis words in English, Turkish and Spanish are caught; everyday worry is not (2.623923ms)
✔ the prompt sets the persona, safety rules and reply language; context reaches only the coach level (0.324892ms)
✔ the function keeps secrets and message text out of code and logs (0.322819ms)
✔ no AI provider secret is referenced from the app bundle code (26.928359ms)
✔ lightweight course previews and restore metadata match each real edition (4.816753ms)
✔ English editions keep every course and lesson ID of the Turkish edition (6.879735ms)
✔ every English lesson goes deeper and tells an example story (2.265981ms)
✔ every course and lesson has a real, distinct photo with alt text (0.366375ms)
✔ technique cards name their origin, give doable steps and say honestly what the evidence supports (0.794412ms)
✔ every course states its purpose, scope and outcome, with usable lesson durations (0.406826ms)
✔ the bibliography distinguishes research from guidance and includes usable HTTPS references and limitations (0.868926ms)
✔ every lesson cites existing sources and every advertised research source is used (0.427057ms)
✔ each lesson has two reading paragraphs, three distinct practice instructions and reflection support (3.723668ms)
✔ each lesson offers three distinct answers, one valid correct index and explanatory feedback (1.111333ms)
✔ every lesson has one visual; charts quote a source the lesson cites (0.610645ms)
✔ Spanish editions mirror the English structure (4.844385ms)
✔ Spanish source ids are unique (0.21783ms)
✔ stable course IDs keep their ordered lesson IDs for stored progress (1.019934ms)
✔ every course and lesson has a real, distinct photo with Turkish alt text (3.724579ms)
✔ technique cards name their origin, give doable steps and say honestly what the evidence supports (0.9315ms)
✔ every course states its purpose, scope and outcome, with usable lesson durations (0.537033ms)
✔ the bibliography distinguishes research from guidance and includes usable HTTPS references and limitations (1.17567ms)
✔ every lesson cites existing sources and every advertised research source is used (0.517653ms)
✔ each lesson has two reading paragraphs, three distinct practice instructions and reflection support (4.276153ms)
✔ each lesson offers three distinct answers, one valid correct index and explanatory feedback (0.978492ms)
✔ every lesson has one visual; charts quote a source the lesson cites (0.703986ms)
✔ every untouched course previews its real edition without creating saved learning (3.242139ms)
✔ a saved tick, answer zero, reflection or completion constitutes learning, unlike a blank record (1.818303ms)
✔ saved progress resumes each of the 103 actual lessons across all three editions and Today agrees (33.74487ms)
✔ a later draft cannot skip unfinished prerequisite lessons (0.350361ms)
✔ workbook-only plans stay available for review without inventing lesson progress (0.613609ms)
✔ ordinary saves retain an explicit view while account and same-account backup replacement invalidate it (0.149706ms)
✔ course entry instructions have matching localized keys and keep the actual lesson-number placeholder (0.439075ms)
✔ all 18 courses have distinct, actionable guides in every supported language (3.191593ms)
✔ studio is optional and initially collapsed; completed courses open their transfer practice (33.347068ms)
✔ new plans preserve optionality and keep an independent copy of private fields (0.777056ms)
✔ untrusted backup data cannot introduce unknown courses, malformed dates, duplicate entries, or oversized notes (0.902927ms)
✔ retrying the same journal entry is idempotent; paused and adapted entries retain honest observations (0.491594ms)
✔ journal keeps the most recent bounded entries and does not mutate input during normalization (0.524835ms)
✔ calendar validation handles leap days, impossible dates, and week/month/year transitions (0.179281ms)
✔ due review needs a usable plan; completing review sets a fresh revisit without losing reflection (0.259553ms)
✔ course progress saves and completed lessons keep the plan, journal, and review after an interrupted round trip (1.110101ms)
✔ a practice plan cannot unlock lessons or manufacture completion (0.357231ms)
✔ a localized portable artifact retains ordinary private text without embedding executable HTML (0.344241ms)
✔ rapid edits remain visible and are replayed in order under serialized persistence (6.683629ms)
✔ failed drafts survive later edits and a retry rebases them over unrelated saved work (0.492867ms)
✔ same-tab save notifications retain newer input while an earlier batch is committing (0.370941ms)
✔ unexpected persistence exceptions preserve private work and allow a later successful save (0.268787ms)
✔ retry clicked while a failed write is settling starts a fresh persistence attempt (0.809867ms)
✔ malformed and unsupported records recover to separate empty states (1.597919ms)
✔ unknown IDs and properties are discarded; checklists are resized with strict booleans (0.48872ms)
✔ negative, fractional, nonnumeric and out-of-range answers do not satisfy a lesson (0.571285ms)
✔ notes are bounded while their newlines and ordinary content survive (0.159562ms)
✔ tampered completion cannot bypass the exercise, answer or preceding lessons (0.245261ms)
✔ valid completed prefixes survive independently for different courses (0.207014ms)
✔ draft updates are immutable and cannot mark a lesson complete (0.205251ms)
✔ completion follows the real course in order and is idempotent (1.031672ms)
✔ editing a completed prerequisite revalidates later lessons without losing drafts (0.391012ms)
✔ caller-supplied lesson and course objects cannot change the answer or bypass a course (0.300445ms)
✔ saving and reloading preserve a completed lesson and an unfinished draft (1.311075ms)
✔ blocked storage and quota failures are reported without throwing (0.695883ms)
✔ a decision kept today takes priority over array order and an older active carry-over (1.401662ms)
✔ a newly chosen decision after a kept one remains actionable today (0.160564ms)
✔ yesterday’s completion, archived decisions, invalid timestamps and future plans never masquerade as today (0.15872ms)
✔ daily decisions use the local calendar around UTC midnight in both timezone directions (0.388027ms)
✔ a missed weekly review remains available on Wednesday and follows local Sunday boundaries (0.150928ms)
✔ weekly evidence counts actual distinct days and bounds entries to the reviewed calendar week (7.081841ms)
✔ an unfinished decision can be reviewed without inventing completed progress (0.191319ms)
✔ saving and editing a daily reflection preserves other pages, rewards once, and survives JSON backup replacement (1.100305ms)
✔ course continuation resumes selected work before the suggested course and advances to the actual incomplete lesson (0.307175ms)
✔ course continuation recognizes an interrupted first answer of zero and never offers an already completed course (0.38301ms)
✔ daily loop copy has explicit matching nonempty English, Turkish and Spanish strings (0.275528ms)
✔ concurrent retries of a kept daily decision record evidence and reward exactly once (19.737653ms)
✔ deep backup safety: reject unparseable notebook day before replacing any storage (4.803282ms)
✔ deep backup safety: reject impossible calendar day before replacing any storage (1.213948ms)
✔ deep backup safety: reject object mood rendered in journal before replacing any storage (1.044041ms)
✔ deep backup safety: reject object prompt assigned to editor before replacing any storage (1.015989ms)
✔ deep backup safety: reject unknown kind hidden by every writing surface before replacing any storage (1.254269ms)
✔ deep backup safety: reject unparseable gratitude day before replacing any storage (0.863888ms)
✔ deep backup safety: reject invalid writing activity day before replacing any storage (0.963268ms)
✔ deep backup safety: reject invalid ledger day before replacing any storage (1.138183ms)
✔ deep backup safety: reject object activity transaction reference before replacing any storage (0.966804ms)
✔ deep backup safety: reject invalid 369 start day before replacing any storage (1.248951ms)
✔ deep backup safety: reject invalid 369 history day before replacing any storage (0.832621ms)
✔ deep backup safety: reject object archive marker hiding a practice before replacing any storage (0.995387ms)
✔ deep backup safety: reject object 369 day timestamp before replacing any storage (0.907875ms)
✔ deep backup safety: reject dream instant producing an invalid display day before replacing any storage (0.776305ms)
✔ deep backup safety: reject invalid course attempt day silently dropping a note before replacing any storage (1.167668ms)
✔ deep backup safety: reject invalid course review due date before replacing any storage (0.987605ms)
✔ deep backup safety: reject invalid course review completion date before replacing any storage (0.894614ms)
✔ deep backup safety: legitimate exported writing, legacy moods, and leap days roundtrip and render (29.453443ms)
✔ deep backup safety: legacy backups without a notebook retain dream fields and local courses (0.684246ms)
✔ an earlier account sync timestamp cannot hide another account cloud record (19.543058ms)
✔ a legacy unscoped timestamp is not proof that this account is synchronized (3.913485ms)
✔ an account deletion response cannot sign out a later signed-in account (1.325567ms)
✔ an account deletion response cannot clear a new project connection (0.409049ms)
✔ a late cloud coach reply cannot be accepted in another account scope (25.542472ms)
✔ account deletion cannot start with another account after awaiting the client (0.473287ms)
✔ cloud coach context consent is isolated between accounts and projects (1.911854ms)
✔ a token refresh keeps the current account coach request valid (0.848965ms)
✔ a project change while reading a coach response also expires its content (0.556753ms)
✔ stopping the coach cancels a response body still being downloaded (0.662703ms)
✔ a queued backup cannot upload a local document rolled back while it waited (10.918902ms)
✔ the latest queued backup still uploads after a preceding slower backup (12.16007ms)
✔ returning to an earlier account cannot reuse its timestamp for another account local record (7.218338ms)
✔ a replaced dataset cannot inherit this account historical synchronization proof (5.632107ms)
✔ an owner-metadata quota failure cannot advertise a newer synchronized local record (13.247487ms)
✔ every localized course can complete and carry its notes into the other editions (28.428772ms)
✔ practice calendar keeps the local day across UTC midnight and daylight-saving weeks (0.538054ms)
✔ a transient personal-record read failure cannot replace already saved course work with an empty fallback (2.422107ms)
✔ a blocked-save session retains private edits and warning after its only view unmounts, then retries successfully (0.690636ms)
✔ explicit replacement cancels a queued old draft while allowing new edits to save after the lock releases (0.797377ms)
✔ a transient legacy-course read failure cannot overwrite the previous separate course record (0.342378ms)
✔ a different tab replacement discards old private draft before replay even when its storage event has not arrived (2.026649ms)
✔ other-tab provisional replacement notifications wait for rollback before inspecting epochs or discarding private drafts (1.729739ms)
✔ same-tab course publication runs under the lock before another tab can project a provisional replacement (0.867103ms)
✔ purchases and payments committed within one clock tick keep distinct identities (4.692264ms)
✔ habit completion dates agree with the local Today calendar on either side of UTC midnight (1.546091ms)
✔ habit yesterday and streaks count actual calendar dates through both DST changes (0.434819ms)
✔ habits roll over at local midnight and keep the previous local day history (1.917644ms)
✔ rollover fallback converts the last-opened instant to its local day (0.336329ms)
✔ date-only values display their saved day while timestamps retain instant conversion (14.041579ms)
✔ calendar formatting rejects normalized impossible days and keeps invalid values readable (0.319443ms)
✔ habit reward identity survives undo, reload and UTC midnight without paying the same local day twice (0.445154ms)
✔ local midnight cannot earn the same habit twice in the UTC reward day (0.160933ms)
✔ habit and check-in rewards share the notebook UTC ceiling, including partial and exhausted budgets (0.323049ms)
✔ a profile save captured before a decision completion retains the kept decision and its evidence (26.318256ms)
✔ concurrent purchases retain both dreams and both payments (2.4176ms)
✔ concurrent purchase checks reject a second claim for the same dream (2.74132ms)
✔ concurrent purchases check affordability against the payment that committed first (1.652052ms)
✔ concurrent savings additions retain both amounts and log entries (2.181403ms)
✔ disjoint profile changes from the same baseline both survive (1.444447ms)
✔ conflicting edits to the same profile field reject before any write and notify the UI (1.633203ms)
✔ an intentional mission deletion and reorder survive a disjoint newer settings save (1.484838ms)
✔ concurrent edits to the mission array reject rather than inventing a merged list (0.929227ms)
✔ even an identical explicit restore invalidates snapshots that were captured before it (1.904773ms)
✔ a profile write queued behind a restore cannot resurrect pre-restore writing (2.444962ms)
✔ legacy records missing transactions can merge a settings edit after a course-only write (4.946415ms)
✔ clearing and recreating the personal record invalidates earlier editable snapshots (1.255662ms)
✔ deleting imported own magic keys while another nested field changes never revives them (3.491536ms)
✔ mission evidence, generated bridges and savings logs keep unique IDs in a single clock tick (3.641213ms)
✔ all 160 shipped English cue identities/text hashes match the 11 runtime sessions (3.435582ms)
✔ every public MP3 byte count/checksum matches delivered metadata and no model/runtime is shipped (47.642602ms)
✔ all shipped decoded/container durations fit the original cue windows with at least250ms margin (0.546507ms)
✔ service worker leaves narration to the verified on-demand cache and does not precache MP3s (0.45567ms)
✔ levels are ordered free < essentials < pro < coach (1.920478ms)
✔ coach message allowances follow the product spec (0.251591ms)
✔ essential courses exist, and Turning Day is not one of them (it is free for all) (0.3441ms)
✔ nothing is locked where subscriptions cannot be bought (web), at any level (0.414889ms)
✔ free level: Turning Day in full, first lessons of the rest, first sounds of each category (0.2774ms)
✔ essentials opens the six core courses and the whole Sound Room, not the rest (0.322308ms)
✔ pro and coach open every lesson and sound (0.360616ms)
✔ six products: two per paid level, ids match the App Store spec (0.421628ms)
✔ RevenueCat entitlements resolve to the highest active level (0.702464ms)
✔ annual saving is computed from real prices only (0.365373ms)
✔ Stop cancels a cue still waiting for synthesis without starting audio (3.549925ms)
✔ deferred synthesis starts at the latest requested volume 0 (0.789365ms)
✔ deferred audio resume starts at the latest requested volume 0 (0.585316ms)
✔ deferred Settings preview preserves requested volume 0 (0.496862ms)
✔ deferred synthesis starts at the latest requested volume 0.35 (0.455455ms)
✔ deferred audio resume starts at the latest requested volume 0.35 (0.269037ms)
✔ deferred Settings preview preserves requested volume 0.35 (0.212732ms)
✔ a volume change during loading preserves stop protection (0.313755ms)
✔ a volume change during loading preserves pause-resume protection (0.249077ms)
✔ a volume change during loading preserves new-session protection (0.389429ms)
✔ a newer cue owns playback when an older synthesis resolves later (0.338262ms)
✔ Pause then Resume cannot resurrect a cue waiting for synthesis (0.223829ms)
✔ Stop also cancels a cue waiting for the audio context to resume (0.211581ms)
✔ a new cue supersedes one waiting for the audio context to resume (0.347707ms)
✔ Pause and Resume invalidate pending context-resume playback (0.293995ms)
✔ replacement immediately stops active audio while the new clip is pending (0.321607ms)
✔ stale source completion cannot clear or end the new cue (0.46887ms)
✔ Pause and Resume preserve an already-started cue without starting it twice (0.432495ms)
✔ unavailable synthesis reports failure without creating an audio source (5.806762ms)
✔ a failed audio context resume reports failure without starting playback (0.578967ms)
✔ a failed source start reports failure and never announces playback (0.357531ms)
✔ English narration cache stays the same when UI locale changes (62.015341ms)
✔ a Settings preview resolving after Stop cannot start playback (0.315928ms)
✔ a Settings preview resolving after a newer cue cannot interrupt it (0.348938ms)
✔ every approved PNG and both approval manifests remain unchanged (21.917463ms)
✔ served responsive variants match actual lossless bitstream dimensions, hashes, and complete-frame geometry (37.590111ms)
✔ all real course covers and tree stages have deployment-scoped responsive sources and retain PNG fallbacks (26.63733ms)
✔ modern-image failures retry the original; PNG and malformed failures reach the existing final fallback (0.224901ms)
✔ 3D decorative growth preserves 60 kept decisions and 30 extra blossoms (1.170292ms)
✔ 3D display normalizes invalid counts without changing the evidence source (0.196757ms)
✔ static legal pages match src/data/legal.ts (run npx tsx scripts/build-legal.ts) (1.567643ms)
✔ every language has the same sections and names the company (0.247995ms)
✔ privacy policy covers what App Review checks (0.320606ms)
✔ local day keys and day gaps follow the calendar, not UTC (1.088779ms)
✔ evidence lists kept decisions newest first and counts the last seven days (6.833185ms)
✔ comeback is kind after a lapse and silent otherwise (0.261506ms)
✔ fresh starts land on the first of the month and on Mondays (0.147613ms)
✔ simple mode lasts a week or until three kept decisions, and can be switched off (0.24437ms)
✔ the day-14 question appears once, only for people who used decisions (0.262467ms)
✔ the weekly look-back is offered on Sunday and Monday, once per week, and its change lasts a week (0.696644ms)
✔ the chain forgives one missed day a week, but not two in a row or two in a week (0.742264ms)
✔ smart reminders aim 30 minutes before the usual kept time, once there is enough history (0.446676ms)
✔ every sign-up intent points at a real course and offers three easy decisions (96.943513ms)
✔ the reminder voice keeps one line per day and never threatens a streak (1.526091ms)
✔ every iOS project and application build configuration enforces the Safari 16.4 baseline (1.283193ms)
✔ Capacitor sync keeps a compatible generated Swift package floor without lowering the app minimum (172.574896ms)
✔ installed native dependency library floors are compatible with the Swift wrapper and app (0.505135ms)
✔ native metadata cannot override the application minimum with an older target (0.891911ms)
✔ native Settings and Account use the shared code flow with device copy in en (11.421162ms)
✔ native Settings and Account use the shared code flow with device copy in tr (24.499592ms)
✔ native Settings and Account use the shared code flow with device copy in es (21.620193ms)
✔ web backup keeps its inline magic-link form and Account keeps link copy (3.757028ms)
✔ native configured signed-in backup retains sync and sign-out actions (3.014223ms)
✔ unconfigured native cloud does not offer a sign-in request (2.190567ms)
✔ actual cloud request and verification use one injected auth adapter and trim input (1.264224ms)
✔ interrupted setup restores fields without allowing a nameless final step (1.633723ms)
✔ a fresh preview seeds only an empty decision and never overwrites restored or typed text (0.176867ms)
✔ unknown, malformed and oversized setup drafts are safely bounded (0.191671ms)
✔ trial length comes only from a free intro offer (0.678678ms)
✔ native reminders: a week ahead, past times skipped, stable ids (0.695223ms)
✔ native planner rejects malformed times and keeps a bounded week inside its namespace (0.670696ms)
✔ interrupted native scheduling leaves the newest state and preserves other notifications (4.958557ms)
✔ a native plugin error does not prevent the next reminder replacement (0.38301ms)
✔ startup waits for restored account rather than temporarily identifying anonymous (2.328054ms)
✔ known sign-out and rapid identity changes are announced immediately, same-ID retry events remain usable (0.276549ms)
✔ failed authentication hydration stays unbound and never identifies anonymous or reads SDK entitlement (0.253724ms)
✔ dispose during initial hydration prevents any late entitlement initialization (0.243018ms)
✔ retry hydrates a currently unknown account before requesting identity or offerings (0.333375ms)
✔ retry with failed hydration cannot bind anonymous or make a subscription request (0.867624ms)
✔ cloud initialization callers share the real restoration promise and never finish early (35.735854ms)
✔ actual failed cloud restoration remains unknown and a later retry can establish the same account (0.896938ms)
✔ a resolved auth error is unknown identity rather than a verified anonymous account (0.694511ms)
✔ unbound init leaves cached native A untouched and exposes prices without personal claims (2.596842ms)
✔ explicitly binding cached A confirms it without login or logout (1.954539ms)
✔ desired B is recorded during native setup before any cached A customer read (7.077214ms)
✔ failed logout clears A claims synchronously and leaves purchase and restore denied (1.383204ms)
✔ staged A, B, A login requests serialize native identity mutation (2.28533ms)
✔ an A purchase settling after desired B success cannot grant B (1.129981ms)
✔ an A purchase settling after desired B cancellation cannot grant B (1.034025ms)
✔ a failed same-ID login can retry without treating desired ID as confirmed ID (0.67358ms)
✔ an offline refresh for confirmed same A preserves its verified entitlement (0.851579ms)
✔ listener payload is only invalidation and canonical aliases do not impersonate another account (1.06945ms)
✔ late A offerings cannot install A packages or personal claims into desired B (1.012163ms)
✔ late A trial eligibility cannot restore a free-trial claim during a B transition (0.827613ms)
✔ a held A customer load from initialization cannot overwrite a later desired B (0.835896ms)
✔ an A restore settling after desired B fails without applying A customer info (1.271866ms)
✔ defer during a held purchase drops trust without native calls and explicit cached-A rebind refreshes it (2.280302ms)
✔ defer during first native setup cancels the old A load and leaves cached A for an explicit rebind (0.742884ms)
✔ defer and immediate same-A rebind cannot accept the older held A customer snapshot (0.822675ms)
✔ canonical A listener refresh rejects its held snapshot if native identity externally drifts to B (0.692839ms)
✔ initial getAppUserID failure at verification read 1 leaves A unconfirmed/free and retryable (0.398303ms)
✔ initial getAppUserID failure at verification read 2 leaves A unconfirmed/free and retryable (0.247354ms)
✔ initial getAppUserID failure at verification read 3 leaves A unconfirmed/free and retryable (0.294236ms)
✔ initial getAppUserID failure at verification read 4 leaves A unconfirmed/free and retryable (0.296028ms)
✔ initial isAnonymous failure at verification read 1 leaves A unconfirmed/free and retryable (0.164159ms)
✔ initial isAnonymous failure at verification read 2 leaves A unconfirmed/free and retryable (0.173253ms)
✔ initial isAnonymous failure at verification read 3 leaves A unconfirmed/free and retryable (0.276759ms)
✔ initial isAnonymous failure at verification read 4 leaves A unconfirmed/free and retryable (0.297851ms)
✔ native paid gates apply before SDK init and after defer while the free samples stay open (0.250809ms)
✔ web and keyless native gates stay open before init and after defer without loading an SDK (0.308908ms)
✔ purchase cannot commit A after desired B arrives in nested verification microtask depth 2 (2.818788ms)
✔ purchase cannot commit A after desired B arrives in nested verification microtask depth 3 (0.774062ms)
✔ restore cannot commit A after desired B arrives in nested verification microtask depth 2 (0.710866ms)
✔ restore cannot commit A after desired B arrives in nested verification microtask depth 3 (1.881288ms)
✔ init cannot commit A after desired B arrives in nested verification microtask depth 2 (0.775243ms)
✔ init cannot commit A after desired B arrives in nested verification microtask depth 3 (0.703344ms)
✔ offerings failure is retryable without configuring or listening twice (4.581706ms)
✔ concurrent initialization shares one pending configure and plan load (5.359104ms)
✔ failed configuration can retry, while a completed setup remains single (0.512356ms)
✔ listener setup failure retries the listener without configuring again (0.358493ms)
✔ a successful empty offering may retry when plans become available (0.424693ms)
✔ free intro pricing is advertised only for confirmed eligible customers (0.923579ms)
✔ missing or failed eligibility checks keep regular prices and unknown trial status (0.540649ms)
✔ an interrupted eligibility refresh after identity change clears the earlier free-trial claim (0.313475ms)
✔ cancelled, pending and failed purchase errors remain distinct and never grant access (0.875486ms)
✔ a successful store response without the requested entitlement remains unconfirmed (0.311371ms)
✔ confirmed entitlement grants access and later SDK updates retain the real highest level (1.614524ms)
✔ restore distinguishes store failure, successful no-plan check, and active entitlement (0.647089ms)
✔ web and unconfigured native flows never load a purchase SDK or create a purchase (0.182206ms)
✔ free duration uses valid store units and cycles, without inventing 30-day months (0.136797ms)
✔ scoped EN/TR/ES uncertain purchase feedback makes no charge or reminder guarantee (0.276989ms)
✔ preserves the first 300 passages and appends exactly 100 each from faith, science and philosophy in order (1.851773ms)
✔ all 600 sourced passages have unique IDs and bilingual text without recycling legacy lines (35.802836ms)
✔ six notifications stay distinct for 100 full days, then repeat, and match the server snapshot across a year boundary (6.654705ms)
✔ local day remains stable from morning to evening; six-time migration preserves existing preferences (0.992633ms)
✔ legacy three-reminder profiles keep their evening time and gain six distinct reminders (0.320835ms)
✔ migration resolves default collisions only in missing slots and reserves later saved slots first (0.245011ms)
✔ every thinker passage links to a Gutenberg book whose text is kept in docs/quote-sources (12.060169ms)
✔ construction does no fetch/decode; current/upcoming preload reuses the current request (24.303385ms)
✔ Stop aborts loading and no late response starts a source (0.867533ms)
✔ Pause cancels original load; Resume retries current cue with a frozen slot and latest volume (1.044652ms)
✔ Pause→Stop discards current loading retry and Resume does not resurrect it (0.496502ms)
✔ new session cancels old load and only the new session owns audio (0.787542ms)
✔ active pause/resume continues the same cue offset without repeating its start or accepting stale end (1.178024ms)
✔ Replay replaces current source at offset zero and reuses decoded audio (0.423191ms)
✔ latest volume 0 wins after delayed clip loading and changes active gain (0.425605ms)
✔ latest volume 0.35 wins after delayed clip loading and changes active gain (0.321116ms)
✔ latest volume after deferred context resume and Stop/new cue protects pending resume (1.916252ms)
✔ expired loading budget and decoder duration mismatch never start audio (0.70001ms)
✔ missing bytes, bad checksum/source text and nonrunning device fail without invoking a provider (0.867093ms)
✔ verified persisted bytes permit offline replay in a new player; corrupt cached bytes are rejected (2.420194ms)
✔ a definitive recording failure cannot retry on Pause→Resume over a device fallback (0.334767ms)
✔ resumed load failure retains only bounded fallback metadata, never a resumable recording (0.436611ms)
✔ root hosting retains history paths, including direct reloads (1.141088ms)
✔ project hosting keeps every navigation on the same static document (0.284611ms)
✔ landing URLs and non-route fragments do not become unknown routes (0.12575ms)
✔ back/forward hash entries resolve to canonical route IDs (0.159311ms)
✔ icons and service worker URLs stay under their deployment base (0.181495ms)
✔ each person reads and writes only their own backup; anonymous visitors get nothing (1886.690505ms)
✔ an oversized backup is refused (1253.255617ms)
✔ cloud coach counters: people read only their own rows and cannot write or call the increment (1180.137085ms)
✔ the monthly increment stops exactly at the limit and a refund gives one back (1209.182539ms)
✔ a strict Content Security Policy ships with the page (0.797227ms)
✔ index.html has no inline scripts (the CSP forbids them) (0.202927ms)
✔ no raw HTML or eval sinks in the app code (13.091732ms)
✔ links that open a new tab cannot reach back into ODA (4.516137ms)
✔ no secret keys in the shipped code (13.300818ms)
✔ production builds carry no source maps (0.234084ms)
✔ service worker precaches only its project directory (18.208898ms)
✔ standalone support remains available offline without replacing the application shell (5.611626ms)
✔ activation preserves sibling apps and this version media cache (1.450266ms)
✔ notification defaults and legacy targets open the project hash route (5.393776ms)
✔ installed app metadata refreshes instead of retaining the cached identity (2.390369ms)
✔ installed app metadata remains available offline (1.256743ms)
✔ native free direct starts and toggles cannot start an all-paid track (2.636121ms)
✔ downgrade hard-stops owned restricted playing selection without page subscribers (30.374818ms)
✔ downgrade hard-stops owned restricted paused selection without page subscribers (35.332153ms)
✔ downgrade hard-stops owned restricted expired selection without page subscribers (13.502884ms)
✔ owned paid playing selection revokes on identityConfirmed even with a paid cached tier (0.7995ms)
✔ owned paid paused selection revokes on identityConfirmed even with a paid cached tier (0.796756ms)
✔ owned paid expired selection revokes on identityConfirmed even with a paid cached tier (2.086529ms)
✔ owned paid playing selection revokes on identityRevision even with a paid cached tier (0.503031ms)
✔ owned paid paused selection revokes on identityRevision even with a paid cached tier (0.583674ms)
✔ owned paid expired selection revokes on identityRevision even with a paid cached tier (1.265426ms)
✔ same-account confirmed paid access survives offerings loading or failed offline refresh (0.625888ms)
✔ admission reads current purchase state even if a notification has not been emitted (0.268417ms)
✔ live resume and timer change reconcile access even without a purchase notification (0.380756ms)
✔ invalid or mismatched provenance rejects {"sectionId":"relax"} without replacing audio (79.168272ms)
✔ invalid or mismatched provenance rejects {"indexInCategory":3} without replacing audio (42.032628ms)
✔ invalid or mismatched provenance rejects {"sectionId":"focus","indexInCategory":0} without replacing audio (30.656484ms)
✔ invalid or mismatched provenance rejects {"sectionId":"relax","indexInCategory":-1} without replacing audio (33.948858ms)
✔ invalid or mismatched provenance rejects {"sectionId":"relax","indexInCategory":0.5} without replacing audio (25.399755ms)
✔ invalid or mismatched provenance rejects {"sectionId":"relax","indexInCategory":99} without replacing audio (26.304055ms)
✔ essentials admits all catalog origins and preserves the timer and user volume (414.410258ms)
✔ pro admits all catalog origins and preserves the timer and user volume (220.344599ms)
✔ coach admits all catalog origins and preserves the timer and user volume (225.974254ms)
✔ each category first two entries remain free, including duplicate 432 and brown-noise origins (107.374054ms)
✔ omitted-origin admission allows any-free aliases and denies exclusively paid tracks (33.247086ms)
✔ web and unconfigured purchases keep paid sounds open through identity transitions (0.577445ms)
✔ external Focus tibetan_bowls replacement survives Sound Room downgrade (25.973262ms)
✔ external Focus waves replacement survives Sound Room downgrade (39.984677ms)
✔ purchase event during an engine start cannot publish a revoked playing selection (0.701021ms)
✔ purchase event during player publication cannot re-arm the revoked timer (0.520008ms)
✔ external waves replacement during player publication retains its untimed graph (17.261443ms)
✔ external tibetan_bowls replacement during player publication retains its untimed graph (1.377085ms)
✔ an unavailable AudioContext rejects the actual engine start without claiming playback (0.368157ms)
✔ failed buffer allocation retains entitlement ownership of the existing paid graph (39.859823ms)
✔ failed no replacement retains entitlement ownership of the existing paid graph (0.808354ms)
✔ same-track no-op cannot take revocation ownership of an external Focus graph (0.724697ms)
✔ pause publication from SoundRoom cannot fade or time the reentrant external tibetan_bowls graph (5.359164ms)
✔ pause publication from Focus cannot fade or time the reentrant external tibetan_bowls graph (3.827745ms)
✔ pause publication from SoundRoom cannot fade or time the reentrant external waves graph (31.273117ms)
✔ pause publication from Focus cannot fade or time the reentrant external waves graph (40.876657ms)
✔ setTimer publication from SoundRoom cannot fade or time the reentrant external tibetan_bowls graph (1.964575ms)
✔ setTimer publication from Focus cannot fade or time the reentrant external tibetan_bowls graph (1.751722ms)
✔ setTimer publication from SoundRoom cannot fade or time the reentrant external waves graph (22.538533ms)
✔ setTimer publication from Focus cannot fade or time the reentrant external waves graph (28.36928ms)
✔ ordinary PlayerBar timer and pause controls still act on the current external Focus graph (30.987765ms)
✔ silence or an absent audio context cannot publish a playing selection (0.449471ms)
✔ breath pacer runs at about 5.5 breaths a minute (0.8321ms)
✔ breathPhase: inhale first, then exhale, then repeats (0.712749ms)
✔ breathPhase is safe with odd input (0.136897ms)
✔ formatRemaining (0.13831ms)
✔ timer fades: a minute for sleep, short otherwise, never over half the timer (0.136266ms)
✔ arming a timer retains the independent three-second attack and actual stereo loop (86.823326ms)
✔ mute and volume respond immediately at the beginning of a timer fade (42.356058ms)
✔ mute and volume respond immediately at the middle of a timer fade (19.851305ms)
✔ mute and volume respond immediately at the end of a timer fade (28.643066ms)
✔ running fades can shorten but do not extend, and timer cancellation preserves user volume (50.009365ms)
✔ shortening a running fade with a delay cannot restore a louder envelope (131.893939ms)
✔ browsers without cancelAndHold retain the current level when shortening a fade (49.017603ms)
✔ track switches release the previous graph and repeated switches/stops bound resources (777.858328ms)
✔ stop/restart of a tone cancels its initial bowl and recurring callbacks (1.358347ms)
✔ natural bowl endings disconnect their tails while the current ambient drone continues (0.558907ms)
✔ Sound Room timer arming, pause/resume and expiry keep player state and start fade intact (53.650807ms)
✔ external restart of the same track clears the Sound Room countdown and timer selection (100.995937ms)
✔ public support is generated from the same localized help as the app (2.7739ms)
✔ each store locale links to the shipped public support artifact (0.254415ms)
✔ growth keeps an exact capped ledger through every stage boundary and beyond the canopy (6.910102ms)
✔ approved tree pixels and normalized roots match their independent asset manifest (16.122489ms)
✔ rendered paywall claims a free trial only for confirmed eligibility (47.455547ms)
✔ rendered failed offerings include an explicit retry action (6.761256ms)
✔ web paywall keeps free access and does not offer a purchase CTA (13.216009ms)
✔ unconfirmed identity shows truthful verification retry and disables buy and restore even with cached prices (5.164539ms)
✔ pending identity verification does not render a trial or an enabled restore action (2.663502ms)
✔ guided narration keeps original English text and voice with en UI (2.97849ms)
✔ guided narration keeps original English text and voice with tr UI (17.528639ms)
✔ guided narration keeps original English text and voice with es UI (16.889651ms)
✔ English inventory accepts language tags and rejects names or unrelated prefixes (0.406395ms)
✔ an explicitly selected English voice wins over a preferred device name (0.393917ms)
✔ guided speech truthfully reports unavailable with empty inventory (0.405083ms)
✔ guided speech truthfully reports unavailable with non-English inventory (0.214725ms)
✔ late English voice installation refreshes availability and unsubscribe removes listeners (0.36274ms)
✔ Notebook retains verbatim tr text, matching device voice and saved meditation preferences (0.521649ms)
✔ Notebook retains verbatim es text, matching device voice and saved meditation preferences (0.28356ms)
✔ Notebook preserves implicit device language when its voice list has not loaded (0.256228ms)
✔ unsupported device speech does not report available or queued playback (0.17153ms)
✔ empty or disabled cues leave the device queue empty (0.307205ms)
✔ nonzero device volume changes apply to the next utterance without pretending to change active speech (0.38263ms)
✔ zero device volume cancels the owned paused utterance and Resume cannot revive it (0.769355ms)
✔ Stop while device speech is paused lets a new session resume the device queue (0.338293ms)
✔ device cancel failures produce an honest false result (0.273394ms)
✔ device enqueue failures produce an honest false result (0.275838ms)
✔ new cues and Stop detach utterance handlers and ignore captured stale callbacks (0.392534ms)
✔ pause and resume keep the active browser cue, restore speaking state and reject replay while paused (0.280044ms)
✔ stop prevents a delayed provider failure from reviving an obsolete English device cue (0.375839ms)
✔ pause-resume prevents a delayed provider failure from reviving an obsolete English device cue (0.236498ms)
✔ new-cue prevents a delayed provider failure from reviving an obsolete English device cue (0.251811ms)
✔ current provider failure falls back to English device speech; a non-English inventory cannot substitute (0.469921ms)
✔ the optional recorder remains dormant until registration and receives identified current/upcoming cues (0.634371ms)
✔ registered recorder missing clip uses truthful English device fallback without a provider (0.280044ms)
✔ registered recorder overlong clip uses truthful English device fallback without a provider (0.249488ms)
✔ registered recorder wrong language uses truthful English device fallback without a provider (0.228677ms)
✔ registered recorder missing text hash uses truthful English device fallback without a provider (0.208796ms)
✔ registered recorder missing checksum uses truthful English device fallback without a provider (0.198361ms)
✔ registered recorder missing version uses truthful English device fallback without a provider (0.259052ms)
✔ registered recorder wrong cue identity uses truthful English device fallback without a provider (0.211881ms)
✔ registered recorder expired cue slot uses truthful English device fallback without a provider (0.218972ms)
✔ registered recorder unbounded cue slot uses truthful English device fallback without a provider (0.203047ms)
✔ a recorder hash/source verification failure falls back, and absent English speech reports unavailable (0.29706ms)
✔ new cues stop clips and stale recorded callbacks/failures cannot change current playback (0.413877ms)
✔ recorded pause invalidates pending start/fallback even after resume, and Stop invalidates callbacks (0.304631ms)
✔ current recorded load failure falls back to English and unregistering restores device narration (0.333565ms)
✔ synchronous recorded verification and playback errors truthfully queue English fallback (0.334907ms)
✔ a recorded request that already ended cannot later fall back and revive the cue (0.228666ms)
✔ actual playback mode stays loading until recorded start and reports English device fallback (0.483542ms)
✔ a resumed recording failure uses only installed English device speech and rejects stale resume fallback (0.486666ms)
✔ registered recorded volume receives current preference and live zero/nonzero changes (0.326474ms)
ℹ tests 597
ℹ suites 0
ℹ pass 597
ℹ fail 0
ℹ cancelled 0
ℹ skipped 0
ℹ todo 0
ℹ duration_ms 10043.480288
npm notice
npm notice New major version of npm available! 11.9.0 -> 12.2.0
npm notice Changelog: https://github.com/npm/cli/releases/tag/v12.2.0
npm notice To update run: npm install -g npm@12.2.0
npm notice

> oda-one-decision-away@1.0.0 build
> vite build

vite v6.4.3 building for production...
<script src="/one-decision-away/theme-init.js"> in "/index.html" can't be bundled without type="module" attribute
transforming...
✓ 3388 modules transformed.
rendering chunks...
[plugin vite:reporter] 
(!) /workspace/oda-reference-redesign/src/services/cloudSync.ts is dynamically imported by /workspace/oda-reference-redesign/src/main.tsx but also statically imported by /workspace/oda-reference-redesign/src/components/BackupAndCloudSettings.tsx, /workspace/oda-reference-redesign/src/components/BackupReminder.tsx, /workspace/oda-reference-redesign/src/components/DailyNudgesSettings.tsx, /workspace/oda-reference-redesign/src/pages/Account.tsx, /workspace/oda-reference-redesign/src/pages/Coach.tsx, /workspace/oda-reference-redesign/src/pages/Upgrade.tsx, /workspace/oda-reference-redesign/src/services/cloudCoach.ts, /workspace/oda-reference-redesign/src/services/courseProgress.ts, /workspace/oda-reference-redesign/src/services/pushNotifications.ts, /workspace/oda-reference-redesign/src/services/repository.ts, /workspace/oda-reference-redesign/src/services/useCloudState.ts, /workspace/oda-reference-redesign/src/store/useApp.tsx, dynamic import will not move module into another chunk.

computing gzip size...
dist/index.html                                                       3.43 kB │ gzip:     1.14 kB
dist/assets/hanken-grotesk-vietnamese-wght-normal-CHiFlh_0.woff2      9.32 kB
dist/assets/hanken-grotesk-latin-ext-wght-normal-Dg-wlmqe.woff2      19.59 kB
dist/assets/newsreader-vietnamese-opsz-normal-BjhtXyW2.woff2         27.25 kB
dist/assets/newsreader-vietnamese-opsz-italic-DTr-ymY4.woff2         27.90 kB
dist/assets/hanken-grotesk-latin-wght-normal-CaVRRdDk.woff2          34.70 kB
dist/assets/newsreader-latin-ext-opsz-normal-BQn1nviT.woff2          86.61 kB
dist/assets/newsreader-latin-ext-opsz-italic-CSPGnFdO.woff2          95.54 kB
dist/assets/newsreader-latin-opsz-normal-s-izfB6B.woff2             132.00 kB
dist/assets/newsreader-latin-opsz-italic-kJKFiXvB.woff2             146.87 kB
dist/assets/aiCoach.worker-C60CQ1Xm.js                            6,039.34 kB
dist/assets/Today-D76Bu5Fr.css                                        4.80 kB │ gzip:     1.29 kB
dist/assets/Coach-6QKBAJWv.css                                        6.87 kB │ gzip:     2.29 kB
dist/assets/workingSurfaces-C_QYHkGt.css                             11.94 kB │ gzip:     2.77 kB
dist/assets/Notebook-BkOktFbP.css                                    14.26 kB │ gzip:     2.83 kB
dist/assets/SoundRoom-DXOAzWrc.css                                   19.05 kB │ gzip:     4.65 kB
dist/assets/Courses-BKn5AeI_.css                                     34.16 kB │ gzip:     5.96 kB
dist/assets/index-BD7SNJOJ.css                                      110.59 kB │ gzip:    23.16 kB
dist/assets/de-FmFgRqLi.js                                            0.03 kB │ gzip:     0.05 kB
dist/assets/fr-FmFgRqLi.js                                            0.03 kB │ gzip:     0.05 kB
dist/assets/it-FmFgRqLi.js                                            0.03 kB │ gzip:     0.05 kB
dist/assets/ru-FmFgRqLi.js                                            0.03 kB │ gzip:     0.05 kB
dist/assets/web-CskKLkMS.js                                           0.18 kB │ gzip:     0.16 kB
dist/assets/useCloudState-BxilgMSA.js                                 0.20 kB │ gzip:     0.18 kB
dist/assets/chevron-right-Dk4AvARt.js                                 0.30 kB │ gzip:     0.25 kB
dist/assets/square-DbBkiPzr.js                                        0.32 kB │ gzip:     0.26 kB
dist/assets/arrow-up-right-D0_vhS3A.js                                0.34 kB │ gzip:     0.27 kB
dist/assets/search-QIWbOoBn.js                                        0.35 kB │ gzip:     0.28 kB
dist/assets/circle-check-tqhD34PD.js                                  0.35 kB │ gzip:     0.28 kB
dist/assets/user-round-ECo4xOCG.js                                    0.36 kB │ gzip:     0.28 kB
dist/assets/rotate-ccw-BOU4rV6P.js                                    0.37 kB │ gzip:     0.29 kB
dist/assets/index-i0f5oDTU.js                                         0.38 kB │ gzip:     0.27 kB
dist/assets/mail-CaIDhrim.js                                          0.39 kB │ gzip:     0.31 kB
dist/assets/moon-DtpjdrAp.js                                          0.39 kB │ gzip:     0.31 kB
dist/assets/headphones-B2J0Ywgm.js                                    0.41 kB │ gzip:     0.29 kB
dist/assets/timer-xETT-D-3.js                                         0.41 kB │ gzip:     0.29 kB
dist/assets/wind-CJN7zQB5.js                                          0.42 kB │ gzip:     0.30 kB
dist/assets/archive-5tgcWrpA.js                                       0.43 kB │ gzip:     0.31 kB
dist/assets/route-DoxUuP0x.js                                         0.43 kB │ gzip:     0.31 kB
dist/assets/lock-keyhole-B_5Qx_Kq.js                                  0.43 kB │ gzip:     0.33 kB
dist/assets/index--_UcbIIZ.js                                         0.45 kB │ gzip:     0.28 kB
dist/assets/pencil-M4yShhvF.js                                        0.45 kB │ gzip:     0.33 kB
dist/assets/pen-line-C6ofqHxM.js                                      0.45 kB │ gzip:     0.33 kB
dist/assets/index-DYqaPQxB.js                                         0.48 kB │ gzip:     0.29 kB
dist/assets/refresh-cw-DTNn3X7T.js                                    0.50 kB │ gzip:     0.33 kB
dist/assets/trash-2-BpmI0zHC.js                                       0.50 kB │ gzip:     0.32 kB
dist/assets/share-2-CV93OQE9.js                                       0.53 kB │ gzip:     0.34 kB
dist/assets/shuffle-DAYzuC9z.js                                       0.56 kB │ gzip:     0.35 kB
dist/assets/sun-moon-mzfFoIff.js                                      0.57 kB │ gzip:     0.38 kB
dist/assets/waves-B7RmlfIC.js                                         0.60 kB │ gzip:     0.32 kB
dist/assets/sparkles-D58HqfDJ.js                                      0.67 kB │ gzip:     0.39 kB
dist/assets/calendar-days-CXAi6JbV.js                                 0.67 kB │ gzip:     0.37 kB
dist/assets/index-C4QR9HHK.js                                         0.67 kB │ gzip:     0.42 kB
dist/assets/trending-up-IHmrAoEt.js                                   0.69 kB │ gzip:     0.34 kB
dist/assets/index-CN5HJqwj.js                                         0.72 kB │ gzip:     0.41 kB
dist/assets/music-DCnjqk-t.js                                         0.75 kB │ gzip:     0.39 kB
dist/assets/purchaseIdentityBinding-tFcjnp2u.js                       0.78 kB │ gzip:     0.34 kB
dist/assets/Focus-C84K9gUh.js                                         0.87 kB │ gzip:     0.47 kB
dist/assets/web-IcDakheN.js                                           0.90 kB │ gzip:     0.43 kB
dist/assets/web-Bmt0_oN1.js                                           1.06 kB │ gzip:     0.52 kB
dist/assets/courseEntryCopy-ClIZWujk.js                               1.35 kB │ gzip:     0.72 kB
dist/assets/Legal-CQbirf1G.js                                         2.00 kB │ gzip:     0.91 kB
dist/assets/growth-CtfcX3mW.js                                        2.07 kB │ gzip:     0.92 kB
dist/assets/account-BQbpgi4m.js                                       2.95 kB │ gzip:     1.37 kB
dist/assets/Support-Co0DyqjZ.js                                       3.54 kB │ gzip:     1.25 kB
dist/assets/Seasons-CSWTdv2A.js                                       3.65 kB │ gzip:     1.29 kB
dist/assets/rewards-7Qy2fTeT.js                                       4.17 kB │ gzip:     1.81 kB
dist/assets/Budget-D7nHrzXJ.js                                        4.45 kB │ gzip:     1.70 kB
dist/assets/web-8NI71sAD.js                                           4.65 kB │ gzip:     1.40 kB
dist/assets/Evidence-mtSG4JpN.js                                      5.45 kB │ gzip:     2.00 kB
dist/assets/Tools-Dqty-xs7.js                                         5.60 kB │ gzip:     2.18 kB
dist/assets/Missions-ApfRW6UJ.js                                      5.65 kB │ gzip:     2.05 kB
dist/assets/LifeScore-CZhj84AH.js                                     5.72 kB │ gzip:     1.92 kB
dist/assets/CourseCover-B9WCnuD9.js                                   6.18 kB │ gzip:     2.85 kB
dist/assets/Bridge-DGIy-7Jr.js                                        6.53 kB │ gzip:     1.96 kB
dist/assets/FutureSelf-BXk1efBD.js                                    6.86 kB │ gzip:     1.94 kB
dist/assets/MissionFlows-DhXs66xA.js                                  8.10 kB │ gzip:     2.50 kB
dist/assets/index-DmgWHqGY.js                                         8.72 kB │ gzip:     3.31 kB
dist/assets/web-CEXad7Dh.js                                          10.19 kB │ gzip:     2.10 kB
dist/assets/purchases-B_zo2KsA.js                                    10.51 kB │ gzip:     3.49 kB
dist/assets/PublicTwoFutures-Buj7UtpV.js                             11.24 kB │ gzip:     3.71 kB
dist/assets/Account-CKs3aGJG.js                                      11.76 kB │ gzip:     3.62 kB
dist/assets/support-0uPUAYn7.js                                      11.79 kB │ gzip:     4.95 kB
dist/assets/DreamArt-ByUaptry.js                                     12.84 kB │ gzip:     2.50 kB
dist/assets/FocusTimerHub-D_WrnCay.js                                15.21 kB │ gzip:     4.32 kB
dist/assets/Me-CL6rf5xn.js                                           16.31 kB │ gzip:     5.69 kB
dist/assets/Upgrade-T0bICzrw.js                                      19.68 kB │ gzip:     6.40 kB
dist/assets/TwoFutures-Ckq4zV7a.js                                   19.69 kB │ gzip:     5.43 kB
dist/assets/media-2mgEiOLR.js                                        23.75 kB │ gzip:     9.29 kB
dist/assets/SoundRoom-zt_zl2NG.js                                    26.67 kB │ gzip:     9.71 kB
dist/assets/Bank-8E_NQFg3.js                                         29.78 kB │ gzip:     8.21 kB
dist/assets/Settings-UtXjgjB5.js                                     41.22 kB │ gzip:    12.88 kB
dist/assets/Coach-DUGMyTWv.js                                        49.37 kB │ gzip:    16.12 kB
dist/assets/Notebook-DKZGfjfd.js                                     51.75 kB │ gzip:    14.88 kB
dist/assets/Dreams-odwagsIU.js                                       53.11 kB │ gzip:    14.99 kB
dist/assets/DailyMicroHabits-BcX8BQ4k.js                             56.82 kB │ gzip:    14.79 kB
dist/assets/Progress-CzOdlkwt.js                                     75.84 kB │ gzip:    18.19 kB
dist/assets/Courses-BCviDTBV.js                                     112.20 kB │ gzip:    35.93 kB
dist/assets/motion-HNvQpnN_.js                                      128.88 kB │ gzip:    42.38 kB
dist/assets/Today-pC5jrgYR.js                                       140.65 kB │ gzip:    43.60 kB
dist/assets/supabase--wUpN4Ei.js                                    228.14 kB │ gzip:    59.28 kB
dist/assets/react-5GCfeWye.js                                       229.42 kB │ gzip:    71.53 kB
dist/assets/genai-DNIGCYRr.js                                       409.93 kB │ gzip:    72.77 kB
dist/assets/charts-Bzd-XkHo.js                                      431.58 kB │ gzip:   124.87 kB
dist/assets/tr-COHWLD3Y.js                                          561.39 kB │ gzip:   219.33 kB
dist/assets/es-qQNFzrdv.js                                          573.85 kB │ gzip:   217.68 kB
dist/assets/index-EH0Rhsza.js                                       951.68 kB │ gzip:   308.77 kB
dist/assets/courses-CKtnra3s.js                                   2,510.75 kB │ gzip:   813.28 kB
dist/assets/index-BMm9S-UO.js                                     5,959.05 kB │ gzip: 2,123.39 kB

(!) Some chunks are larger than 700 kB after minification. Consider:
- Using dynamic import() to code-split the application
- Use build.rollupOptions.output.manualChunks to improve chunking: https://rollupjs.org/configuration-options/#output-manualchunks
- Adjust chunk size limit for this warning via build.chunkSizeWarningLimit.
✓ built in 10.27s
npm notice
npm notice New major version of npm available! 11.9.0 -> 12.2.0
npm notice Changelog: https://github.com/npm/cli/releases/tag/v12.2.0
npm notice To update run: npm install -g npm@12.2.0
npm notice
npm notice
npm notice New major version of npm available! 11.9.0 -> 12.2.0
npm notice Changelog: https://github.com/npm/cli/releases/tag/v12.2.0
npm notice To update run: npm install -g npm@12.2.0
npm notice
