today-en-320 {"client":320,"scroll":320,"active":{"tag":"BODY","id":"","text":"\n    Skip to contentONE DECISIONAWAYTodayDreamsNotebookAI coachMeLearn & reflectCoursesYour evidence"},"overflow":[]}
decision-en-320 {"client":320,"scroll":320,"active":{"tag":"BODY","id":"","text":"\n    Skip to contentToday’s One Decision is locked in. Complete it to earn D$500!ONE DECISIONAWAYTod"},"overflow":[]}
two-minute-en-320 {"client":320,"scroll":320,"active":{"tag":"BUTTON","id":"","text":""},"overflow":[]}
courses-en-320 {"client":320,"scroll":320,"active":{"tag":"H1","id":"","text":"Find your next step."},"overflow":[]}
overview-en-320 {"client":320,"scroll":320,"active":{"tag":"H1","id":"course-overview-title","text":"Procrastination"},"overflow":[]}
lesson-en-320 {"client":320,"scroll":320,"active":{"tag":"H1","id":"","text":"The feeling behind putting things off"},"overflow":[]}
workbook-en-320 {"client":320,"scroll":320,"active":{"tag":"TEXTAREA","id":"practice-procrastination-action","text":""},"overflow":[]}
today-tr-320 {"client":320,"scroll":320,"active":{"tag":"BODY","id":"","text":"\n    İçeriğe geçONE DECISIONAWAYBugünHayallerDefterAI KoçBenÖğren ve düşünKurslarKanıtlarınSes Odası"},"overflow":[]}
decision-tr-320 {"client":320,"scroll":320,"active":{"tag":"BODY","id":"","text":"\n    İçeriğe geçBugünün Tek Kararı belirlendi. Tamamla ve D$500 kazan!ONE DECISIONAWAYBugünHayallerD"},"overflow":[]}
two-minute-tr-320 {"client":320,"scroll":320,"active":{"tag":"BUTTON","id":"","text":""},"overflow":[]}
courses-tr-320 {"client":320,"scroll":320,"active":{"tag":"H1","id":"","text":"Bir sonraki adımını bul."},"overflow":[]}
overview-tr-320 {"client":320,"scroll":320,"active":{"tag":"H1","id":"course-overview-title","text":"Erteleme"},"overflow":[]}
lesson-tr-320 {"client":320,"scroll":320,"active":{"tag":"H1","id":"","text":"Ertelemenin ardındaki his"},"overflow":[]}
workbook-tr-320 {"client":320,"scroll":320,"active":{"tag":"TEXTAREA","id":"practice-procrastination-action","text":""},"overflow":[]}
today-es-320 {"client":320,"scroll":320,"active":{"tag":"BODY","id":"","text":"\n    Ir al contenidoONE DECISIONAWAYHoySueñosCuadernoCoach IAYoAprende y reflexionaCursosTus pruebas"},"overflow":[]}
decision-es-320 {"client":320,"scroll":320,"active":{"tag":"BODY","id":"","text":"\n    Ir al contenidoLa Decisión de hoy está definida. ¡Complétala para ganar D$500!ONE DECISIONAWAYH"},"overflow":[]}
two-minute-es-320 {"client":320,"scroll":320,"active":{"tag":"BUTTON","id":"","text":""},"overflow":[]}
courses-es-320 {"client":320,"scroll":320,"active":{"tag":"H1","id":"","text":"Encuentra tu próximo paso."},"overflow":[]}
overview-es-320 {"client":320,"scroll":320,"active":{"tag":"H1","id":"course-overview-title","text":"Procrastinación"},"overflow":[]}
lesson-es-320 {"client":320,"scroll":320,"active":{"tag":"H1","id":"","text":"El sentimiento detrás de dejar las cosas para después"},"overflow":[]}
workbook-es-320 {"client":320,"scroll":320,"active":{"tag":"TEXTAREA","id":"practice-procrastination-action","text":""},"overflow":[]}
today-en-390 {"client":390,"scroll":390,"active":{"tag":"BODY","id":"","text":"\n    Skip to contentONE DECISIONAWAYTodayDreamsNotebookAI coachMeLearn & reflectCoursesYour evidence"},"overflow":[]}
decision-en-390 {"client":390,"scroll":390,"active":{"tag":"BODY","id":"","text":"\n    Skip to contentToday’s One Decision is locked in. Complete it to earn D$500!ONE DECISIONAWAYTod"},"overflow":[]}
two-minute-en-390 {"client":390,"scroll":390,"active":{"tag":"BUTTON","id":"","text":""},"overflow":[]}
courses-en-390 {"client":390,"scroll":390,"active":{"tag":"H1","id":"","text":"Find your next step."},"overflow":[]}
overview-en-390 {"client":390,"scroll":390,"active":{"tag":"H1","id":"course-overview-title","text":"Procrastination"},"overflow":[]}
lesson-en-390 {"client":390,"scroll":390,"active":{"tag":"H1","id":"","text":"The feeling behind putting things off"},"overflow":[]}
workbook-en-390 {"client":390,"scroll":390,"active":{"tag":"TEXTAREA","id":"practice-procrastination-action","text":""},"overflow":[]}
today-tr-390 {"client":390,"scroll":390,"active":{"tag":"BODY","id":"","text":"\n    İçeriğe geçONE DECISIONAWAYBugünHayallerDefterAI KoçBenÖğren ve düşünKurslarKanıtlarınSes Odası"},"overflow":[]}
decision-tr-390 {"client":390,"scroll":390,"active":{"tag":"BODY","id":"","text":"\n    İçeriğe geçBugünün Tek Kararı belirlendi. Tamamla ve D$500 kazan!ONE DECISIONAWAYBugünHayallerD"},"overflow":[]}
two-minute-tr-390 {"client":390,"scroll":390,"active":{"tag":"BUTTON","id":"","text":""},"overflow":[]}
courses-tr-390 {"client":390,"scroll":390,"active":{"tag":"H1","id":"","text":"Bir sonraki adımını bul."},"overflow":[]}
overview-tr-390 {"client":390,"scroll":390,"active":{"tag":"H1","id":"course-overview-title","text":"Erteleme"},"overflow":[]}
lesson-tr-390 {"client":390,"scroll":390,"active":{"tag":"H1","id":"","text":"Ertelemenin ardındaki his"},"overflow":[]}
workbook-tr-390 {"client":390,"scroll":390,"active":{"tag":"TEXTAREA","id":"practice-procrastination-action","text":""},"overflow":[]}
today-es-390 {"client":390,"scroll":390,"active":{"tag":"BODY","id":"","text":"\n    Ir al contenidoONE DECISIONAWAYHoySueñosCuadernoCoach IAYoAprende y reflexionaCursosTus pruebas"},"overflow":[]}
decision-es-390 {"client":390,"scroll":390,"active":{"tag":"BODY","id":"","text":"\n    Ir al contenidoLa Decisión de hoy está definida. ¡Complétala para ganar D$500!ONE DECISIONAWAYH"},"overflow":[]}
two-minute-es-390 {"client":390,"scroll":390,"active":{"tag":"BUTTON","id":"","text":""},"overflow":[]}
courses-es-390 {"client":390,"scroll":390,"active":{"tag":"H1","id":"","text":"Encuentra tu próximo paso."},"overflow":[]}
overview-es-390 {"client":390,"scroll":390,"active":{"tag":"H1","id":"course-overview-title","text":"Procrastinación"},"overflow":[]}
lesson-es-390 {"client":390,"scroll":390,"active":{"tag":"H1","id":"","text":"El sentimiento detrás de dejar las cosas para después"},"overflow":[]}
workbook-es-390 {"client":390,"scroll":390,"active":{"tag":"TEXTAREA","id":"practice-procrastination-action","text":""},"overflow":[]}
