PASS en-320: real discovery selection owns both visible player titles and active row
PASS en-320: expanded Pause and compact Resume reflect the same actual playback state
PASS en-320: all real native timer choices and localized no-timer label stay readable and operable
PASS en-320: native keyboard selects first and final timer choices
PASS en-320: pause freezes countdown, resume retains timer choice and explicit cancellation removes countdown
PASS en-320: native volume keyboard preserves zero and real step value
PASS en-320: Sound controls do not manufacture focus completions, rewards or mission changes
PASS en-320: keyboard category selection resumes its saved real tab after reload
PASS en-390: real discovery selection owns both visible player titles and active row
PASS en-390: expanded Pause and compact Resume reflect the same actual playback state
PASS en-390: all real native timer choices and localized no-timer label stay readable and operable
PASS en-390: native keyboard selects first and final timer choices
PASS en-390: pause freezes countdown, resume retains timer choice and explicit cancellation removes countdown
PASS en-390: native volume keyboard preserves zero and real step value
PASS en-390: Sound controls do not manufacture focus completions, rewards or mission changes
PASS en-390: keyboard category selection resumes its saved real tab after reload
PASS tr-320: real discovery selection owns both visible player titles and active row
PASS tr-320: expanded Pause and compact Resume reflect the same actual playback state
PASS tr-320: all real native timer choices and localized no-timer label stay readable and operable
PASS tr-320: native keyboard selects first and final timer choices
PASS tr-320: pause freezes countdown, resume retains timer choice and explicit cancellation removes countdown
PASS tr-320: native volume keyboard preserves zero and real step value
PASS tr-320: Sound controls do not manufacture focus completions, rewards or mission changes
PASS tr-320: keyboard category selection resumes its saved real tab after reload
PASS tr-390: real discovery selection owns both visible player titles and active row
PASS tr-390: expanded Pause and compact Resume reflect the same actual playback state
PASS tr-390: all real native timer choices and localized no-timer label stay readable and operable
PASS tr-390: native keyboard selects first and final timer choices
PASS tr-390: pause freezes countdown, resume retains timer choice and explicit cancellation removes countdown
PASS tr-390: native volume keyboard preserves zero and real step value
PASS tr-390: Sound controls do not manufacture focus completions, rewards or mission changes
PASS tr-390: keyboard category selection resumes its saved real tab after reload
PASS es-320: real discovery selection owns both visible player titles and active row
PASS es-320: expanded Pause and compact Resume reflect the same actual playback state
PASS es-320: all real native timer choices and localized no-timer label stay readable and operable
PASS es-320: native keyboard selects first and final timer choices
PASS es-320: pause freezes countdown, resume retains timer choice and explicit cancellation removes countdown
PASS es-320: native volume keyboard preserves zero and real step value
PASS es-320: Sound controls do not manufacture focus completions, rewards or mission changes
PASS es-320: keyboard category selection resumes its saved real tab after reload
PASS es-390: real discovery selection owns both visible player titles and active row
PASS es-390: expanded Pause and compact Resume reflect the same actual playback state
PASS es-390: all real native timer choices and localized no-timer label stay readable and operable
PASS es-390: native keyboard selects first and final timer choices
PASS es-390: pause freezes countdown, resume retains timer choice and explicit cancellation removes countdown
PASS es-390: native volume keyboard preserves zero and real step value
PASS es-390: Sound controls do not manufacture focus completions, rewards or mission changes
PASS es-390: keyboard category selection resumes its saved real tab after reload
{"status":"passed","cases":6,"checks":48,"errors":0}
