
> oda-one-decision-away@1.0.0 build
> vite build

vite v6.4.3 building for production...
<script src="/one-decision-away/theme-init.js"> in "/index.html" can't be bundled without type="module" attribute
transforming...
✓ 3399 modules transformed.
rendering chunks...
[plugin vite:reporter] 
(!) /workspace/oda-reference-redesign/src/services/cloudSync.ts is dynamically imported by /workspace/oda-reference-redesign/src/main.tsx but also statically imported by /workspace/oda-reference-redesign/src/components/BackupAndCloudSettings.tsx, /workspace/oda-reference-redesign/src/components/BackupReminder.tsx, /workspace/oda-reference-redesign/src/components/DailyNudgesSettings.tsx, /workspace/oda-reference-redesign/src/pages/Account.tsx, /workspace/oda-reference-redesign/src/pages/Coach.tsx, /workspace/oda-reference-redesign/src/pages/Upgrade.tsx, /workspace/oda-reference-redesign/src/services/cloudCoach.ts, /workspace/oda-reference-redesign/src/services/courseProgress.ts, /workspace/oda-reference-redesign/src/services/pushNotifications.ts, /workspace/oda-reference-redesign/src/services/repository.ts, /workspace/oda-reference-redesign/src/services/useCloudState.ts, /workspace/oda-reference-redesign/src/store/useApp.tsx, dynamic import will not move module into another chunk.

computing gzip size...
dist/index.html                                                       3.43 kB │ gzip:     1.13 kB
dist/assets/hanken-grotesk-vietnamese-wght-normal-CHiFlh_0.woff2      9.32 kB
dist/assets/hanken-grotesk-latin-ext-wght-normal-Dg-wlmqe.woff2      19.59 kB
dist/assets/newsreader-vietnamese-opsz-normal-BjhtXyW2.woff2         27.25 kB
dist/assets/newsreader-vietnamese-opsz-italic-DTr-ymY4.woff2         27.90 kB
dist/assets/hanken-grotesk-latin-wght-normal-CaVRRdDk.woff2          34.70 kB
dist/assets/newsreader-latin-ext-opsz-normal-BQn1nviT.woff2          86.61 kB
dist/assets/newsreader-latin-ext-opsz-italic-CSPGnFdO.woff2          95.54 kB
dist/assets/newsreader-latin-opsz-normal-s-izfB6B.woff2             132.00 kB
dist/assets/newsreader-latin-opsz-italic-kJKFiXvB.woff2             146.87 kB
dist/assets/aiCoach.worker-C60CQ1Xm.js                            6,039.34 kB
dist/assets/Today-D76Bu5Fr.css                                        4.80 kB │ gzip:     1.29 kB
dist/assets/Coach-6QKBAJWv.css                                        6.87 kB │ gzip:     2.29 kB
dist/assets/workingSurfaces-Ug3LNMJ2.css                             16.63 kB │ gzip:     3.55 kB
dist/assets/SoundRoom-w5AM9VHB.css                                   19.44 kB │ gzip:     4.72 kB
dist/assets/Notebook-BtNEN5vl.css                                    23.97 kB │ gzip:     4.31 kB
dist/assets/courseNavigationIntent-C0ky-Yq1.css                      37.68 kB │ gzip:     6.56 kB
dist/assets/index-BH5El-p7.css                                      110.55 kB │ gzip:    23.15 kB
dist/assets/de-FmFgRqLi.js                                            0.03 kB │ gzip:     0.05 kB
dist/assets/fr-FmFgRqLi.js                                            0.03 kB │ gzip:     0.05 kB
dist/assets/it-FmFgRqLi.js                                            0.03 kB │ gzip:     0.05 kB
dist/assets/ru-FmFgRqLi.js                                            0.03 kB │ gzip:     0.05 kB
dist/assets/web-DbfkFRS8.js                                           0.18 kB │ gzip:     0.16 kB
dist/assets/useCloudState-BR5Ls21h.js                                 0.20 kB │ gzip:     0.18 kB
dist/assets/chevron-right-CcS6RD4U.js                                 0.30 kB │ gzip:     0.25 kB
dist/assets/square-BJRDAi9h.js                                        0.32 kB │ gzip:     0.26 kB
dist/assets/arrow-up-right-CntihL7y.js                                0.34 kB │ gzip:     0.27 kB
dist/assets/search-CjqGDLUj.js                                        0.35 kB │ gzip:     0.28 kB
dist/assets/circle-check-B1fTrU52.js                                  0.35 kB │ gzip:     0.28 kB
dist/assets/user-round-h7WKBxtC.js                                    0.36 kB │ gzip:     0.28 kB
dist/assets/rotate-ccw-B-sGaoCB.js                                    0.37 kB │ gzip:     0.29 kB
dist/assets/index-DZmS3HxD.js                                         0.38 kB │ gzip:     0.27 kB
dist/assets/mail-D1U8jlaw.js                                          0.39 kB │ gzip:     0.31 kB
dist/assets/moon-C8ZnMOnT.js                                          0.39 kB │ gzip:     0.31 kB
dist/assets/headphones-a66MjhMN.js                                    0.41 kB │ gzip:     0.29 kB
dist/assets/timer-i_PEumcA.js                                         0.41 kB │ gzip:     0.29 kB
dist/assets/wind-IsBECpdy.js                                          0.42 kB │ gzip:     0.30 kB
dist/assets/archive-B3Dxkkt5.js                                       0.43 kB │ gzip:     0.31 kB
dist/assets/route-hFaDu-yG.js                                         0.43 kB │ gzip:     0.31 kB
dist/assets/lock-keyhole-DIL6Ds7H.js                                  0.43 kB │ gzip:     0.33 kB
dist/assets/index-BtorcjuM.js                                         0.45 kB │ gzip:     0.28 kB
dist/assets/pencil-Dx6jdzcP.js                                        0.45 kB │ gzip:     0.33 kB
dist/assets/pen-line-L7Fl_-Nd.js                                      0.45 kB │ gzip:     0.33 kB
dist/assets/index-BNYawzRf.js                                         0.48 kB │ gzip:     0.29 kB
dist/assets/refresh-cw-DxdIz0rz.js                                    0.50 kB │ gzip:     0.33 kB
dist/assets/trash-2-DVnpCE46.js                                       0.50 kB │ gzip:     0.32 kB
dist/assets/entitlements-u2O6Yfci.js                                  0.53 kB │ gzip:     0.32 kB
dist/assets/share-2-CN3rQejl.js                                       0.53 kB │ gzip:     0.34 kB
dist/assets/shuffle-Bkmi5Px4.js                                       0.56 kB │ gzip:     0.35 kB
dist/assets/sun-moon-Db2ZUqHI.js                                      0.57 kB │ gzip:     0.38 kB
dist/assets/waves-BugFxL9k.js                                         0.60 kB │ gzip:     0.32 kB
dist/assets/sparkles-B4DYwYz5.js                                      0.67 kB │ gzip:     0.39 kB
dist/assets/calendar-days-CsQM8tVx.js                                 0.67 kB │ gzip:     0.37 kB
dist/assets/index-CPZDfvBd.js                                         0.67 kB │ gzip:     0.42 kB
dist/assets/trending-up-C275iNbH.js                                   0.69 kB │ gzip:     0.34 kB
dist/assets/index-C-CQqP2D.js                                         0.72 kB │ gzip:     0.41 kB
dist/assets/music-DlxGg6Ud.js                                         0.75 kB │ gzip:     0.39 kB
dist/assets/purchaseIdentityBinding-tFcjnp2u.js                       0.78 kB │ gzip:     0.34 kB
dist/assets/Focus-ClXSwGnL.js                                         0.87 kB │ gzip:     0.47 kB
dist/assets/web-Cd3Mv_E_.js                                           0.90 kB │ gzip:     0.43 kB
dist/assets/web-Dj-UdtFB.js                                           1.06 kB │ gzip:     0.52 kB
dist/assets/Legal-BSDQGxhm.js                                         2.00 kB │ gzip:     0.91 kB
dist/assets/growth-CtfcX3mW.js                                        2.07 kB │ gzip:     0.92 kB
dist/assets/account-Bxum7P_m.js                                       2.95 kB │ gzip:     1.37 kB
dist/assets/Support-Cyo82JPG.js                                       3.54 kB │ gzip:     1.26 kB
dist/assets/OriginalSceneImage-zmk9pRa_.js                            3.62 kB │ gzip:     0.91 kB
dist/assets/Seasons-CMeLLCkO.js                                       3.65 kB │ gzip:     1.29 kB
dist/assets/QuotesBrowser-DcHxuk_C.js                                 3.69 kB │ gzip:     1.52 kB
dist/assets/rewards-CbsLRIp8.js                                       4.17 kB │ gzip:     1.81 kB
dist/assets/Budget-CeMoY3SJ.js                                        4.45 kB │ gzip:     1.70 kB
dist/assets/web-CcqxThKv.js                                           4.65 kB │ gzip:     1.40 kB
dist/assets/Evidence-poRW9EE0.js                                      5.45 kB │ gzip:     2.00 kB
dist/assets/courseNavigationIntent-Diphu7ZA.js                        5.49 kB │ gzip:     2.36 kB
dist/assets/Tools-DwSNlcbI.js                                         5.60 kB │ gzip:     2.18 kB
dist/assets/Missions-Bf4JmVko.js                                      5.65 kB │ gzip:     2.05 kB
dist/assets/LifeScore-C81qv44u.js                                     5.72 kB │ gzip:     1.92 kB
dist/assets/CourseCover-BUY-k6TR.js                                   6.18 kB │ gzip:     2.85 kB
dist/assets/Bridge-CXbD2yI2.js                                        6.53 kB │ gzip:     1.96 kB
dist/assets/FutureSelf-BPcFdzHy.js                                    6.86 kB │ gzip:     1.94 kB
dist/assets/MissionFlows-DW8Xc92H.js                                  8.10 kB │ gzip:     2.50 kB
dist/assets/index-BBKhVv3B.js                                         8.72 kB │ gzip:     3.31 kB
dist/assets/purchases-7Chx3DI3.js                                    10.03 kB │ gzip:     3.28 kB
dist/assets/web-D1YKfHN3.js                                          10.19 kB │ gzip:     2.10 kB
dist/assets/PublicTwoFutures-p7o52Oew.js                             11.24 kB │ gzip:     3.71 kB
dist/assets/Account-DrjZgFh7.js                                      11.76 kB │ gzip:     3.62 kB
dist/assets/support-DJ9bJ5qV.js                                      11.79 kB │ gzip:     4.95 kB
dist/assets/DreamArt-DYQ53ZGI.js                                     12.84 kB │ gzip:     2.50 kB
dist/assets/FocusTimerHub-CzjAfa7O.js                                15.21 kB │ gzip:     4.32 kB
dist/assets/Me-pF_lSKMW.js                                           16.34 kB │ gzip:     5.71 kB
dist/assets/TwoFutures-fGTQhpXJ.js                                   19.69 kB │ gzip:     5.43 kB
dist/assets/Upgrade-2rLaAIQy.js                                      19.72 kB │ gzip:     6.42 kB
dist/assets/media-2mgEiOLR.js                                        23.75 kB │ gzip:     9.29 kB
dist/assets/SoundRoom-aDnSOg1-.js                                    26.91 kB │ gzip:     9.78 kB
dist/assets/Bank-BvqiHIJe.js                                         29.78 kB │ gzip:     8.21 kB
dist/assets/Settings-bLtscQRr.js                                     41.22 kB │ gzip:    12.89 kB
dist/assets/Coach-Bif2rxOu.js                                        49.43 kB │ gzip:    16.16 kB
dist/assets/Dreams-BN4HJvZd.js                                       53.11 kB │ gzip:    14.99 kB
dist/assets/DailyMicroHabits-S6OKQ2k0.js                             56.82 kB │ gzip:    14.79 kB
dist/assets/Notebook-D74dfWKA.js                                     59.86 kB │ gzip:    17.80 kB
dist/assets/Progress-Bc39iSA_.js                                     75.84 kB │ gzip:    18.19 kB
dist/assets/Courses-BLBDhT9r.js                                     113.96 kB │ gzip:    36.62 kB
dist/assets/motion-HNvQpnN_.js                                      128.88 kB │ gzip:    42.38 kB
dist/assets/Today-C50ufxfI.js                                       147.01 kB │ gzip:    46.05 kB
dist/assets/supabase--wUpN4Ei.js                                    228.14 kB │ gzip:    59.28 kB
dist/assets/react-5GCfeWye.js                                       229.42 kB │ gzip:    71.53 kB
dist/assets/genai-DNIGCYRr.js                                       409.93 kB │ gzip:    72.77 kB
dist/assets/charts-Bzd-XkHo.js                                      431.58 kB │ gzip:   124.87 kB
dist/assets/tr-COHWLD3Y.js                                          561.39 kB │ gzip:   219.33 kB
dist/assets/es-qQNFzrdv.js                                          573.85 kB │ gzip:   217.68 kB
dist/assets/index-CbmeKa9h.js                                       951.87 kB │ gzip:   308.84 kB
dist/assets/courses-CKtnra3s.js                                   2,510.75 kB │ gzip:   813.28 kB
dist/assets/index-BMm9S-UO.js                                     5,959.05 kB │ gzip: 2,123.39 kB

(!) Some chunks are larger than 700 kB after minification. Consider:
- Using dynamic import() to code-split the application
- Use build.rollupOptions.output.manualChunks to improve chunking: https://rollupjs.org/configuration-options/#output-manualchunks
- Adjust chunk size limit for this warning via build.chunkSizeWarningLimit.
✓ built in 10.45s
npm notice
npm notice New major version of npm available! 11.9.0 -> 12.2.0
npm notice Changelog: https://github.com/npm/cli/releases/tag/v12.2.0
npm notice To update run: npm install -g npm@12.2.0
npm notice
