diff --git a/src/services/focusEvidence.ts b/src/services/focusEvidence.ts
index 44e94fd..5fac58a 100644
--- a/src/services/focusEvidence.ts
+++ b/src/services/focusEvidence.ts
@@ -11,12 +11,19 @@ export function timerFocusEvidence(completions: MissionCompletion[], now = new D
     const time = Date.parse(record.completedAt);
     if (record.method !== 'timer' || !Number.isFinite(record.focusMinutes) || record.focusMinutes! <= 0
       || !Number.isFinite(time) || time > now.getTime()) continue;
-    const previous = unique.get(record.missionId);
-    if (!previous || time < Date.parse(previous.completedAt)) unique.set(record.missionId, record);
+    const previous = unique.get(record.id);
+    if (!previous || time < Date.parse(previous.completedAt)) unique.set(record.id, record);
   }
   const minutesByDay = new Map<string, number>();
+  const events = new Set<string>();
   for (const record of unique.values()) {
-    const day = utcDay(Date.parse(record.completedAt));
+    const time = Date.parse(record.completedAt);
+    // A repeatable quest can have many genuine completions. Only a repeated
+    // completion ID or the exact same recorded event is a duplicate.
+    const event = JSON.stringify([record.userId, record.missionId, time]);
+    if (events.has(event)) continue;
+    events.add(event);
+    const day = utcDay(time);
     minutesByDay.set(day, (minutesByDay.get(day) ?? 0) + record.focusMinutes!);
   }
   // Yesterday's chain remains current until today has ended, without grace days.
diff --git a/tests/focus-evidence.test.ts b/tests/focus-evidence.test.ts
index 23516cc..50b83e9 100644
--- a/tests/focus-evidence.test.ts
+++ b/tests/focus-evidence.test.ts
@@ -28,10 +28,22 @@ test('yesterday continues a streak until today ends; missing yesterday ends it',
   assert.equal(timerFocusEvidence([record('2026-10-01')], now).streak, 0);
   assert.equal(timerFocusEvidence([], now).streak, 0);
 });
-test('UTC boundary is explicit and duplicate mission records cannot fabricate another day', () => {
+test('UTC boundary is explicit and later repeatable-quest sessions remain evidence', () => {
   const evidence = timerFocusEvidence([record('2026-10-01', { completedAt: '2026-10-02T01:00:00+03:00' }),
     record('2026-10-03', { missionId: '2026-10-01' })], now);
-  assert.equal(evidence.streak, 0);
+  assert.equal(evidence.streak, 1);
   assert.equal(evidence.days.find(day => day.dayKey === '2026-10-01')?.minutes, 12);
-  assert.equal(evidence.todayMinutes, 0);
+  assert.equal(evidence.todayMinutes, 12);
+});
+test('canonical IDs and exact events dedup without losing spaced completions of the same quest', () => {
+  const records = [record('2026-10-01', { id: 'session-1', missionId: 'repeatable' }),
+    record('2026-10-02', { id: 'session-2', missionId: 'repeatable' }),
+    record('2026-10-03', { id: 'session-3', missionId: 'repeatable', focusMinutes: 10 }),
+    record('2026-10-03', { id: 'session-4', missionId: 'repeatable', completedAt: '2026-10-03T14:00:00Z', focusMinutes: 5 }),
+    record('2026-10-03', { id: 'session-4', missionId: 'repeatable', completedAt: '2026-10-03T14:00:00Z', focusMinutes: 5 }),
+    record('2026-10-03', { id: 'duplicate-event', missionId: 'repeatable', completedAt: '2026-10-03T17:00:00+03:00', focusMinutes: 5 })];
+  const evidence = timerFocusEvidence(records, now);
+  assert.equal(evidence.streak, 3);
+  assert.equal(evidence.todayMinutes, 15);
+  assert.deepEqual(evidence.days.slice(-3).map(day => day.minutes), [12, 12, 15]);
 });
