import {createRequire} from 'node:module';
import {readFileSync,writeFileSync} from 'node:fs';
import {createHash} from 'node:crypto';
const root='/workspace/oda-reference-redesign';
const dir='/workspace/scratch/oda-reference-redesign/scoped-layout-repair/protection';
const next=dir+'/frozen-8fed790';
const ts=createRequire(root+'/package.json')('typescript');
const tok=s=>{const scanner=ts.createScanner(ts.ScriptTarget.Latest,true,ts.LanguageVariant.JSX,s);const rows=[];for(let n=scanner.scan();n!==ts.SyntaxKind.EndOfFileToken;n=scanner.scan())rows.push([n,scanner.getTokenText()]);return JSON.stringify(rows);};
const digest=s=>createHash('sha256').update(s).digest('hex');
const source=(path,base=false)=>ts.createSourceFile(path,readFileSync((base?dir:next)+'/committed-tsx/'+path,'utf8'),ts.ScriptTarget.Latest,true,ts.ScriptKind.TSX);
const fn=(sf,name)=>{for(const st of sf.statements){if(ts.isFunctionDeclaration(st)&&st.name?.text===name)return st;if(ts.isVariableStatement(st))for(const d of st.declarationList.declarations)if(d.name.getText(sf)===name)return d.initializer;}throw Error('Function missing '+name);};
const returnsJSX=n=>{if(!ts.isReturnStatement(n))return false;let e=n.expression;while(e&&ts.isParenthesizedExpression(e))e=e.expression;return e&&(ts.isJsxElement(e)||ts.isJsxSelfClosingElement(e)||ts.isJsxFragment(e));};
const statements=(sf,f)=>f.body.statements.filter(n=>!returnsJSX(n));
const path='src/pages/SoundRoom.tsx';const old=source(path,true),current=source(path);
const extras=new Set(['[volume, setVolume]','[expandedPrimary, setExpandedPrimary]','expandedPrimaryRef','pendingFocus','soundRootRef','onPrimaryVisible','onVolumeChange']);
const oldStatements=statements(old,fn(old,'SoundRoom'));
const newStatements=statements(current,fn(current,'SoundRoom')).filter(st=>{
 if(ts.isVariableStatement(st)&&st.declarationList.declarations.some(d=>extras.has(d.name.getText(current))))return false;
 if(ts.isExpressionStatement(st)&&ts.isCallExpression(st.expression)&&st.expression.expression.getText(current)==='useEffect'&&st.expression.arguments[1]?.getText(current)==='[expandedPrimary]')return false;
 return true;
});
const oldTokens=tok(oldStatements.map(x=>x.getText(old)).join('\n'));
const newTokens=tok(newStatements.map(x=>x.getText(current)).join('\n'));
if(oldTokens!==newTokens)throw Error('Protected SoundRoom controller changed beyond authorized presentation additions');
const callbacks=sf=>{const rows=[];const visit=n=>{if(ts.isJsxAttribute(n)&&['onClick','onChange','onKeyDown','aria-pressed','disabled'].includes(n.name.getText(sf)))rows.push({tag:n.parent.parent.tagName.getText(sf),name:n.name.getText(sf),tokens:tok(n.initializer?.getText(sf)??''),raw:n.getText(sf)});ts.forEachChild(n,visit);};visit(sf);return rows;};
const oldCallbacks=callbacks(old);const newCallbacks=callbacks(current);
const unchanged=oldCallbacks.filter(a=>newCallbacks.some(b=>a.tag===b.tag&&a.name===b.name&&a.tokens===b.tokens));
const delegated=oldCallbacks.filter(a=>!unchanged.includes(a));
if(delegated.length!==1||delegated[0].tag!=='input'||delegated[0].name!=='onChange')throw Error('Unexpected protected callback replacement');
const newGuard=current.text;const exactToggle='soundRoomPlayer.toggle(sound.track, { sleep: sectionId === \'sleep\', sectionId, indexInCategory });';
if(!newGuard.includes(exactToggle))throw Error('SoundCard guard origin lost');
const oldSemantic=JSON.parse(readFileSync(dir+'/controller-semantic-baseline.json','utf8'));
const nextSemantic=JSON.parse(readFileSync(next+'/controller-semantic-baseline.json','utf8'));
const oldFiles=new Map(oldSemantic.files.map(f=>[f.file,f]));
const changes=[];let unchangedFileCount=0;
for(const f of nextSemantic.files){const b=oldFiles.get(f.file);if(f.sourceSha256===b.sourceSha256){unchangedFileCount++;continue;}const before=new Map(b.controllers.map(c=>[c.name,c]));const after=new Map(f.controllers.map(c=>[c.name,c]));changes.push({file:f.file,addedControllers:[...after.keys()].filter(n=>!before.has(n)),removedControllers:[...before.keys()].filter(n=>!after.has(n)),changedControllers:[...before.keys()].filter(n=>after.has(n)&&JSON.stringify(before.get(n))!==JSON.stringify(after.get(n))),unchangedControllers:[...before.keys()].filter(n=>after.has(n)&&JSON.stringify(before.get(n))===JSON.stringify(after.get(n))),beforeAttributes:b.controlAttributes.length,afterAttributes:f.controlAttributes.length});}
const result={kind:'independent AST controller/handler preservation proof',sourceCommit:'8fed790187dd83f74acd8aec8af3f28981df22d6',baselineCommit:'635209e1731ba53e2567c0f39b011183912d7ac8',tsxFiles:105,unchangedTsxFiles:unchangedFileCount,controllerCountBefore:oldSemantic.controllerCount,controllerCountAfter:nextSemantic.controllerCount,controlAttributeCountBefore:oldSemantic.controlAttributeCount,controlAttributeCountAfter:nextSemantic.controlAttributeCount,changedFiles:changes,originalSoundRoomNonRenderStatementsRetainedInOrder:true,originalSoundRoomStatementTokensSha256:digest(oldTokens),removedPresentationStatementsForComparison:[...extras,'focus transfer useEffect with [expandedPrimary]'],existingCriticalCallbackAttributesUnchanged:unchanged.length,onlyReplacedExistingCallback:delegated,callbackReplacementReview:'Volume onChange now delegates Number(event.target.value) to lifted onVolumeChange; that callback still setVolume(next) and soundRoomPlayer.setVolume(next). Shared control instances retain existing input min/max/step and existing timer options/setTimer handler. No player access bypass.',methods:['Parse actual immutable committed source snapshots using TypeScript scanner/parser; no execution of app or test harness.','Compare all 105 files and controller/control+ARIA inventories; compare unchanged original SoundRoom controller statements after excluding specifically authorized presentation-state/focus additions.','Callback token preservation check intentionally allows exactly the existing volume event to delegate into a shared callback.','Additional manual lifecycle/JSX/CSS review is recorded in the sealed final source receipt.']};
writeFileSync(next+'/controller-preservation-proof.json',JSON.stringify(result,null,2)+'\n');
console.log(JSON.stringify({unchangedTsxFiles:unchangedFileCount,changes:changes.map(c=>({...c,unchangedControllers:c.unchangedControllers.length})),callbacksUnchanged:unchanged.length,volumeDelegationOnly:delegated.length===1},null,2));
