
> oda-one-decision-away@1.0.0 check
> npm run lint && node scripts/validate-i18n.mjs && node --import tsx scripts/test-i18n.ts && node --import tsx scripts/test-notebook.ts && node --import tsx scripts/test-notebook-voice.ts && node --import tsx scripts/test-routing.ts && npm test && npm run build


> oda-one-decision-away@1.0.0 lint
> tsc --noEmit

npm notice
npm notice New major version of npm available! 11.9.0 -> 12.2.0
npm notice Changelog: https://github.com/npm/cli/releases/tag/v12.2.0
npm notice To update run: npm install -g npm@12.2.0
npm notice
tr: 6824 entries; missing keys 0; placeholder differences 0
es: 6824 entries; missing keys 0; placeholder differences 0
English-first startup, saved choices, EN/TR/ES switching, fallback and repeated placeholders passed.
✔ old backups normalize without copying or losing any legacy Dream Journal field (2.159759ms)
✔ new writing of every kind including affirmation earns 25 once; intention alone does not (1.924723ms)
✔ edit, no-op, delete and recreate preserve immutable once-per-day reward claims (1.148048ms)
✔ local writing day and existing UTC reward ceiling are separate and cap-safe (0.370341ms)
✔ 369 only counts matching written intentions, allows partial saves and retains archived histories (1.563798ms)
✔ 369 derives a real 33-day streak and preserves the achieved target after a gap (1.332347ms)
✔ 369 matches Turkish dotted/dotless uppercase pairs without stripping meaningful accents (0.420457ms)
✔ calendar streaks use local days across DST, not elapsed 24-hour periods (0.50853ms)
✔ validation rejects blank entries, future dates, past creation and excess slots without altering input (0.478204ms)
✔ legacy edits preserve photos, links and original date; unified JSON roundtrip is lossless (7.218979ms)
✔ real repository serializes concurrent writes, protects from stale saves, and honors explicit restore (10.097908ms)
✔ stale whole-document saves do not resurrect deleted legacy entries or lose new ones (1.498779ms)
✔ Notebook rebases after a delayed load against a concurrent profile and ledger save (0.922817ms)
✔ concurrent mission and Notebook reward evaluation share the same 2500 ceiling (7.568298ms)
✔ failed storage saves reject, do not push cloud or claim rewards, and queue recovers (1.269001ms)
✔ unreadable saved JSON is preserved, never silently replaced with seed data (0.197329ms)
✔ explicit local restore blocks older cloud data across failed uploads and is account/project scoped (18.210304ms)
✔ an old in-flight cloud upload cannot overwrite a newer restored snapshot or clear its marker (4.028109ms)
✔ a signed-out import binds to the first later connection and stays isolated from other accounts (4.560595ms)
ℹ tests 19
ℹ suites 0
ℹ pass 19
ℹ fail 0
ℹ cancelled 0
ℹ skipped 0
ℹ todo 0
ℹ duration_ms 70.083529
Notebook voice uses device speech only, preserves preferences and handles unavailable speech.
✔ root hosting retains history paths, including direct reloads (1.018452ms)
✔ project hosting keeps every navigation on the same static document (0.299814ms)
✔ landing URLs and non-route fragments do not become unknown routes (0.153652ms)
✔ back/forward hash entries resolve to canonical route IDs (0.179251ms)
✔ icons and service worker URLs stay under their deployment base (0.225352ms)
✔ service worker precaches only its project directory (14.698913ms)
✔ standalone support remains available offline without replacing the application shell (6.001896ms)
✔ activation preserves sibling apps and this version media cache (1.542485ms)
✔ notification defaults and legacy targets open the project hash route (1.065172ms)
✔ installed app metadata refreshes instead of retaining the cached identity (2.053399ms)
✔ installed app metadata remains available offline (0.927975ms)
ℹ tests 11
ℹ suites 0
ℹ pass 11
ℹ fail 0
ℹ cancelled 0
ℹ skipped 0
ℹ todo 0
ℹ duration_ms 35.796905

> oda-one-decision-away@1.0.0 test
> node --import tsx --test tests/*.test.ts supabase/functions/send-nudges/core.test.ts supabase/functions/send-nudges/push-worker.test.ts

✔ 600 scheduled selections are unique across 100 local calendar days and repeat only in the next cycle (3.5598ms)
✔ calendar-day index is independent of server timezone, DST boundaries and midnight UTC (0.309809ms)
✔ sender blocks private-network endpoints, embedded credentials, lookalike hosts and unexpected ports (0.415138ms)
✔ payload identifies adaptation/translation and routes stay valid for root and project hosting (1.189551ms)
✔ cron authenticator requires a substantial matching secret (9.454393ms)
✔ push event displays the real server payload without an open client (1.792383ms)
✔ unexpected push fields cannot become arbitrary notification options (1.039283ms)
✔ does not load a runtime before explicit initialization and blocks unsupported devices (1.712793ms)
✔ context retains the latest user turn, merges interrupted turns, and ignores injected roles (0.500488ms)
✔ streams accumulated visible content and disables reasoning output (1.654885ms)
✔ aborting initialization disposes the downloading runtime and allows retry (3.060043ms)
[ODA Coach] Generation failed: Error: GPU device lost: out of memory
    at Object.generate (/workspace/oda-reference-redesign/tests/ai-coach.test.ts:117:35)
    at <anonymous> (/workspace/oda-reference-redesign/src/services/aiCoach.ts:256:68)
    at Object.stream (/workspace/oda-reference-redesign/src/services/aiCoach.ts:300:5)
    at TestContext.<anonymous> (/workspace/oda-reference-redesign/tests/ai-coach.test.ts:122:30)
    at async Test.run (node:internal/test_runner/test:1389:7)
    at async Test.processPendingSubtests (node:internal/test_runner/test:960:7)
✔ cancellation drains generation, suppresses late text, and releases the next request (2.726828ms)
✔ generation failures are actionable, never become a canned coach reply, and require restart (4.324286ms)
✔ unload cancels an active operation, releases memory and supports a fresh initialization (0.70061ms)
✔ ambient renders are long independent stereo textures with finite bounded levels (157.180605ms)
✔ scene identities differ in spectrum and amplitude dynamics (33.347377ms)
✔ loop overlaps join continuous adjacent noise without a boundary spike (46.704069ms)
✔ seeds reproduce review samples and produce a new texture when changed (132.006492ms)
✔ one Sound Room track keeps one title across categories, including intentional noise reuse (0.287265ms)
✔ fresh startup seeds and absent records do not prompt for a backup (1.495064ms)
✔ empty notebook, lesson, experiment and weekly-review shells are not saved personal work (1.227348ms)
✔ the first saved journal, scripting or future letter qualifies without three older records (1.306599ms)
✔ a saved intention, gratitude note or affirmation qualifies before any decision completion (0.630905ms)
✔ an interrupted first lesson answer of zero, practice checkbox or reflection qualifies (0.571064ms)
✔ the first course plan, paused attempt or saved review qualifies independently of lesson completion (0.583674ms)
✔ one saved weekly review with no kept decisions qualifies (0.179362ms)
✔ one completion, kept decision, vision choice or dream-journal entry preserves existing eligibility (0.603454ms)
✔ a valid downloaded backup suppresses until the exact fourteen-day boundary (0.500317ms)
✔ invalid, absent and future export or cloud timestamps never suppress protection (0.482631ms)
✔ freshness compares actual ISO instants and accepts leap days without calendar normalization (0.151129ms)
✔ only configured, signed-in, recent scoped cloud success with no error suppresses the reminder (0.27706ms)
✔ a recent export still protects work when cloud sync fails, and session dismissal remains respected (0.290549ms)
✔ eligibility does not alter saved work or cloud status, and all three locales explain protection without promising sync (0.370211ms)
✔ restore safety: weekly review text cannot be an object (4.539403ms)
✔ restore safety: life score records need sortable timestamps (1.259107ms)
✔ restore safety: bridge records need their rendered amounts (0.91788ms)
✔ restore safety: a pinned dream name cannot be a React object child (0.879992ms)
✔ legacy course storage migrates into the personal record without changing other data (6.834988ms)
✔ course edits, completion, experiment plans and logs roundtrip through JSON backup (5.089015ms)
✔ a stale save from another feature retains newer lesson notes and practice logs (2.697314ms)
✔ a legacy backup keeps local courses; an explicit empty course backup clears them (2.819078ms)
✔ validation rejects malformed personal, notebook and course data before any storage write (6.001005ms)
✔ quota failures keep the entire previous record and legacy key intact, and a retry succeeds (2.025717ms)
✔ unreadable main data is never replaced by a course-only save (0.665016ms)
✔ lesson edits and re-completion retain the real-world experiment history (0.334256ms)
✔ course mutations wait for the shared write lock and rebase onto a concurrent notebook commit (1.184824ms)
✔ ledger and notebook rewards retain one UTC ceiling when the local decision day differs (17.41098ms)
✔ cloud upload captures current courses and invalid cloud backups leave local storage untouched (24.059871ms)
✔ cloud previews do not change last-sync or local data until the reviewed record is committed (3.479518ms)
✔ Bank chart keeps UTC ledger Today and date labels aligned at New York evening (32.436768ms)
✔ Bank seven-day earnings window is Sep 25 through Oct 1 for the UTC ledger day (4.061003ms)
✔ Savings includes the first displayed UTC day in net and pace, excluding opening history (4.919577ms)
✔ Savings net includes mixed first-day credits, spending and the current UTC day (3.377163ms)
✔ Bank chart formats ledger dates in selected tr UI locale (21.307519ms)
✔ Bank chart formats ledger dates in selected es UI locale (22.344859ms)
✔ a welcome grant preserves the balance and supplies zero practice evidence (1.543257ms)
✔ mixed financial deposits cannot inflate distinct kept days or completed decisions (6.101647ms)
✔ practice week follows local calendar boundaries and repeated days count once (0.174214ms)
✔ reward labels distinguish symbolic unlocking from actual D$ pace estimates in every locale (0.355148ms)
✔ client and server agree on the message limits (0.691346ms)
✔ the request keeps the last 12 messages, trims each to 1500 characters and drops empty ones (0.540088ms)
✔ context is sent only when there is something to send, and is trimmed (0.256829ms)
✔ responses map to a result or a typed error (1.010159ms)
✔ the shared context holds only today, the last kept decisions and short journal lines (7.592996ms)
✔ a matching current durable document uploads and records current plus historical confirmation (21.03725ms)
✔ a stale rendered profile payload cannot roll acknowledged cloud work backward (10.346925ms)
✔ a stale rendered notebook payload cannot roll acknowledged cloud work backward (13.036367ms)
✔ a stale rendered futureSelf payload cannot roll acknowledged cloud work backward (3.352326ms)
✔ missing authoritative local record rejects a push before any cloud query (3.311243ms)
✔ invalid-json authoritative local record rejects a push before any cloud query (3.40849ms)
✔ invalid-document authoritative local record rejects a push before any cloud query (3.022326ms)
✔ a course-only stale caller uses the existing latest-course normalization and can upload (6.668376ms)
✔ an ordinary repository save invalidates current confirmation immediately and retains history (3.759111ms)
✔ a durable Notebook action invalidates confirmation without waiting for its debounce (12.380704ms)
✔ a durable course save invalidates confirmation without requiring the AppProvider event listener (2.734651ms)
✔ a save suppressed by its account guard still makes the current durable document dirty (3.168707ms)
✔ a failed durable repository write preserves previous current confirmation (4.422626ms)
✔ a failed durable notebook write preserves previous current confirmation (4.340061ms)
✔ a failed durable course write preserves previous current confirmation (2.835322ms)
✔ dirty startup does not automatically restore the same acknowledged cloud baseline over newer device work (3.721926ms)
✔ an old in-flight upload retains its remote baseline while the latest durable document remains dirty (5.311982ms)
✔ the latest queued durable payload updates after an older in-flight upload without reverting cloud or device (11.702553ms)
✔ a cloud-restore fingerprint resolve after account drift returns false without publishing obsolete status (4.713796ms)
✔ a cloud-restore fingerprint reject after account drift returns false without publishing obsolete status (5.051283ms)
✔ a cloud-restore fingerprint resolve after project drift returns false without publishing obsolete status (7.443339ms)
✔ a cloud-restore fingerprint reject after project drift returns false without publishing obsolete status (6.654485ms)
✔ a cloud-restore fingerprint resolve after local-record drift returns false without publishing obsolete status (5.157288ms)
✔ a cloud-restore fingerprint reject after local-record drift returns false without publishing obsolete status (5.83897ms)
✔ a rejected current cloud-restore fingerprint returns false, preserves durable data and reports unconfirmed backup (5.682964ms)
✔ cloud-restore acknowledgement owner-quota failure returns a boolean and keeps the durable restored record (7.501878ms)
✔ cloud-restore acknowledgement document-read failure returns a boolean and keeps the durable restored record (3.226034ms)
✔ a clean-reload confirmation fingerprint resolve after account B cannot publish account A status (6.999146ms)
✔ a clean-reload confirmation fingerprint reject after account B cannot publish account A status (2.525994ms)
✔ confirmation bootstrap after a clean reload is tied to the actual persisted document (3.706191ms)
✔ confirmation bootstrap after a dirty reload preserves device work and historical cloud time (3.426107ms)
✔ a coherently hydrated external-tab edit cannot inherit another tab’s current-document confirmation (5.326053ms)
✔ a pending cloud SELECT cannot replace data after account switch (3.771429ms)
✔ a pending cloud SELECT cannot replace data after project switch (0.527659ms)
✔ a pending cloud SELECT cannot replace data after logout and reauthentication as the same account (0.863648ms)
✔ a pending cloud SELECT cannot replace data after an explicit local import barrier (0.957429ms)
✔ a pending cloud SELECT cannot replace data after newer saved personal writing (0.892952ms)
✔ a reviewed cloud restore is checked inside the write lock after account switch (10.313549ms)
✔ a reviewed cloud restore is checked inside the write lock after project switch (5.815544ms)
✔ a reviewed cloud restore is checked inside the write lock after logout and reauthentication as the same account (1.496485ms)
✔ a reviewed cloud restore is checked inside the write lock after an explicit local import barrier (1.696749ms)
✔ a reviewed cloud restore is checked inside the write lock after newer saved personal writing (1.747175ms)
✔ an unchanged reviewed cloud record commits once and records its scoped sync (3.145031ms)
✔ manual sync cannot fall back to uploading a captured previous-account snapshot (0.623614ms)
✔ a delayed automatic backup remains bound to its original account (0.398133ms)
✔ an old upload success cannot mark or emit the new cloud scope (5.050186ms)
✔ an old upload failure cannot mark or emit the new cloud scope (5.520767ms)
✔ fresh OTP sign-in cannot overwrite existing cloud work on the first ordinary save (6.992696ms)
✔ an absent cloud row is inserted once and acknowledges the returned server version and exact data (9.980319ms)
✔ offline SELECT throws and reconnect retain both records (3.431926ms)
✔ offline SELECT resolved and reconnect retain both records (2.124406ms)
✔ shared device A→B→A cannot reuse the historical acknowledgement of A after B owns the record (15.242296ms)
✔ a stale upload SELECT after account cannot write or alter current-scope status (1.855839ms)
✔ a stale upload SELECT after project cannot write or alter current-scope status (0.97723ms)
✔ a stale upload SELECT after logout-return cannot write or alter current-scope status (1.229842ms)
✔ a stale upload SELECT after local-edit cannot write or alter current-scope status (1.146276ms)
✔ a stale upload SELECT after import cannot write or alter current-scope status (1.63138ms)
✔ same-version remote content changed at the fresh read cannot authorize overwrite (3.806362ms)
✔ canonical acknowledgement treats reordered object keys as equal, but retains array order (10.311281ms)
✔ a changed remote version between SELECT and UPDATE yields zero rows and never acknowledges success (3.357563ms)
✔ an absent-row insert race preserves the winning cloud record and holds the import token (1.925866ms)
✔ empty returned write representation never acknowledges or clears import intent (1.640173ms)
✔ missing returned write representation never acknowledges or clears import intent (1.976603ms)
✔ invalid-data returned write representation never acknowledges or clears import intent (1.367371ms)
✔ invalid-version returned write representation never acknowledges or clears import intent (1.266527ms)
✔ multiple returned write representation never acknowledges or clears import intent (1.34083ms)
✔ a legacy timestamp-only acknowledgement cannot authorize an existing-row upload (1.187729ms)
✔ previewing or declining a cloud restore creates no acknowledgement and later saves remain held (1.879486ms)
✔ accepted cloud restore acknowledges the raw fetched JSON, including omitted legacy course data (4.621617ms)
✔ an explicit import facing unacknowledged existing cloud keeps bytes/token and cannot bypass review protection (1.676288ms)
✔ an explicit import into absent cloud can insert and clear only its still-current token (3.708694ms)
✔ a late write response cannot acknowledge a new account or clear a newer import token (1.550648ms)
✔ a write response cannot clear an import created while that same account upload waited (1.756449ms)
✔ acknowledgement storage failure does not report sync success or clear imported intent (4.864605ms)
✔ hash failure cannot mutate cloud or acknowledge the local record (3.065401ms)
✔ awaited remote fingerprint after account cannot authorize a stale write (6.556847ms)
✔ awaited remote fingerprint after local-edit cannot authorize a stale write (2.760579ms)
✔ awaited remote fingerprint after import cannot authorize a stale write (3.426067ms)
✔ a malformed-data SELECT pauses upload without choosing a winner (0.918089ms)
✔ a invalid-version SELECT pauses upload without choosing a winner (0.729124ms)
✔ successful upload acknowledges the actual returned server version rather than the attempted client timestamp (2.130155ms)
✔ a rejected reviewed restore cannot establish cloud acknowledgement (1.869881ms)
✔ a regressed clock advances the conditional write beyond remote microseconds 2040-01-01T00:00:00.999999Z (5.700009ms)
✔ a regressed clock advances the conditional write beyond remote microseconds 2040-01-01T00:00:00.000001+00:00 (3.081615ms)
✔ a valid returned document differing from the sent snapshot cannot establish upload permission (4.621847ms)
✔ a represented conditional write that fails to advance its version cannot be acknowledged (3.591297ms)
✔ an absent-row insert is not attempted when payload hashing is unavailable (0.965552ms)
✔ another owner recorded during hashing invalidates an earlier acknowledgement without changing device bytes (2.410349ms)
✔ another owner recorded during an upload response cannot be overwritten by its late acknowledgement (3.239589ms)
✔ an acknowledgement storage-read failure after durable restore returns false and preserves the restored record (1.36046ms)
✔ a rejected SELECT after a newer local save cannot replace that newer status (1.056429ms)
✔ a manual preview stays paused without acknowledging cloud work until an accepted commit (2.530251ms)
✔ manual review exposes unacknowledged/changed cloud at -1000ms while default startup policy remains unchanged (3.26284ms)
✔ manual review exposes unacknowledged/changed cloud at 0ms while default startup policy remains unchanged (2.190206ms)
✔ manual review exposes unacknowledged/changed cloud at 1000ms while default startup policy remains unchanged (5.043646ms)
✔ known limitation: a legacy same-version mutation after SELECT can pass timestamp-only CAS (3.769587ms)
✔ levels and monthly limits match the plan (2.277698ms)
✔ the highest active RevenueCat entitlement wins; expired ones do not count (0.344291ms)
✔ the tier cache is fresh for ten minutes (0.17173ms)
✔ requests are validated, trimmed and may be empty for a status check (0.448509ms)
✔ crisis words in English, Turkish and Spanish are caught; everyday worry is not (2.781341ms)
✔ the prompt sets the persona, safety rules and reply language; context reaches only the coach level (0.303199ms)
✔ the function keeps secrets and message text out of code and logs (0.453417ms)
✔ no AI provider secret is referenced from the app bundle code (26.477385ms)
✔ lightweight course previews and restore metadata match each real edition (2.127632ms)
✔ English editions keep every course and lesson ID of the Turkish edition (1.264173ms)
✔ every English lesson goes deeper and tells an example story (5.604035ms)
✔ every course and lesson has a real, distinct photo with alt text (0.444132ms)
✔ technique cards name their origin, give doable steps and say honestly what the evidence supports (0.733741ms)
✔ every course states its purpose, scope and outcome, with usable lesson durations (0.348437ms)
✔ the bibliography distinguishes research from guidance and includes usable HTTPS references and limitations (0.898961ms)
✔ every lesson cites existing sources and every advertised research source is used (0.545936ms)
✔ each lesson has two reading paragraphs, three distinct practice instructions and reflection support (3.990422ms)
✔ each lesson offers three distinct answers, one valid correct index and explanatory feedback (1.080216ms)
✔ every lesson has one visual; charts quote a source the lesson cites (0.581149ms)
✔ Spanish editions mirror the English structure (3.910411ms)
✔ Spanish source ids are unique (0.250949ms)
✔ stable course IDs keep their ordered lesson IDs for stored progress (1.005553ms)
✔ every course and lesson has a real, distinct photo with Turkish alt text (1.264214ms)
✔ technique cards name their origin, give doable steps and say honestly what the evidence supports (0.999483ms)
✔ every course states its purpose, scope and outcome, with usable lesson durations (0.395579ms)
✔ the bibliography distinguishes research from guidance and includes usable HTTPS references and limitations (1.084732ms)
✔ every lesson cites existing sources and every advertised research source is used (0.749605ms)
✔ each lesson has two reading paragraphs, three distinct practice instructions and reflection support (3.830319ms)
✔ each lesson offers three distinct answers, one valid correct index and explanatory feedback (1.046634ms)
✔ every lesson has one visual; charts quote a source the lesson cites (0.730015ms)
✔ every untouched course previews its real edition without creating saved learning (4.716351ms)
✔ a saved tick, answer zero, reflection or completion constitutes learning, unlike a blank record (1.924724ms)
✔ saved progress resumes each of the 103 actual lessons across all three editions and Today agrees (32.494044ms)
✔ a later draft cannot skip unfinished prerequisite lessons (0.402009ms)
✔ workbook-only plans stay available for review without inventing lesson progress (0.669012ms)
✔ ordinary saves retain an explicit view while account and same-account backup replacement invalidate it (0.150378ms)
✔ course entry instructions have matching localized keys and keep the actual lesson-number placeholder (0.39003ms)
✔ all 18 courses have distinct, actionable guides in every supported language (1.266047ms)
✔ studio is optional and initially collapsed; completed courses open their transfer practice (30.161734ms)
✔ new plans preserve optionality and keep an independent copy of private fields (0.667581ms)
✔ untrusted backup data cannot introduce unknown courses, malformed dates, duplicate entries, or oversized notes (0.833452ms)
✔ retrying the same journal entry is idempotent; paused and adapted entries retain honest observations (0.423291ms)
✔ journal keeps the most recent bounded entries and does not mutate input during normalization (0.545946ms)
✔ calendar validation handles leap days, impossible dates, and week/month/year transitions (0.177498ms)
✔ due review needs a usable plan; completing review sets a fresh revisit without losing reflection (0.196978ms)
✔ course progress saves and completed lessons keep the plan, journal, and review after an interrupted round trip (2.215565ms)
✔ a practice plan cannot unlock lessons or manufacture completion (0.325623ms)
✔ a localized portable artifact retains ordinary private text without embedding executable HTML (0.252072ms)
✔ overview and lesson requests are distinct, single-use and never write learning progress (1.507943ms)
✔ malformed, unknown-course, cross-course lesson and unsupported version requests are discarded (0.253644ms)
✔ requests belonging to a different account or restored record cannot be consumed (0.280165ms)
✔ an explicit overview stays overview after saved progress arrives; Continue resumes actual incomplete lesson (1.384376ms)
✔ roadmap requests cannot skip prerequisites, open unknown lessons or bypass existing subscription gates (0.395779ms)
✔ completed courses remain rereadable and blocked navigation storage is reported without throwing (0.609183ms)
✔ rapid edits remain visible and are replayed in order under serialized persistence (5.589122ms)
✔ failed drafts survive later edits and a retry rebases them over unrelated saved work (0.428889ms)
✔ same-tab save notifications retain newer input while an earlier batch is committing (0.332182ms)
✔ unexpected persistence exceptions preserve private work and allow a later successful save (0.275447ms)
✔ retry clicked while a failed write is settling starts a fresh persistence attempt (0.282117ms)
✔ malformed and unsupported records recover to separate empty states (1.772583ms)
✔ unknown IDs and properties are discarded; checklists are resized with strict booleans (0.537924ms)
✔ negative, fractional, nonnumeric and out-of-range answers do not satisfy a lesson (0.577674ms)
✔ notes are bounded while their newlines and ordinary content survive (0.194745ms)
✔ tampered completion cannot bypass the exercise, answer or preceding lessons (0.302408ms)
✔ valid completed prefixes survive independently for different courses (0.27038ms)
✔ draft updates are immutable and cannot mark a lesson complete (0.31711ms)
✔ completion follows the real course in order and is idempotent (1.582886ms)
✔ editing a completed prerequisite revalidates later lessons without losing drafts (0.394377ms)
✔ caller-supplied lesson and course objects cannot change the answer or bypass a course (0.359915ms)
✔ saving and reloading preserve a completed lesson and an unfinished draft (1.640634ms)
✔ blocked storage and quota failures are reported without throwing (0.648632ms)
✔ a decision kept today takes priority over array order and an older active carry-over (1.465138ms)
✔ a newly chosen decision after a kept one remains actionable today (0.203748ms)
✔ yesterday’s completion, archived decisions, invalid timestamps and future plans never masquerade as today (0.214034ms)
✔ daily decisions use the local calendar around UTC midnight in both timezone directions (0.476081ms)
✔ a missed weekly review remains available on Wednesday and follows local Sunday boundaries (0.268136ms)
✔ weekly evidence counts actual distinct days and bounds entries to the reviewed calendar week (7.035681ms)
✔ an unfinished decision can be reviewed without inventing completed progress (0.183177ms)
✔ saving and editing a daily reflection preserves other pages, rewards once, and survives JSON backup replacement (1.757801ms)
✔ course continuation resumes selected work before the suggested course and advances to the actual incomplete lesson (0.401448ms)
✔ course continuation recognizes an interrupted first answer of zero and never offers an already completed course (0.421388ms)
✔ daily loop copy has explicit matching nonempty English, Turkish and Spanish strings (0.363891ms)
✔ concurrent retries of a kept daily decision record evidence and reward exactly once (16.700763ms)
✔ deep backup safety: reject unparseable notebook day before replacing any storage (4.638312ms)
✔ deep backup safety: reject impossible calendar day before replacing any storage (0.955126ms)
✔ deep backup safety: reject object mood rendered in journal before replacing any storage (0.819631ms)
✔ deep backup safety: reject object prompt assigned to editor before replacing any storage (0.778148ms)
✔ deep backup safety: reject unknown kind hidden by every writing surface before replacing any storage (0.929126ms)
✔ deep backup safety: reject unparseable gratitude day before replacing any storage (0.710987ms)
✔ deep backup safety: reject invalid writing activity day before replacing any storage (0.725739ms)
✔ deep backup safety: reject invalid ledger day before replacing any storage (0.585807ms)
✔ deep backup safety: reject object activity transaction reference before replacing any storage (0.706009ms)
✔ deep backup safety: reject invalid 369 start day before replacing any storage (0.945221ms)
✔ deep backup safety: reject invalid 369 history day before replacing any storage (0.662924ms)
✔ deep backup safety: reject object archive marker hiding a practice before replacing any storage (0.589573ms)
✔ deep backup safety: reject object 369 day timestamp before replacing any storage (0.602692ms)
✔ deep backup safety: reject dream instant producing an invalid display day before replacing any storage (0.465114ms)
✔ deep backup safety: reject invalid course attempt day silently dropping a note before replacing any storage (0.788544ms)
✔ deep backup safety: reject invalid course review due date before replacing any storage (0.635071ms)
✔ deep backup safety: reject invalid course review completion date before replacing any storage (0.618216ms)
✔ deep backup safety: legitimate exported writing, legacy moods, and leap days roundtrip and render (28.167414ms)
✔ deep backup safety: legacy backups without a notebook retain dream fields and local courses (0.504034ms)
✔ an earlier account sync timestamp cannot hide another account cloud record (16.788287ms)
✔ a legacy unscoped timestamp is not proof that this account is synchronized (2.090134ms)
✔ an account deletion response cannot sign out a later signed-in account (1.265336ms)
✔ an account deletion response cannot clear a new project connection (0.387126ms)
✔ a late cloud coach reply cannot be accepted in another account scope (25.19897ms)
✔ account deletion cannot start with another account after awaiting the client (0.504424ms)
✔ cloud coach context consent is isolated between accounts and projects (0.268506ms)
✔ a token refresh keeps the current account coach request valid (0.591005ms)
✔ a project change while reading a coach response also expires its content (0.475019ms)
✔ stopping the coach cancels a response body still being downloaded (0.533678ms)
✔ a queued backup cannot upload a local document rolled back while it waited (15.40981ms)
✔ the latest queued backup still uploads after a preceding slower backup (22.136535ms)
✔ returning to an earlier account cannot reuse its timestamp for another account local record (7.274053ms)
✔ a replaced dataset cannot inherit this account historical synchronization proof (3.629565ms)
✔ an owner-metadata quota failure cannot advertise a newer synchronized local record (7.640347ms)
✔ every localized course can complete and carry its notes into the other editions (18.689666ms)
✔ practice calendar keeps the local day across UTC midnight and daylight-saving weeks (0.543433ms)
✔ a transient personal-record read failure cannot replace already saved course work with an empty fallback (1.826957ms)
✔ a blocked-save session retains private edits and warning after its only view unmounts, then retries successfully (0.527458ms)
✔ explicit replacement cancels a queued old draft while allowing new edits to save after the lock releases (0.648392ms)
✔ a transient legacy-course read failure cannot overwrite the previous separate course record (0.361578ms)
✔ a different tab replacement discards old private draft before replay even when its storage event has not arrived (1.744552ms)
✔ other-tab provisional replacement notifications wait for rollback before inspecting epochs or discarding private drafts (1.247559ms)
✔ same-tab course publication runs under the lock before another tab can project a provisional replacement (0.578456ms)
✔ purchases and payments committed within one clock tick keep distinct identities (4.800048ms)
✔ habit completion dates agree with the local Today calendar on either side of UTC midnight (1.155169ms)
✔ habit yesterday and streaks count actual calendar dates through both DST changes (0.258021ms)
✔ habits roll over at local midnight and keep the previous local day history (1.398367ms)
✔ rollover fallback converts the last-opened instant to its local day (0.271281ms)
✔ date-only values display their saved day while timestamps retain instant conversion (14.083251ms)
✔ calendar formatting rejects normalized impossible days and keeps invalid values readable (0.331862ms)
✔ habit reward identity survives undo, reload and UTC midnight without paying the same local day twice (0.36299ms)
✔ local midnight cannot earn the same habit twice in the UTC reward day (0.139922ms)
✔ habit and check-in rewards share the notebook UTC ceiling, including partial and exhausted budgets (0.241335ms)
✔ a profile save captured before a decision completion retains the kept decision and its evidence (21.102898ms)
✔ concurrent purchases retain both dreams and both payments (5.162205ms)
✔ concurrent purchase checks reject a second claim for the same dream (1.626993ms)
✔ concurrent purchases check affordability against the payment that committed first (3.314288ms)
✔ concurrent savings additions retain both amounts and log entries (2.095743ms)
✔ disjoint profile changes from the same baseline both survive (1.054286ms)
✔ conflicting edits to the same profile field reject before any write and notify the UI (1.464477ms)
✔ an intentional mission deletion and reorder survive a disjoint newer settings save (1.029138ms)
✔ concurrent edits to the mission array reject rather than inventing a merged list (0.880033ms)
✔ even an identical explicit restore invalidates snapshots that were captured before it (1.868669ms)
✔ a profile write queued behind a restore cannot resurrect pre-restore writing (2.152839ms)
✔ legacy records missing transactions can merge a settings edit after a course-only write (0.791879ms)
✔ clearing and recreating the personal record invalidates earlier editable snapshots (2.204928ms)
✔ deleting imported own magic keys while another nested field changes never revives them (1.114808ms)
✔ mission evidence, generated bridges and savings logs keep unique IDs in a single clock tick (2.486975ms)
✔ all 160 shipped English cue identities/text hashes match the 11 runtime sessions (2.538754ms)
✔ every public MP3 byte count/checksum matches delivered metadata and no model/runtime is shipped (22.945439ms)
✔ all shipped decoded/container durations fit the original cue windows with at least250ms margin (2.101792ms)
✔ service worker leaves narration to the verified on-demand cache and does not precache MP3s (0.334757ms)
✔ levels are ordered free < essentials < pro < coach (1.63154ms)
✔ coach message allowances follow the product spec (0.177739ms)
✔ essential courses exist, and Turning Day is not one of them (it is free for all) (0.271271ms)
✔ nothing is locked where subscriptions cannot be bought (web), at any level (0.388849ms)
✔ free level: Turning Day in full, first lessons of the rest, first sounds of each category (0.213232ms)
✔ essentials opens the six core courses and the whole Sound Room, not the rest (0.236799ms)
✔ pro and coach open every lesson and sound (0.322749ms)
✔ six products: two per paid level, ids match the App Store spec (0.388188ms)
✔ RevenueCat entitlements resolve to the highest active level (0.313585ms)
✔ annual saving is computed from real prices only (0.369549ms)
✔ focus streak counts distinct real timer days, not estimates, duplicates or future records (1.240178ms)
✔ yesterday continues a streak until today ends; missing yesterday ends it (0.225992ms)
✔ UTC boundary is explicit and duplicate mission records cannot fabricate another day (0.174814ms)
✔ Stop cancels a cue still waiting for synthesis without starting audio (2.275565ms)
✔ deferred synthesis starts at the latest requested volume 0 (0.622022ms)
✔ deferred audio resume starts at the latest requested volume 0 (0.569773ms)
✔ deferred Settings preview preserves requested volume 0 (0.408058ms)
✔ deferred synthesis starts at the latest requested volume 0.35 (0.316259ms)
✔ deferred audio resume starts at the latest requested volume 0.35 (0.394848ms)
✔ deferred Settings preview preserves requested volume 0.35 (0.275226ms)
✔ a volume change during loading preserves stop protection (0.386846ms)
✔ a volume change during loading preserves pause-resume protection (2.048336ms)
✔ a volume change during loading preserves new-session protection (0.479666ms)
✔ a newer cue owns playback when an older synthesis resolves later (0.300144ms)
✔ Pause then Resume cannot resurrect a cue waiting for synthesis (0.199131ms)
✔ Stop also cancels a cue waiting for the audio context to resume (0.23802ms)
✔ a new cue supersedes one waiting for the audio context to resume (0.294736ms)
✔ Pause and Resume invalidate pending context-resume playback (0.278912ms)
✔ replacement immediately stops active audio while the new clip is pending (0.377341ms)
✔ stale source completion cannot clear or end the new cue (0.500197ms)
✔ Pause and Resume preserve an already-started cue without starting it twice (1.764391ms)
✔ unavailable synthesis reports failure without creating an audio source (0.261426ms)
✔ a failed audio context resume reports failure without starting playback (0.210999ms)
✔ a failed source start reports failure and never announces playback (0.910238ms)
✔ English narration cache stays the same when UI locale changes (42.936864ms)
✔ a Settings preview resolving after Stop cannot start playback (0.300295ms)
✔ a Settings preview resolving after a newer cue cannot interrupt it (0.321927ms)
✔ every approved PNG and both approval manifests remain unchanged (17.104896ms)
✔ served responsive variants match actual lossless bitstream dimensions, hashes, and complete-frame geometry (33.74593ms)
✔ all real course covers and tree stages have deployment-scoped responsive sources and retain PNG fallbacks (19.976233ms)
✔ modern-image failures retry the original; PNG and malformed failures reach the existing final fallback (0.278422ms)
✔ 3D decorative growth preserves 60 kept decisions and 30 extra blossoms (1.211274ms)
✔ 3D display normalizes invalid counts without changing the evidence source (0.196688ms)
✔ static legal pages match src/data/legal.ts (run npx tsx scripts/build-legal.ts) (1.139836ms)
✔ every language has the same sections and names the company (0.173423ms)
✔ privacy policy covers what App Review checks (0.222967ms)
✔ local day keys and day gaps follow the calendar, not UTC (1.203302ms)
✔ evidence lists kept decisions newest first and counts the last seven days (7.002071ms)
✔ comeback is kind after a lapse and silent otherwise (0.269348ms)
✔ fresh starts land on the first of the month and on Mondays (0.179231ms)
✔ simple mode lasts a week or until three kept decisions, and can be switched off (0.40291ms)
✔ the day-14 question appears once, only for people who used decisions (0.317881ms)
✔ the weekly look-back is offered on Sunday and Monday, once per week, and its change lasts a week (0.595471ms)
✔ the chain forgives one missed day a week, but not two in a row or two in a week (0.91133ms)
✔ smart reminders aim 30 minutes before the usual kept time, once there is enough history (0.488319ms)
✔ every sign-up intent points at a real course and offers three easy decisions (100.513598ms)
✔ the reminder voice keeps one line per day and never threatens a streak (1.672992ms)
✔ every iOS project and application build configuration enforces the Safari 16.4 baseline (1.331316ms)
✔ Capacitor sync keeps a compatible generated Swift package floor without lowering the app minimum (161.14759ms)
✔ installed native dependency library floors are compatible with the Swift wrapper and app (0.336179ms)
✔ native metadata cannot override the application minimum with an older target (0.766251ms)
✔ native Settings and Account use the shared code flow with device copy in en (13.154405ms)
✔ native Settings and Account use the shared code flow with device copy in tr (19.535816ms)
✔ native Settings and Account use the shared code flow with device copy in es (17.415737ms)
✔ web backup keeps its inline magic-link form and Account keeps link copy (3.469662ms)
✔ native configured signed-in backup retains sync and sign-out actions (3.461981ms)
✔ unconfigured native cloud does not offer a sign-in request (2.424961ms)
✔ actual cloud request and verification use one injected auth adapter and trim input (1.125414ms)
✔ archive weeks cross month/year and leap-day boundaries without changing stored entries (1.795028ms)
✔ all sourced passages remain reachable through their actual categories (4.734398ms)
✔ search finds real English/Turkish text, sources and references and combines with category (27.878226ms)
✔ catalogue sources use allowed web protocols and cannot execute app/script URLs (1.002397ms)
✔ interrupted setup restores fields without allowing a nameless final step (1.160867ms)
✔ a fresh preview seeds only an empty decision and never overwrites restored or typed text (0.11915ms)
✔ unknown, malformed and oversized setup drafts are safely bounded (0.243198ms)
✔ trial length comes only from a free intro offer (0.750036ms)
✔ native reminders: a week ahead, past times skipped, stable ids (0.729164ms)
✔ native planner rejects malformed times and keeps a bounded week inside its namespace (0.650525ms)
✔ interrupted native scheduling leaves the newest state and preserves other notifications (5.100422ms)
✔ a native plugin error does not prevent the next reminder replacement (0.371212ms)
✔ startup waits for restored account rather than temporarily identifying anonymous (1.528313ms)
✔ known sign-out and rapid identity changes are announced immediately, same-ID retry events remain usable (0.232491ms)
✔ failed authentication hydration stays unbound and never identifies anonymous or reads SDK entitlement (0.183518ms)
✔ dispose during initial hydration prevents any late entitlement initialization (0.135365ms)
✔ retry hydrates a currently unknown account before requesting identity or offerings (0.21803ms)
✔ retry with failed hydration cannot bind anonymous or make a subscription request (1.093356ms)
✔ cloud initialization callers share the real restoration promise and never finish early (33.230209ms)
✔ actual failed cloud restoration remains unknown and a later retry can establish the same account (0.92472ms)
✔ a resolved auth error is unknown identity rather than a verified anonymous account (0.470152ms)
✔ unbound init leaves cached native A untouched and exposes prices without personal claims (2.244318ms)
✔ explicitly binding cached A confirms it without login or logout (1.936531ms)
✔ desired B is recorded during native setup before any cached A customer read (11.654004ms)
✔ failed logout clears A claims synchronously and leaves purchase and restore denied (4.136402ms)
✔ staged A, B, A login requests serialize native identity mutation (1.826705ms)
✔ an A purchase settling after desired B success cannot grant B (0.948787ms)
✔ an A purchase settling after desired B cancellation cannot grant B (0.90491ms)
✔ a failed same-ID login can retry without treating desired ID as confirmed ID (0.774643ms)
✔ an offline refresh for confirmed same A preserves its verified entitlement (0.829786ms)
✔ listener payload is only invalidation and canonical aliases do not impersonate another account (0.879081ms)
✔ late A offerings cannot install A packages or personal claims into desired B (0.774813ms)
✔ late A trial eligibility cannot restore a free-trial claim during a B transition (0.658026ms)
✔ a held A customer load from initialization cannot overwrite a later desired B (0.649323ms)
✔ an A restore settling after desired B fails without applying A customer info (3.087925ms)
✔ defer during a held purchase drops trust without native calls and explicit cached-A rebind refreshes it (1.082349ms)
✔ defer during first native setup cancels the old A load and leaves cached A for an explicit rebind (0.586868ms)
✔ defer and immediate same-A rebind cannot accept the older held A customer snapshot (0.650444ms)
✔ canonical A listener refresh rejects its held snapshot if native identity externally drifts to B (1.049439ms)
✔ initial getAppUserID failure at verification read 1 leaves A unconfirmed/free and retryable (0.486046ms)
✔ initial getAppUserID failure at verification read 2 leaves A unconfirmed/free and retryable (0.380486ms)
✔ initial getAppUserID failure at verification read 3 leaves A unconfirmed/free and retryable (0.255296ms)
✔ initial getAppUserID failure at verification read 4 leaves A unconfirmed/free and retryable (0.296599ms)
✔ initial isAnonymous failure at verification read 1 leaves A unconfirmed/free and retryable (0.160432ms)
✔ initial isAnonymous failure at verification read 2 leaves A unconfirmed/free and retryable (0.249718ms)
✔ initial isAnonymous failure at verification read 3 leaves A unconfirmed/free and retryable (0.17229ms)
✔ initial isAnonymous failure at verification read 4 leaves A unconfirmed/free and retryable (0.192281ms)
✔ native paid gates apply before SDK init and after defer while the free samples stay open (0.207244ms)
✔ web and keyless native gates stay open before init and after defer without loading an SDK (0.233143ms)
✔ purchase cannot commit A after desired B arrives in nested verification microtask depth 2 (2.502378ms)
✔ purchase cannot commit A after desired B arrives in nested verification microtask depth 3 (0.582923ms)
✔ restore cannot commit A after desired B arrives in nested verification microtask depth 2 (0.505936ms)
✔ restore cannot commit A after desired B arrives in nested verification microtask depth 3 (0.667641ms)
✔ init cannot commit A after desired B arrives in nested verification microtask depth 2 (0.503382ms)
✔ init cannot commit A after desired B arrives in nested verification microtask depth 3 (0.509582ms)
✔ offerings failure is retryable without configuring or listening twice (3.355019ms)
✔ concurrent initialization shares one pending configure and plan load (7.013187ms)
✔ failed configuration can retry, while a completed setup remains single (0.610655ms)
✔ listener setup failure retries the listener without configuring again (0.407677ms)
✔ a successful empty offering may retry when plans become available (0.45628ms)
✔ free intro pricing is advertised only for confirmed eligible customers (0.75985ms)
✔ missing or failed eligibility checks keep regular prices and unknown trial status (0.599337ms)
✔ an interrupted eligibility refresh after identity change clears the earlier free-trial claim (0.392494ms)
✔ cancelled, pending and failed purchase errors remain distinct and never grant access (0.840022ms)
✔ a successful store response without the requested entitlement remains unconfirmed (0.351051ms)
✔ confirmed entitlement grants access and later SDK updates retain the real highest level (1.765764ms)
✔ restore distinguishes store failure, successful no-plan check, and active entitlement (0.704707ms)
✔ web and unconfigured native flows never load a purchase SDK or create a purchase (0.188916ms)
✔ free duration uses valid store units and cycles, without inventing 30-day months (0.10613ms)
✔ scoped EN/TR/ES uncertain purchase feedback makes no charge or reminder guarantee (0.277761ms)
✔ preserves the first 300 passages and appends exactly 100 each from faith, science and philosophy in order (1.98811ms)
✔ all 600 sourced passages have unique IDs and bilingual text without recycling legacy lines (33.533458ms)
✔ six notifications stay distinct for 100 full days, then repeat, and match the server snapshot across a year boundary (5.153182ms)
✔ local day remains stable from morning to evening; six-time migration preserves existing preferences (1.151383ms)
✔ legacy three-reminder profiles keep their evening time and gain six distinct reminders (0.2641ms)
✔ migration resolves default collisions only in missing slots and reserves later saved slots first (0.286914ms)
✔ every thinker passage links to a Gutenberg book whose text is kept in docs/quote-sources (21.358175ms)
✔ construction does no fetch/decode; current/upcoming preload reuses the current request (24.841349ms)
✔ Stop aborts loading and no late response starts a source (1.216943ms)
✔ Pause cancels original load; Resume retries current cue with a frozen slot and latest volume (0.866552ms)
✔ Pause→Stop discards current loading retry and Resume does not resurrect it (0.479626ms)
✔ new session cancels old load and only the new session owns audio (0.726019ms)
✔ active pause/resume continues the same cue offset without repeating its start or accepting stale end (1.229521ms)
✔ Replay replaces current source at offset zero and reuses decoded audio (0.443101ms)
✔ latest volume 0 wins after delayed clip loading and changes active gain (0.56093ms)
✔ latest volume 0.35 wins after delayed clip loading and changes active gain (0.411543ms)
✔ latest volume after deferred context resume and Stop/new cue protects pending resume (2.112788ms)
✔ expired loading budget and decoder duration mismatch never start audio (0.894324ms)
✔ missing bytes, bad checksum/source text and nonrunning device fail without invoking a provider (0.878921ms)
✔ verified persisted bytes permit offline replay in a new player; corrupt cached bytes are rejected (2.375296ms)
✔ a definitive recording failure cannot retry on Pause→Resume over a device fallback (0.326204ms)
✔ resumed load failure retains only bounded fallback metadata, never a resumable recording (0.486156ms)
✔ root hosting retains history paths, including direct reloads (0.990049ms)
✔ project hosting keeps every navigation on the same static document (0.346795ms)
✔ landing URLs and non-route fragments do not become unknown routes (0.177218ms)
✔ back/forward hash entries resolve to canonical route IDs (0.152862ms)
✔ icons and service worker URLs stay under their deployment base (0.244731ms)
✔ each person reads and writes only their own backup; anonymous visitors get nothing (1983.29945ms)
✔ an oversized backup is refused (1310.451205ms)
✔ cloud coach counters: people read only their own rows and cannot write or call the increment (1153.949698ms)
✔ the monthly increment stops exactly at the limit and a refund gives one back (1142.414464ms)
✔ a strict Content Security Policy ships with the page (1.431517ms)
✔ index.html has no inline scripts (the CSP forbids them) (0.784458ms)
✔ no raw HTML or eval sinks in the app code (13.938772ms)
✔ links that open a new tab cannot reach back into ODA (4.857475ms)
✔ no secret keys in the shipped code (16.957643ms)
✔ production builds carry no source maps (0.295658ms)
✔ service worker precaches only its project directory (20.432905ms)
✔ standalone support remains available offline without replacing the application shell (5.097357ms)
✔ activation preserves sibling apps and this version media cache (1.573022ms)
✔ notification defaults and legacy targets open the project hash route (2.434826ms)
✔ installed app metadata refreshes instead of retaining the cached identity (2.294033ms)
✔ installed app metadata remains available offline (1.188639ms)
✔ native free direct starts and toggles cannot start an all-paid track (2.497351ms)
✔ downgrade hard-stops owned restricted playing selection without page subscribers (35.869645ms)
✔ downgrade hard-stops owned restricted paused selection without page subscribers (33.126863ms)
✔ downgrade hard-stops owned restricted expired selection without page subscribers (22.825978ms)
✔ owned paid playing selection revokes on identityConfirmed even with a paid cached tier (1.176241ms)
✔ owned paid paused selection revokes on identityConfirmed even with a paid cached tier (1.172765ms)
✔ owned paid expired selection revokes on identityConfirmed even with a paid cached tier (2.577382ms)
✔ owned paid playing selection revokes on identityRevision even with a paid cached tier (0.686549ms)
✔ owned paid paused selection revokes on identityRevision even with a paid cached tier (1.337415ms)
✔ owned paid expired selection revokes on identityRevision even with a paid cached tier (1.73079ms)
✔ same-account confirmed paid access survives offerings loading or failed offline refresh (0.949448ms)
✔ admission reads current purchase state even if a notification has not been emitted (0.447307ms)
✔ live resume and timer change reconcile access even without a purchase notification (0.596573ms)
✔ invalid or mismatched provenance rejects {"sectionId":"relax"} without replacing audio (81.138821ms)
✔ invalid or mismatched provenance rejects {"indexInCategory":3} without replacing audio (49.056089ms)
✔ invalid or mismatched provenance rejects {"sectionId":"focus","indexInCategory":0} without replacing audio (31.986536ms)
✔ invalid or mismatched provenance rejects {"sectionId":"relax","indexInCategory":-1} without replacing audio (35.108453ms)
✔ invalid or mismatched provenance rejects {"sectionId":"relax","indexInCategory":0.5} without replacing audio (28.639309ms)
✔ invalid or mismatched provenance rejects {"sectionId":"relax","indexInCategory":99} without replacing audio (27.669881ms)
✔ essentials admits all catalog origins and preserves the timer and user volume (538.551547ms)
✔ pro admits all catalog origins and preserves the timer and user volume (234.814329ms)
✔ coach admits all catalog origins and preserves the timer and user volume (258.775642ms)
✔ each category first two entries remain free, including duplicate 432 and brown-noise origins (147.325785ms)
✔ omitted-origin admission allows any-free aliases and denies exclusively paid tracks (25.516711ms)
✔ web and unconfigured purchases keep paid sounds open through identity transitions (0.908356ms)
✔ external Focus tibetan_bowls replacement survives Sound Room downgrade (2.03429ms)
✔ external Focus waves replacement survives Sound Room downgrade (40.954553ms)
✔ purchase event during an engine start cannot publish a revoked playing selection (0.620189ms)
✔ purchase event during player publication cannot re-arm the revoked timer (0.569693ms)
✔ external waves replacement during player publication retains its untimed graph (21.684249ms)
✔ external tibetan_bowls replacement during player publication retains its untimed graph (1.319538ms)
✔ an unavailable AudioContext rejects the actual engine start without claiming playback (0.646448ms)
✔ failed buffer allocation retains entitlement ownership of the existing paid graph (17.186429ms)
✔ failed no replacement retains entitlement ownership of the existing paid graph (0.504103ms)
✔ same-track no-op cannot take revocation ownership of an external Focus graph (0.410041ms)
✔ pause publication from SoundRoom cannot fade or time the reentrant external tibetan_bowls graph (2.072858ms)
✔ pause publication from Focus cannot fade or time the reentrant external tibetan_bowls graph (3.796838ms)
✔ pause publication from SoundRoom cannot fade or time the reentrant external waves graph (23.525387ms)
✔ pause publication from Focus cannot fade or time the reentrant external waves graph (20.677564ms)
✔ setTimer publication from SoundRoom cannot fade or time the reentrant external tibetan_bowls graph (4.010943ms)
✔ setTimer publication from Focus cannot fade or time the reentrant external tibetan_bowls graph (4.089281ms)
✔ setTimer publication from SoundRoom cannot fade or time the reentrant external waves graph (35.859961ms)
✔ setTimer publication from Focus cannot fade or time the reentrant external waves graph (16.976341ms)
✔ ordinary PlayerBar timer and pause controls still act on the current external Focus graph (40.39032ms)
✔ silence or an absent audio context cannot publish a playing selection (0.452105ms)
✔ breath pacer runs at about 5.5 breaths a minute (0.764197ms)
✔ breathPhase: inhale first, then exhale, then repeats (0.694752ms)
✔ breathPhase is safe with odd input (0.172371ms)
✔ formatRemaining (0.15226ms)
✔ timer fades: a minute for sleep, short otherwise, never over half the timer (0.140633ms)
✔ arming a timer retains the independent three-second attack and actual stereo loop (90.783002ms)
✔ mute and volume respond immediately at the beginning of a timer fade (52.687007ms)
✔ mute and volume respond immediately at the middle of a timer fade (14.664611ms)
✔ mute and volume respond immediately at the end of a timer fade (18.05233ms)
✔ running fades can shorten but do not extend, and timer cancellation preserves user volume (49.6312ms)
✔ shortening a running fade with a delay cannot restore a louder envelope (87.142069ms)
✔ browsers without cancelAndHold retain the current level when shortening a fade (75.498442ms)
✔ track switches release the previous graph and repeated switches/stops bound resources (761.931424ms)
✔ stop/restart of a tone cancels its initial bowl and recurring callbacks (0.935797ms)
✔ natural bowl endings disconnect their tails while the current ambient drone continues (0.924359ms)
✔ Sound Room timer arming, pause/resume and expiry keep player state and start fade intact (87.54511ms)
✔ external restart of the same track clears the Sound Room countdown and timer selection (51.145773ms)
✔ public support is generated from the same localized help as the app (2.714149ms)
✔ each store locale links to the shipped public support artifact (0.217779ms)
✔ growth keeps an exact capped ledger through every stage boundary and beyond the canopy (7.996296ms)
✔ approved tree pixels and normalized roots match their independent asset manifest (8.462021ms)
✔ rendered paywall claims a free trial only for confirmed eligibility (46.026933ms)
✔ rendered failed offerings include an explicit retry action (6.410756ms)
✔ web paywall keeps free access and does not offer a purchase CTA (5.948777ms)
✔ unconfirmed identity shows truthful verification retry and disables buy and restore even with cached prices (4.150373ms)
✔ pending identity verification does not render a trial or an enabled restore action (2.559204ms)
✔ guided narration keeps original English text and voice with en UI (2.755061ms)
✔ guided narration keeps original English text and voice with tr UI (16.98206ms)
✔ guided narration keeps original English text and voice with es UI (20.55581ms)
✔ English inventory accepts language tags and rejects names or unrelated prefixes (0.44294ms)
✔ an explicitly selected English voice wins over a preferred device name (0.476331ms)
✔ guided speech truthfully reports unavailable with empty inventory (0.41584ms)
✔ guided speech truthfully reports unavailable with non-English inventory (0.267715ms)
✔ late English voice installation refreshes availability and unsubscribe removes listeners (5.201766ms)
✔ Notebook retains verbatim tr text, matching device voice and saved meditation preferences (0.612347ms)
✔ Notebook retains verbatim es text, matching device voice and saved meditation preferences (0.316058ms)
✔ Notebook preserves implicit device language when its voice list has not loaded (0.236668ms)
✔ unsupported device speech does not report available or queued playback (0.199542ms)
✔ empty or disabled cues leave the device queue empty (0.267916ms)
✔ nonzero device volume changes apply to the next utterance without pretending to change active speech (0.368888ms)
✔ zero device volume cancels the owned paused utterance and Resume cannot revive it (0.46213ms)
✔ Stop while device speech is paused lets a new session resume the device queue (0.260244ms)
✔ device cancel failures produce an honest false result (0.279823ms)
✔ device enqueue failures produce an honest false result (0.246823ms)
✔ new cues and Stop detach utterance handlers and ignore captured stale callbacks (0.371443ms)
✔ pause and resume keep the active browser cue, restore speaking state and reject replay while paused (0.242207ms)
✔ stop prevents a delayed provider failure from reviving an obsolete English device cue (0.375178ms)
✔ pause-resume prevents a delayed provider failure from reviving an obsolete English device cue (0.158981ms)
✔ new-cue prevents a delayed provider failure from reviving an obsolete English device cue (0.175435ms)
✔ current provider failure falls back to English device speech; a non-English inventory cannot substitute (0.334016ms)
✔ the optional recorder remains dormant until registration and receives identified current/upcoming cues (0.540418ms)
✔ registered recorder missing clip uses truthful English device fallback without a provider (0.399155ms)
✔ registered recorder overlong clip uses truthful English device fallback without a provider (0.208265ms)
✔ registered recorder wrong language uses truthful English device fallback without a provider (0.206793ms)
✔ registered recorder missing text hash uses truthful English device fallback without a provider (0.15848ms)
✔ registered recorder missing checksum uses truthful English device fallback without a provider (0.163378ms)
✔ registered recorder missing version uses truthful English device fallback without a provider (0.19877ms)
✔ registered recorder wrong cue identity uses truthful English device fallback without a provider (0.183478ms)
✔ registered recorder expired cue slot uses truthful English device fallback without a provider (0.233584ms)
✔ registered recorder unbounded cue slot uses truthful English device fallback without a provider (0.269398ms)
✔ a recorder hash/source verification failure falls back, and absent English speech reports unavailable (0.249208ms)
✔ new cues stop clips and stale recorded callbacks/failures cannot change current playback (0.355348ms)
✔ recorded pause invalidates pending start/fallback even after resume, and Stop invalidates callbacks (0.253033ms)
✔ current recorded load failure falls back to English and unregistering restores device narration (0.229287ms)
✔ synchronous recorded verification and playback errors truthfully queue English fallback (0.297831ms)
✔ a recorded request that already ended cannot later fall back and revive the cue (0.173783ms)
✔ actual playback mode stays loading until recorded start and reports English device fallback (0.292332ms)
✔ a resumed recording failure uses only installed English device speech and rejects stale resume fallback (0.36349ms)
✔ registered recorded volume receives current preference and live zero/nonzero changes (0.239653ms)
ℹ tests 610
ℹ suites 0
ℹ pass 610
ℹ fail 0
ℹ cancelled 0
ℹ skipped 0
ℹ todo 0
ℹ duration_ms 10148.745193
npm notice
npm notice New major version of npm available! 11.9.0 -> 12.2.0
npm notice Changelog: https://github.com/npm/cli/releases/tag/v12.2.0
npm notice To update run: npm install -g npm@12.2.0
npm notice

> oda-one-decision-away@1.0.0 build
> vite build

vite v6.4.3 building for production...
<script src="/one-decision-away/theme-init.js"> in "/index.html" can't be bundled without type="module" attribute
transforming...
✓ 3399 modules transformed.
rendering chunks...
[plugin vite:reporter] 
(!) /workspace/oda-reference-redesign/src/services/cloudSync.ts is dynamically imported by /workspace/oda-reference-redesign/src/main.tsx but also statically imported by /workspace/oda-reference-redesign/src/components/BackupAndCloudSettings.tsx, /workspace/oda-reference-redesign/src/components/BackupReminder.tsx, /workspace/oda-reference-redesign/src/components/DailyNudgesSettings.tsx, /workspace/oda-reference-redesign/src/pages/Account.tsx, /workspace/oda-reference-redesign/src/pages/Coach.tsx, /workspace/oda-reference-redesign/src/pages/Upgrade.tsx, /workspace/oda-reference-redesign/src/services/cloudCoach.ts, /workspace/oda-reference-redesign/src/services/courseProgress.ts, /workspace/oda-reference-redesign/src/services/pushNotifications.ts, /workspace/oda-reference-redesign/src/services/repository.ts, /workspace/oda-reference-redesign/src/services/useCloudState.ts, /workspace/oda-reference-redesign/src/store/useApp.tsx, dynamic import will not move module into another chunk.

computing gzip size...
dist/index.html                                                       3.43 kB │ gzip:     1.14 kB
dist/assets/hanken-grotesk-vietnamese-wght-normal-CHiFlh_0.woff2      9.32 kB
dist/assets/hanken-grotesk-latin-ext-wght-normal-Dg-wlmqe.woff2      19.59 kB
dist/assets/newsreader-vietnamese-opsz-normal-BjhtXyW2.woff2         27.25 kB
dist/assets/newsreader-vietnamese-opsz-italic-DTr-ymY4.woff2         27.90 kB
dist/assets/hanken-grotesk-latin-wght-normal-CaVRRdDk.woff2          34.70 kB
dist/assets/newsreader-latin-ext-opsz-normal-BQn1nviT.woff2          86.61 kB
dist/assets/newsreader-latin-ext-opsz-italic-CSPGnFdO.woff2          95.54 kB
dist/assets/newsreader-latin-opsz-normal-s-izfB6B.woff2             132.00 kB
dist/assets/newsreader-latin-opsz-italic-kJKFiXvB.woff2             146.87 kB
dist/assets/aiCoach.worker-C60CQ1Xm.js                            6,039.34 kB
dist/assets/Today-D76Bu5Fr.css                                        4.80 kB │ gzip:     1.29 kB
dist/assets/Coach-6QKBAJWv.css                                        6.87 kB │ gzip:     2.29 kB
dist/assets/workingSurfaces-Ug3LNMJ2.css                             16.63 kB │ gzip:     3.55 kB
dist/assets/SoundRoom-w5AM9VHB.css                                   19.44 kB │ gzip:     4.72 kB
dist/assets/Notebook-BtNEN5vl.css                                    23.97 kB │ gzip:     4.31 kB
dist/assets/courseNavigationIntent-C0ky-Yq1.css                      37.68 kB │ gzip:     6.56 kB
dist/assets/index-BH5El-p7.css                                      110.55 kB │ gzip:    23.15 kB
dist/assets/de-FmFgRqLi.js                                            0.03 kB │ gzip:     0.05 kB
dist/assets/fr-FmFgRqLi.js                                            0.03 kB │ gzip:     0.05 kB
dist/assets/it-FmFgRqLi.js                                            0.03 kB │ gzip:     0.05 kB
dist/assets/ru-FmFgRqLi.js                                            0.03 kB │ gzip:     0.05 kB
dist/assets/web-BlsqWyJD.js                                           0.18 kB │ gzip:     0.16 kB
dist/assets/useCloudState-DcqgYMcF.js                                 0.20 kB │ gzip:     0.18 kB
dist/assets/chevron-right-HGn0Vvl6.js                                 0.30 kB │ gzip:     0.25 kB
dist/assets/square-Cny3qWCr.js                                        0.32 kB │ gzip:     0.26 kB
dist/assets/arrow-up-right-DbsDs6ls.js                                0.34 kB │ gzip:     0.27 kB
dist/assets/search-CI5HV7Vv.js                                        0.35 kB │ gzip:     0.28 kB
dist/assets/circle-check-WOGLOq2e.js                                  0.35 kB │ gzip:     0.28 kB
dist/assets/user-round-CN87XKG3.js                                    0.36 kB │ gzip:     0.28 kB
dist/assets/rotate-ccw-ZwsUXKjN.js                                    0.37 kB │ gzip:     0.29 kB
dist/assets/index-BJkiN3Gb.js                                         0.38 kB │ gzip:     0.27 kB
dist/assets/mail-mgnBPwq8.js                                          0.39 kB │ gzip:     0.31 kB
dist/assets/moon-ug8NCOvG.js                                          0.39 kB │ gzip:     0.31 kB
dist/assets/headphones-CXNpUcfG.js                                    0.41 kB │ gzip:     0.29 kB
dist/assets/timer-yatAfe1b.js                                         0.41 kB │ gzip:     0.29 kB
dist/assets/wind-aQx-WKZA.js                                          0.42 kB │ gzip:     0.30 kB
dist/assets/archive-UHOHlpqJ.js                                       0.43 kB │ gzip:     0.31 kB
dist/assets/route-CuXdhBb9.js                                         0.43 kB │ gzip:     0.31 kB
dist/assets/lock-keyhole-DVON-_RH.js                                  0.43 kB │ gzip:     0.33 kB
dist/assets/index-Bdlehfzd.js                                         0.45 kB │ gzip:     0.28 kB
dist/assets/pencil-Cc80afJc.js                                        0.45 kB │ gzip:     0.33 kB
dist/assets/pen-line-vrWkEZRz.js                                      0.45 kB │ gzip:     0.33 kB
dist/assets/index-BA1Sg-B1.js                                         0.48 kB │ gzip:     0.29 kB
dist/assets/refresh-cw-1qIX8K2t.js                                    0.50 kB │ gzip:     0.33 kB
dist/assets/trash-2-BLB1c9iU.js                                       0.50 kB │ gzip:     0.32 kB
dist/assets/entitlements-u2O6Yfci.js                                  0.53 kB │ gzip:     0.32 kB
dist/assets/share-2-Dv35bYQ2.js                                       0.53 kB │ gzip:     0.34 kB
dist/assets/shuffle-jhCuGru-.js                                       0.56 kB │ gzip:     0.35 kB
dist/assets/sun-moon-D1Cxrtj9.js                                      0.57 kB │ gzip:     0.38 kB
dist/assets/waves-DhieDrnY.js                                         0.60 kB │ gzip:     0.32 kB
dist/assets/sparkles-D5ALrWns.js                                      0.67 kB │ gzip:     0.39 kB
dist/assets/calendar-days-o74nCvrU.js                                 0.67 kB │ gzip:     0.37 kB
dist/assets/index-Dwj54JvO.js                                         0.67 kB │ gzip:     0.42 kB
dist/assets/trending-up-H57o73yv.js                                   0.69 kB │ gzip:     0.34 kB
dist/assets/index-TMFIu_o8.js                                         0.72 kB │ gzip:     0.41 kB
dist/assets/music-CoiyKN9V.js                                         0.75 kB │ gzip:     0.40 kB
dist/assets/purchaseIdentityBinding-tFcjnp2u.js                       0.78 kB │ gzip:     0.34 kB
dist/assets/Focus-CHI7KtTi.js                                         0.87 kB │ gzip:     0.47 kB
dist/assets/web-CXaD0XAu.js                                           0.90 kB │ gzip:     0.43 kB
dist/assets/web-CSMkH7gz.js                                           1.06 kB │ gzip:     0.52 kB
dist/assets/Legal-Ckcn2_AC.js                                         2.00 kB │ gzip:     0.91 kB
dist/assets/growth-CtfcX3mW.js                                        2.07 kB │ gzip:     0.92 kB
dist/assets/account-o-FYOZAY.js                                       2.95 kB │ gzip:     1.37 kB
dist/assets/Support-Dl9Gi2q2.js                                       3.54 kB │ gzip:     1.26 kB
dist/assets/OriginalSceneImage-zmk9pRa_.js                            3.62 kB │ gzip:     0.91 kB
dist/assets/Seasons-CN0y1TAi.js                                       3.65 kB │ gzip:     1.29 kB
dist/assets/QuotesBrowser-D3sZutV1.js                                 3.69 kB │ gzip:     1.52 kB
dist/assets/rewards-DbW8_rvx.js                                       4.17 kB │ gzip:     1.81 kB
dist/assets/Budget-BN7r5aPS.js                                        4.45 kB │ gzip:     1.71 kB
dist/assets/web-CntK7XNQ.js                                           4.65 kB │ gzip:     1.40 kB
dist/assets/Evidence-BlNrT0tF.js                                      5.45 kB │ gzip:     2.00 kB
dist/assets/courseNavigationIntent-NKHQefiD.js                        5.49 kB │ gzip:     2.36 kB
dist/assets/Tools-D8mqXBoA.js                                         5.60 kB │ gzip:     2.18 kB
dist/assets/Missions-D8s_pTQ8.js                                      5.65 kB │ gzip:     2.05 kB
dist/assets/LifeScore-CMviVQg1.js                                     5.72 kB │ gzip:     1.93 kB
dist/assets/CourseCover-Dmd2PxRP.js                                   6.18 kB │ gzip:     2.85 kB
dist/assets/Bridge-CW3gUWYe.js                                        6.53 kB │ gzip:     1.97 kB
dist/assets/FutureSelf-C3T1Nhvm.js                                    6.86 kB │ gzip:     1.94 kB
dist/assets/MissionFlows-Bk7hRXB-.js                                  8.10 kB │ gzip:     2.50 kB
dist/assets/index-dXZNBmT5.js                                         8.72 kB │ gzip:     3.31 kB
dist/assets/purchases-B0Bna8lf.js                                    10.03 kB │ gzip:     3.28 kB
dist/assets/web-Cbjn6U8G.js                                          10.19 kB │ gzip:     2.10 kB
dist/assets/PublicTwoFutures-CnwcOoFA.js                             11.24 kB │ gzip:     3.71 kB
dist/assets/Account-B1vQdwy8.js                                      11.76 kB │ gzip:     3.63 kB
dist/assets/support-B902FKGb.js                                      11.79 kB │ gzip:     4.95 kB
dist/assets/DreamArt-C7GxowtO.js                                     12.84 kB │ gzip:     2.50 kB
dist/assets/FocusTimerHub-BtVVtOK2.js                                15.21 kB │ gzip:     4.32 kB
dist/assets/Me-Clkr0fdM.js                                           16.34 kB │ gzip:     5.71 kB
dist/assets/TwoFutures-BuoryyOL.js                                   19.69 kB │ gzip:     5.43 kB
dist/assets/Upgrade-TzTKfmbF.js                                      19.72 kB │ gzip:     6.42 kB
dist/assets/media-2mgEiOLR.js                                        23.75 kB │ gzip:     9.29 kB
dist/assets/SoundRoom-BcuqDoH2.js                                    26.91 kB │ gzip:     9.78 kB
dist/assets/Bank-CRsWahXh.js                                         29.78 kB │ gzip:     8.21 kB
dist/assets/Settings-DBY8NmAA.js                                     41.22 kB │ gzip:    12.89 kB
dist/assets/Coach-CsvuOT2M.js                                        49.43 kB │ gzip:    16.17 kB
dist/assets/Dreams-D4Gow49d.js                                       53.11 kB │ gzip:    14.99 kB
dist/assets/DailyMicroHabits-D3H6ounh.js                             56.82 kB │ gzip:    14.79 kB
dist/assets/Notebook-DfjSRFrL.js                                     59.86 kB │ gzip:    17.81 kB
dist/assets/Progress-DFsYaZ9c.js                                     75.84 kB │ gzip:    18.19 kB
dist/assets/Courses-BvfJ3VR0.js                                     113.96 kB │ gzip:    36.62 kB
dist/assets/motion-HNvQpnN_.js                                      128.88 kB │ gzip:    42.38 kB
dist/assets/Today-CUEH2mjq.js                                       146.93 kB │ gzip:    46.01 kB
dist/assets/supabase--wUpN4Ei.js                                    228.14 kB │ gzip:    59.28 kB
dist/assets/react-5GCfeWye.js                                       229.42 kB │ gzip:    71.53 kB
dist/assets/genai-DNIGCYRr.js                                       409.93 kB │ gzip:    72.77 kB
dist/assets/charts-Bzd-XkHo.js                                      431.58 kB │ gzip:   124.87 kB
dist/assets/tr-COHWLD3Y.js                                          561.39 kB │ gzip:   219.33 kB
dist/assets/es-qQNFzrdv.js                                          573.85 kB │ gzip:   217.68 kB
dist/assets/index-CY_U_6Qg.js                                       951.87 kB │ gzip:   308.83 kB
dist/assets/courses-CKtnra3s.js                                   2,510.75 kB │ gzip:   813.28 kB
dist/assets/index-BMm9S-UO.js                                     5,959.05 kB │ gzip: 2,123.39 kB

(!) Some chunks are larger than 700 kB after minification. Consider:
- Using dynamic import() to code-split the application
- Use build.rollupOptions.output.manualChunks to improve chunking: https://rollupjs.org/configuration-options/#output-manualchunks
- Adjust chunk size limit for this warning via build.chunkSizeWarningLimit.
✓ built in 9.62s
npm notice
npm notice New major version of npm available! 11.9.0 -> 12.2.0
npm notice Changelog: https://github.com/npm/cli/releases/tag/v12.2.0
npm notice To update run: npm install -g npm@12.2.0
npm notice
npm notice
npm notice New major version of npm available! 11.9.0 -> 12.2.0
npm notice Changelog: https://github.com/npm/cli/releases/tag/v12.2.0
npm notice To update run: npm install -g npm@12.2.0
npm notice
