
> oda-one-decision-away@1.0.0 check
> npm run lint && node scripts/validate-i18n.mjs && node --import tsx scripts/test-i18n.ts && node --import tsx scripts/test-notebook.ts && node --import tsx scripts/test-notebook-voice.ts && node --import tsx scripts/test-routing.ts && npm test && npm run build


> oda-one-decision-away@1.0.0 lint
> tsc --noEmit

npm notice
npm notice New major version of npm available! 11.9.0 -> 12.2.0
npm notice Changelog: https://github.com/npm/cli/releases/tag/v12.2.0
npm notice To update run: npm install -g npm@12.2.0
npm notice
tr: 6824 entries; missing keys 0; placeholder differences 0
es: 6824 entries; missing keys 0; placeholder differences 0
English-first startup, saved choices, EN/TR/ES switching, fallback and repeated placeholders passed.
✔ old backups normalize without copying or losing any legacy Dream Journal field (2.415146ms)
✔ new writing of every kind including affirmation earns 25 once; intention alone does not (2.064556ms)
✔ edit, no-op, delete and recreate preserve immutable once-per-day reward claims (1.173486ms)
✔ local writing day and existing UTC reward ceiling are separate and cap-safe (0.377091ms)
✔ 369 only counts matching written intentions, allows partial saves and retains archived histories (1.520301ms)
✔ 369 derives a real 33-day streak and preserves the achieved target after a gap (1.372518ms)
✔ 369 matches Turkish dotted/dotless uppercase pairs without stripping meaningful accents (0.396721ms)
✔ calendar streaks use local days across DST, not elapsed 24-hour periods (0.529502ms)
✔ validation rejects blank entries, future dates, past creation and excess slots without altering input (0.434228ms)
✔ legacy edits preserve photos, links and original date; unified JSON roundtrip is lossless (6.721937ms)
✔ real repository serializes concurrent writes, protects from stale saves, and honors explicit restore (10.828483ms)
✔ stale whole-document saves do not resurrect deleted legacy entries or lose new ones (1.386489ms)
✔ Notebook rebases after a delayed load against a concurrent profile and ledger save (0.929818ms)
✔ concurrent mission and Notebook reward evaluation share the same 2500 ceiling (7.41791ms)
✔ failed storage saves reject, do not push cloud or claim rewards, and queue recovers (1.265526ms)
✔ unreadable saved JSON is preserved, never silently replaced with seed data (0.27128ms)
✔ explicit local restore blocks older cloud data across failed uploads and is account/project scoped (14.298177ms)
✔ an old in-flight cloud upload cannot overwrite a newer restored snapshot or clear its marker (4.626364ms)
✔ a signed-out import binds to the first later connection and stays isolated from other accounts (4.907009ms)
ℹ tests 19
ℹ suites 0
ℹ pass 19
ℹ fail 0
ℹ cancelled 0
ℹ skipped 0
ℹ todo 0
ℹ duration_ms 67.5311
Notebook voice uses device speech only, preserves preferences and handles unavailable speech.
✔ root hosting retains history paths, including direct reloads (1.029398ms)
✔ project hosting keeps every navigation on the same static document (0.806231ms)
✔ landing URLs and non-route fragments do not become unknown routes (0.12574ms)
✔ back/forward hash entries resolve to canonical route IDs (0.120122ms)
✔ icons and service worker URLs stay under their deployment base (0.189287ms)
✔ service worker precaches only its project directory (14.048469ms)
✔ standalone support remains available offline without replacing the application shell (5.426916ms)
✔ activation preserves sibling apps and this version media cache (1.363505ms)
✔ notification defaults and legacy targets open the project hash route (1.049819ms)
✔ installed app metadata refreshes instead of retaining the cached identity (1.807306ms)
✔ installed app metadata remains available offline (0.962797ms)
ℹ tests 11
ℹ suites 0
ℹ pass 11
ℹ fail 0
ℹ cancelled 0
ℹ skipped 0
ℹ todo 0
ℹ duration_ms 33.570033

> oda-one-decision-away@1.0.0 test
> node --import tsx --test tests/*.test.ts supabase/functions/send-nudges/core.test.ts supabase/functions/send-nudges/push-worker.test.ts

✔ 600 scheduled selections are unique across 100 local calendar days and repeat only in the next cycle (3.234006ms)
✔ calendar-day index is independent of server timezone, DST boundaries and midnight UTC (0.344362ms)
✔ sender blocks private-network endpoints, embedded credentials, lookalike hosts and unexpected ports (0.326094ms)
✔ payload identifies adaptation/translation and routes stay valid for root and project hosting (1.093966ms)
✔ cron authenticator requires a substantial matching secret (11.435012ms)
✔ push event displays the real server payload without an open client (1.852866ms)
✔ unexpected push fields cannot become arbitrary notification options (0.79262ms)
✔ does not load a runtime before explicit initialization and blocks unsupported devices (2.342677ms)
✔ context retains the latest user turn, merges interrupted turns, and ignores injected roles (0.847283ms)
✔ streams accumulated visible content and disables reasoning output (2.319942ms)
✔ aborting initialization disposes the downloading runtime and allows retry (7.834962ms)
[ODA Coach] Generation failed: Error: GPU device lost: out of memory
    at Object.generate (/workspace/oda-reference-redesign/tests/ai-coach.test.ts:117:35)
    at <anonymous> (/workspace/oda-reference-redesign/src/services/aiCoach.ts:256:68)
    at Object.stream (/workspace/oda-reference-redesign/src/services/aiCoach.ts:300:5)
    at TestContext.<anonymous> (/workspace/oda-reference-redesign/tests/ai-coach.test.ts:122:30)
    at async Test.run (node:internal/test_runner/test:1389:7)
    at async Test.processPendingSubtests (node:internal/test_runner/test:960:7)
✔ cancellation drains generation, suppresses late text, and releases the next request (5.382499ms)
✔ generation failures are actionable, never become a canned coach reply, and require restart (6.264234ms)
✔ unload cancels an active operation, releases memory and supports a fresh initialization (2.667999ms)
✔ ambient renders are long independent stereo textures with finite bounded levels (148.288592ms)
✔ scene identities differ in spectrum and amplitude dynamics (31.505008ms)
✔ loop overlaps join continuous adjacent noise without a boundary spike (44.729589ms)
✔ seeds reproduce review samples and produce a new texture when changed (119.077058ms)
✔ one Sound Room track keeps one title across categories, including intentional noise reuse (0.314836ms)
✔ fresh startup seeds and absent records do not prompt for a backup (1.664961ms)
✔ empty notebook, lesson, experiment and weekly-review shells are not saved personal work (0.780461ms)
✔ the first saved journal, scripting or future letter qualifies without three older records (1.709929ms)
✔ a saved intention, gratitude note or affirmation qualifies before any decision completion (0.661531ms)
✔ an interrupted first lesson answer of zero, practice checkbox or reflection qualifies (0.603213ms)
✔ the first course plan, paused attempt or saved review qualifies independently of lesson completion (0.512966ms)
✔ one saved weekly review with no kept decisions qualifies (0.1845ms)
✔ one completion, kept decision, vision choice or dream-journal entry preserves existing eligibility (0.712879ms)
✔ a valid downloaded backup suppresses until the exact fourteen-day boundary (0.517042ms)
✔ invalid, absent and future export or cloud timestamps never suppress protection (0.490102ms)
✔ freshness compares actual ISO instants and accepts leap days without calendar normalization (0.175426ms)
✔ only configured, signed-in, recent scoped cloud success with no error suppresses the reminder (0.272162ms)
✔ a recent export still protects work when cloud sync fails, and session dismissal remains respected (0.261485ms)
✔ eligibility does not alter saved work or cloud status, and all three locales explain protection without promising sync (0.42977ms)
✔ restore safety: weekly review text cannot be an object (3.351735ms)
✔ restore safety: life score records need sortable timestamps (0.81958ms)
✔ restore safety: bridge records need their rendered amounts (0.847733ms)
✔ restore safety: a pinned dream name cannot be a React object child (0.703084ms)
✔ legacy course storage migrates into the personal record without changing other data (4.919668ms)
✔ course edits, completion, experiment plans and logs roundtrip through JSON backup (3.392356ms)
✔ a stale save from another feature retains newer lesson notes and practice logs (1.807917ms)
✔ a legacy backup keeps local courses; an explicit empty course backup clears them (1.640935ms)
✔ validation rejects malformed personal, notebook and course data before any storage write (4.318578ms)
✔ quota failures keep the entire previous record and legacy key intact, and a retry succeeds (1.570087ms)
✔ unreadable main data is never replaced by a course-only save (0.459656ms)
✔ lesson edits and re-completion retain the real-world experiment history (0.239473ms)
✔ course mutations wait for the shared write lock and rebase onto a concurrent notebook commit (0.889827ms)
✔ ledger and notebook rewards retain one UTC ceiling when the local decision day differs (21.986377ms)
✔ cloud upload captures current courses and invalid cloud backups leave local storage untouched (13.224561ms)
✔ cloud previews do not change last-sync or local data until the reviewed record is committed (3.8306ms)
✔ Bank chart keeps UTC ledger Today and date labels aligned at New York evening (29.190844ms)
✔ Bank seven-day earnings window is Sep 25 through Oct 1 for the UTC ledger day (2.825187ms)
✔ Savings includes the first displayed UTC day in net and pace, excluding opening history (4.415335ms)
✔ Savings net includes mixed first-day credits, spending and the current UTC day (3.51416ms)
✔ Bank chart formats ledger dates in selected tr UI locale (22.770494ms)
✔ Bank chart formats ledger dates in selected es UI locale (20.07998ms)
✔ a welcome grant preserves the balance and supplies zero practice evidence (1.446761ms)
✔ mixed financial deposits cannot inflate distinct kept days or completed decisions (6.13665ms)
✔ practice week follows local calendar boundaries and repeated days count once (0.2246ms)
✔ reward labels distinguish symbolic unlocking from actual D$ pace estimates in every locale (0.353425ms)
✔ client and server agree on the message limits (0.729184ms)
✔ the request keeps the last 12 messages, trims each to 1500 characters and drops empty ones (0.39646ms)
✔ context is sent only when there is something to send, and is trimmed (0.35005ms)
✔ responses map to a result or a typed error (1.008857ms)
✔ the shared context holds only today, the last kept decisions and short journal lines (6.635406ms)
✔ a matching current durable document uploads and records current plus historical confirmation (18.368469ms)
✔ a stale rendered profile payload cannot roll acknowledged cloud work backward (9.007838ms)
✔ a stale rendered notebook payload cannot roll acknowledged cloud work backward (9.945411ms)
✔ a stale rendered futureSelf payload cannot roll acknowledged cloud work backward (3.000272ms)
✔ missing authoritative local record rejects a push before any cloud query (2.887031ms)
✔ invalid-json authoritative local record rejects a push before any cloud query (3.284673ms)
✔ invalid-document authoritative local record rejects a push before any cloud query (2.515479ms)
✔ a course-only stale caller uses the existing latest-course normalization and can upload (5.912652ms)
✔ an ordinary repository save invalidates current confirmation immediately and retains history (4.044093ms)
✔ a durable Notebook action invalidates confirmation without waiting for its debounce (5.150007ms)
✔ a durable course save invalidates confirmation without requiring the AppProvider event listener (2.41117ms)
✔ a save suppressed by its account guard still makes the current durable document dirty (2.674048ms)
✔ a failed durable repository write preserves previous current confirmation (13.706411ms)
✔ a failed durable notebook write preserves previous current confirmation (12.459023ms)
✔ a failed durable course write preserves previous current confirmation (2.281944ms)
✔ dirty startup does not automatically restore the same acknowledged cloud baseline over newer device work (2.769653ms)
✔ an old in-flight upload retains its remote baseline while the latest durable document remains dirty (5.297661ms)
✔ the latest queued durable payload updates after an older in-flight upload without reverting cloud or device (9.605883ms)
✔ a cloud-restore fingerprint resolve after account drift returns false without publishing obsolete status (3.971002ms)
✔ a cloud-restore fingerprint reject after account drift returns false without publishing obsolete status (2.694039ms)
✔ a cloud-restore fingerprint resolve after project drift returns false without publishing obsolete status (3.799592ms)
✔ a cloud-restore fingerprint reject after project drift returns false without publishing obsolete status (5.056425ms)
✔ a cloud-restore fingerprint resolve after local-record drift returns false without publishing obsolete status (3.387758ms)
✔ a cloud-restore fingerprint reject after local-record drift returns false without publishing obsolete status (4.453332ms)
✔ a rejected current cloud-restore fingerprint returns false, preserves durable data and reports unconfirmed backup (3.543906ms)
✔ cloud-restore acknowledgement owner-quota failure returns a boolean and keeps the durable restored record (3.479567ms)
✔ cloud-restore acknowledgement document-read failure returns a boolean and keeps the durable restored record (2.811597ms)
✔ a clean-reload confirmation fingerprint resolve after account B cannot publish account A status (2.411802ms)
✔ a clean-reload confirmation fingerprint reject after account B cannot publish account A status (7.167211ms)
✔ confirmation bootstrap after a clean reload is tied to the actual persisted document (3.676666ms)
✔ confirmation bootstrap after a dirty reload preserves device work and historical cloud time (3.043838ms)
✔ a coherently hydrated external-tab edit cannot inherit another tab’s current-document confirmation (2.68833ms)
✔ a pending cloud SELECT cannot replace data after account switch (2.881552ms)
✔ a pending cloud SELECT cannot replace data after project switch (0.431764ms)
✔ a pending cloud SELECT cannot replace data after logout and reauthentication as the same account (0.720581ms)
✔ a pending cloud SELECT cannot replace data after an explicit local import barrier (0.689213ms)
✔ a pending cloud SELECT cannot replace data after newer saved personal writing (0.611206ms)
✔ a reviewed cloud restore is checked inside the write lock after account switch (8.113263ms)
✔ a reviewed cloud restore is checked inside the write lock after project switch (1.633854ms)
✔ a reviewed cloud restore is checked inside the write lock after logout and reauthentication as the same account (1.230373ms)
✔ a reviewed cloud restore is checked inside the write lock after an explicit local import barrier (1.200678ms)
✔ a reviewed cloud restore is checked inside the write lock after newer saved personal writing (1.265085ms)
✔ an unchanged reviewed cloud record commits once and records its scoped sync (2.498272ms)
✔ manual sync cannot fall back to uploading a captured previous-account snapshot (0.426296ms)
✔ a delayed automatic backup remains bound to its original account (0.355769ms)
✔ an old upload success cannot mark or emit the new cloud scope (3.446037ms)
✔ an old upload failure cannot mark or emit the new cloud scope (1.5783ms)
✔ fresh OTP sign-in cannot overwrite existing cloud work on the first ordinary save (7.565524ms)
✔ an absent cloud row is inserted once and acknowledges the returned server version and exact data (9.209834ms)
✔ offline SELECT throws and reconnect retain both records (3.234336ms)
✔ offline SELECT resolved and reconnect retain both records (1.738832ms)
✔ shared device A→B→A cannot reuse the historical acknowledgement of A after B owns the record (14.654657ms)
✔ a stale upload SELECT after account cannot write or alter current-scope status (1.371396ms)
✔ a stale upload SELECT after project cannot write or alter current-scope status (0.939612ms)
✔ a stale upload SELECT after logout-return cannot write or alter current-scope status (0.999824ms)
✔ a stale upload SELECT after local-edit cannot write or alter current-scope status (1.026044ms)
✔ a stale upload SELECT after import cannot write or alter current-scope status (1.385447ms)
✔ same-version remote content changed at the fresh read cannot authorize overwrite (4.151104ms)
✔ canonical acknowledgement treats reordered object keys as equal, but retains array order (5.26393ms)
✔ a changed remote version between SELECT and UPDATE yields zero rows and never acknowledges success (3.027774ms)
✔ an absent-row insert race preserves the winning cloud record and holds the import token (1.552631ms)
✔ empty returned write representation never acknowledges or clears import intent (1.896852ms)
✔ missing returned write representation never acknowledges or clears import intent (1.231695ms)
✔ invalid-data returned write representation never acknowledges or clears import intent (1.306288ms)
✔ invalid-version returned write representation never acknowledges or clears import intent (1.217042ms)
✔ multiple returned write representation never acknowledges or clears import intent (2.251699ms)
✔ a legacy timestamp-only acknowledgement cannot authorize an existing-row upload (1.016458ms)
✔ previewing or declining a cloud restore creates no acknowledgement and later saves remain held (2.350999ms)
✔ accepted cloud restore acknowledges the raw fetched JSON, including omitted legacy course data (5.300334ms)
✔ an explicit import facing unacknowledged existing cloud keeps bytes/token and cannot bypass review protection (1.103721ms)
✔ an explicit import into absent cloud can insert and clear only its still-current token (2.851196ms)
✔ a late write response cannot acknowledge a new account or clear a newer import token (1.801157ms)
✔ a write response cannot clear an import created while that same account upload waited (1.910212ms)
✔ acknowledgement storage failure does not report sync success or clear imported intent (4.732695ms)
✔ hash failure cannot mutate cloud or acknowledge the local record (7.005576ms)
✔ awaited remote fingerprint after account cannot authorize a stale write (2.860701ms)
✔ awaited remote fingerprint after local-edit cannot authorize a stale write (2.321355ms)
✔ awaited remote fingerprint after import cannot authorize a stale write (3.597316ms)
✔ a malformed-data SELECT pauses upload without choosing a winner (0.916157ms)
✔ a invalid-version SELECT pauses upload without choosing a winner (1.079494ms)
✔ successful upload acknowledges the actual returned server version rather than the attempted client timestamp (2.505703ms)
✔ a rejected reviewed restore cannot establish cloud acknowledgement (5.229917ms)
✔ a regressed clock advances the conditional write beyond remote microseconds 2040-01-01T00:00:00.999999Z (4.903534ms)
✔ a regressed clock advances the conditional write beyond remote microseconds 2040-01-01T00:00:00.000001+00:00 (3.255559ms)
✔ a valid returned document differing from the sent snapshot cannot establish upload permission (2.174592ms)
✔ a represented conditional write that fails to advance its version cannot be acknowledged (2.780099ms)
✔ an absent-row insert is not attempted when payload hashing is unavailable (1.009198ms)
✔ another owner recorded during hashing invalidates an earlier acknowledgement without changing device bytes (2.963567ms)
✔ another owner recorded during an upload response cannot be overwritten by its late acknowledgement (2.106749ms)
✔ an acknowledgement storage-read failure after durable restore returns false and preserves the restored record (1.370646ms)
✔ a rejected SELECT after a newer local save cannot replace that newer status (0.97103ms)
✔ a manual preview stays paused without acknowledging cloud work until an accepted commit (4.136002ms)
✔ manual review exposes unacknowledged/changed cloud at -1000ms while default startup policy remains unchanged (2.110255ms)
✔ manual review exposes unacknowledged/changed cloud at 0ms while default startup policy remains unchanged (2.322436ms)
✔ manual review exposes unacknowledged/changed cloud at 1000ms while default startup policy remains unchanged (1.99494ms)
✔ known limitation: a legacy same-version mutation after SELECT can pass timestamp-only CAS (13.481941ms)
✔ levels and monthly limits match the plan (1.798383ms)
✔ the highest active RevenueCat entitlement wins; expired ones do not count (0.309809ms)
✔ the tier cache is fresh for ten minutes (0.141174ms)
✔ requests are validated, trimmed and may be empty for a status check (0.417582ms)
✔ crisis words in English, Turkish and Spanish are caught; everyday worry is not (2.262275ms)
✔ the prompt sets the persona, safety rules and reply language; context reaches only the coach level (0.238681ms)
✔ the function keeps secrets and message text out of code and logs (0.35022ms)
✔ no AI provider secret is referenced from the app bundle code (24.597891ms)
✔ lightweight course previews and restore metadata match each real edition (9.721267ms)
✔ English editions keep every course and lesson ID of the Turkish edition (1.131563ms)
✔ every English lesson goes deeper and tells an example story (2.303908ms)
✔ every course and lesson has a real, distinct photo with alt text (0.434718ms)
✔ technique cards name their origin, give doable steps and say honestly what the evidence supports (0.738157ms)
✔ every course states its purpose, scope and outcome, with usable lesson durations (0.425504ms)
✔ the bibliography distinguishes research from guidance and includes usable HTTPS references and limitations (0.890708ms)
✔ every lesson cites existing sources and every advertised research source is used (0.555521ms)
✔ each lesson has two reading paragraphs, three distinct practice instructions and reflection support (4.556869ms)
✔ each lesson offers three distinct answers, one valid correct index and explanatory feedback (1.567263ms)
✔ every lesson has one visual; charts quote a source the lesson cites (0.826762ms)
✔ Spanish editions mirror the English structure (6.076189ms)
✔ Spanish source ids are unique (0.294726ms)
✔ stable course IDs keep their ordered lesson IDs for stored progress (1.084401ms)
✔ every course and lesson has a real, distinct photo with Turkish alt text (1.463956ms)
✔ technique cards name their origin, give doable steps and say honestly what the evidence supports (1.20935ms)
✔ every course states its purpose, scope and outcome, with usable lesson durations (0.428959ms)
✔ the bibliography distinguishes research from guidance and includes usable HTTPS references and limitations (1.030841ms)
✔ every lesson cites existing sources and every advertised research source is used (0.527138ms)
✔ each lesson has two reading paragraphs, three distinct practice instructions and reflection support (3.548592ms)
✔ each lesson offers three distinct answers, one valid correct index and explanatory feedback (1.127066ms)
✔ every lesson has one visual; charts quote a source the lesson cites (0.604044ms)
✔ every untouched course previews its real edition without creating saved learning (4.029831ms)
✔ a saved tick, answer zero, reflection or completion constitutes learning, unlike a blank record (2.421907ms)
✔ saved progress resumes each of the 103 actual lessons across all three editions and Today agrees (43.545624ms)
✔ a later draft cannot skip unfinished prerequisite lessons (0.48925ms)
✔ workbook-only plans stay available for review without inventing lesson progress (0.757227ms)
✔ ordinary saves retain an explicit view while account and same-account backup replacement invalidate it (0.206162ms)
✔ course entry instructions have matching localized keys and keep the actual lesson-number placeholder (0.523393ms)
✔ all 18 courses have distinct, actionable guides in every supported language (1.498218ms)
✔ studio is optional and initially collapsed; completed courses open their transfer practice (30.929083ms)
✔ new plans preserve optionality and keep an independent copy of private fields (0.66064ms)
✔ untrusted backup data cannot introduce unknown courses, malformed dates, duplicate entries, or oversized notes (0.837428ms)
✔ retrying the same journal entry is idempotent; paused and adapted entries retain honest observations (0.40346ms)
✔ journal keeps the most recent bounded entries and does not mutate input during normalization (0.626118ms)
✔ calendar validation handles leap days, impossible dates, and week/month/year transitions (0.185852ms)
✔ due review needs a usable plan; completing review sets a fresh revisit without losing reflection (0.202736ms)
✔ course progress saves and completed lessons keep the plan, journal, and review after an interrupted round trip (3.82396ms)
✔ a practice plan cannot unlock lessons or manufacture completion (0.317801ms)
✔ a localized portable artifact retains ordinary private text without embedding executable HTML (0.267555ms)
✔ overview and lesson requests are distinct, single-use and never write learning progress (1.742118ms)
✔ malformed, unknown-course, cross-course lesson and unsupported version requests are discarded (0.360936ms)
✔ requests belonging to a different account or restored record cannot be consumed (0.233564ms)
✔ an explicit overview stays overview after saved progress arrives; Continue resumes actual incomplete lesson (1.010049ms)
✔ roadmap requests cannot skip prerequisites, open unknown lessons or bypass existing subscription gates (0.472495ms)
✔ completed courses remain rereadable and blocked navigation storage is reported without throwing (0.801373ms)
✔ rapid edits remain visible and are replayed in order under serialized persistence (5.462279ms)
✔ failed drafts survive later edits and a retry rebases them over unrelated saved work (0.489721ms)
✔ same-tab save notifications retain newer input while an earlier batch is committing (0.340576ms)
✔ unexpected persistence exceptions preserve private work and allow a later successful save (0.269268ms)
✔ retry clicked while a failed write is settling starts a fresh persistence attempt (0.296179ms)
✔ malformed and unsupported records recover to separate empty states (1.421011ms)
✔ unknown IDs and properties are discarded; checklists are resized with strict booleans (0.406565ms)
✔ negative, fractional, nonnumeric and out-of-range answers do not satisfy a lesson (0.594139ms)
✔ notes are bounded while their newlines and ordinary content survive (0.200574ms)
✔ tampered completion cannot bypass the exercise, answer or preceding lessons (0.23136ms)
✔ valid completed prefixes survive independently for different courses (0.217189ms)
✔ draft updates are immutable and cannot mark a lesson complete (0.256598ms)
✔ completion follows the real course in order and is idempotent (1.033885ms)
✔ editing a completed prerequisite revalidates later lessons without losing drafts (0.336359ms)
✔ caller-supplied lesson and course objects cannot change the answer or bypass a course (0.265252ms)
✔ saving and reloading preserve a completed lesson and an unfinished draft (1.391757ms)
✔ blocked storage and quota failures are reported without throwing (0.661832ms)
✔ a decision kept today takes priority over array order and an older active carry-over (1.26155ms)
✔ a newly chosen decision after a kept one remains actionable today (0.157258ms)
✔ yesterday’s completion, archived decisions, invalid timestamps and future plans never masquerade as today (0.141274ms)
✔ daily decisions use the local calendar around UTC midnight in both timezone directions (0.402419ms)
✔ a missed weekly review remains available on Wednesday and follows local Sunday boundaries (0.185711ms)
✔ weekly evidence counts actual distinct days and bounds entries to the reviewed calendar week (6.779283ms)
✔ an unfinished decision can be reviewed without inventing completed progress (0.180693ms)
✔ saving and editing a daily reflection preserves other pages, rewards once, and survives JSON backup replacement (1.138193ms)
✔ course continuation resumes selected work before the suggested course and advances to the actual incomplete lesson (0.338172ms)
✔ course continuation recognizes an interrupted first answer of zero and never offers an already completed course (0.369099ms)
✔ daily loop copy has explicit matching nonempty English, Turkish and Spanish strings (0.210519ms)
✔ concurrent retries of a kept daily decision record evidence and reward exactly once (16.293026ms)
✔ deep backup safety: reject unparseable notebook day before replacing any storage (4.596329ms)
✔ deep backup safety: reject impossible calendar day before replacing any storage (1.011742ms)
✔ deep backup safety: reject object mood rendered in journal before replacing any storage (0.885891ms)
✔ deep backup safety: reject object prompt assigned to editor before replacing any storage (0.86562ms)
✔ deep backup safety: reject unknown kind hidden by every writing surface before replacing any storage (1.025682ms)
✔ deep backup safety: reject unparseable gratitude day before replacing any storage (0.805459ms)
✔ deep backup safety: reject invalid writing activity day before replacing any storage (0.764658ms)
✔ deep backup safety: reject invalid ledger day before replacing any storage (0.68015ms)
✔ deep backup safety: reject object activity transaction reference before replacing any storage (0.728323ms)
✔ deep backup safety: reject invalid 369 start day before replacing any storage (0.827863ms)
✔ deep backup safety: reject invalid 369 history day before replacing any storage (0.692949ms)
✔ deep backup safety: reject object archive marker hiding a practice before replacing any storage (0.6074ms)
✔ deep backup safety: reject object 369 day timestamp before replacing any storage (0.592197ms)
✔ deep backup safety: reject dream instant producing an invalid display day before replacing any storage (0.54855ms)
✔ deep backup safety: reject invalid course attempt day silently dropping a note before replacing any storage (0.763296ms)
✔ deep backup safety: reject invalid course review due date before replacing any storage (0.650375ms)
✔ deep backup safety: reject invalid course review completion date before replacing any storage (0.64065ms)
✔ deep backup safety: legitimate exported writing, legacy moods, and leap days roundtrip and render (33.553207ms)
✔ deep backup safety: legacy backups without a notebook retain dream fields and local courses (0.443121ms)
✔ an earlier account sync timestamp cannot hide another account cloud record (13.757027ms)
✔ a legacy unscoped timestamp is not proof that this account is synchronized (1.703028ms)
✔ an account deletion response cannot sign out a later signed-in account (0.871159ms)
✔ an account deletion response cannot clear a new project connection (0.296309ms)
✔ a late cloud coach reply cannot be accepted in another account scope (18.181976ms)
✔ account deletion cannot start with another account after awaiting the client (0.334667ms)
✔ cloud coach context consent is isolated between accounts and projects (0.235867ms)
✔ a token refresh keeps the current account coach request valid (0.538916ms)
✔ a project change while reading a coach response also expires its content (0.365844ms)
✔ stopping the coach cancels a response body still being downloaded (0.477713ms)
✔ a queued backup cannot upload a local document rolled back while it waited (12.406012ms)
✔ the latest queued backup still uploads after a preceding slower backup (4.416336ms)
✔ returning to an earlier account cannot reuse its timestamp for another account local record (6.85011ms)
✔ a replaced dataset cannot inherit this account historical synchronization proof (2.574257ms)
✔ an owner-metadata quota failure cannot advertise a newer synchronized local record (5.516451ms)
✔ every localized course can complete and carry its notes into the other editions (19.844743ms)
✔ practice calendar keeps the local day across UTC midnight and daylight-saving weeks (0.497573ms)
✔ a transient personal-record read failure cannot replace already saved course work with an empty fallback (1.839104ms)
✔ a blocked-save session retains private edits and warning after its only view unmounts, then retries successfully (0.524304ms)
✔ explicit replacement cancels a queued old draft while allowing new edits to save after the lock releases (0.755684ms)
✔ a transient legacy-course read failure cannot overwrite the previous separate course record (0.374166ms)
✔ a different tab replacement discards old private draft before replay even when its storage event has not arrived (2.025076ms)
✔ other-tab provisional replacement notifications wait for rollback before inspecting epochs or discarding private drafts (1.436835ms)
✔ same-tab course publication runs under the lock before another tab can project a provisional replacement (0.66117ms)
✔ purchases and payments committed within one clock tick keep distinct identities (4.405419ms)
✔ habit completion dates agree with the local Today calendar on either side of UTC midnight (1.17605ms)
✔ habit yesterday and streaks count actual calendar dates through both DST changes (0.306213ms)
✔ habits roll over at local midnight and keep the previous local day history (1.377466ms)
✔ rollover fallback converts the last-opened instant to its local day (0.29075ms)
✔ date-only values display their saved day while timestamps retain instant conversion (12.185107ms)
✔ calendar formatting rejects normalized impossible days and keeps invalid values readable (0.27071ms)
✔ habit reward identity survives undo, reload and UTC midnight without paying the same local day twice (0.348648ms)
✔ local midnight cannot earn the same habit twice in the UTC reward day (0.127352ms)
✔ habit and check-in rewards share the notebook UTC ceiling, including partial and exhausted budgets (0.238602ms)
✔ a profile save captured before a decision completion retains the kept decision and its evidence (15.704115ms)
✔ concurrent purchases retain both dreams and both payments (3.752741ms)
✔ concurrent purchase checks reject a second claim for the same dream (1.432609ms)
✔ concurrent purchases check affordability against the payment that committed first (1.186516ms)
✔ concurrent savings additions retain both amounts and log entries (1.758482ms)
✔ disjoint profile changes from the same baseline both survive (5.732318ms)
✔ conflicting edits to the same profile field reject before any write and notify the UI (1.350365ms)
✔ an intentional mission deletion and reorder survive a disjoint newer settings save (0.904159ms)
✔ concurrent edits to the mission array reject rather than inventing a merged list (0.898199ms)
✔ even an identical explicit restore invalidates snapshots that were captured before it (1.999186ms)
✔ a profile write queued behind a restore cannot resurrect pre-restore writing (2.01502ms)
✔ legacy records missing transactions can merge a settings edit after a course-only write (1.163912ms)
✔ clearing and recreating the personal record invalidates earlier editable snapshots (2.681229ms)
✔ deleting imported own magic keys while another nested field changes never revives them (0.933884ms)
✔ mission evidence, generated bridges and savings logs keep unique IDs in a single clock tick (2.601889ms)
✔ all 160 shipped English cue identities/text hashes match the 11 runtime sessions (2.431161ms)
✔ every public MP3 byte count/checksum matches delivered metadata and no model/runtime is shipped (22.244396ms)
✔ all shipped decoded/container durations fit the original cue windows with at least250ms margin (1.95557ms)
✔ service worker leaves narration to the verified on-demand cache and does not precache MP3s (0.281015ms)
✔ levels are ordered free < essentials < pro < coach (1.302201ms)
✔ coach message allowances follow the product spec (0.17168ms)
✔ essential courses exist, and Turning Day is not one of them (it is free for all) (0.20507ms)
✔ nothing is locked where subscriptions cannot be bought (web), at any level (0.283269ms)
✔ free level: Turning Day in full, first lessons of the rest, first sounds of each category (0.174564ms)
✔ essentials opens the six core courses and the whole Sound Room, not the rest (0.234304ms)
✔ pro and coach open every lesson and sound (0.228596ms)
✔ six products: two per paid level, ids match the App Store spec (0.300315ms)
✔ RevenueCat entitlements resolve to the highest active level (0.312093ms)
✔ annual saving is computed from real prices only (0.327536ms)
✔ focus streak counts distinct real timer days, not estimates, duplicates or future records (1.246447ms)
✔ yesterday continues a streak until today ends; missing yesterday ends it (0.215325ms)
✔ UTC boundary is explicit and later repeatable-quest sessions remain evidence (0.18514ms)
✔ canonical IDs and exact events dedup without losing spaced completions of the same quest (0.669233ms)
✔ Stop cancels a cue still waiting for synthesis without starting audio (3.827915ms)
✔ deferred synthesis starts at the latest requested volume 0 (0.945141ms)
✔ deferred audio resume starts at the latest requested volume 0 (0.583433ms)
✔ deferred Settings preview preserves requested volume 0 (0.598286ms)
✔ deferred synthesis starts at the latest requested volume 0.35 (1.020625ms)
✔ deferred audio resume starts at the latest requested volume 0.35 (0.600008ms)
✔ deferred Settings preview preserves requested volume 0.35 (0.367736ms)
✔ a volume change during loading preserves stop protection (0.50245ms)
✔ a volume change during loading preserves pause-resume protection (0.405514ms)
✔ a volume change during loading preserves new-session protection (0.595782ms)
✔ a newer cue owns playback when an older synthesis resolves later (0.425084ms)
✔ Pause then Resume cannot resurrect a cue waiting for synthesis (0.250078ms)
✔ Stop also cancels a cue waiting for the audio context to resume (0.295157ms)
✔ a new cue supersedes one waiting for the audio context to resume (0.441288ms)
✔ Pause and Resume invalidate pending context-resume playback (0.430822ms)
✔ replacement immediately stops active audio while the new clip is pending (0.430983ms)
✔ stale source completion cannot clear or end the new cue (0.638616ms)
✔ Pause and Resume preserve an already-started cue without starting it twice (0.391583ms)
✔ unavailable synthesis reports failure without creating an audio source (2.022382ms)
✔ a failed audio context resume reports failure without starting playback (0.345823ms)
✔ a failed source start reports failure and never announces playback (0.494889ms)
✔ English narration cache stays the same when UI locale changes (43.989366ms)
✔ a Settings preview resolving after Stop cannot start playback (0.324141ms)
✔ a Settings preview resolving after a newer cue cannot interrupt it (0.314216ms)
✔ every approved PNG and both approval manifests remain unchanged (19.465909ms)
✔ served responsive variants match actual lossless bitstream dimensions, hashes, and complete-frame geometry (36.02249ms)
✔ all real course covers and tree stages have deployment-scoped responsive sources and retain PNG fallbacks (20.353473ms)
✔ modern-image failures retry the original; PNG and malformed failures reach the existing final fallback (0.236217ms)
✔ 3D decorative growth preserves 60 kept decisions and 30 extra blossoms (1.219196ms)
✔ 3D display normalizes invalid counts without changing the evidence source (0.238782ms)
✔ static legal pages match src/data/legal.ts (run npx tsx scripts/build-legal.ts) (1.577317ms)
✔ every language has the same sections and names the company (0.327355ms)
✔ privacy policy covers what App Review checks (0.23074ms)
✔ local day keys and day gaps follow the calendar, not UTC (0.987235ms)
✔ evidence lists kept decisions newest first and counts the last seven days (6.672552ms)
✔ comeback is kind after a lapse and silent otherwise (0.248426ms)
✔ fresh starts land on the first of the month and on Mondays (0.12539ms)
✔ simple mode lasts a week or until three kept decisions, and can be switched off (0.239193ms)
✔ the day-14 question appears once, only for people who used decisions (0.291151ms)
✔ the weekly look-back is offered on Sunday and Monday, once per week, and its change lasts a week (0.587609ms)
✔ the chain forgives one missed day a week, but not two in a row or two in a week (0.66053ms)
✔ smart reminders aim 30 minutes before the usual kept time, once there is enough history (0.412735ms)
✔ every sign-up intent points at a real course and offers three easy decisions (103.520289ms)
✔ the reminder voice keeps one line per day and never threatens a streak (1.537608ms)
✔ every iOS project and application build configuration enforces the Safari 16.4 baseline (1.08272ms)
✔ Capacitor sync keeps a compatible generated Swift package floor without lowering the app minimum (153.571056ms)
✔ installed native dependency library floors are compatible with the Swift wrapper and app (0.464343ms)
✔ native metadata cannot override the application minimum with an older target (0.715944ms)
✔ native Settings and Account use the shared code flow with device copy in en (12.760658ms)
✔ native Settings and Account use the shared code flow with device copy in tr (21.280998ms)
✔ native Settings and Account use the shared code flow with device copy in es (21.056717ms)
✔ web backup keeps its inline magic-link form and Account keeps link copy (3.284212ms)
✔ native configured signed-in backup retains sync and sign-out actions (2.305661ms)
✔ unconfigured native cloud does not offer a sign-in request (1.612761ms)
✔ actual cloud request and verification use one injected auth adapter and trim input (1.139735ms)
✔ archive weeks cross month/year and leap-day boundaries without changing stored entries (1.813976ms)
✔ all sourced passages remain reachable through their actual categories (4.74925ms)
✔ search finds real English/Turkish text, sources and references and combines with category (20.486074ms)
✔ catalogue sources use allowed web protocols and cannot execute app/script URLs (0.910308ms)
✔ interrupted setup restores fields without allowing a nameless final step (2.417179ms)
✔ a fresh preview seeds only an empty decision and never overwrites restored or typed text (0.133572ms)
✔ unknown, malformed and oversized setup drafts are safely bounded (0.149446ms)
✔ trial length comes only from a free intro offer (1.062548ms)
✔ native reminders: a week ahead, past times skipped, stable ids (0.724536ms)
✔ native planner rejects malformed times and keeps a bounded week inside its namespace (0.671997ms)
✔ interrupted native scheduling leaves the newest state and preserves other notifications (4.759275ms)
✔ a native plugin error does not prevent the next reminder replacement (0.371392ms)
✔ startup waits for restored account rather than temporarily identifying anonymous (1.484056ms)
✔ known sign-out and rapid identity changes are announced immediately, same-ID retry events remain usable (0.221756ms)
✔ failed authentication hydration stays unbound and never identifies anonymous or reads SDK entitlement (0.177068ms)
✔ dispose during initial hydration prevents any late entitlement initialization (0.180794ms)
✔ retry hydrates a currently unknown account before requesting identity or offerings (0.219102ms)
✔ retry with failed hydration cannot bind anonymous or make a subscription request (0.908986ms)
✔ cloud initialization callers share the real restoration promise and never finish early (33.194693ms)
✔ actual failed cloud restoration remains unknown and a later retry can establish the same account (1.148929ms)
✔ a resolved auth error is unknown identity rather than a verified anonymous account (0.474288ms)
✔ unbound init leaves cached native A untouched and exposes prices without personal claims (2.549079ms)
✔ explicitly binding cached A confirms it without login or logout (0.826201ms)
✔ desired B is recorded during native setup before any cached A customer read (9.503397ms)
✔ failed logout clears A claims synchronously and leaves purchase and restore denied (1.538309ms)
✔ staged A, B, A login requests serialize native identity mutation (2.568949ms)
✔ an A purchase settling after desired B success cannot grant B (1.192195ms)
✔ an A purchase settling after desired B cancellation cannot grant B (0.998852ms)
✔ a failed same-ID login can retry without treating desired ID as confirmed ID (0.661622ms)
✔ an offline refresh for confirmed same A preserves its verified entitlement (1.198634ms)
✔ listener payload is only invalidation and canonical aliases do not impersonate another account (1.45966ms)
✔ late A offerings cannot install A packages or personal claims into desired B (1.262702ms)
✔ late A trial eligibility cannot restore a free-trial claim during a B transition (0.819942ms)
✔ a held A customer load from initialization cannot overwrite a later desired B (0.960194ms)
✔ an A restore settling after desired B fails without applying A customer info (1.216241ms)
✔ defer during a held purchase drops trust without native calls and explicit cached-A rebind refreshes it (0.958491ms)
✔ defer during first native setup cancels the old A load and leaves cached A for an explicit rebind (2.640958ms)
✔ defer and immediate same-A rebind cannot accept the older held A customer snapshot (1.161168ms)
✔ canonical A listener refresh rejects its held snapshot if native identity externally drifts to B (0.762524ms)
✔ initial getAppUserID failure at verification read 1 leaves A unconfirmed/free and retryable (0.532906ms)
✔ initial getAppUserID failure at verification read 2 leaves A unconfirmed/free and retryable (0.341918ms)
✔ initial getAppUserID failure at verification read 3 leaves A unconfirmed/free and retryable (0.308868ms)
✔ initial getAppUserID failure at verification read 4 leaves A unconfirmed/free and retryable (0.344001ms)
✔ initial isAnonymous failure at verification read 1 leaves A unconfirmed/free and retryable (0.240915ms)
✔ initial isAnonymous failure at verification read 2 leaves A unconfirmed/free and retryable (0.220303ms)
✔ initial isAnonymous failure at verification read 3 leaves A unconfirmed/free and retryable (0.335669ms)
✔ initial isAnonymous failure at verification read 4 leaves A unconfirmed/free and retryable (0.344151ms)
✔ native paid gates apply before SDK init and after defer while the free samples stay open (0.222517ms)
✔ web and keyless native gates stay open before init and after defer without loading an SDK (0.246894ms)
✔ purchase cannot commit A after desired B arrives in nested verification microtask depth 2 (2.929685ms)
✔ purchase cannot commit A after desired B arrives in nested verification microtask depth 3 (0.995147ms)
✔ restore cannot commit A after desired B arrives in nested verification microtask depth 2 (0.712989ms)
✔ restore cannot commit A after desired B arrives in nested verification microtask depth 3 (0.821454ms)
✔ init cannot commit A after desired B arrives in nested verification microtask depth 2 (0.845901ms)
✔ init cannot commit A after desired B arrives in nested verification microtask depth 3 (0.685187ms)
✔ offerings failure is retryable without configuring or listening twice (2.831767ms)
✔ concurrent initialization shares one pending configure and plan load (5.927583ms)
✔ failed configuration can retry, while a completed setup remains single (0.583984ms)
✔ listener setup failure retries the listener without configuring again (0.403381ms)
✔ a successful empty offering may retry when plans become available (0.41641ms)
✔ free intro pricing is advertised only for confirmed eligible customers (0.757848ms)
✔ missing or failed eligibility checks keep regular prices and unknown trial status (0.617134ms)
✔ an interrupted eligibility refresh after identity change clears the earlier free-trial claim (0.285062ms)
✔ cancelled, pending and failed purchase errors remain distinct and never grant access (0.837178ms)
✔ a successful store response without the requested entitlement remains unconfirmed (0.328767ms)
✔ confirmed entitlement grants access and later SDK updates retain the real highest level (1.725111ms)
✔ restore distinguishes store failure, successful no-plan check, and active entitlement (0.703535ms)
✔ web and unconfigured native flows never load a purchase SDK or create a purchase (0.385193ms)
✔ free duration uses valid store units and cycles, without inventing 30-day months (0.114013ms)
✔ scoped EN/TR/ES uncertain purchase feedback makes no charge or reminder guarantee (0.32338ms)
✔ preserves the first 300 passages and appends exactly 100 each from faith, science and philosophy in order (1.624048ms)
✔ all 600 sourced passages have unique IDs and bilingual text without recycling legacy lines (35.889584ms)
✔ six notifications stay distinct for 100 full days, then repeat, and match the server snapshot across a year boundary (5.48885ms)
✔ local day remains stable from morning to evening; six-time migration preserves existing preferences (1.214729ms)
✔ legacy three-reminder profiles keep their evening time and gain six distinct reminders (0.281696ms)
✔ migration resolves default collisions only in missing slots and reserves later saved slots first (0.31062ms)
✔ every thinker passage links to a Gutenberg book whose text is kept in docs/quote-sources (16.597558ms)
✔ construction does no fetch/decode; current/upcoming preload reuses the current request (24.59179ms)
✔ Stop aborts loading and no late response starts a source (1.329262ms)
✔ Pause cancels original load; Resume retries current cue with a frozen slot and latest volume (1.623358ms)
✔ Pause→Stop discards current loading retry and Resume does not resurrect it (0.861955ms)
✔ new session cancels old load and only the new session owns audio (1.181539ms)
✔ active pause/resume continues the same cue offset without repeating its start or accepting stale end (1.352988ms)
✔ Replay replaces current source at offset zero and reuses decoded audio (0.463983ms)
✔ latest volume 0 wins after delayed clip loading and changes active gain (0.394267ms)
✔ latest volume 0.35 wins after delayed clip loading and changes active gain (0.425704ms)
✔ latest volume after deferred context resume and Stop/new cue protects pending resume (1.904213ms)
✔ expired loading budget and decoder duration mismatch never start audio (0.785289ms)
✔ missing bytes, bad checksum/source text and nonrunning device fail without invoking a provider (0.904219ms)
✔ verified persisted bytes permit offline replay in a new player; corrupt cached bytes are rejected (2.311259ms)
✔ a definitive recording failure cannot retry on Pause→Resume over a device fallback (0.321707ms)
✔ resumed load failure retains only bounded fallback metadata, never a resumable recording (0.470011ms)
✔ root hosting retains history paths, including direct reloads (1.284715ms)
✔ project hosting keeps every navigation on the same static document (0.564575ms)
✔ landing URLs and non-route fragments do not become unknown routes (0.195236ms)
✔ back/forward hash entries resolve to canonical route IDs (0.234636ms)
✔ icons and service worker URLs stay under their deployment base (0.261906ms)
✔ saved-progress first render uses confirmed provider data rather than a provisional completed projection (6.904763ms)
✔ a confirmed completed seed remains visible when the projection currently says incomplete (0.814893ms)
✔ no confirmed provider record means empty progress rather than unconfirmed local completion (0.494549ms)
✔ each person reads and writes only their own backup; anonymous visitors get nothing (1713.414314ms)
✔ an oversized backup is refused (1336.988491ms)
✔ cloud coach counters: people read only their own rows and cannot write or call the increment (1162.540213ms)
✔ the monthly increment stops exactly at the limit and a refund gives one back (1125.995698ms)
✔ a strict Content Security Policy ships with the page (0.922136ms)
✔ index.html has no inline scripts (the CSP forbids them) (0.202507ms)
✔ no raw HTML or eval sinks in the app code (13.017107ms)
✔ links that open a new tab cannot reach back into ODA (4.4983ms)
✔ no secret keys in the shipped code (14.426651ms)
✔ production builds carry no source maps (0.294676ms)
✔ service worker precaches only its project directory (19.410796ms)
✔ standalone support remains available offline without replacing the application shell (6.881257ms)
✔ activation preserves sibling apps and this version media cache (1.385758ms)
✔ notification defaults and legacy targets open the project hash route (2.283688ms)
✔ installed app metadata refreshes instead of retaining the cached identity (2.185359ms)
✔ installed app metadata remains available offline (0.951481ms)
✔ native free direct starts and toggles cannot start an all-paid track (2.499554ms)
✔ downgrade hard-stops owned restricted playing selection without page subscribers (34.046344ms)
✔ downgrade hard-stops owned restricted paused selection without page subscribers (32.246328ms)
✔ downgrade hard-stops owned restricted expired selection without page subscribers (23.552397ms)
✔ owned paid playing selection revokes on identityConfirmed even with a paid cached tier (0.820212ms)
✔ owned paid paused selection revokes on identityConfirmed even with a paid cached tier (0.901454ms)
✔ owned paid expired selection revokes on identityConfirmed even with a paid cached tier (2.159589ms)
✔ owned paid playing selection revokes on identityRevision even with a paid cached tier (0.414717ms)
✔ owned paid paused selection revokes on identityRevision even with a paid cached tier (0.969047ms)
✔ owned paid expired selection revokes on identityRevision even with a paid cached tier (1.315191ms)
✔ same-account confirmed paid access survives offerings loading or failed offline refresh (0.612066ms)
✔ admission reads current purchase state even if a notification has not been emitted (0.430492ms)
✔ live resume and timer change reconcile access even without a purchase notification (0.374006ms)
✔ invalid or mismatched provenance rejects {"sectionId":"relax"} without replacing audio (56.775282ms)
✔ invalid or mismatched provenance rejects {"indexInCategory":3} without replacing audio (37.209452ms)
✔ invalid or mismatched provenance rejects {"sectionId":"focus","indexInCategory":0} without replacing audio (27.535145ms)
✔ invalid or mismatched provenance rejects {"sectionId":"relax","indexInCategory":-1} without replacing audio (26.09124ms)
✔ invalid or mismatched provenance rejects {"sectionId":"relax","indexInCategory":0.5} without replacing audio (26.769216ms)
✔ invalid or mismatched provenance rejects {"sectionId":"relax","indexInCategory":99} without replacing audio (41.008774ms)
✔ essentials admits all catalog origins and preserves the timer and user volume (420.804563ms)
✔ pro admits all catalog origins and preserves the timer and user volume (397.298912ms)
✔ coach admits all catalog origins and preserves the timer and user volume (221.996877ms)
✔ each category first two entries remain free, including duplicate 432 and brown-noise origins (124.032533ms)
✔ omitted-origin admission allows any-free aliases and denies exclusively paid tracks (33.274514ms)
✔ web and unconfigured purchases keep paid sounds open through identity transitions (0.56812ms)
✔ external Focus tibetan_bowls replacement survives Sound Room downgrade (2.723138ms)
✔ external Focus waves replacement survives Sound Room downgrade (53.886825ms)
✔ purchase event during an engine start cannot publish a revoked playing selection (0.775083ms)
✔ purchase event during player publication cannot re-arm the revoked timer (0.604185ms)
✔ external waves replacement during player publication retains its untimed graph (55.204764ms)
✔ external tibetan_bowls replacement during player publication retains its untimed graph (1.406089ms)
✔ an unavailable AudioContext rejects the actual engine start without claiming playback (0.346735ms)
✔ failed buffer allocation retains entitlement ownership of the existing paid graph (17.880158ms)
✔ failed no replacement retains entitlement ownership of the existing paid graph (0.490213ms)
✔ same-track no-op cannot take revocation ownership of an external Focus graph (0.446627ms)
✔ pause publication from SoundRoom cannot fade or time the reentrant external tibetan_bowls graph (2.323348ms)
✔ pause publication from Focus cannot fade or time the reentrant external tibetan_bowls graph (1.712132ms)
✔ pause publication from SoundRoom cannot fade or time the reentrant external waves graph (27.289834ms)
✔ pause publication from Focus cannot fade or time the reentrant external waves graph (24.76391ms)
✔ setTimer publication from SoundRoom cannot fade or time the reentrant external tibetan_bowls graph (2.234433ms)
✔ setTimer publication from Focus cannot fade or time the reentrant external tibetan_bowls graph (3.187936ms)
✔ setTimer publication from SoundRoom cannot fade or time the reentrant external waves graph (32.42596ms)
✔ setTimer publication from Focus cannot fade or time the reentrant external waves graph (22.836031ms)
✔ ordinary PlayerBar timer and pause controls still act on the current external Focus graph (32.333991ms)
✔ silence or an absent audio context cannot publish a playing selection (0.454417ms)
✔ breath pacer runs at about 5.5 breaths a minute (0.731328ms)
✔ breathPhase: inhale first, then exhale, then repeats (0.723505ms)
✔ breathPhase is safe with odd input (0.136697ms)
✔ formatRemaining (0.141534ms)
✔ timer fades: a minute for sleep, short otherwise, never over half the timer (0.168855ms)
✔ arming a timer retains the independent three-second attack and actual stereo loop (73.840848ms)
✔ mute and volume respond immediately at the beginning of a timer fade (38.984339ms)
✔ mute and volume respond immediately at the middle of a timer fade (16.337032ms)
✔ mute and volume respond immediately at the end of a timer fade (29.427551ms)
✔ running fades can shorten but do not extend, and timer cancellation preserves user volume (50.236193ms)
✔ shortening a running fade with a delay cannot restore a louder envelope (61.77382ms)
✔ browsers without cancelAndHold retain the current level when shortening a fade (48.128517ms)
✔ track switches release the previous graph and repeated switches/stops bound resources (690.666712ms)
✔ stop/restart of a tone cancels its initial bowl and recurring callbacks (1.692402ms)
✔ natural bowl endings disconnect their tails while the current ambient drone continues (0.749334ms)
✔ Sound Room timer arming, pause/resume and expiry keep player state and start fade intact (76.083903ms)
✔ external restart of the same track clears the Sound Room countdown and timer selection (86.348288ms)
✔ public support is generated from the same localized help as the app (3.164381ms)
✔ each store locale links to the shipped public support artifact (0.205601ms)
✔ growth keeps an exact capped ledger through every stage boundary and beyond the canopy (13.366375ms)
✔ approved tree pixels and normalized roots match their independent asset manifest (8.723137ms)
✔ rendered paywall claims a free trial only for confirmed eligibility (39.044118ms)
✔ rendered failed offerings include an explicit retry action (6.634183ms)
✔ web paywall keeps free access and does not offer a purchase CTA (12.84129ms)
✔ unconfirmed identity shows truthful verification retry and disables buy and restore even with cached prices (5.942937ms)
✔ pending identity verification does not render a trial or an enabled restore action (2.656923ms)
✔ guided narration keeps original English text and voice with en UI (3.086804ms)
✔ guided narration keeps original English text and voice with tr UI (18.295036ms)
✔ guided narration keeps original English text and voice with es UI (15.577142ms)
✔ English inventory accepts language tags and rejects names or unrelated prefixes (0.445614ms)
✔ an explicitly selected English voice wins over a preferred device name (0.422129ms)
✔ guided speech truthfully reports unavailable with empty inventory (0.384152ms)
✔ guided speech truthfully reports unavailable with non-English inventory (0.243378ms)
✔ late English voice installation refreshes availability and unsubscribe removes listeners (0.502761ms)
✔ Notebook retains verbatim tr text, matching device voice and saved meditation preferences (0.595782ms)
✔ Notebook retains verbatim es text, matching device voice and saved meditation preferences (0.462681ms)
✔ Notebook preserves implicit device language when its voice list has not loaded (0.276649ms)
✔ unsupported device speech does not report available or queued playback (0.260495ms)
✔ empty or disabled cues leave the device queue empty (0.296599ms)
✔ nonzero device volume changes apply to the next utterance without pretending to change active speech (0.458354ms)
✔ zero device volume cancels the owned paused utterance and Resume cannot revive it (0.483623ms)
✔ Stop while device speech is paused lets a new session resume the device queue (0.357852ms)
✔ device cancel failures produce an honest false result (0.327376ms)
✔ device enqueue failures produce an honest false result (0.274526ms)
✔ new cues and Stop detach utterance handlers and ignore captured stale callbacks (0.507008ms)
✔ pause and resume keep the active browser cue, restore speaking state and reject replay while paused (0.438263ms)
✔ stop prevents a delayed provider failure from reviving an obsolete English device cue (0.477493ms)
✔ pause-resume prevents a delayed provider failure from reviving an obsolete English device cue (0.253925ms)
✔ new-cue prevents a delayed provider failure from reviving an obsolete English device cue (0.263339ms)
✔ current provider failure falls back to English device speech; a non-English inventory cannot substitute (0.423641ms)
✔ the optional recorder remains dormant until registration and receives identified current/upcoming cues (0.64048ms)
✔ registered recorder missing clip uses truthful English device fallback without a provider (0.353785ms)
✔ registered recorder overlong clip uses truthful English device fallback without a provider (2.368626ms)
✔ registered recorder wrong language uses truthful English device fallback without a provider (0.59406ms)
✔ registered recorder missing text hash uses truthful English device fallback without a provider (0.325212ms)
✔ registered recorder missing checksum uses truthful English device fallback without a provider (3.798571ms)
✔ registered recorder missing version uses truthful English device fallback without a provider (0.201044ms)
✔ registered recorder wrong cue identity uses truthful English device fallback without a provider (0.17854ms)
✔ registered recorder expired cue slot uses truthful English device fallback without a provider (0.234535ms)
✔ registered recorder unbounded cue slot uses truthful English device fallback without a provider (0.318061ms)
✔ a recorder hash/source verification failure falls back, and absent English speech reports unavailable (0.249548ms)
✔ new cues stop clips and stale recorded callbacks/failures cannot change current playback (0.392965ms)
✔ recorded pause invalidates pending start/fallback even after resume, and Stop invalidates callbacks (0.390801ms)
✔ current recorded load failure falls back to English and unregistering restores device narration (0.250199ms)
✔ synchronous recorded verification and playback errors truthfully queue English fallback (0.329839ms)
✔ a recorded request that already ended cannot later fall back and revive the cue (0.185932ms)
✔ actual playback mode stays loading until recorded start and reports English device fallback (0.306744ms)
✔ a resumed recording failure uses only installed English device speech and rejects stale resume fallback (0.361037ms)
✔ registered recorded volume receives current preference and live zero/nonzero changes (0.232783ms)
ℹ tests 614
ℹ suites 0
ℹ pass 614
ℹ fail 0
ℹ cancelled 0
ℹ skipped 0
ℹ todo 0
ℹ duration_ms 9660.623782
npm notice
npm notice New major version of npm available! 11.9.0 -> 12.2.0
npm notice Changelog: https://github.com/npm/cli/releases/tag/v12.2.0
npm notice To update run: npm install -g npm@12.2.0
npm notice

> oda-one-decision-away@1.0.0 build
> vite build

vite v6.4.3 building for production...
<script src="/one-decision-away/theme-init.js"> in "/index.html" can't be bundled without type="module" attribute
transforming...
✓ 3399 modules transformed.
rendering chunks...
[plugin vite:reporter] 
(!) /workspace/oda-reference-redesign/src/services/cloudSync.ts is dynamically imported by /workspace/oda-reference-redesign/src/main.tsx but also statically imported by /workspace/oda-reference-redesign/src/components/BackupAndCloudSettings.tsx, /workspace/oda-reference-redesign/src/components/BackupReminder.tsx, /workspace/oda-reference-redesign/src/components/DailyNudgesSettings.tsx, /workspace/oda-reference-redesign/src/hooks/useSavedCourseProgress.ts, /workspace/oda-reference-redesign/src/pages/Account.tsx, /workspace/oda-reference-redesign/src/pages/Coach.tsx, /workspace/oda-reference-redesign/src/pages/Upgrade.tsx, /workspace/oda-reference-redesign/src/services/cloudCoach.ts, /workspace/oda-reference-redesign/src/services/courseProgress.ts, /workspace/oda-reference-redesign/src/services/pushNotifications.ts, /workspace/oda-reference-redesign/src/services/repository.ts, /workspace/oda-reference-redesign/src/services/useCloudState.ts, /workspace/oda-reference-redesign/src/store/useApp.tsx, dynamic import will not move module into another chunk.

computing gzip size...
dist/index.html                                                       3.43 kB │ gzip:     1.13 kB
dist/assets/hanken-grotesk-vietnamese-wght-normal-CHiFlh_0.woff2      9.32 kB
dist/assets/hanken-grotesk-latin-ext-wght-normal-Dg-wlmqe.woff2      19.59 kB
dist/assets/newsreader-vietnamese-opsz-normal-BjhtXyW2.woff2         27.25 kB
dist/assets/newsreader-vietnamese-opsz-italic-DTr-ymY4.woff2         27.90 kB
dist/assets/hanken-grotesk-latin-wght-normal-CaVRRdDk.woff2          34.70 kB
dist/assets/newsreader-latin-ext-opsz-normal-BQn1nviT.woff2          86.61 kB
dist/assets/newsreader-latin-ext-opsz-italic-CSPGnFdO.woff2          95.54 kB
dist/assets/newsreader-latin-opsz-normal-s-izfB6B.woff2             132.00 kB
dist/assets/newsreader-latin-opsz-italic-kJKFiXvB.woff2             146.87 kB
dist/assets/aiCoach.worker-C60CQ1Xm.js                            6,039.34 kB
dist/assets/Today-D76Bu5Fr.css                                        4.80 kB │ gzip:     1.29 kB
dist/assets/Coach-6QKBAJWv.css                                        6.87 kB │ gzip:     2.29 kB
dist/assets/workingSurfaces-Ug3LNMJ2.css                             16.63 kB │ gzip:     3.55 kB
dist/assets/SoundRoom-w5AM9VHB.css                                   19.44 kB │ gzip:     4.72 kB
dist/assets/Notebook-BtNEN5vl.css                                    23.97 kB │ gzip:     4.31 kB
dist/assets/courseNavigationIntent-C0ky-Yq1.css                      37.68 kB │ gzip:     6.56 kB
dist/assets/index-BH5El-p7.css                                      110.55 kB │ gzip:    23.15 kB
dist/assets/de-FmFgRqLi.js                                            0.03 kB │ gzip:     0.05 kB
dist/assets/fr-FmFgRqLi.js                                            0.03 kB │ gzip:     0.05 kB
dist/assets/it-FmFgRqLi.js                                            0.03 kB │ gzip:     0.05 kB
dist/assets/ru-FmFgRqLi.js                                            0.03 kB │ gzip:     0.05 kB
dist/assets/web-ClwxqbOi.js                                           0.18 kB │ gzip:     0.16 kB
dist/assets/useCloudState-wEzkTI6r.js                                 0.20 kB │ gzip:     0.18 kB
dist/assets/chevron-right-DxjGt5aM.js                                 0.30 kB │ gzip:     0.25 kB
dist/assets/square-v8iVd8cI.js                                        0.32 kB │ gzip:     0.26 kB
dist/assets/arrow-up-right-ug_9ROFW.js                                0.34 kB │ gzip:     0.27 kB
dist/assets/search-BqU5JYop.js                                        0.35 kB │ gzip:     0.28 kB
dist/assets/circle-check-C0lolFj_.js                                  0.35 kB │ gzip:     0.28 kB
dist/assets/user-round-R3ptAFTG.js                                    0.36 kB │ gzip:     0.29 kB
dist/assets/rotate-ccw-C3Bx6sH4.js                                    0.37 kB │ gzip:     0.29 kB
dist/assets/index-B-B6dYuO.js                                         0.38 kB │ gzip:     0.27 kB
dist/assets/mail-DdRorBJz.js                                          0.39 kB │ gzip:     0.31 kB
dist/assets/moon-BtobBrFu.js                                          0.39 kB │ gzip:     0.31 kB
dist/assets/headphones-BFDrBfmV.js                                    0.41 kB │ gzip:     0.29 kB
dist/assets/timer-Cwgpncgo.js                                         0.41 kB │ gzip:     0.29 kB
dist/assets/wind-uNJB5jOV.js                                          0.42 kB │ gzip:     0.30 kB
dist/assets/archive-VNRePD9K.js                                       0.43 kB │ gzip:     0.32 kB
dist/assets/route-5TmPJXMl.js                                         0.43 kB │ gzip:     0.31 kB
dist/assets/lock-keyhole-D8SyJaTN.js                                  0.43 kB │ gzip:     0.33 kB
dist/assets/index-EOcbouuN.js                                         0.45 kB │ gzip:     0.28 kB
dist/assets/pencil-ColSTqGO.js                                        0.45 kB │ gzip:     0.33 kB
dist/assets/pen-line-DOt3CTb4.js                                      0.45 kB │ gzip:     0.33 kB
dist/assets/index-KHAFmcWJ.js                                         0.48 kB │ gzip:     0.29 kB
dist/assets/refresh-cw-B4VQlwL5.js                                    0.50 kB │ gzip:     0.33 kB
dist/assets/trash-2-BRBjGjka.js                                       0.50 kB │ gzip:     0.32 kB
dist/assets/entitlements-u2O6Yfci.js                                  0.53 kB │ gzip:     0.32 kB
dist/assets/share-2-CorDr4kn.js                                       0.53 kB │ gzip:     0.34 kB
dist/assets/shuffle-DaKpXDEm.js                                       0.56 kB │ gzip:     0.35 kB
dist/assets/sun-moon-Cca7hcql.js                                      0.57 kB │ gzip:     0.38 kB
dist/assets/waves-BzgSkO9m.js                                         0.60 kB │ gzip:     0.32 kB
dist/assets/sparkles-B1rdxUWk.js                                      0.67 kB │ gzip:     0.39 kB
dist/assets/calendar-days-Bnr-9Ke4.js                                 0.67 kB │ gzip:     0.37 kB
dist/assets/index-BOApYVoJ.js                                         0.67 kB │ gzip:     0.42 kB
dist/assets/trending-up-aJzc87sR.js                                   0.69 kB │ gzip:     0.34 kB
dist/assets/index-7hHcdKwI.js                                         0.72 kB │ gzip:     0.41 kB
dist/assets/music-CrZKu0SV.js                                         0.75 kB │ gzip:     0.40 kB
dist/assets/purchaseIdentityBinding-tFcjnp2u.js                       0.78 kB │ gzip:     0.34 kB
dist/assets/Focus-DsbM3coq.js                                         0.87 kB │ gzip:     0.47 kB
dist/assets/web-AdYLHCyW.js                                           0.90 kB │ gzip:     0.43 kB
dist/assets/web-BWSkXjiw.js                                           1.06 kB │ gzip:     0.52 kB
dist/assets/Legal-BtBZrTZP.js                                         2.00 kB │ gzip:     0.91 kB
dist/assets/growth-CtfcX3mW.js                                        2.07 kB │ gzip:     0.92 kB
dist/assets/account-D-6cTV1g.js                                       2.95 kB │ gzip:     1.38 kB
dist/assets/Support-Cs3b3BmB.js                                       3.54 kB │ gzip:     1.26 kB
dist/assets/OriginalSceneImage-zmk9pRa_.js                            3.62 kB │ gzip:     0.91 kB
dist/assets/Seasons-COM03wpz.js                                       3.65 kB │ gzip:     1.29 kB
dist/assets/QuotesBrowser-DcYcLyQv.js                                 3.69 kB │ gzip:     1.52 kB
dist/assets/rewards-D50xlAK6.js                                       4.17 kB │ gzip:     1.81 kB
dist/assets/Budget-h-YIL4TC.js                                        4.45 kB │ gzip:     1.70 kB
dist/assets/web-CRkHUfeF.js                                           4.65 kB │ gzip:     1.40 kB
dist/assets/Evidence-Di1lLZ0F.js                                      5.45 kB │ gzip:     2.00 kB
dist/assets/courseNavigationIntent-DRUgWlzo.js                        5.49 kB │ gzip:     2.36 kB
dist/assets/Tools-8gEfuoxm.js                                         5.60 kB │ gzip:     2.18 kB
dist/assets/Missions-DtL3YSp1.js                                      5.65 kB │ gzip:     2.05 kB
dist/assets/LifeScore-BUGqHPdx.js                                     5.72 kB │ gzip:     1.92 kB
dist/assets/CourseCover-D3TST4Hf.js                                   6.18 kB │ gzip:     2.85 kB
dist/assets/Bridge-BOpwiqER.js                                        6.53 kB │ gzip:     1.96 kB
dist/assets/FutureSelf-I4pTYnGT.js                                    6.86 kB │ gzip:     1.94 kB
dist/assets/MissionFlows-Rzw8ZiDT.js                                  8.10 kB │ gzip:     2.50 kB
dist/assets/index-BcIjubjd.js                                         8.72 kB │ gzip:     3.31 kB
dist/assets/purchases-CXIjL5gt.js                                    10.03 kB │ gzip:     3.27 kB
dist/assets/web-CK_14ZSP.js                                          10.19 kB │ gzip:     2.10 kB
dist/assets/PublicTwoFutures-BGC3K88N.js                             11.24 kB │ gzip:     3.71 kB
dist/assets/Account-BrMAQ6IQ.js                                      11.76 kB │ gzip:     3.62 kB
dist/assets/support-C36d0Bx6.js                                      11.79 kB │ gzip:     4.95 kB
dist/assets/DreamArt-CjaGjVyR.js                                     12.84 kB │ gzip:     2.50 kB
dist/assets/FocusTimerHub-CWpaMehK.js                                15.21 kB │ gzip:     4.32 kB
dist/assets/Me-DR-eleJ6.js                                           16.34 kB │ gzip:     5.72 kB
dist/assets/TwoFutures-B7LiGRBN.js                                   19.69 kB │ gzip:     5.43 kB
dist/assets/Upgrade-CkF-7QC5.js                                      19.72 kB │ gzip:     6.42 kB
dist/assets/media-2mgEiOLR.js                                        23.75 kB │ gzip:     9.29 kB
dist/assets/SoundRoom-BFtKlWpz.js                                    26.91 kB │ gzip:     9.78 kB
dist/assets/Bank-CoPtNNM7.js                                         29.78 kB │ gzip:     8.21 kB
dist/assets/Settings-v1P4Y9kR.js                                     41.22 kB │ gzip:    12.88 kB
dist/assets/Coach-Bd5zxiF3.js                                        49.43 kB │ gzip:    16.16 kB
dist/assets/Dreams-CTYQwf8E.js                                       53.11 kB │ gzip:    14.99 kB
dist/assets/DailyMicroHabits-Ds754O8p.js                             56.82 kB │ gzip:    14.79 kB
dist/assets/Notebook-B0SDo2gi.js                                     59.86 kB │ gzip:    17.80 kB
dist/assets/Progress-DA48gQAM.js                                     75.84 kB │ gzip:    18.19 kB
dist/assets/Courses-C93eAtFk.js                                     113.96 kB │ gzip:    36.62 kB
dist/assets/motion-HNvQpnN_.js                                      128.88 kB │ gzip:    42.38 kB
dist/assets/Today-Cz_2AIbk.js                                       147.91 kB │ gzip:    46.52 kB
dist/assets/supabase--wUpN4Ei.js                                    228.14 kB │ gzip:    59.28 kB
dist/assets/react-5GCfeWye.js                                       229.42 kB │ gzip:    71.53 kB
dist/assets/genai-DNIGCYRr.js                                       409.93 kB │ gzip:    72.77 kB
dist/assets/charts-Bzd-XkHo.js                                      431.58 kB │ gzip:   124.87 kB
dist/assets/tr-COHWLD3Y.js                                          561.39 kB │ gzip:   219.33 kB
dist/assets/es-qQNFzrdv.js                                          573.85 kB │ gzip:   217.68 kB
dist/assets/index-BzGXO_tX.js                                       951.88 kB │ gzip:   308.83 kB
dist/assets/courses-CKtnra3s.js                                   2,510.75 kB │ gzip:   813.28 kB
dist/assets/index-BMm9S-UO.js                                     5,959.05 kB │ gzip: 2,123.39 kB

(!) Some chunks are larger than 700 kB after minification. Consider:
- Using dynamic import() to code-split the application
- Use build.rollupOptions.output.manualChunks to improve chunking: https://rollupjs.org/configuration-options/#output-manualchunks
- Adjust chunk size limit for this warning via build.chunkSizeWarningLimit.
✓ built in 10.03s
npm notice
npm notice New major version of npm available! 11.9.0 -> 12.2.0
npm notice Changelog: https://github.com/npm/cli/releases/tag/v12.2.0
npm notice To update run: npm install -g npm@12.2.0
npm notice
npm notice
npm notice New major version of npm available! 11.9.0 -> 12.2.0
npm notice Changelog: https://github.com/npm/cli/releases/tag/v12.2.0
npm notice To update run: npm install -g npm@12.2.0
npm notice
