PASS en preview 320: controls fit and no serious/critical axe findings
PASS en preview 390: controls fit and no serious/critical axe findings
PASS en preview 1440: controls fit and no serious/critical axe findings
PASS en: preview fast-forwards and shows a synthetic leaf without a real completion or reward
PASS en proof 320: controls fit and no serious/critical axe findings
PASS en proof 390: controls fit and no serious/critical axe findings
PASS en proof 1440: controls fit and no serious/critical axe findings
PASS en: fresh demo choice carries into the final field and survives reload
PASS en overview 320: controls fit and no serious/critical axe findings
PASS en overview 390: controls fit and no serious/critical axe findings
PASS en overview 1440: controls fit and no serious/critical axe findings
PASS en: overview shows the actual description, outcome, titles and minutes before lesson 1
PASS tr preview 320: controls fit and no serious/critical axe findings
PASS tr preview 390: controls fit and no serious/critical axe findings
PASS tr preview 1440: controls fit and no serious/critical axe findings
PASS tr: preview fast-forwards and shows a synthetic leaf without a real completion or reward
PASS tr proof 320: controls fit and no serious/critical axe findings
PASS tr proof 390: controls fit and no serious/critical axe findings
PASS tr proof 1440: controls fit and no serious/critical axe findings
PASS tr: fresh demo choice carries into the final field and survives reload
PASS tr overview 320: controls fit and no serious/critical axe findings
PASS tr overview 390: controls fit and no serious/critical axe findings
PASS tr overview 1440: controls fit and no serious/critical axe findings
PASS tr: overview shows the actual description, outcome, titles and minutes before lesson 1
PASS es preview 320: controls fit and no serious/critical axe findings
PASS es preview 390: controls fit and no serious/critical axe findings
PASS es preview 1440: controls fit and no serious/critical axe findings
PASS es: preview fast-forwards and shows a synthetic leaf without a real completion or reward
PASS es proof 320: controls fit and no serious/critical axe findings
PASS es proof 390: controls fit and no serious/critical axe findings
PASS es proof 1440: controls fit and no serious/critical axe findings
PASS es: fresh demo choice carries into the final field and survives reload
PASS es overview 320: controls fit and no serious/critical axe findings
PASS es overview 390: controls fit and no serious/critical axe findings
PASS es overview 1440: controls fit and no serious/critical axe findings
PASS es: overview shows the actual description, outcome, titles and minutes before lesson 1
PASS saved draft "A saved draft must stay exactly as written.  " is preserved through preview and reload
PASS saved draft "" is preserved through preview and reload
PASS saved draft "   " is preserved through preview and reload
PASS manually typed decision survives returning to the preview and reload without replacement
PASS setting, reloading and returning to Today never automatically open obstacle planning after 700 ms
PASS optional obstacle planning opens by explicit action and persists without reopening itself
PASS Today optional planning 390: controls fit and no serious/critical axe findings
PASS real two-minute timer is unfinished at 119 seconds and finished at 120 seconds without automatic completion or reward
PASS three rapid confirmation taps produce exactly one completion, one reward and one leaf, retained after reload
PASS en-320: actual completed proof tree leaves a readable column and all heading/body glyphs fit
PASS en-320 completed first-proof card: controls fit and no serious/critical axe findings
PASS en-320 saved optional planning: controls fit and no serious/critical axe findings
PASS en-390: actual completed proof tree leaves a readable column and all heading/body glyphs fit
PASS en-390 completed first-proof card: controls fit and no serious/critical axe findings
PASS en-390 saved optional planning: controls fit and no serious/critical axe findings
PASS tr-320: actual completed proof tree leaves a readable column and all heading/body glyphs fit
PASS tr-320 completed first-proof card: controls fit and no serious/critical axe findings
PASS tr-320 saved optional planning: controls fit and no serious/critical axe findings
PASS tr-390: actual completed proof tree leaves a readable column and all heading/body glyphs fit
PASS tr-390 completed first-proof card: controls fit and no serious/critical axe findings
PASS tr-390 saved optional planning: controls fit and no serious/critical axe findings
PASS es-320: actual completed proof tree leaves a readable column and all heading/body glyphs fit
PASS es-320 completed first-proof card: controls fit and no serious/critical axe findings
PASS es-320 saved optional planning: controls fit and no serious/critical axe findings
PASS es-390: actual completed proof tree leaves a readable column and all heading/body glyphs fit
PASS es-390 completed first-proof card: controls fit and no serious/critical axe findings
PASS es-390 saved optional planning: controls fit and no serious/critical axe findings
PASS Today shows real next-lesson metadata without the Courses payload and continuation resumes saved lesson two directly
