
> oda-one-decision-away@1.0.0 build
> vite build

vite v6.4.3 building for production...
<script src="/one-decision-away/theme-init.js"> in "/index.html" can't be bundled without type="module" attribute
transforming...
✓ 3383 modules transformed.
rendering chunks...
[plugin vite:reporter] 
(!) /workspace/oda-soundroom-evidence-packaging/src/services/cloudSync.ts is dynamically imported by /workspace/oda-soundroom-evidence-packaging/src/main.tsx but also statically imported by /workspace/oda-soundroom-evidence-packaging/src/components/BackupAndCloudSettings.tsx, /workspace/oda-soundroom-evidence-packaging/src/components/BackupReminder.tsx, /workspace/oda-soundroom-evidence-packaging/src/components/DailyNudgesSettings.tsx, /workspace/oda-soundroom-evidence-packaging/src/pages/Account.tsx, /workspace/oda-soundroom-evidence-packaging/src/pages/Coach.tsx, /workspace/oda-soundroom-evidence-packaging/src/pages/Upgrade.tsx, /workspace/oda-soundroom-evidence-packaging/src/services/cloudCoach.ts, /workspace/oda-soundroom-evidence-packaging/src/services/courseProgress.ts, /workspace/oda-soundroom-evidence-packaging/src/services/pushNotifications.ts, /workspace/oda-soundroom-evidence-packaging/src/services/repository.ts, /workspace/oda-soundroom-evidence-packaging/src/services/useCloudState.ts, /workspace/oda-soundroom-evidence-packaging/src/store/useApp.tsx, dynamic import will not move module into another chunk.

computing gzip size...
dist/index.html                                                       3.43 kB │ gzip:     1.13 kB
dist/assets/hanken-grotesk-vietnamese-wght-normal-CHiFlh_0.woff2      9.32 kB
dist/assets/hanken-grotesk-latin-ext-wght-normal-Dg-wlmqe.woff2      19.59 kB
dist/assets/newsreader-vietnamese-opsz-normal-BjhtXyW2.woff2         27.25 kB
dist/assets/newsreader-vietnamese-opsz-italic-DTr-ymY4.woff2         27.90 kB
dist/assets/hanken-grotesk-latin-wght-normal-CaVRRdDk.woff2          34.70 kB
dist/assets/newsreader-latin-ext-opsz-normal-BQn1nviT.woff2          86.61 kB
dist/assets/newsreader-latin-ext-opsz-italic-CSPGnFdO.woff2          95.54 kB
dist/assets/newsreader-latin-opsz-normal-s-izfB6B.woff2             132.00 kB
dist/assets/newsreader-latin-opsz-italic-kJKFiXvB.woff2             146.87 kB
dist/assets/aiCoach.worker-C60CQ1Xm.js                            6,039.34 kB
dist/assets/Today-D76Bu5Fr.css                                        4.80 kB │ gzip:     1.29 kB
dist/assets/SoundRoom-CqaeVc25.css                                   10.94 kB │ gzip:     2.71 kB
dist/assets/Courses-dAxxx90S.css                                     26.09 kB │ gzip:     4.85 kB
dist/assets/index-D6Ptr9gO.css                                      108.09 kB │ gzip:    22.67 kB
dist/assets/de-FmFgRqLi.js                                            0.03 kB │ gzip:     0.05 kB
dist/assets/fr-FmFgRqLi.js                                            0.03 kB │ gzip:     0.05 kB
dist/assets/it-FmFgRqLi.js                                            0.03 kB │ gzip:     0.05 kB
dist/assets/ru-FmFgRqLi.js                                            0.03 kB │ gzip:     0.05 kB
dist/assets/web-_9_jNWqT.js                                           0.18 kB │ gzip:     0.16 kB
dist/assets/useCloudState-C2nk1qgg.js                                 0.20 kB │ gzip:     0.18 kB
dist/assets/chevron-right-CJ-m3OCL.js                                 0.30 kB │ gzip:     0.25 kB
dist/assets/square-DBbiBPxZ.js                                        0.32 kB │ gzip:     0.26 kB
dist/assets/arrow-up-right-DfseC4tr.js                                0.34 kB │ gzip:     0.27 kB
dist/assets/search-OvttOl6-.js                                        0.35 kB │ gzip:     0.28 kB
dist/assets/circle-check-cwoLK5WP.js                                  0.35 kB │ gzip:     0.28 kB
dist/assets/user-round-DoPjRhPm.js                                    0.36 kB │ gzip:     0.28 kB
dist/assets/rotate-ccw-DN7D7gM_.js                                    0.37 kB │ gzip:     0.29 kB
dist/assets/index-BrztnCjz.js                                         0.38 kB │ gzip:     0.27 kB
dist/assets/mail-D_EXqybl.js                                          0.39 kB │ gzip:     0.31 kB
dist/assets/moon-BEPU1dRB.js                                          0.39 kB │ gzip:     0.31 kB
dist/assets/headphones-Ltg3QPT0.js                                    0.41 kB │ gzip:     0.29 kB
dist/assets/timer-DFWPf6M4.js                                         0.41 kB │ gzip:     0.29 kB
dist/assets/wind-CZwEpTkG.js                                          0.42 kB │ gzip:     0.30 kB
dist/assets/archive-Df3IacMt.js                                       0.43 kB │ gzip:     0.31 kB
dist/assets/route-CyhxHP34.js                                         0.43 kB │ gzip:     0.31 kB
dist/assets/lock-keyhole-CNx71hS0.js                                  0.43 kB │ gzip:     0.33 kB
dist/assets/index-BuEVtMce.js                                         0.45 kB │ gzip:     0.28 kB
dist/assets/pencil-D-nJ6S72.js                                        0.45 kB │ gzip:     0.33 kB
dist/assets/pen-line-Cy1vcENR.js                                      0.45 kB │ gzip:     0.33 kB
dist/assets/index-CO1QFa2N.js                                         0.48 kB │ gzip:     0.29 kB
dist/assets/refresh-cw-Cc4UGk5G.js                                    0.50 kB │ gzip:     0.33 kB
dist/assets/trash-2-pql54vPC.js                                       0.50 kB │ gzip:     0.32 kB
dist/assets/Focus-BDywCYuy.js                                         0.53 kB │ gzip:     0.33 kB
dist/assets/share-2-Bxw0FcQO.js                                       0.53 kB │ gzip:     0.34 kB
dist/assets/shuffle-DKoY28GE.js                                       0.56 kB │ gzip:     0.35 kB
dist/assets/sun-moon-P50-7ldM.js                                      0.57 kB │ gzip:     0.38 kB
dist/assets/waves-BmvWS7su.js                                         0.60 kB │ gzip:     0.32 kB
dist/assets/sparkles-B5Bewqds.js                                      0.67 kB │ gzip:     0.39 kB
dist/assets/calendar-days-CZivVE-a.js                                 0.67 kB │ gzip:     0.37 kB
dist/assets/index-CLD1BkhN.js                                         0.67 kB │ gzip:     0.42 kB
dist/assets/trending-up-BNuGixAZ.js                                   0.69 kB │ gzip:     0.34 kB
dist/assets/index-CDtst4eX.js                                         0.72 kB │ gzip:     0.40 kB
dist/assets/music-D30FZzXA.js                                         0.75 kB │ gzip:     0.40 kB
dist/assets/purchaseIdentityBinding-tFcjnp2u.js                       0.78 kB │ gzip:     0.34 kB
dist/assets/web-GeA0QLZQ.js                                           0.90 kB │ gzip:     0.43 kB
dist/assets/web-CeqHVwkI.js                                           1.06 kB │ gzip:     0.52 kB
dist/assets/courseEntryCopy-ClIZWujk.js                               1.35 kB │ gzip:     0.72 kB
dist/assets/Legal-BSHfKd0F.js                                         2.00 kB │ gzip:     0.91 kB
dist/assets/growth-CtfcX3mW.js                                        2.07 kB │ gzip:     0.92 kB
dist/assets/account-Dza79Wa7.js                                       2.95 kB │ gzip:     1.37 kB
dist/assets/Support-CbRSasqE.js                                       3.54 kB │ gzip:     1.26 kB
dist/assets/Seasons-CYZ94x1b.js                                       3.65 kB │ gzip:     1.29 kB
dist/assets/rewards-BBVGTEDf.js                                       4.17 kB │ gzip:     1.81 kB
dist/assets/Budget-BqscGS1x.js                                        4.45 kB │ gzip:     1.70 kB
dist/assets/web-xeiTxFuA.js                                           4.65 kB │ gzip:     1.40 kB
dist/assets/Evidence-D_cBkfqD.js                                      5.45 kB │ gzip:     2.00 kB
dist/assets/Tools-CHhjDkZu.js                                         5.60 kB │ gzip:     2.18 kB
dist/assets/Missions-DxVGEczW.js                                      5.65 kB │ gzip:     2.05 kB
dist/assets/LifeScore-BvXa1RRb.js                                     5.72 kB │ gzip:     1.92 kB
dist/assets/Bridge-Dw2T75IS.js                                        6.53 kB │ gzip:     1.96 kB
dist/assets/FutureSelf-CaKThsFY.js                                    6.86 kB │ gzip:     1.94 kB
dist/assets/MissionFlows-DUnKIXyP.js                                  8.10 kB │ gzip:     2.50 kB
dist/assets/index-CybC6hud.js                                         8.72 kB │ gzip:     3.31 kB
dist/assets/web-CkJGoD6p.js                                          10.19 kB │ gzip:     2.10 kB
dist/assets/purchases-BuEMv1I7.js                                    10.51 kB │ gzip:     3.49 kB
dist/assets/PublicTwoFutures-BzBOuYAG.js                             11.24 kB │ gzip:     3.71 kB
dist/assets/Account-h6PlT0Ln.js                                      11.73 kB │ gzip:     3.61 kB
dist/assets/support-CDWHEPYS.js                                      11.79 kB │ gzip:     4.94 kB
dist/assets/DreamArt-LdCVZ0mY.js                                     12.84 kB │ gzip:     2.50 kB
dist/assets/FocusTimerHub-Ds8YEbdk.js                                14.88 kB │ gzip:     4.25 kB
dist/assets/Me-JNBQUjAC.js                                           16.31 kB │ gzip:     5.69 kB
dist/assets/Upgrade-NYjWl0_V.js                                      19.68 kB │ gzip:     6.40 kB
dist/assets/TwoFutures-DcroR3Od.js                                   19.69 kB │ gzip:     5.43 kB
dist/assets/SoundRoom-CoBGJO1j.js                                    22.10 kB │ gzip:     8.39 kB
dist/assets/media-2mgEiOLR.js                                        23.75 kB │ gzip:     9.29 kB
dist/assets/Bank-Bm0dYDhz.js                                         29.78 kB │ gzip:     8.21 kB
dist/assets/Settings-DITM5tny.js                                     41.20 kB │ gzip:    12.88 kB
dist/assets/Coach-DDAW18dl.js                                        48.50 kB │ gzip:    15.86 kB
dist/assets/Notebook-Cbs7qfwD.js                                     48.78 kB │ gzip:    14.17 kB
dist/assets/Dreams-D1562urz.js                                       53.11 kB │ gzip:    14.99 kB
dist/assets/DailyMicroHabits-BH1prtDd.js                             56.82 kB │ gzip:    14.79 kB
dist/assets/Progress-D_Ell-iE.js                                     75.84 kB │ gzip:    18.18 kB
dist/assets/Courses-KV0rz9sr.js                                     118.04 kB │ gzip:    37.99 kB
dist/assets/motion-HNvQpnN_.js                                      128.88 kB │ gzip:    42.38 kB
dist/assets/Today-C9fFPgca.js                                       140.16 kB │ gzip:    43.46 kB
dist/assets/supabase--wUpN4Ei.js                                    228.14 kB │ gzip:    59.28 kB
dist/assets/react-5GCfeWye.js                                       229.42 kB │ gzip:    71.53 kB
dist/assets/genai-DNIGCYRr.js                                       409.93 kB │ gzip:    72.77 kB
dist/assets/charts-Bzd-XkHo.js                                      431.58 kB │ gzip:   124.87 kB
dist/assets/tr-Bxmf0hre.js                                          561.31 kB │ gzip:   219.30 kB
dist/assets/es-D_dh5elY.js                                          573.76 kB │ gzip:   217.65 kB
dist/assets/index-DwcbBonb.js                                       943.74 kB │ gzip:   306.60 kB
dist/assets/courses-CKtnra3s.js                                   2,510.75 kB │ gzip:   813.28 kB
dist/assets/index-BMm9S-UO.js                                     5,959.05 kB │ gzip: 2,123.39 kB

(!) Some chunks are larger than 700 kB after minification. Consider:
- Using dynamic import() to code-split the application
- Use build.rollupOptions.output.manualChunks to improve chunking: https://rollupjs.org/configuration-options/#output-manualchunks
- Adjust chunk size limit for this warning via build.chunkSizeWarningLimit.
✓ built in 10.13s
npm notice
npm notice New major version of npm available! 11.9.0 -> 12.2.0
npm notice Changelog: https://github.com/npm/cli/releases/tag/v12.2.0
npm notice To update run: npm install -g npm@12.2.0
npm notice
