PASS en preview 320: controls fit and no serious/critical axe findings
PASS en preview 390: controls fit and no serious/critical axe findings
PASS en preview 1440: controls fit and no serious/critical axe findings
PASS en: preview fast-forwards and shows a synthetic leaf without a real completion or reward
PASS en proof 320: controls fit and no serious/critical axe findings
PASS en proof 390: controls fit and no serious/critical axe findings
PASS en proof 1440: controls fit and no serious/critical axe findings
PASS en: fresh demo choice carries into the final field and survives reload
PASS en overview 320: controls fit and no serious/critical axe findings
PASS en overview 390: controls fit and no serious/critical axe findings
PASS en overview 1440: controls fit and no serious/critical axe findings
PASS en: overview shows the actual description, outcome, titles and minutes before lesson 1
PASS tr preview 320: controls fit and no serious/critical axe findings
PASS tr preview 390: controls fit and no serious/critical axe findings
PASS tr preview 1440: controls fit and no serious/critical axe findings
PASS tr: preview fast-forwards and shows a synthetic leaf without a real completion or reward
PASS tr proof 320: controls fit and no serious/critical axe findings
PASS tr proof 390: controls fit and no serious/critical axe findings
PASS tr proof 1440: controls fit and no serious/critical axe findings
PASS tr: fresh demo choice carries into the final field and survives reload
PASS tr overview 320: controls fit and no serious/critical axe findings
PASS tr overview 390: controls fit and no serious/critical axe findings
PASS tr overview 1440: controls fit and no serious/critical axe findings
PASS tr: overview shows the actual description, outcome, titles and minutes before lesson 1
PASS es preview 320: controls fit and no serious/critical axe findings
PASS es preview 390: controls fit and no serious/critical axe findings
PASS es preview 1440: controls fit and no serious/critical axe findings
PASS es: preview fast-forwards and shows a synthetic leaf without a real completion or reward
PASS es proof 320: controls fit and no serious/critical axe findings
PASS es proof 390: controls fit and no serious/critical axe findings
PASS es proof 1440: controls fit and no serious/critical axe findings
PASS es: fresh demo choice carries into the final field and survives reload
PASS es overview 320: controls fit and no serious/critical axe findings
PASS es overview 390: controls fit and no serious/critical axe findings
PASS es overview 1440: controls fit and no serious/critical axe findings
PASS es: overview shows the actual description, outcome, titles and minutes before lesson 1
PASS saved draft "A saved draft must stay exactly as written.  " is preserved through preview and reload
PASS saved draft "" is preserved through preview and reload
PASS saved draft "   " is preserved through preview and reload
PASS manually typed decision survives returning to the preview and reload without replacement
PASS setting, reloading and returning to Today never automatically open obstacle planning after 700 ms
PASS optional obstacle planning opens by explicit action and persists without reopening itself
node:internal/modules/run_main:107
    triggerUncaughtException(
    ^

AssertionError [ERR_ASSERTION]: Today optional planning 390: [{"id":"color-contrast","impact":"serious","targets":[[".oda-decision-plan > .text-\\[13px\\].block.text-\\[var\\(--fg-muted\\)\\]"],[".leading-snug.text-\\[15px\\].text-\\[var\\(--fg\\)\\]"]]}]

1 !== 0

    at layout (/workspace/scratch/oda-reference-redesign/fidelity-rework/final/ssr-boundary-fix/flows/harness/first-use.mjs:100:10)
    at async <anonymous> (/workspace/scratch/oda-reference-redesign/fidelity-rework/final/ssr-boundary-fix/flows/harness/first-use.mjs:235:3) {
  generatedMessage: false,
  code: 'ERR_ASSERTION',
  actual: 1,
  expected: 0,
  operator: 'strictEqual',
  diff: 'simple'
}

Node.js v24.19.0
