en-light-1440-today {"pageWidth":1440,"viewport":1440,"violations":[]}
en-light-1440-notebook {"pageWidth":1440,"viewport":1440,"violations":[]}
en-light-1440-focus {"pageWidth":1440,"viewport":1440,"violations":[]}
en-light-1440-courses {"pageWidth":1440,"viewport":1440,"violations":[]}
en-light-1440-course-overview {"pageWidth":1440,"viewport":1440,"violations":[]}
en-light-1440-course-lesson {"pageWidth":1440,"viewport":1440,"violations":[]}
en-light-390-today {"pageWidth":390,"viewport":390,"violations":[]}
en-light-390-notebook {"pageWidth":390,"viewport":390,"violations":[]}
en-light-390-focus {"pageWidth":390,"viewport":390,"violations":[]}
en-light-390-courses {"pageWidth":390,"viewport":390,"violations":[]}
en-light-390-course-overview {"pageWidth":390,"viewport":390,"violations":[]}
en-light-390-course-lesson {"pageWidth":390,"viewport":390,"violations":[]}
tr-dark-320-today {"pageWidth":320,"viewport":320,"violations":[]}
tr-dark-320-notebook {"pageWidth":320,"viewport":320,"violations":[]}
tr-dark-320-focus {"pageWidth":320,"viewport":320,"violations":[]}
tr-dark-320-courses {"pageWidth":320,"viewport":320,"violations":[]}
tr-dark-320-course-overview {"pageWidth":320,"viewport":320,"violations":[]}
tr-dark-320-course-lesson {"pageWidth":320,"viewport":320,"violations":[]}
es-light-390-today {"pageWidth":390,"viewport":390,"violations":[]}
es-light-390-notebook {"pageWidth":390,"viewport":390,"violations":[]}
es-light-390-focus {"pageWidth":390,"viewport":390,"violations":[]}
es-light-390-courses {"pageWidth":390,"viewport":390,"violations":[]}
es-light-390-course-overview {"pageWidth":390,"viewport":390,"violations":[]}
es-light-390-course-lesson {"pageWidth":390,"viewport":390,"violations":[]}
