
> oda-one-decision-away@1.0.0 check
> npm run lint && node scripts/validate-i18n.mjs && node --import tsx scripts/test-i18n.ts && node --import tsx scripts/test-notebook.ts && node --import tsx scripts/test-notebook-voice.ts && node --import tsx scripts/test-routing.ts && npm test && npm run build


> oda-one-decision-away@1.0.0 lint
> tsc --noEmit

npm notice
npm notice New major version of npm available! 11.9.0 -> 12.2.0
npm notice Changelog: https://github.com/npm/cli/releases/tag/v12.2.0
npm notice To update run: npm install -g npm@12.2.0
npm notice
tr: 6823 entries; missing keys 0; placeholder differences 0
es: 6823 entries; missing keys 0; placeholder differences 0
English-first startup, saved choices, EN/TR/ES switching, fallback and repeated placeholders passed.
✔ old backups normalize without copying or losing any legacy Dream Journal field (2.228705ms)
✔ new writing of every kind including affirmation earns 25 once; intention alone does not (2.203356ms)
✔ edit, no-op, delete and recreate preserve immutable once-per-day reward claims (0.519987ms)
✔ local writing day and existing UTC reward ceiling are separate and cap-safe (0.410101ms)
✔ 369 only counts matching written intentions, allows partial saves and retains archived histories (1.674505ms)
✔ 369 derives a real 33-day streak and preserves the achieved target after a gap (2.464251ms)
✔ 369 matches Turkish dotted/dotless uppercase pairs without stripping meaningful accents (0.44295ms)
✔ calendar streaks use local days across DST, not elapsed 24-hour periods (0.573689ms)
✔ validation rejects blank entries, future dates, past creation and excess slots without altering input (0.506647ms)
✔ legacy edits preserve photos, links and original date; unified JSON roundtrip is lossless (9.724984ms)
✔ real repository serializes concurrent writes, protects from stale saves, and honors explicit restore (10.61421ms)
✔ stale whole-document saves do not resurrect deleted legacy entries or lose new ones (2.082203ms)
✔ Notebook rebases after a delayed load against a concurrent profile and ledger save (0.912111ms)
✔ concurrent mission and Notebook reward evaluation share the same 2500 ceiling (7.885899ms)
✔ failed storage saves reject, do not push cloud or claim rewards, and queue recovers (1.483246ms)
✔ unreadable saved JSON is preserved, never silently replaced with seed data (0.249678ms)
✔ explicit local restore blocks older cloud data across failed uploads and is account/project scoped (2.029954ms)
✔ an old in-flight cloud upload cannot overwrite a newer restored snapshot or clear its marker (0.707952ms)
✔ a signed-out import binds to the first later connection and stays isolated from other accounts (1.461242ms)
ℹ tests 19
ℹ suites 0
ℹ pass 19
ℹ fail 0
ℹ cancelled 0
ℹ skipped 0
ℹ todo 0
ℹ duration_ms 63.133826
Notebook voice uses device speech only, preserves preferences and handles unavailable speech.
✔ root hosting retains history paths, including direct reloads (1.04385ms)
✔ project hosting keeps every navigation on the same static document (0.302669ms)
✔ landing URLs and non-route fragments do not become unknown routes (0.160163ms)
✔ back/forward hash entries resolve to canonical route IDs (0.84538ms)
✔ icons and service worker URLs stay under their deployment base (0.228365ms)
✔ service worker precaches only its project directory (15.733671ms)
✔ standalone support remains available offline without replacing the application shell (7.171497ms)
✔ activation preserves sibling apps and this version media cache (1.686012ms)
✔ notification defaults and legacy targets open the project hash route (1.176261ms)
✔ installed app metadata refreshes instead of retaining the cached identity (1.99436ms)
✔ installed app metadata remains available offline (1.156731ms)
ℹ tests 11
ℹ suites 0
ℹ pass 11
ℹ fail 0
ℹ cancelled 0
ℹ skipped 0
ℹ todo 0
ℹ duration_ms 38.523055

> oda-one-decision-away@1.0.0 test
> node --import tsx --test tests/*.test.ts supabase/functions/send-nudges/core.test.ts supabase/functions/send-nudges/push-worker.test.ts

✔ 600 scheduled selections are unique across 100 local calendar days and repeat only in the next cycle (5.466766ms)
✔ calendar-day index is independent of server timezone, DST boundaries and midnight UTC (0.413677ms)
✔ sender blocks private-network endpoints, embedded credentials, lookalike hosts and unexpected ports (0.519907ms)
✔ payload identifies adaptation/translation and routes stay valid for root and project hosting (1.639903ms)
✔ cron authenticator requires a substantial matching secret (12.418462ms)
✔ push event displays the real server payload without an open client (1.951775ms)
✔ unexpected push fields cannot become arbitrary notification options (1.012713ms)
✔ does not load a runtime before explicit initialization and blocks unsupported devices (1.59212ms)
✔ context retains the latest user turn, merges interrupted turns, and ignores injected roles (0.496091ms)
✔ streams accumulated visible content and disables reasoning output (1.579321ms)
✔ aborting initialization disposes the downloading runtime and allows retry (3.704559ms)
[ODA Coach] Generation failed: Error: GPU device lost: out of memory
    at Object.generate (/workspace/oda-native-settings-otp/tests/ai-coach.test.ts:117:35)
    at <anonymous> (/workspace/oda-native-settings-otp/src/services/aiCoach.ts:256:68)
    at Object.stream (/workspace/oda-native-settings-otp/src/services/aiCoach.ts:300:5)
    at TestContext.<anonymous> (/workspace/oda-native-settings-otp/tests/ai-coach.test.ts:122:30)
    at async Test.run (node:internal/test_runner/test:1389:7)
    at async Test.processPendingSubtests (node:internal/test_runner/test:960:7)
✔ cancellation drains generation, suppresses late text, and releases the next request (2.532705ms)
✔ generation failures are actionable, never become a canned coach reply, and require restart (4.928752ms)
✔ unload cancels an active operation, releases memory and supports a fresh initialization (0.661682ms)
✔ ambient renders are long independent stereo textures with finite bounded levels (162.516924ms)
✔ scene identities differ in spectrum and amplitude dynamics (35.014022ms)
✔ loop overlaps join continuous adjacent noise without a boundary spike (52.35748ms)
✔ seeds reproduce review samples and produce a new texture when changed (193.69397ms)
✔ one Sound Room track keeps one title across categories, including intentional noise reuse (0.382409ms)
✔ fresh startup seeds and absent records do not prompt for a backup (1.511678ms)
✔ empty notebook, lesson, experiment and weekly-review shells are not saved personal work (0.640059ms)
✔ the first saved journal, scripting or future letter qualifies without three older records (1.350776ms)
✔ a saved intention, gratitude note or affirmation qualifies before any decision completion (0.613759ms)
✔ an interrupted first lesson answer of zero, practice checkbox or reflection qualifies (0.591636ms)
✔ the first course plan, paused attempt or saved review qualifies independently of lesson completion (0.782004ms)
✔ one saved weekly review with no kept decisions qualifies (0.196788ms)
✔ one completion, kept decision, vision choice or dream-journal entry preserves existing eligibility (0.609463ms)
✔ a valid downloaded backup suppresses until the exact fourteen-day boundary (0.446386ms)
✔ invalid, absent and future export or cloud timestamps never suppress protection (0.50242ms)
✔ freshness compares actual ISO instants and accepts leap days without calendar normalization (0.128074ms)
✔ only configured, signed-in, recent scoped cloud success with no error suppresses the reminder (0.270309ms)
✔ a recent export still protects work when cloud sync fails, and session dismissal remains respected (0.283038ms)
✔ eligibility does not alter saved work or cloud status, and all three locales explain protection without promising sync (0.492646ms)
✔ restore safety: weekly review text cannot be an object (3.794806ms)
✔ restore safety: life score records need sortable timestamps (0.833522ms)
✔ restore safety: bridge records need their rendered amounts (0.736976ms)
✔ restore safety: a pinned dream name cannot be a React object child (0.733751ms)
✔ legacy course storage migrates into the personal record without changing other data (4.677121ms)
✔ course edits, completion, experiment plans and logs roundtrip through JSON backup (5.663355ms)
✔ a stale save from another feature retains newer lesson notes and practice logs (2.673017ms)
✔ a legacy backup keeps local courses; an explicit empty course backup clears them (2.602981ms)
✔ validation rejects malformed personal, notebook and course data before any storage write (5.613389ms)
✔ quota failures keep the entire previous record and legacy key intact, and a retry succeeds (1.916311ms)
✔ unreadable main data is never replaced by a course-only save (0.657265ms)
✔ lesson edits and re-completion retain the real-world experiment history (0.372424ms)
✔ course mutations wait for the shared write lock and rebase onto a concurrent notebook commit (1.118604ms)
✔ ledger and notebook rewards retain one UTC ceiling when the local decision day differs (20.281036ms)
✔ cloud upload captures current courses and invalid cloud backups leave local storage untouched (2.287784ms)
✔ cloud previews do not change last-sync or local data until the reviewed record is committed (2.118657ms)
✔ Bank chart keeps UTC ledger Today and date labels aligned at New York evening (25.232573ms)
✔ Bank seven-day earnings window is Sep 25 through Oct 1 for the UTC ledger day (3.135226ms)
✔ Savings includes the first displayed UTC day in net and pace, excluding opening history (4.859136ms)
✔ Savings net includes mixed first-day credits, spending and the current UTC day (3.30921ms)
✔ Bank chart formats ledger dates in selected tr UI locale (19.951006ms)
✔ Bank chart formats ledger dates in selected es UI locale (31.828188ms)
✔ a welcome grant preserves the balance and supplies zero practice evidence (1.381812ms)
✔ mixed financial deposits cannot inflate distinct kept days or completed decisions (6.331366ms)
✔ practice week follows local calendar boundaries and repeated days count once (0.180193ms)
✔ reward labels distinguish symbolic unlocking from actual D$ pace estimates in every locale (0.365293ms)
✔ client and server agree on the message limits (1.041717ms)
✔ the request keeps the last 12 messages, trims each to 1500 characters and drops empty ones (0.489642ms)
✔ context is sent only when there is something to send, and is trimmed (0.216929ms)
✔ responses map to a result or a typed error (1.008146ms)
✔ the shared context holds only today, the last kept decisions and short journal lines (7.182915ms)
✔ a pending cloud SELECT cannot replace data after account switch (2.993703ms)
✔ a pending cloud SELECT cannot replace data after project switch (0.450411ms)
✔ a pending cloud SELECT cannot replace data after logout and reauthentication as the same account (0.902907ms)
✔ a pending cloud SELECT cannot replace data after an explicit local import barrier (0.765079ms)
✔ a pending cloud SELECT cannot replace data after newer saved personal writing (1.07702ms)
✔ a reviewed cloud restore is checked inside the write lock after account switch (2.723433ms)
✔ a reviewed cloud restore is checked inside the write lock after project switch (0.764697ms)
✔ a reviewed cloud restore is checked inside the write lock after logout and reauthentication as the same account (2.088411ms)
✔ a reviewed cloud restore is checked inside the write lock after an explicit local import barrier (0.75952ms)
✔ a reviewed cloud restore is checked inside the write lock after newer saved personal writing (0.720881ms)
✔ an unchanged reviewed cloud record commits once and records its scoped sync (1.343985ms)
✔ manual sync cannot fall back to uploading a captured previous-account snapshot (0.670926ms)
✔ a delayed automatic backup remains bound to its original account (0.310551ms)
✔ an old upload success cannot mark or emit the new cloud scope (0.803727ms)
✔ an old upload failure cannot mark or emit the new cloud scope (0.43593ms)
✔ levels and monthly limits match the plan (1.987459ms)
✔ the highest active RevenueCat entitlement wins; expired ones do not count (0.313876ms)
✔ the tier cache is fresh for ten minutes (0.13231ms)
✔ requests are validated, trimmed and may be empty for a status check (0.447578ms)
✔ crisis words in English, Turkish and Spanish are caught; everyday worry is not (2.470701ms)
✔ the prompt sets the persona, safety rules and reply language; context reaches only the coach level (0.264981ms)
✔ the function keeps secrets and message text out of code and logs (0.304841ms)
✔ no AI provider secret is referenced from the app bundle code (28.451497ms)
✔ lightweight course previews and restore metadata match each real edition (2.660488ms)
✔ English editions keep every course and lesson ID of the Turkish edition (4.422265ms)
✔ every English lesson goes deeper and tells an example story (2.178709ms)
✔ every course and lesson has a real, distinct photo with alt text (0.353325ms)
✔ technique cards name their origin, give doable steps and say honestly what the evidence supports (0.970319ms)
✔ every course states its purpose, scope and outcome, with usable lesson durations (0.343921ms)
✔ the bibliography distinguishes research from guidance and includes usable HTTPS references and limitations (0.85212ms)
✔ every lesson cites existing sources and every advertised research source is used (0.382789ms)
✔ each lesson has two reading paragraphs, three distinct practice instructions and reflection support (3.96246ms)
✔ each lesson offers three distinct answers, one valid correct index and explanatory feedback (1.088258ms)
✔ every lesson has one visual; charts quote a source the lesson cites (0.64709ms)
✔ Spanish editions mirror the English structure (2.229606ms)
✔ Spanish source ids are unique (0.562952ms)
✔ stable course IDs keep their ordered lesson IDs for stored progress (1.353439ms)
✔ every course and lesson has a real, distinct photo with Turkish alt text (1.768096ms)
✔ technique cards name their origin, give doable steps and say honestly what the evidence supports (1.887107ms)
✔ every course states its purpose, scope and outcome, with usable lesson durations (0.53477ms)
✔ the bibliography distinguishes research from guidance and includes usable HTTPS references and limitations (1.402263ms)
✔ every lesson cites existing sources and every advertised research source is used (0.653319ms)
✔ each lesson has two reading paragraphs, three distinct practice instructions and reflection support (5.168936ms)
✔ each lesson offers three distinct answers, one valid correct index and explanatory feedback (1.57867ms)
✔ every lesson has one visual; charts quote a source the lesson cites (0.853593ms)
✔ every untouched course previews its real edition without creating saved learning (3.90344ms)
✔ a saved tick, answer zero, reflection or completion constitutes learning, unlike a blank record (2.510862ms)
✔ saved progress resumes each of the 103 actual lessons across all three editions and Today agrees (37.695121ms)
✔ a later draft cannot skip unfinished prerequisite lessons (0.540899ms)
✔ workbook-only plans stay available for review without inventing lesson progress (0.814052ms)
✔ ordinary saves retain an explicit view while account and same-account backup replacement invalidate it (0.226813ms)
✔ course entry instructions have matching localized keys and keep the actual lesson-number placeholder (0.701412ms)
✔ all 18 courses have distinct, actionable guides in every supported language (1.313979ms)
✔ studio is optional and initially collapsed; completed courses open their transfer practice (43.647293ms)
✔ new plans preserve optionality and keep an independent copy of private fields (0.695603ms)
✔ untrusted backup data cannot introduce unknown courses, malformed dates, duplicate entries, or oversized notes (0.929828ms)
✔ retrying the same journal entry is idempotent; paused and adapted entries retain honest observations (0.45624ms)
✔ journal keeps the most recent bounded entries and does not mutate input during normalization (0.59484ms)
✔ calendar validation handles leap days, impossible dates, and week/month/year transitions (0.309248ms)
✔ due review needs a usable plan; completing review sets a fresh revisit without losing reflection (0.189477ms)
✔ course progress saves and completed lessons keep the plan, journal, and review after an interrupted round trip (1.072464ms)
✔ a practice plan cannot unlock lessons or manufacture completion (0.341407ms)
✔ a localized portable artifact retains ordinary private text without embedding executable HTML (0.266934ms)
✔ rapid edits remain visible and are replayed in order under serialized persistence (7.627848ms)
✔ failed drafts survive later edits and a retry rebases them over unrelated saved work (0.691426ms)
✔ same-tab save notifications retain newer input while an earlier batch is committing (0.49543ms)
✔ unexpected persistence exceptions preserve private work and allow a later successful save (0.397081ms)
✔ retry clicked while a failed write is settling starts a fresh persistence attempt (0.297291ms)
✔ malformed and unsupported records recover to separate empty states (1.533953ms)
✔ unknown IDs and properties are discarded; checklists are resized with strict booleans (0.491595ms)
✔ negative, fractional, nonnumeric and out-of-range answers do not satisfy a lesson (0.758478ms)
✔ notes are bounded while their newlines and ordinary content survive (0.17153ms)
✔ tampered completion cannot bypass the exercise, answer or preceding lessons (0.24474ms)
✔ valid completed prefixes survive independently for different courses (0.254856ms)
✔ draft updates are immutable and cannot mark a lesson complete (0.229147ms)
✔ completion follows the real course in order and is idempotent (1.125934ms)
✔ editing a completed prerequisite revalidates later lessons without losing drafts (0.331923ms)
✔ caller-supplied lesson and course objects cannot change the answer or bypass a course (0.705198ms)
✔ saving and reloading preserve a completed lesson and an unfinished draft (1.447792ms)
✔ blocked storage and quota failures are reported without throwing (0.765589ms)
✔ a decision kept today takes priority over array order and an older active carry-over (3.609875ms)
✔ a newly chosen decision after a kept one remains actionable today (0.302758ms)
✔ yesterday’s completion, archived decisions, invalid timestamps and future plans never masquerade as today (0.189357ms)
✔ daily decisions use the local calendar around UTC midnight in both timezone directions (0.68007ms)
✔ a missed weekly review remains available on Wednesday and follows local Sunday boundaries (0.166472ms)
✔ weekly evidence counts actual distinct days and bounds entries to the reviewed calendar week (10.580519ms)
✔ an unfinished decision can be reviewed without inventing completed progress (0.235316ms)
✔ saving and editing a daily reflection preserves other pages, rewards once, and survives JSON backup replacement (3.269796ms)
✔ course continuation resumes selected work before the suggested course and advances to the actual incomplete lesson (0.451133ms)
✔ course continuation recognizes an interrupted first answer of zero and never offers an already completed course (0.470603ms)
✔ daily loop copy has explicit matching nonempty English, Turkish and Spanish strings (0.381958ms)
✔ concurrent retries of a kept daily decision record evidence and reward exactly once (21.045733ms)
✔ deep backup safety: reject unparseable notebook day before replacing any storage (4.753045ms)
✔ deep backup safety: reject impossible calendar day before replacing any storage (0.976208ms)
✔ deep backup safety: reject object mood rendered in journal before replacing any storage (0.844518ms)
✔ deep backup safety: reject object prompt assigned to editor before replacing any storage (0.814052ms)
✔ deep backup safety: reject unknown kind hidden by every writing surface before replacing any storage (0.949568ms)
✔ deep backup safety: reject unparseable gratitude day before replacing any storage (0.75964ms)
✔ deep backup safety: reject invalid writing activity day before replacing any storage (0.732399ms)
✔ deep backup safety: reject invalid ledger day before replacing any storage (0.569822ms)
✔ deep backup safety: reject object activity transaction reference before replacing any storage (0.728974ms)
✔ deep backup safety: reject invalid 369 start day before replacing any storage (0.830287ms)
✔ deep backup safety: reject invalid 369 history day before replacing any storage (0.682103ms)
✔ deep backup safety: reject object archive marker hiding a practice before replacing any storage (0.538175ms)
✔ deep backup safety: reject object 369 day timestamp before replacing any storage (0.691737ms)
✔ deep backup safety: reject dream instant producing an invalid display day before replacing any storage (0.503472ms)
✔ deep backup safety: reject invalid course attempt day silently dropping a note before replacing any storage (0.927054ms)
✔ deep backup safety: reject invalid course review due date before replacing any storage (0.659929ms)
✔ deep backup safety: reject invalid course review completion date before replacing any storage (0.615502ms)
✔ deep backup safety: legitimate exported writing, legacy moods, and leap days roundtrip and render (31.356925ms)
✔ deep backup safety: legacy backups without a notebook retain dream fields and local courses (0.546117ms)
✔ an earlier account sync timestamp cannot hide another account cloud record (3.500951ms)
✔ a legacy unscoped timestamp is not proof that this account is synchronized (0.62097ms)
✔ an account deletion response cannot sign out a later signed-in account (1.016209ms)
✔ an account deletion response cannot clear a new project connection (0.272893ms)
✔ a late cloud coach reply cannot be accepted in another account scope (18.213606ms)
✔ account deletion cannot start with another account after awaiting the client (0.467197ms)
✔ cloud coach context consent is isolated between accounts and projects (0.337791ms)
✔ a token refresh keeps the current account coach request valid (0.712428ms)
✔ a project change while reading a coach response also expires its content (0.389089ms)
✔ stopping the coach cancels a response body still being downloaded (0.411904ms)
✔ a queued backup cannot upload a local document rolled back while it waited (1.071322ms)
✔ the latest queued backup still uploads after a preceding slower backup (0.670265ms)
✔ returning to an earlier account cannot reuse its timestamp for another account local record (2.667969ms)
✔ a replaced dataset cannot inherit this account historical synchronization proof (0.918601ms)
✔ an owner-metadata quota failure cannot advertise a newer synchronized local record (1.658281ms)
✔ every localized course can complete and carry its notes into the other editions (28.475131ms)
✔ practice calendar keeps the local day across UTC midnight and daylight-saving weeks (0.721322ms)
✔ a transient personal-record read failure cannot replace already saved course work with an empty fallback (2.454586ms)
✔ a blocked-save session retains private edits and warning after its only view unmounts, then retries successfully (0.577915ms)
✔ explicit replacement cancels a queued old draft while allowing new edits to save after the lock releases (0.709253ms)
✔ a transient legacy-course read failure cannot overwrite the previous separate course record (0.302848ms)
✔ a different tab replacement discards old private draft before replay even when its storage event has not arrived (1.83597ms)
✔ other-tab provisional replacement notifications wait for rollback before inspecting epochs or discarding private drafts (1.767146ms)
✔ same-tab course publication runs under the lock before another tab can project a provisional replacement (0.850648ms)
✔ purchases and payments committed within one clock tick keep distinct identities (4.353591ms)
✔ habit completion dates agree with the local Today calendar on either side of UTC midnight (1.134859ms)
✔ habit yesterday and streaks count actual calendar dates through both DST changes (0.27103ms)
✔ habits roll over at local midnight and keep the previous local day history (1.436305ms)
✔ rollover fallback converts the last-opened instant to its local day (0.256519ms)
✔ date-only values display their saved day while timestamps retain instant conversion (12.794201ms)
✔ calendar formatting rejects normalized impossible days and keeps invalid values readable (0.332373ms)
✔ habit reward identity survives undo, reload and UTC midnight without paying the same local day twice (0.363801ms)
✔ local midnight cannot earn the same habit twice in the UTC reward day (0.158891ms)
✔ habit and check-in rewards share the notebook UTC ceiling, including partial and exhausted budgets (0.271802ms)
✔ a profile save captured before a decision completion retains the kept decision and its evidence (16.633904ms)
✔ concurrent purchases retain both dreams and both payments (2.471832ms)
✔ concurrent purchase checks reject a second claim for the same dream (1.529005ms)
✔ concurrent purchases check affordability against the payment that committed first (6.166947ms)
✔ concurrent savings additions retain both amounts and log entries (1.774207ms)
✔ disjoint profile changes from the same baseline both survive (1.016699ms)
✔ conflicting edits to the same profile field reject before any write and notify the UI (1.346849ms)
✔ an intentional mission deletion and reorder survive a disjoint newer settings save (0.883668ms)
✔ concurrent edits to the mission array reject rather than inventing a merged list (0.828624ms)
✔ even an identical explicit restore invalidates snapshots that were captured before it (1.786024ms)
✔ a profile write queued behind a restore cannot resurrect pre-restore writing (1.952806ms)
✔ legacy records missing transactions can merge a settings edit after a course-only write (0.889797ms)
✔ clearing and recreating the personal record invalidates earlier editable snapshots (0.725699ms)
✔ deleting imported own magic keys while another nested field changes never revives them (2.226341ms)
✔ mission evidence, generated bridges and savings logs keep unique IDs in a single clock tick (2.363559ms)
✔ all 160 shipped English cue identities/text hashes match the 11 runtime sessions (6.460051ms)
✔ every public MP3 byte count/checksum matches delivered metadata and no model/runtime is shipped (26.020666ms)
✔ all shipped decoded/container durations fit the original cue windows with at least250ms margin (2.252701ms)
✔ service worker leaves narration to the verified on-demand cache and does not precache MP3s (0.361908ms)
✔ levels are ordered free < essentials < pro < coach (1.294881ms)
✔ coach message allowances follow the product spec (0.137528ms)
✔ essential courses exist, and Turning Day is not one of them (it is free for all) (0.234455ms)
✔ nothing is locked where subscriptions cannot be bought (web), at any level (0.318622ms)
✔ free level: Turning Day in full, first lessons of the rest, first sounds of each category (0.182566ms)
✔ essentials opens the six core courses and the whole Sound Room, not the rest (0.207685ms)
✔ pro and coach open every lesson and sound (0.252782ms)
✔ six products: two per paid level, ids match the App Store spec (0.307105ms)
✔ RevenueCat entitlements resolve to the highest active level (0.292342ms)
✔ annual saving is computed from real prices only (0.23793ms)
✔ Stop cancels a cue still waiting for synthesis without starting audio (2.328185ms)
✔ deferred synthesis starts at the latest requested volume 0 (0.621ms)
✔ deferred audio resume starts at the latest requested volume 0 (0.382589ms)
✔ deferred Settings preview preserves requested volume 0 (0.363471ms)
✔ deferred synthesis starts at the latest requested volume 0.35 (0.333305ms)
✔ deferred audio resume starts at the latest requested volume 0.35 (0.359645ms)
✔ deferred Settings preview preserves requested volume 0.35 (0.272092ms)
✔ a volume change during loading preserves stop protection (0.570394ms)
✔ a volume change during loading preserves pause-resume protection (0.33004ms)
✔ a volume change during loading preserves new-session protection (0.54841ms)
✔ a newer cue owns playback when an older synthesis resolves later (0.291562ms)
✔ Pause then Resume cannot resurrect a cue waiting for synthesis (0.182856ms)
✔ Stop also cancels a cue waiting for the audio context to resume (0.205902ms)
✔ a new cue supersedes one waiting for the audio context to resume (0.845521ms)
✔ Pause and Resume invalidate pending context-resume playback (0.351081ms)
✔ replacement immediately stops active audio while the new clip is pending (0.293013ms)
✔ stale source completion cannot clear or end the new cue (0.480107ms)
✔ Pause and Resume preserve an already-started cue without starting it twice (0.279534ms)
✔ unavailable synthesis reports failure without creating an audio source (0.225772ms)
✔ a failed audio context resume reports failure without starting playback (0.293575ms)
✔ a failed source start reports failure and never announces playback (0.35665ms)
✔ English narration cache stays the same when UI locale changes (31.823361ms)
✔ a Settings preview resolving after Stop cannot start playback (0.251721ms)
✔ a Settings preview resolving after a newer cue cannot interrupt it (0.315688ms)
✔ every approved PNG and both approval manifests remain unchanged (17.392592ms)
✔ served responsive variants match actual lossless bitstream dimensions, hashes, and complete-frame geometry (31.807137ms)
✔ all real course covers and tree stages have deployment-scoped responsive sources and retain PNG fallbacks (22.748712ms)
✔ modern-image failures retry the original; PNG and malformed failures reach the existing final fallback (0.249287ms)
✔ 3D decorative growth preserves 60 kept decisions and 30 extra blossoms (1.332988ms)
✔ 3D display normalizes invalid counts without changing the evidence source (0.202867ms)
✔ static legal pages match src/data/legal.ts (run npx tsx scripts/build-legal.ts) (1.077412ms)
✔ every language has the same sections and names the company (0.176367ms)
✔ privacy policy covers what App Review checks (0.249658ms)
✔ local day keys and day gaps follow the calendar, not UTC (1.166376ms)
✔ evidence lists kept decisions newest first and counts the last seven days (8.486514ms)
✔ comeback is kind after a lapse and silent otherwise (0.460387ms)
✔ fresh starts land on the first of the month and on Mondays (0.131239ms)
✔ simple mode lasts a week or until three kept decisions, and can be switched off (0.631876ms)
✔ the day-14 question appears once, only for people who used decisions (0.692819ms)
✔ the weekly look-back is offered on Sunday and Monday, once per week, and its change lasts a week (1.782509ms)
✔ the chain forgives one missed day a week, but not two in a row or two in a week (1.008487ms)
✔ smart reminders aim 30 minutes before the usual kept time, once there is enough history (0.610415ms)
✔ every sign-up intent points at a real course and offers three easy decisions (108.807156ms)
✔ the reminder voice keeps one line per day and never threatens a streak (1.487712ms)
✔ every iOS project and application build configuration enforces the Safari 16.4 baseline (2.02816ms)
✔ Capacitor sync keeps a compatible generated Swift package floor without lowering the app minimum (153.521209ms)
✔ installed native dependency library floors are compatible with the Swift wrapper and app (0.359955ms)
✔ native metadata cannot override the application minimum with an older target (0.775194ms)
✔ native Settings and Account use the shared code flow with device copy in en (12.924788ms)
✔ native Settings and Account use the shared code flow with device copy in tr (20.437522ms)
✔ native Settings and Account use the shared code flow with device copy in es (17.866841ms)
✔ web backup keeps its inline magic-link form and Account keeps link copy (3.459018ms)
✔ native configured signed-in backup retains sync and sign-out actions (2.429508ms)
✔ unconfigured native cloud does not offer a sign-in request (1.617579ms)
✔ actual cloud request and verification use one injected auth adapter and trim input (1.272006ms)
✔ interrupted setup restores fields without allowing a nameless final step (1.227939ms)
✔ a fresh preview seeds only an empty decision and never overwrites restored or typed text (0.137879ms)
✔ unknown, malformed and oversized setup drafts are safely bounded (0.182717ms)
✔ trial length comes only from a free intro offer (0.696164ms)
✔ native reminders: a week ahead, past times skipped, stable ids (0.746089ms)
✔ native planner rejects malformed times and keeps a bounded week inside its namespace (0.748874ms)
✔ interrupted native scheduling leaves the newest state and preserves other notifications (6.115158ms)
✔ a native plugin error does not prevent the next reminder replacement (0.480818ms)
✔ startup waits for restored account rather than temporarily identifying anonymous (1.905645ms)
✔ known sign-out and rapid identity changes are announced immediately, same-ID retry events remain usable (0.247195ms)
✔ failed authentication hydration stays unbound and never identifies anonymous or reads SDK entitlement (0.182015ms)
✔ dispose during initial hydration prevents any late entitlement initialization (0.13878ms)
✔ retry hydrates a currently unknown account before requesting identity or offerings (0.176838ms)
✔ retry with failed hydration cannot bind anonymous or make a subscription request (0.856317ms)
✔ cloud initialization callers share the real restoration promise and never finish early (29.148251ms)
✔ actual failed cloud restoration remains unknown and a later retry can establish the same account (0.762955ms)
✔ a resolved auth error is unknown identity rather than a verified anonymous account (0.592758ms)
✔ unbound init leaves cached native A untouched and exposes prices without personal claims (2.307313ms)
✔ explicitly binding cached A confirms it without login or logout (0.818589ms)
✔ desired B is recorded during native setup before any cached A customer read (9.098916ms)
✔ failed logout clears A claims synchronously and leaves purchase and restore denied (1.706313ms)
✔ staged A, B, A login requests serialize native identity mutation (2.009923ms)
✔ an A purchase settling after desired B success cannot grant B (2.914121ms)
✔ an A purchase settling after desired B cancellation cannot grant B (1.047316ms)
✔ a failed same-ID login can retry without treating desired ID as confirmed ID (0.670676ms)
✔ an offline refresh for confirmed same A preserves its verified entitlement (4.388003ms)
✔ listener payload is only invalidation and canonical aliases do not impersonate another account (0.958861ms)
✔ late A offerings cannot install A packages or personal claims into desired B (1.092684ms)
✔ late A trial eligibility cannot restore a free-trial claim during a B transition (3.902308ms)
✔ a held A customer load from initialization cannot overwrite a later desired B (0.613849ms)
✔ an A restore settling after desired B fails without applying A customer info (1.006524ms)
✔ defer during a held purchase drops trust without native calls and explicit cached-A rebind refreshes it (2.456439ms)
✔ defer during first native setup cancels the old A load and leaves cached A for an explicit rebind (0.583463ms)
✔ defer and immediate same-A rebind cannot accept the older held A customer snapshot (0.762064ms)
✔ canonical A listener refresh rejects its held snapshot if native identity externally drifts to B (0.672678ms)
✔ initial getAppUserID failure at verification read 1 leaves A unconfirmed/free and retryable (0.437412ms)
✔ initial getAppUserID failure at verification read 2 leaves A unconfirmed/free and retryable (0.277741ms)
✔ initial getAppUserID failure at verification read 3 leaves A unconfirmed/free and retryable (0.27097ms)
✔ initial getAppUserID failure at verification read 4 leaves A unconfirmed/free and retryable (0.227304ms)
✔ initial isAnonymous failure at verification read 1 leaves A unconfirmed/free and retryable (0.190329ms)
✔ initial isAnonymous failure at verification read 2 leaves A unconfirmed/free and retryable (0.205521ms)
✔ initial isAnonymous failure at verification read 3 leaves A unconfirmed/free and retryable (0.167845ms)
✔ initial isAnonymous failure at verification read 4 leaves A unconfirmed/free and retryable (0.175275ms)
✔ native paid gates apply before SDK init and after defer while the free samples stay open (0.205822ms)
✔ web and keyless native gates stay open before init and after defer without loading an SDK (0.206322ms)
✔ purchase cannot commit A after desired B arrives in nested verification microtask depth 2 (3.519979ms)
✔ purchase cannot commit A after desired B arrives in nested verification microtask depth 3 (0.788714ms)
✔ restore cannot commit A after desired B arrives in nested verification microtask depth 2 (0.852952ms)
✔ restore cannot commit A after desired B arrives in nested verification microtask depth 3 (0.707391ms)
✔ init cannot commit A after desired B arrives in nested verification microtask depth 2 (1.120527ms)
✔ init cannot commit A after desired B arrives in nested verification microtask depth 3 (0.973604ms)
✔ offerings failure is retryable without configuring or listening twice (3.973986ms)
✔ concurrent initialization shares one pending configure and plan load (5.736496ms)
✔ failed configuration can retry, while a completed setup remains single (0.782545ms)
✔ listener setup failure retries the listener without configuring again (0.358863ms)
✔ a successful empty offering may retry when plans become available (0.623885ms)
✔ free intro pricing is advertised only for confirmed eligible customers (0.777347ms)
✔ missing or failed eligibility checks keep regular prices and unknown trial status (0.552537ms)
✔ an interrupted eligibility refresh after identity change clears the earlier free-trial claim (0.430762ms)
✔ cancelled, pending and failed purchase errors remain distinct and never grant access (0.774373ms)
✔ a successful store response without the requested entitlement remains unconfirmed (0.335879ms)
✔ confirmed entitlement grants access and later SDK updates retain the real highest level (1.657059ms)
✔ restore distinguishes store failure, successful no-plan check, and active entitlement (0.643765ms)
✔ web and unconfigured native flows never load a purchase SDK or create a purchase (0.18508ms)
✔ free duration uses valid store units and cycles, without inventing 30-day months (0.103447ms)
✔ scoped EN/TR/ES uncertain purchase feedback makes no charge or reminder guarantee (0.274546ms)
✔ preserves the first 300 passages and appends exactly 100 each from faith, science and philosophy in order (2.325761ms)
✔ all 600 sourced passages have unique IDs and bilingual text without recycling legacy lines (40.203278ms)
✔ six notifications stay distinct for 100 full days, then repeat, and match the server snapshot across a year boundary (9.449166ms)
✔ local day remains stable from morning to evening; six-time migration preserves existing preferences (1.596027ms)
✔ legacy three-reminder profiles keep their evening time and gain six distinct reminders (0.253714ms)
✔ migration resolves default collisions only in missing slots and reserves later saved slots first (0.473517ms)
✔ every thinker passage links to a Gutenberg book whose text is kept in docs/quote-sources (12.021681ms)
✔ construction does no fetch/decode; current/upcoming preload reuses the current request (25.63408ms)
✔ Stop aborts loading and no late response starts a source (1.057601ms)
✔ Pause cancels original load; Resume retries current cue with a frozen slot and latest volume (0.883858ms)
✔ Pause→Stop discards current loading retry and Resume does not resurrect it (0.423962ms)
✔ new session cancels old load and only the new session owns audio (0.731258ms)
✔ active pause/resume continues the same cue offset without repeating its start or accepting stale end (1.130382ms)
✔ Replay replaces current source at offset zero and reuses decoded audio (0.452885ms)
✔ latest volume 0 wins after delayed clip loading and changes active gain (0.38334ms)
✔ latest volume 0.35 wins after delayed clip loading and changes active gain (0.353936ms)
✔ latest volume after deferred context resume and Stop/new cue protects pending resume (3.270452ms)
✔ expired loading budget and decoder duration mismatch never start audio (1.102239ms)
✔ missing bytes, bad checksum/source text and nonrunning device fail without invoking a provider (0.992443ms)
✔ verified persisted bytes permit offline replay in a new player; corrupt cached bytes are rejected (2.500316ms)
✔ a definitive recording failure cannot retry on Pause→Resume over a device fallback (0.310931ms)
✔ resumed load failure retains only bounded fallback metadata, never a resumable recording (0.471844ms)
✔ root hosting retains history paths, including direct reloads (0.883678ms)
✔ project hosting keeps every navigation on the same static document (0.286514ms)
✔ landing URLs and non-route fragments do not become unknown routes (0.126101ms)
✔ back/forward hash entries resolve to canonical route IDs (0.129987ms)
✔ icons and service worker URLs stay under their deployment base (0.295417ms)
✔ each person reads and writes only their own backup; anonymous visitors get nothing (1879.122149ms)
✔ an oversized backup is refused (1309.853101ms)
✔ cloud coach counters: people read only their own rows and cannot write or call the increment (1175.114224ms)
✔ the monthly increment stops exactly at the limit and a refund gives one back (1189.593826ms)
✔ a strict Content Security Policy ships with the page (1.072233ms)
✔ index.html has no inline scripts (the CSP forbids them) (0.213443ms)
✔ no raw HTML or eval sinks in the app code (12.698926ms)
✔ links that open a new tab cannot reach back into ODA (4.767468ms)
✔ no secret keys in the shipped code (13.430594ms)
✔ production builds carry no source maps (0.357912ms)
✔ service worker precaches only its project directory (16.3273ms)
✔ standalone support remains available offline without replacing the application shell (4.913019ms)
✔ activation preserves sibling apps and this version media cache (1.301811ms)
✔ notification defaults and legacy targets open the project hash route (2.155243ms)
✔ installed app metadata refreshes instead of retaining the cached identity (1.841088ms)
✔ installed app metadata remains available offline (0.938741ms)
✔ breath pacer runs at about 5.5 breaths a minute (0.737577ms)
✔ breathPhase: inhale first, then exhale, then repeats (0.721612ms)
✔ breathPhase is safe with odd input (0.119892ms)
✔ formatRemaining (0.168024ms)
✔ timer fades: a minute for sleep, short otherwise, never over half the timer (0.14533ms)
✔ arming a timer retains the independent three-second attack and actual stereo loop (104.539174ms)
✔ mute and volume respond immediately at the beginning of a timer fade (31.101528ms)
✔ mute and volume respond immediately at the middle of a timer fade (18.380949ms)
✔ mute and volume respond immediately at the end of a timer fade (18.558759ms)
✔ running fades can shorten but do not extend, and timer cancellation preserves user volume (59.106298ms)
✔ shortening a running fade with a delay cannot restore a louder envelope (73.445939ms)
✔ browsers without cancelAndHold retain the current level when shortening a fade (44.055922ms)
✔ track switches release the previous graph and repeated switches/stops bound resources (719.428873ms)
✔ stop/restart of a tone cancels its initial bowl and recurring callbacks (3.540861ms)
✔ natural bowl endings disconnect their tails while the current ambient drone continues (0.834183ms)
✔ Sound Room timer arming, pause/resume and expiry keep player state and start fade intact (223.516458ms)
✔ external restart of the same track clears the Sound Room countdown and timer selection (92.046951ms)
✔ public support is generated from the same localized help as the app (2.874602ms)
✔ each store locale links to the shipped public support artifact (0.217008ms)
✔ growth keeps an exact capped ledger through every stage boundary and beyond the canopy (7.076985ms)
✔ approved tree pixels and normalized roots match their independent asset manifest (8.65879ms)
✔ rendered paywall claims a free trial only for confirmed eligibility (69.373248ms)
✔ rendered failed offerings include an explicit retry action (9.773468ms)
✔ web paywall keeps free access and does not offer a purchase CTA (8.324353ms)
✔ unconfirmed identity shows truthful verification retry and disables buy and restore even with cached prices (7.32493ms)
✔ pending identity verification does not render a trial or an enabled restore action (4.388714ms)
✔ guided narration keeps original English text and voice with en UI (4.288923ms)
✔ guided narration keeps original English text and voice with tr UI (26.305076ms)
✔ guided narration keeps original English text and voice with es UI (46.385929ms)
✔ English inventory accepts language tags and rejects names or unrelated prefixes (1.065513ms)
✔ an explicitly selected English voice wins over a preferred device name (0.688001ms)
✔ guided speech truthfully reports unavailable with empty inventory (0.526787ms)
✔ guided speech truthfully reports unavailable with non-English inventory (0.329129ms)
✔ late English voice installation refreshes availability and unsubscribe removes listeners (0.652959ms)
✔ Notebook retains verbatim tr text, matching device voice and saved meditation preferences (0.847814ms)
✔ Notebook retains verbatim es text, matching device voice and saved meditation preferences (0.552517ms)
✔ Notebook preserves implicit device language when its voice list has not loaded (0.392044ms)
✔ unsupported device speech does not report available or queued playback (0.276669ms)
✔ empty or disabled cues leave the device queue empty (0.437683ms)
✔ nonzero device volume changes apply to the next utterance without pretending to change active speech (0.597234ms)
✔ zero device volume cancels the owned paused utterance and Resume cannot revive it (0.61432ms)
✔ Stop while device speech is paused lets a new session resume the device queue (0.439946ms)
✔ device cancel failures produce an honest false result (14.289916ms)
✔ device enqueue failures produce an honest false result (0.438754ms)
✔ new cues and Stop detach utterance handlers and ignore captured stale callbacks (0.653289ms)
✔ pause and resume keep the active browser cue, restore speaking state and reject replay while paused (0.386165ms)
✔ stop prevents a delayed provider failure from reviving an obsolete English device cue (1.251534ms)
✔ pause-resume prevents a delayed provider failure from reviving an obsolete English device cue (0.234745ms)
✔ new-cue prevents a delayed provider failure from reviving an obsolete English device cue (0.284991ms)
✔ current provider failure falls back to English device speech; a non-English inventory cannot substitute (0.572326ms)
✔ the optional recorder remains dormant until registration and receives identified current/upcoming cues (0.807733ms)
✔ registered recorder missing clip uses truthful English device fallback without a provider (0.497653ms)
✔ registered recorder overlong clip uses truthful English device fallback without a provider (0.248606ms)
✔ registered recorder wrong language uses truthful English device fallback without a provider (0.752309ms)
✔ registered recorder missing text hash uses truthful English device fallback without a provider (0.227304ms)
✔ registered recorder missing checksum uses truthful English device fallback without a provider (0.211751ms)
✔ registered recorder missing version uses truthful English device fallback without a provider (0.233534ms)
✔ registered recorder wrong cue identity uses truthful English device fallback without a provider (0.309689ms)
✔ registered recorder expired cue slot uses truthful English device fallback without a provider (0.341036ms)
✔ registered recorder unbounded cue slot uses truthful English device fallback without a provider (0.252061ms)
✔ a recorder hash/source verification failure falls back, and absent English speech reports unavailable (0.447357ms)
✔ new cues stop clips and stale recorded callbacks/failures cannot change current playback (0.433236ms)
✔ recorded pause invalidates pending start/fallback even after resume, and Stop invalidates callbacks (0.355839ms)
✔ current recorded load failure falls back to English and unregistering restores device narration (0.351232ms)
✔ synchronous recorded verification and playback errors truthfully queue English fallback (0.366946ms)
✔ a recorded request that already ended cannot later fall back and revive the cue (0.280465ms)
✔ actual playback mode stays loading until recorded start and reports English device fallback (0.410391ms)
✔ a resumed recording failure uses only installed English device speech and rejects stale resume fallback (0.477993ms)
✔ registered recorded volume receives current preference and live zero/nonzero changes (0.29744ms)
ℹ tests 471
ℹ suites 0
ℹ pass 471
ℹ fail 0
ℹ cancelled 0
ℹ skipped 0
ℹ todo 0
ℹ duration_ms 9770.094779
npm notice
npm notice New major version of npm available! 11.9.0 -> 12.2.0
npm notice Changelog: https://github.com/npm/cli/releases/tag/v12.2.0
npm notice To update run: npm install -g npm@12.2.0
npm notice

> oda-one-decision-away@1.0.0 build
> vite build

vite v6.4.3 building for production...
<script src="/one-decision-away/theme-init.js"> in "/index.html" can't be bundled without type="module" attribute
transforming...
✓ 3381 modules transformed.
rendering chunks...
[plugin vite:reporter] 
(!) /workspace/oda-native-settings-otp/src/services/cloudSync.ts is dynamically imported by /workspace/oda-native-settings-otp/src/main.tsx but also statically imported by /workspace/oda-native-settings-otp/src/components/BackupAndCloudSettings.tsx, /workspace/oda-native-settings-otp/src/components/BackupReminder.tsx, /workspace/oda-native-settings-otp/src/components/DailyNudgesSettings.tsx, /workspace/oda-native-settings-otp/src/pages/Account.tsx, /workspace/oda-native-settings-otp/src/pages/Coach.tsx, /workspace/oda-native-settings-otp/src/pages/Upgrade.tsx, /workspace/oda-native-settings-otp/src/services/cloudCoach.ts, /workspace/oda-native-settings-otp/src/services/courseProgress.ts, /workspace/oda-native-settings-otp/src/services/pushNotifications.ts, /workspace/oda-native-settings-otp/src/services/repository.ts, /workspace/oda-native-settings-otp/src/services/useCloudState.ts, /workspace/oda-native-settings-otp/src/store/useApp.tsx, dynamic import will not move module into another chunk.

computing gzip size...
dist/index.html                                                       3.43 kB │ gzip:     1.13 kB
dist/assets/hanken-grotesk-vietnamese-wght-normal-CHiFlh_0.woff2      9.32 kB
dist/assets/hanken-grotesk-latin-ext-wght-normal-Dg-wlmqe.woff2      19.59 kB
dist/assets/newsreader-vietnamese-opsz-normal-BjhtXyW2.woff2         27.25 kB
dist/assets/newsreader-vietnamese-opsz-italic-DTr-ymY4.woff2         27.90 kB
dist/assets/hanken-grotesk-latin-wght-normal-CaVRRdDk.woff2          34.70 kB
dist/assets/newsreader-latin-ext-opsz-normal-BQn1nviT.woff2          86.61 kB
dist/assets/newsreader-latin-ext-opsz-italic-CSPGnFdO.woff2          95.54 kB
dist/assets/newsreader-latin-opsz-normal-s-izfB6B.woff2             132.00 kB
dist/assets/newsreader-latin-opsz-italic-kJKFiXvB.woff2             146.87 kB
dist/assets/aiCoach.worker-C60CQ1Xm.js                            6,039.34 kB
dist/assets/Today-D76Bu5Fr.css                                        4.80 kB │ gzip:     1.29 kB
dist/assets/SoundRoom-CqaeVc25.css                                   10.94 kB │ gzip:     2.71 kB
dist/assets/Courses-dAxxx90S.css                                     26.09 kB │ gzip:     4.85 kB
dist/assets/index-D6Ptr9gO.css                                      108.09 kB │ gzip:    22.67 kB
dist/assets/de-FmFgRqLi.js                                            0.03 kB │ gzip:     0.05 kB
dist/assets/fr-FmFgRqLi.js                                            0.03 kB │ gzip:     0.05 kB
dist/assets/it-FmFgRqLi.js                                            0.03 kB │ gzip:     0.05 kB
dist/assets/ru-FmFgRqLi.js                                            0.03 kB │ gzip:     0.05 kB
dist/assets/web-CmBRRw4t.js                                           0.18 kB │ gzip:     0.16 kB
dist/assets/useCloudState-DzOHTlNt.js                                 0.20 kB │ gzip:     0.18 kB
dist/assets/chevron-right-BFIVQdm8.js                                 0.30 kB │ gzip:     0.25 kB
dist/assets/square-cGN5h_4m.js                                        0.32 kB │ gzip:     0.26 kB
dist/assets/arrow-up-right-BvFbDfKb.js                                0.34 kB │ gzip:     0.27 kB
dist/assets/search-vPIqbP4m.js                                        0.35 kB │ gzip:     0.28 kB
dist/assets/circle-check-DVS7MlEO.js                                  0.35 kB │ gzip:     0.28 kB
dist/assets/user-round-B3_P__st.js                                    0.36 kB │ gzip:     0.28 kB
dist/assets/rotate-ccw-Du7AUL0L.js                                    0.37 kB │ gzip:     0.29 kB
dist/assets/index-DpHRku1a.js                                         0.38 kB │ gzip:     0.27 kB
dist/assets/mail-DREZtXZs.js                                          0.39 kB │ gzip:     0.31 kB
dist/assets/moon-DkiAzpz5.js                                          0.39 kB │ gzip:     0.31 kB
dist/assets/headphones-DyYX6O1s.js                                    0.41 kB │ gzip:     0.29 kB
dist/assets/timer-BllfW8TB.js                                         0.41 kB │ gzip:     0.29 kB
dist/assets/wind-Cc2Xauiv.js                                          0.42 kB │ gzip:     0.30 kB
dist/assets/archive-DEQDJRIr.js                                       0.43 kB │ gzip:     0.31 kB
dist/assets/route-C5m8qLf_.js                                         0.43 kB │ gzip:     0.31 kB
dist/assets/lock-keyhole-SjTFBaWV.js                                  0.43 kB │ gzip:     0.33 kB
dist/assets/index-CfXwYVqP.js                                         0.45 kB │ gzip:     0.28 kB
dist/assets/pencil-D1GrRdkg.js                                        0.45 kB │ gzip:     0.33 kB
dist/assets/pen-line-BGCrgZBF.js                                      0.45 kB │ gzip:     0.33 kB
dist/assets/index-Ck0oEKec.js                                         0.48 kB │ gzip:     0.29 kB
dist/assets/refresh-cw-D6AsRxTB.js                                    0.50 kB │ gzip:     0.33 kB
dist/assets/trash-2-ImQAgZLC.js                                       0.50 kB │ gzip:     0.32 kB
dist/assets/Focus-C9QWJQMn.js                                         0.53 kB │ gzip:     0.34 kB
dist/assets/share-2-v7rV98Vm.js                                       0.53 kB │ gzip:     0.34 kB
dist/assets/shuffle-D_c6mhig.js                                       0.56 kB │ gzip:     0.35 kB
dist/assets/sun-moon-DDWrQ3Ce.js                                      0.57 kB │ gzip:     0.38 kB
dist/assets/waves-BxWR-ZuW.js                                         0.60 kB │ gzip:     0.32 kB
dist/assets/sparkles-D7VI2BKo.js                                      0.67 kB │ gzip:     0.39 kB
dist/assets/calendar-days-DZTBqPEd.js                                 0.67 kB │ gzip:     0.37 kB
dist/assets/index-BzxSHoED.js                                         0.67 kB │ gzip:     0.42 kB
dist/assets/trending-up-ClTwdNrI.js                                   0.69 kB │ gzip:     0.34 kB
dist/assets/index-BhIFSOtn.js                                         0.72 kB │ gzip:     0.41 kB
dist/assets/music-BY6hhac2.js                                         0.75 kB │ gzip:     0.39 kB
dist/assets/purchaseIdentityBinding-tFcjnp2u.js                       0.78 kB │ gzip:     0.34 kB
dist/assets/web-BsDINPou.js                                           0.90 kB │ gzip:     0.43 kB
dist/assets/web-BQ6p-PIQ.js                                           1.06 kB │ gzip:     0.52 kB
dist/assets/courseEntryCopy-ClIZWujk.js                               1.35 kB │ gzip:     0.72 kB
dist/assets/Legal-BHrKHoJR.js                                         2.00 kB │ gzip:     0.91 kB
dist/assets/growth-CtfcX3mW.js                                        2.07 kB │ gzip:     0.92 kB
dist/assets/account-DmG5JhdQ.js                                       2.95 kB │ gzip:     1.37 kB
dist/assets/Support-B9OcQCEQ.js                                       3.54 kB │ gzip:     1.26 kB
dist/assets/Seasons-57yNIW_f.js                                       3.65 kB │ gzip:     1.29 kB
dist/assets/rewards-Bk44jq6F.js                                       4.17 kB │ gzip:     1.81 kB
dist/assets/Budget-Bnt8EI9q.js                                        4.45 kB │ gzip:     1.70 kB
dist/assets/web-BDkh37-0.js                                           4.65 kB │ gzip:     1.40 kB
dist/assets/Evidence-D7SBxLpn.js                                      5.45 kB │ gzip:     2.00 kB
dist/assets/Tools-C6D8kM6v.js                                         5.60 kB │ gzip:     2.18 kB
dist/assets/Missions-DDQgCe9i.js                                      5.65 kB │ gzip:     2.05 kB
dist/assets/LifeScore-eQ-LrQJK.js                                     5.72 kB │ gzip:     1.92 kB
dist/assets/Bridge-BlC_MRej.js                                        6.53 kB │ gzip:     1.96 kB
dist/assets/FutureSelf-BOfwN9JV.js                                    6.86 kB │ gzip:     1.94 kB
dist/assets/MissionFlows-Bq8kzOJb.js                                  8.10 kB │ gzip:     2.50 kB
dist/assets/index-BUhyCCbF.js                                         8.72 kB │ gzip:     3.31 kB
dist/assets/web-KPvM1geZ.js                                          10.19 kB │ gzip:     2.10 kB
dist/assets/purchases-lG7vip90.js                                    10.50 kB │ gzip:     3.48 kB
dist/assets/PublicTwoFutures-Cm0UsYaQ.js                             11.24 kB │ gzip:     3.71 kB
dist/assets/Account-CTqA8JX4.js                                      11.66 kB │ gzip:     3.58 kB
dist/assets/support-Cv1B0PgE.js                                      11.79 kB │ gzip:     4.95 kB
dist/assets/DreamArt-Q_a_FxAN.js                                     12.84 kB │ gzip:     2.50 kB
dist/assets/FocusTimerHub-BSgkaBk0.js                                14.88 kB │ gzip:     4.25 kB
dist/assets/Me-BxcMpiKy.js                                           16.31 kB │ gzip:     5.70 kB
dist/assets/Upgrade-CICxfiYW.js                                      19.68 kB │ gzip:     6.40 kB
dist/assets/TwoFutures-DZXfPSX5.js                                   19.69 kB │ gzip:     5.43 kB
dist/assets/SoundRoom-BUyZtzGt.js                                    20.30 kB │ gzip:     7.74 kB
dist/assets/media-2mgEiOLR.js                                        23.75 kB │ gzip:     9.29 kB
dist/assets/Bank-B4bHztgf.js                                         29.78 kB │ gzip:     8.21 kB
dist/assets/Settings-COO6fiq3.js                                     41.17 kB │ gzip:    12.87 kB
dist/assets/Coach-DT7uP2va.js                                        48.50 kB │ gzip:    15.86 kB
dist/assets/Notebook-DYnSbP85.js                                     48.78 kB │ gzip:    14.17 kB
dist/assets/Dreams-Ck6ijIzt.js                                       53.11 kB │ gzip:    14.99 kB
dist/assets/DailyMicroHabits-QvDqrpta.js                             56.82 kB │ gzip:    14.79 kB
dist/assets/Progress-D_7x1VeO.js                                     75.84 kB │ gzip:    18.19 kB
dist/assets/Courses-BOqg2Gw8.js                                     118.04 kB │ gzip:    38.00 kB
dist/assets/motion-HNvQpnN_.js                                      128.88 kB │ gzip:    42.38 kB
dist/assets/Today-CUMvpiHw.js                                       140.16 kB │ gzip:    43.47 kB
dist/assets/supabase--wUpN4Ei.js                                    228.14 kB │ gzip:    59.28 kB
dist/assets/react-5GCfeWye.js                                       229.42 kB │ gzip:    71.53 kB
dist/assets/genai-DNIGCYRr.js                                       409.93 kB │ gzip:    72.77 kB
dist/assets/charts-Bzd-XkHo.js                                      431.58 kB │ gzip:   124.87 kB
dist/assets/tr-Bxmf0hre.js                                          561.31 kB │ gzip:   219.30 kB
dist/assets/es-D_dh5elY.js                                          573.76 kB │ gzip:   217.65 kB
dist/assets/index-DEVuX0yq.js                                       935.41 kB │ gzip:   304.76 kB
dist/assets/courses-CKtnra3s.js                                   2,510.75 kB │ gzip:   813.28 kB
dist/assets/index-BMm9S-UO.js                                     5,959.05 kB │ gzip: 2,123.39 kB

(!) Some chunks are larger than 700 kB after minification. Consider:
- Using dynamic import() to code-split the application
- Use build.rollupOptions.output.manualChunks to improve chunking: https://rollupjs.org/configuration-options/#output-manualchunks
- Adjust chunk size limit for this warning via build.chunkSizeWarningLimit.
✓ built in 9.82s
npm notice
npm notice New major version of npm available! 11.9.0 -> 12.2.0
npm notice Changelog: https://github.com/npm/cli/releases/tag/v12.2.0
npm notice To update run: npm install -g npm@12.2.0
npm notice
npm notice
npm notice New major version of npm available! 11.9.0 -> 12.2.0
npm notice Changelog: https://github.com/npm/cli/releases/tag/v12.2.0
npm notice To update run: npm install -g npm@12.2.0
npm notice
