
> oda-one-decision-away@1.0.0 check
> npm run lint && node scripts/validate-i18n.mjs && node --import tsx scripts/test-i18n.ts && node --import tsx scripts/test-notebook.ts && node --import tsx scripts/test-notebook-voice.ts && node --import tsx scripts/test-routing.ts && npm test && npm run build


> oda-one-decision-away@1.0.0 lint
> tsc --noEmit

npm notice
npm notice New major version of npm available! 11.9.0 -> 12.2.0
npm notice Changelog: https://github.com/npm/cli/releases/tag/v12.2.0
npm notice To update run: npm install -g npm@12.2.0
npm notice
tr: 6823 entries; missing keys 0; placeholder differences 0
es: 6823 entries; missing keys 0; placeholder differences 0
English-first startup, saved choices, EN/TR/ES switching, fallback and repeated placeholders passed.
✔ old backups normalize without copying or losing any legacy Dream Journal field (1.991215ms)
✔ new writing of every kind including affirmation earns 25 once; intention alone does not (2.350458ms)
✔ edit, no-op, delete and recreate preserve immutable once-per-day reward claims (0.758448ms)
✔ local writing day and existing UTC reward ceiling are separate and cap-safe (0.371603ms)
✔ 369 only counts matching written intentions, allows partial saves and retains archived histories (1.586462ms)
✔ 369 derives a real 33-day streak and preserves the achieved target after a gap (1.432739ms)
✔ 369 matches Turkish dotted/dotless uppercase pairs without stripping meaningful accents (0.378183ms)
✔ calendar streaks use local days across DST, not elapsed 24-hour periods (0.763686ms)
✔ validation rejects blank entries, future dates, past creation and excess slots without altering input (0.476191ms)
✔ legacy edits preserve photos, links and original date; unified JSON roundtrip is lossless (6.917974ms)
✔ real repository serializes concurrent writes, protects from stale saves, and honors explicit restore (10.645167ms)
✔ stale whole-document saves do not resurrect deleted legacy entries or lose new ones (1.822449ms)
✔ Notebook rebases after a delayed load against a concurrent profile and ledger save (1.011541ms)
✔ concurrent mission and Notebook reward evaluation share the same 2500 ceiling (7.656733ms)
✔ failed storage saves reject, do not push cloud or claim rewards, and queue recovers (1.56503ms)
✔ unreadable saved JSON is preserved, never silently replaced with seed data (0.278832ms)
✔ explicit local restore blocks older cloud data across failed uploads and is account/project scoped (2.012106ms)
✔ an old in-flight cloud upload cannot overwrite a newer restored snapshot or clear its marker (1.728006ms)
✔ a signed-out import binds to the first later connection and stays isolated from other accounts (1.427651ms)
ℹ tests 19
ℹ suites 0
ℹ pass 19
ℹ fail 0
ℹ cancelled 0
ℹ skipped 0
ℹ todo 0
ℹ duration_ms 64.711433
Notebook voice uses device speech only, preserves preferences and handles unavailable speech.
✔ root hosting retains history paths, including direct reloads (0.910128ms)
✔ project hosting keeps every navigation on the same static document (0.282127ms)
✔ landing URLs and non-route fragments do not become unknown routes (0.118249ms)
✔ back/forward hash entries resolve to canonical route IDs (0.110046ms)
✔ icons and service worker URLs stay under their deployment base (0.144018ms)
✔ service worker precaches only its project directory (17.471843ms)
✔ standalone support remains available offline without replacing the application shell (5.216117ms)
✔ activation preserves sibling apps and this version media cache (1.365929ms)
✔ notification defaults and legacy targets open the project hash route (1.086946ms)
✔ installed app metadata refreshes instead of retaining the cached identity (2.003954ms)
✔ installed app metadata remains available offline (1.0963ms)
ℹ tests 11
ℹ suites 0
ℹ pass 11
ℹ fail 0
ℹ cancelled 0
ℹ skipped 0
ℹ todo 0
ℹ duration_ms 45.088373

> oda-one-decision-away@1.0.0 test
> node --import tsx --test tests/*.test.ts supabase/functions/send-nudges/core.test.ts supabase/functions/send-nudges/push-worker.test.ts

✔ 600 scheduled selections are unique across 100 local calendar days and repeat only in the next cycle (2.084546ms)
✔ calendar-day index is independent of server timezone, DST boundaries and midnight UTC (0.299313ms)
✔ sender blocks private-network endpoints, embedded credentials, lookalike hosts and unexpected ports (0.288937ms)
✔ payload identifies adaptation/translation and routes stay valid for root and project hosting (1.102279ms)
✔ cron authenticator requires a substantial matching secret (8.31564ms)
✔ push event displays the real server payload without an open client (2.679106ms)
✔ unexpected push fields cannot become arbitrary notification options (1.080957ms)
✔ does not load a runtime before explicit initialization and blocks unsupported devices (2.533575ms)
✔ context retains the latest user turn, merges interrupted turns, and ignores injected roles (0.744087ms)
✔ streams accumulated visible content and disables reasoning output (2.325221ms)
✔ aborting initialization disposes the downloading runtime and allows retry (5.884499ms)
[ODA Coach] Generation failed: Error: GPU device lost: out of memory
    at Object.generate (/workspace/oda-native-settings-otp/tests/ai-coach.test.ts:117:35)
    at <anonymous> (/workspace/oda-native-settings-otp/src/services/aiCoach.ts:256:68)
    at Object.stream (/workspace/oda-native-settings-otp/src/services/aiCoach.ts:300:5)
    at TestContext.<anonymous> (/workspace/oda-native-settings-otp/tests/ai-coach.test.ts:122:30)
    at async Test.run (node:internal/test_runner/test:1389:7)
    at async Test.processPendingSubtests (node:internal/test_runner/test:960:7)
✔ cancellation drains generation, suppresses late text, and releases the next request (4.721849ms)
✔ generation failures are actionable, never become a canned coach reply, and require restart (4.404929ms)
✔ unload cancels an active operation, releases memory and supports a fresh initialization (0.872661ms)
✔ ambient renders are long independent stereo textures with finite bounded levels (183.02323ms)
✔ scene identities differ in spectrum and amplitude dynamics (39.864775ms)
✔ loop overlaps join continuous adjacent noise without a boundary spike (49.10872ms)
✔ seeds reproduce review samples and produce a new texture when changed (138.758514ms)
✔ one Sound Room track keeps one title across categories, including intentional noise reuse (0.373435ms)
✔ fresh startup seeds and absent records do not prompt for a backup (1.674555ms)
✔ empty notebook, lesson, experiment and weekly-review shells are not saved personal work (0.782635ms)
✔ the first saved journal, scripting or future letter qualifies without three older records (1.773215ms)
✔ a saved intention, gratitude note or affirmation qualifies before any decision completion (0.710996ms)
✔ an interrupted first lesson answer of zero, practice checkbox or reflection qualifies (0.582391ms)
✔ the first course plan, paused attempt or saved review qualifies independently of lesson completion (0.553237ms)
✔ one saved weekly review with no kept decisions qualifies (0.198671ms)
✔ one completion, kept decision, vision choice or dream-journal entry preserves existing eligibility (0.609272ms)
✔ a valid downloaded backup suppresses until the exact fourteen-day boundary (0.674451ms)
✔ invalid, absent and future export or cloud timestamps never suppress protection (0.496662ms)
✔ freshness compares actual ISO instants and accepts leap days without calendar normalization (0.128234ms)
✔ only configured, signed-in, recent scoped cloud success with no error suppresses the reminder (0.321567ms)
✔ a recent export still protects work when cloud sync fails, and session dismissal remains respected (0.245792ms)
✔ eligibility does not alter saved work or cloud status, and all three locales explain protection without promising sync (0.422289ms)
✔ restore safety: weekly review text cannot be an object (3.621543ms)
✔ restore safety: life score records need sortable timestamps (0.897369ms)
✔ restore safety: bridge records need their rendered amounts (0.702865ms)
✔ restore safety: a pinned dream name cannot be a React object child (2.159279ms)
✔ legacy course storage migrates into the personal record without changing other data (6.028958ms)
✔ course edits, completion, experiment plans and logs roundtrip through JSON backup (3.719392ms)
✔ a stale save from another feature retains newer lesson notes and practice logs (2.251288ms)
✔ a legacy backup keeps local courses; an explicit empty course backup clears them (2.462889ms)
✔ validation rejects malformed personal, notebook and course data before any storage write (4.768159ms)
✔ quota failures keep the entire previous record and legacy key intact, and a retry succeeds (1.414972ms)
✔ unreadable main data is never replaced by a course-only save (0.50167ms)
✔ lesson edits and re-completion retain the real-world experiment history (0.417682ms)
✔ course mutations wait for the shared write lock and rebase onto a concurrent notebook commit (0.918911ms)
✔ ledger and notebook rewards retain one UTC ceiling when the local decision day differs (15.994896ms)
✔ cloud upload captures current courses and invalid cloud backups leave local storage untouched (1.740905ms)
✔ cloud previews do not change last-sync or local data until the reviewed record is committed (1.570608ms)
✔ Bank chart keeps UTC ledger Today and date labels aligned at New York evening (33.3558ms)
✔ Bank seven-day earnings window is Sep 25 through Oct 1 for the UTC ledger day (3.365065ms)
✔ Savings includes the first displayed UTC day in net and pace, excluding opening history (5.950048ms)
✔ Savings net includes mixed first-day credits, spending and the current UTC day (3.291583ms)
✔ Bank chart formats ledger dates in selected tr UI locale (78.823588ms)
✔ Bank chart formats ledger dates in selected es UI locale (79.731863ms)
✔ a welcome grant preserves the balance and supplies zero practice evidence (1.458067ms)
✔ mixed financial deposits cannot inflate distinct kept days or completed decisions (6.526081ms)
✔ practice week follows local calendar boundaries and repeated days count once (0.208306ms)
✔ reward labels distinguish symbolic unlocking from actual D$ pace estimates in every locale (0.34991ms)
✔ client and server agree on the message limits (0.689023ms)
✔ the request keeps the last 12 messages, trims each to 1500 characters and drops empty ones (0.300004ms)
✔ context is sent only when there is something to send, and is trimmed (0.164679ms)
✔ responses map to a result or a typed error (0.789626ms)
✔ the shared context holds only today, the last kept decisions and short journal lines (6.889781ms)
✔ a pending cloud SELECT cannot replace data after account switch (2.637262ms)
✔ a pending cloud SELECT cannot replace data after project switch (0.417602ms)
✔ a pending cloud SELECT cannot replace data after logout and reauthentication as the same account (0.63381ms)
✔ a pending cloud SELECT cannot replace data after an explicit local import barrier (0.729724ms)
✔ a pending cloud SELECT cannot replace data after newer saved personal writing (0.604064ms)
✔ a reviewed cloud restore is checked inside the write lock after account switch (2.666267ms)
✔ a reviewed cloud restore is checked inside the write lock after project switch (0.681572ms)
✔ a reviewed cloud restore is checked inside the write lock after logout and reauthentication as the same account (0.714803ms)
✔ a reviewed cloud restore is checked inside the write lock after an explicit local import barrier (1.580403ms)
✔ a reviewed cloud restore is checked inside the write lock after newer saved personal writing (0.776255ms)
✔ an unchanged reviewed cloud record commits once and records its scoped sync (1.248851ms)
✔ manual sync cannot fall back to uploading a captured previous-account snapshot (0.36347ms)
✔ a delayed automatic backup remains bound to its original account (0.344932ms)
✔ an old upload success cannot mark or emit the new cloud scope (0.738498ms)
✔ an old upload failure cannot mark or emit the new cloud scope (0.365594ms)
✔ levels and monthly limits match the plan (1.206346ms)
✔ the highest active RevenueCat entitlement wins; expired ones do not count (0.40293ms)
✔ the tier cache is fresh for ten minutes (0.161986ms)
✔ requests are validated, trimmed and may be empty for a status check (0.412485ms)
✔ crisis words in English, Turkish and Spanish are caught; everyday worry is not (3.041875ms)
✔ the prompt sets the persona, safety rules and reply language; context reaches only the coach level (0.298872ms)
✔ the function keeps secrets and message text out of code and logs (0.371813ms)
✔ no AI provider secret is referenced from the app bundle code (31.594324ms)
✔ lightweight course previews and restore metadata match each real edition (2.273902ms)
✔ English editions keep every course and lesson ID of the Turkish edition (1.457817ms)
✔ every English lesson goes deeper and tells an example story (4.965217ms)
✔ every course and lesson has a real, distinct photo with alt text (0.516642ms)
✔ technique cards name their origin, give doable steps and say honestly what the evidence supports (0.799951ms)
✔ every course states its purpose, scope and outcome, with usable lesson durations (0.35683ms)
✔ the bibliography distinguishes research from guidance and includes usable HTTPS references and limitations (1.087647ms)
✔ every lesson cites existing sources and every advertised research source is used (0.413826ms)
✔ each lesson has two reading paragraphs, three distinct practice instructions and reflection support (4.013907ms)
✔ each lesson offers three distinct answers, one valid correct index and explanatory feedback (1.071222ms)
✔ every lesson has one visual; charts quote a source the lesson cites (0.598406ms)
✔ Spanish editions mirror the English structure (7.14038ms)
✔ Spanish source ids are unique (0.281857ms)
✔ stable course IDs keep their ordered lesson IDs for stored progress (0.988807ms)
✔ every course and lesson has a real, distinct photo with Turkish alt text (1.225886ms)
✔ technique cards name their origin, give doable steps and say honestly what the evidence supports (0.920493ms)
✔ every course states its purpose, scope and outcome, with usable lesson durations (0.869035ms)
✔ the bibliography distinguishes research from guidance and includes usable HTTPS references and limitations (1.240067ms)
✔ every lesson cites existing sources and every advertised research source is used (0.468339ms)
✔ each lesson has two reading paragraphs, three distinct practice instructions and reflection support (3.881797ms)
✔ each lesson offers three distinct answers, one valid correct index and explanatory feedback (1.32771ms)
✔ every lesson has one visual; charts quote a source the lesson cites (0.616974ms)
✔ every untouched course previews its real edition without creating saved learning (3.222098ms)
✔ a saved tick, answer zero, reflection or completion constitutes learning, unlike a blank record (2.56917ms)
✔ saved progress resumes each of the 103 actual lessons across all three editions and Today agrees (33.881331ms)
✔ a later draft cannot skip unfinished prerequisite lessons (0.35632ms)
✔ workbook-only plans stay available for review without inventing lesson progress (0.661822ms)
✔ ordinary saves retain an explicit view while account and same-account backup replacement invalidate it (0.172071ms)
✔ course entry instructions have matching localized keys and keep the actual lesson-number placeholder (0.419886ms)
✔ all 18 courses have distinct, actionable guides in every supported language (1.465108ms)
✔ studio is optional and initially collapsed; completed courses open their transfer practice (35.763195ms)
✔ new plans preserve optionality and keep an independent copy of private fields (0.652739ms)
✔ untrusted backup data cannot introduce unknown courses, malformed dates, duplicate entries, or oversized notes (0.815474ms)
✔ retrying the same journal entry is idempotent; paused and adapted entries retain honest observations (0.390251ms)
✔ journal keeps the most recent bounded entries and does not mutate input during normalization (0.486997ms)
✔ calendar validation handles leap days, impossible dates, and week/month/year transitions (0.203268ms)
✔ due review needs a usable plan; completing review sets a fresh revisit without losing reflection (0.197459ms)
✔ course progress saves and completed lessons keep the plan, journal, and review after an interrupted round trip (0.956969ms)
✔ a practice plan cannot unlock lessons or manufacture completion (0.266454ms)
✔ a localized portable artifact retains ordinary private text without embedding executable HTML (0.234204ms)
✔ rapid edits remain visible and are replayed in order under serialized persistence (8.251552ms)
✔ failed drafts survive later edits and a retry rebases them over unrelated saved work (0.508089ms)
✔ same-tab save notifications retain newer input while an earlier batch is committing (6.444597ms)
✔ unexpected persistence exceptions preserve private work and allow a later successful save (0.299072ms)
✔ retry clicked while a failed write is settling starts a fresh persistence attempt (0.354106ms)
✔ malformed and unsupported records recover to separate empty states (1.472168ms)
✔ unknown IDs and properties are discarded; checklists are resized with strict booleans (0.44899ms)
✔ negative, fractional, nonnumeric and out-of-range answers do not satisfy a lesson (0.592928ms)
✔ notes are bounded while their newlines and ordinary content survive (0.157809ms)
✔ tampered completion cannot bypass the exercise, answer or preceding lessons (0.223398ms)
✔ valid completed prefixes survive independently for different courses (0.23741ms)
✔ draft updates are immutable and cannot mark a lesson complete (0.226363ms)
✔ completion follows the real course in order and is idempotent (1.176851ms)
✔ editing a completed prerequisite revalidates later lessons without losing drafts (0.318442ms)
✔ caller-supplied lesson and course objects cannot change the answer or bypass a course (0.266884ms)
✔ saving and reloading preserve a completed lesson and an unfinished draft (1.676818ms)
✔ blocked storage and quota failures are reported without throwing (0.628792ms)
✔ a decision kept today takes priority over array order and an older active carry-over (1.806805ms)
✔ a newly chosen decision after a kept one remains actionable today (0.159701ms)
✔ yesterday’s completion, archived decisions, invalid timestamps and future plans never masquerade as today (0.223438ms)
✔ daily decisions use the local calendar around UTC midnight in both timezone directions (0.419075ms)
✔ a missed weekly review remains available on Wednesday and follows local Sunday boundaries (0.169847ms)
✔ weekly evidence counts actual distinct days and bounds entries to the reviewed calendar week (6.733174ms)
✔ an unfinished decision can be reviewed without inventing completed progress (0.208886ms)
✔ saving and editing a daily reflection preserves other pages, rewards once, and survives JSON backup replacement (1.083901ms)
✔ course continuation resumes selected work before the suggested course and advances to the actual incomplete lesson (0.421378ms)
✔ course continuation recognizes an interrupted first answer of zero and never offers an already completed course (0.385323ms)
✔ daily loop copy has explicit matching nonempty English, Turkish and Spanish strings (0.233814ms)
✔ concurrent retries of a kept daily decision record evidence and reward exactly once (17.737594ms)
✔ deep backup safety: reject unparseable notebook day before replacing any storage (5.95142ms)
✔ deep backup safety: reject impossible calendar day before replacing any storage (1.094767ms)
✔ deep backup safety: reject object mood rendered in journal before replacing any storage (0.987455ms)
✔ deep backup safety: reject object prompt assigned to editor before replacing any storage (0.771318ms)
✔ deep backup safety: reject unknown kind hidden by every writing surface before replacing any storage (0.915566ms)
✔ deep backup safety: reject unparseable gratitude day before replacing any storage (0.729585ms)
✔ deep backup safety: reject invalid writing activity day before replacing any storage (0.703675ms)
✔ deep backup safety: reject invalid ledger day before replacing any storage (0.632578ms)
✔ deep backup safety: reject object activity transaction reference before replacing any storage (0.690786ms)
✔ deep backup safety: reject invalid 369 start day before replacing any storage (0.879832ms)
✔ deep backup safety: reject invalid 369 history day before replacing any storage (0.694352ms)
✔ deep backup safety: reject object archive marker hiding a practice before replacing any storage (0.573228ms)
✔ deep backup safety: reject object 369 day timestamp before replacing any storage (0.603724ms)
✔ deep backup safety: reject dream instant producing an invalid display day before replacing any storage (0.5085ms)
✔ deep backup safety: reject invalid course attempt day silently dropping a note before replacing any storage (0.796056ms)
✔ deep backup safety: reject invalid course review due date before replacing any storage (0.618327ms)
✔ deep backup safety: reject invalid course review completion date before replacing any storage (0.645267ms)
✔ deep backup safety: legitimate exported writing, legacy moods, and leap days roundtrip and render (37.673327ms)
✔ deep backup safety: legacy backups without a notebook retain dream fields and local courses (0.457603ms)
✔ an earlier account sync timestamp cannot hide another account cloud record (4.021618ms)
✔ a legacy unscoped timestamp is not proof that this account is synchronized (0.693601ms)
✔ an account deletion response cannot sign out a later signed-in account (0.93755ms)
✔ an account deletion response cannot clear a new project connection (0.271882ms)
✔ a late cloud coach reply cannot be accepted in another account scope (18.123578ms)
✔ account deletion cannot start with another account after awaiting the client (0.361998ms)
✔ cloud coach context consent is isolated between accounts and projects (0.282578ms)
✔ a token refresh keeps the current account coach request valid (0.736865ms)
✔ a project change while reading a coach response also expires its content (0.393345ms)
✔ stopping the coach cancels a response body still being downloaded (0.440217ms)
✔ a queued backup cannot upload a local document rolled back while it waited (0.83875ms)
✔ the latest queued backup still uploads after a preceding slower backup (0.69349ms)
✔ returning to an earlier account cannot reuse its timestamp for another account local record (5.75989ms)
✔ a replaced dataset cannot inherit this account historical synchronization proof (1.872926ms)
✔ an owner-metadata quota failure cannot advertise a newer synchronized local record (1.516406ms)
✔ every localized course can complete and carry its notes into the other editions (23.330953ms)
✔ practice calendar keeps the local day across UTC midnight and daylight-saving weeks (0.668382ms)
✔ a transient personal-record read failure cannot replace already saved course work with an empty fallback (3.216831ms)
✔ a blocked-save session retains private edits and warning after its only view unmounts, then retries successfully (0.694382ms)
✔ explicit replacement cancels a queued old draft while allowing new edits to save after the lock releases (0.879361ms)
✔ a transient legacy-course read failure cannot overwrite the previous separate course record (0.556072ms)
✔ a different tab replacement discards old private draft before replay even when its storage event has not arrived (2.482598ms)
✔ other-tab provisional replacement notifications wait for rollback before inspecting epochs or discarding private drafts (1.61176ms)
✔ same-tab course publication runs under the lock before another tab can project a provisional replacement (0.761022ms)
✔ purchases and payments committed within one clock tick keep distinct identities (5.477573ms)
✔ habit completion dates agree with the local Today calendar on either side of UTC midnight (1.225135ms)
✔ habit yesterday and streaks count actual calendar dates through both DST changes (0.294046ms)
✔ habits roll over at local midnight and keep the previous local day history (1.355102ms)
✔ rollover fallback converts the last-opened instant to its local day (0.242657ms)
✔ date-only values display their saved day while timestamps retain instant conversion (12.441917ms)
✔ calendar formatting rejects normalized impossible days and keeps invalid values readable (0.288096ms)
✔ habit reward identity survives undo, reload and UTC midnight without paying the same local day twice (0.31698ms)
✔ local midnight cannot earn the same habit twice in the UTC reward day (0.126622ms)
✔ habit and check-in rewards share the notebook UTC ceiling, including partial and exhausted budgets (0.193182ms)
✔ a profile save captured before a decision completion retains the kept decision and its evidence (17.593196ms)
✔ concurrent purchases retain both dreams and both payments (2.881973ms)
✔ concurrent purchase checks reject a second claim for the same dream (1.930202ms)
✔ concurrent purchases check affordability against the payment that committed first (2.249857ms)
✔ concurrent savings additions retain both amounts and log entries (3.683567ms)
✔ disjoint profile changes from the same baseline both survive (1.392177ms)
✔ conflicting edits to the same profile field reject before any write and notify the UI (1.678211ms)
✔ an intentional mission deletion and reorder survive a disjoint newer settings save (1.130431ms)
✔ concurrent edits to the mission array reject rather than inventing a merged list (1.04336ms)
✔ even an identical explicit restore invalidates snapshots that were captured before it (2.716033ms)
✔ a profile write queued behind a restore cannot resurrect pre-restore writing (2.026868ms)
✔ legacy records missing transactions can merge a settings edit after a course-only write (0.743145ms)
✔ clearing and recreating the personal record invalidates earlier editable snapshots (1.033344ms)
✔ deleting imported own magic keys while another nested field changes never revives them (0.965051ms)
✔ mission evidence, generated bridges and savings logs keep unique IDs in a single clock tick (3.732791ms)
✔ all 160 shipped English cue identities/text hashes match the 11 runtime sessions (2.439423ms)
✔ every public MP3 byte count/checksum matches delivered metadata and no model/runtime is shipped (26.750836ms)
✔ all shipped decoded/container durations fit the original cue windows with at least250ms margin (2.701961ms)
✔ service worker leaves narration to the verified on-demand cache and does not precache MP3s (0.492566ms)
✔ levels are ordered free < essentials < pro < coach (1.422584ms)
✔ coach message allowances follow the product spec (0.214765ms)
✔ essential courses exist, and Turning Day is not one of them (it is free for all) (0.305252ms)
✔ nothing is locked where subscriptions cannot be bought (web), at any level (0.354376ms)
✔ free level: Turning Day in full, first lessons of the rest, first sounds of each category (0.221956ms)
✔ essentials opens the six core courses and the whole Sound Room, not the rest (0.280665ms)
✔ pro and coach open every lesson and sound (0.323881ms)
✔ six products: two per paid level, ids match the App Store spec (0.473507ms)
✔ RevenueCat entitlements resolve to the highest active level (0.493157ms)
✔ annual saving is computed from real prices only (0.231149ms)
✔ Stop cancels a cue still waiting for synthesis without starting audio (2.336948ms)
✔ deferred synthesis starts at the latest requested volume 0 (0.566278ms)
✔ deferred audio resume starts at the latest requested volume 0 (1.367601ms)
✔ deferred Settings preview preserves requested volume 0 (0.527679ms)
✔ deferred synthesis starts at the latest requested volume 0.35 (0.672268ms)
✔ deferred audio resume starts at the latest requested volume 0.35 (0.735895ms)
✔ deferred Settings preview preserves requested volume 0.35 (0.347225ms)
✔ a volume change during loading preserves stop protection (0.373626ms)
✔ a volume change during loading preserves pause-resume protection (0.439025ms)
✔ a volume change during loading preserves new-session protection (0.576282ms)
✔ a newer cue owns playback when an older synthesis resolves later (0.560459ms)
✔ Pause then Resume cannot resurrect a cue waiting for synthesis (0.18511ms)
✔ Stop also cancels a cue waiting for the audio context to resume (0.209717ms)
✔ a new cue supersedes one waiting for the audio context to resume (0.38972ms)
✔ Pause and Resume invalidate pending context-resume playback (0.370491ms)
✔ replacement immediately stops active audio while the new clip is pending (0.583314ms)
✔ stale source completion cannot clear or end the new cue (0.380025ms)
✔ Pause and Resume preserve an already-started cue without starting it twice (0.242337ms)
✔ unavailable synthesis reports failure without creating an audio source (0.223889ms)
✔ a failed audio context resume reports failure without starting playback (0.206804ms)
✔ a failed source start reports failure and never announces playback (0.618987ms)
✔ English narration cache stays the same when UI locale changes (62.125558ms)
✔ a Settings preview resolving after Stop cannot start playback (0.372364ms)
✔ a Settings preview resolving after a newer cue cannot interrupt it (0.40971ms)
✔ every approved PNG and both approval manifests remain unchanged (18.44133ms)
✔ served responsive variants match actual lossless bitstream dimensions, hashes, and complete-frame geometry (37.496589ms)
✔ all real course covers and tree stages have deployment-scoped responsive sources and retain PNG fallbacks (22.235164ms)
✔ modern-image failures retry the original; PNG and malformed failures reach the existing final fallback (0.231651ms)
✔ 3D decorative growth preserves 60 kept decisions and 30 extra blossoms (1.666373ms)
✔ 3D display normalizes invalid counts without changing the evidence source (1.825755ms)
✔ static legal pages match src/data/legal.ts (run npx tsx scripts/build-legal.ts) (1.513722ms)
✔ every language has the same sections and names the company (0.50798ms)
✔ privacy policy covers what App Review checks (0.314947ms)
✔ local day keys and day gaps follow the calendar, not UTC (1.477657ms)
✔ evidence lists kept decisions newest first and counts the last seven days (15.386946ms)
✔ comeback is kind after a lapse and silent otherwise (0.374096ms)
✔ fresh starts land on the first of the month and on Mondays (0.173563ms)
✔ simple mode lasts a week or until three kept decisions, and can be switched off (0.4164ms)
✔ the day-14 question appears once, only for people who used decisions (0.428028ms)
✔ the weekly look-back is offered on Sunday and Monday, once per week, and its change lasts a week (0.923167ms)
✔ the chain forgives one missed day a week, but not two in a row or two in a week (0.900073ms)
✔ smart reminders aim 30 minutes before the usual kept time, once there is enough history (0.625186ms)
✔ every sign-up intent points at a real course and offers three easy decisions (128.957891ms)
✔ the reminder voice keeps one line per day and never threatens a streak (1.689608ms)
✔ every iOS project and application build configuration enforces the Safari 16.4 baseline (1.174638ms)
✔ Capacitor sync keeps a compatible generated Swift package floor without lowering the app minimum (141.919428ms)
✔ installed native dependency library floors are compatible with the Swift wrapper and app (0.380006ms)
✔ native metadata cannot override the application minimum with an older target (0.762044ms)
✔ native Settings and Account use the shared code flow with device copy in en (11.396985ms)
✔ native Settings and Account use the shared code flow with device copy in tr (19.802952ms)
✔ native Settings and Account use the shared code flow with device copy in es (18.26366ms)
✔ web backup keeps its inline magic-link form and Account keeps link copy (3.862748ms)
✔ native configured signed-in backup retains sync and sign-out actions (2.436569ms)
✔ unconfigured native cloud does not offer a sign-in request (1.644559ms)
✔ actual cloud request and verification use one injected auth adapter and trim input (1.032213ms)
✔ interrupted setup restores fields without allowing a nameless final step (1.709979ms)
✔ a fresh preview seeds only an empty decision and never overwrites restored or typed text (0.139642ms)
✔ unknown, malformed and oversized setup drafts are safely bounded (0.174835ms)
✔ trial length comes only from a free intro offer (0.793461ms)
✔ native reminders: a week ahead, past times skipped, stable ids (0.747311ms)
✔ native planner rejects malformed times and keeps a bounded week inside its namespace (0.715443ms)
✔ interrupted native scheduling leaves the newest state and preserves other notifications (9.255037ms)
✔ a native plugin error does not prevent the next reminder replacement (0.645437ms)
✔ startup waits for restored account rather than temporarily identifying anonymous (1.984244ms)
✔ known sign-out and rapid identity changes are announced immediately, same-ID retry events remain usable (0.341728ms)
✔ failed authentication hydration stays unbound and never identifies anonymous or reads SDK entitlement (0.23098ms)
✔ dispose during initial hydration prevents any late entitlement initialization (0.122135ms)
✔ retry hydrates a currently unknown account before requesting identity or offerings (0.21796ms)
✔ retry with failed hydration cannot bind anonymous or make a subscription request (0.117438ms)
✔ cloud initialization callers share the real restoration promise and never finish early (43.266204ms)
✔ actual failed cloud restoration remains unknown and a later retry can establish the same account (1.08336ms)
✔ a resolved auth error is unknown identity rather than a verified anonymous account (0.462611ms)
✔ unbound init leaves cached native A untouched and exposes prices without personal claims (3.061055ms)
✔ explicitly binding cached A confirms it without login or logout (1.568845ms)
✔ desired B is recorded during native setup before any cached A customer read (9.418108ms)
✔ failed logout clears A claims synchronously and leaves purchase and restore denied (2.399423ms)
✔ staged A, B, A login requests serialize native identity mutation (3.893535ms)
✔ an A purchase settling after desired B success cannot grant B (3.618077ms)
✔ an A purchase settling after desired B cancellation cannot grant B (1.201369ms)
✔ a failed same-ID login can retry without treating desired ID as confirmed ID (0.784077ms)
✔ an offline refresh for confirmed same A preserves its verified entitlement (1.153987ms)
✔ listener payload is only invalidation and canonical aliases do not impersonate another account (1.774316ms)
✔ late A offerings cannot install A packages or personal claims into desired B (1.475944ms)
✔ late A trial eligibility cannot restore a free-trial claim during a B transition (1.218996ms)
✔ a held A customer load from initialization cannot overwrite a later desired B (1.217673ms)
✔ an A restore settling after desired B fails without applying A customer info (3.056127ms)
✔ defer during a held purchase drops trust without native calls and explicit cached-A rebind refreshes it (0.877338ms)
✔ defer during first native setup cancels the old A load and leaves cached A for an explicit rebind (0.554739ms)
✔ defer and immediate same-A rebind cannot accept the older held A customer snapshot (0.865601ms)
✔ canonical A listener refresh rejects its held snapshot if native identity externally drifts to B (0.468649ms)
✔ initial getAppUserID failure at verification read 1 leaves A unconfirmed/free and retryable (0.382259ms)
✔ initial getAppUserID failure at verification read 2 leaves A unconfirmed/free and retryable (0.245102ms)
✔ initial getAppUserID failure at verification read 3 leaves A unconfirmed/free and retryable (0.243208ms)
✔ initial getAppUserID failure at verification read 4 leaves A unconfirmed/free and retryable (0.208776ms)
✔ initial isAnonymous failure at verification read 1 leaves A unconfirmed/free and retryable (0.233663ms)
✔ initial isAnonymous failure at verification read 2 leaves A unconfirmed/free and retryable (0.214475ms)
✔ initial isAnonymous failure at verification read 3 leaves A unconfirmed/free and retryable (0.193082ms)
✔ initial isAnonymous failure at verification read 4 leaves A unconfirmed/free and retryable (0.18525ms)
✔ native paid gates apply before SDK init and after defer while the free samples stay open (0.23155ms)
✔ web and keyless native gates stay open before init and after defer without loading an SDK (0.203999ms)
✔ purchase cannot commit A after desired B arrives in nested verification microtask depth 2 (3.977923ms)
✔ purchase cannot commit A after desired B arrives in nested verification microtask depth 3 (1.321441ms)
✔ restore cannot commit A after desired B arrives in nested verification microtask depth 2 (1.193657ms)
✔ restore cannot commit A after desired B arrives in nested verification microtask depth 3 (0.768423ms)
✔ init cannot commit A after desired B arrives in nested verification microtask depth 2 (0.988496ms)
✔ init cannot commit A after desired B arrives in nested verification microtask depth 3 (0.790207ms)
✔ offerings failure is retryable without configuring or listening twice (3.658809ms)
✔ concurrent initialization shares one pending configure and plan load (5.028113ms)
✔ failed configuration can retry, while a completed setup remains single (0.488229ms)
✔ listener setup failure retries the listener without configuring again (0.353786ms)
✔ a successful empty offering may retry when plans become available (0.38993ms)
✔ free intro pricing is advertised only for confirmed eligible customers (0.722023ms)
✔ missing or failed eligibility checks keep regular prices and unknown trial status (0.616453ms)
✔ an interrupted eligibility refresh after identity change clears the earlier free-trial claim (0.293665ms)
✔ cancelled, pending and failed purchase errors remain distinct and never grant access (0.834964ms)
✔ a successful store response without the requested entitlement remains unconfirmed (0.355108ms)
✔ confirmed entitlement grants access and later SDK updates retain the real highest level (2.594107ms)
✔ restore distinguishes store failure, successful no-plan check, and active entitlement (0.699138ms)
✔ web and unconfigured native flows never load a purchase SDK or create a purchase (0.226222ms)
✔ free duration uses valid store units and cycles, without inventing 30-day months (0.109516ms)
✔ scoped EN/TR/ES uncertain purchase feedback makes no charge or reminder guarantee (0.437332ms)
✔ preserves the first 300 passages and appends exactly 100 each from faith, science and philosophy in order (1.795018ms)
✔ all 600 sourced passages have unique IDs and bilingual text without recycling legacy lines (42.908413ms)
✔ six notifications stay distinct for 100 full days, then repeat, and match the server snapshot across a year boundary (6.655997ms)
✔ local day remains stable from morning to evening; six-time migration preserves existing preferences (0.920604ms)
✔ legacy three-reminder profiles keep their evening time and gain six distinct reminders (0.231891ms)
✔ migration resolves default collisions only in missing slots and reserves later saved slots first (0.280024ms)
✔ every thinker passage links to a Gutenberg book whose text is kept in docs/quote-sources (18.709376ms)
✔ construction does no fetch/decode; current/upcoming preload reuses the current request (29.955702ms)
✔ Stop aborts loading and no late response starts a source (0.878079ms)
✔ Pause cancels original load; Resume retries current cue with a frozen slot and latest volume (0.910138ms)
✔ Pause→Stop discards current loading retry and Resume does not resurrect it (0.473317ms)
✔ new session cancels old load and only the new session owns audio (0.942176ms)
✔ active pause/resume continues the same cue offset without repeating its start or accepting stale end (3.340853ms)
✔ Replay replaces current source at offset zero and reuses decoded audio (0.634792ms)
✔ latest volume 0 wins after delayed clip loading and changes active gain (0.617164ms)
✔ latest volume 0.35 wins after delayed clip loading and changes active gain (0.55512ms)
✔ latest volume after deferred context resume and Stop/new cue protects pending resume (3.734894ms)
✔ expired loading budget and decoder duration mismatch never start audio (0.807202ms)
✔ missing bytes, bad checksum/source text and nonrunning device fail without invoking a provider (1.144723ms)
✔ verified persisted bytes permit offline replay in a new player; corrupt cached bytes are rejected (2.976817ms)
✔ a definitive recording failure cannot retry on Pause→Resume over a device fallback (0.327216ms)
✔ resumed load failure retains only bounded fallback metadata, never a resumable recording (1.260118ms)
✔ root hosting retains history paths, including direct reloads (0.975758ms)
✔ project hosting keeps every navigation on the same static document (0.284321ms)
✔ landing URLs and non-route fragments do not become unknown routes (0.12503ms)
✔ back/forward hash entries resolve to canonical route IDs (0.131489ms)
✔ icons and service worker URLs stay under their deployment base (0.164549ms)
✔ each person reads and writes only their own backup; anonymous visitors get nothing (2091.298194ms)
✔ an oversized backup is refused (1331.282087ms)
✔ cloud coach counters: people read only their own rows and cannot write or call the increment (1286.310165ms)
✔ the monthly increment stops exactly at the limit and a refund gives one back (1254.167939ms)
✔ a strict Content Security Policy ships with the page (1.28152ms)
✔ index.html has no inline scripts (the CSP forbids them) (0.221516ms)
✔ no raw HTML or eval sinks in the app code (17.368245ms)
✔ links that open a new tab cannot reach back into ODA (6.391697ms)
✔ no secret keys in the shipped code (17.957077ms)
✔ production builds carry no source maps (0.329639ms)
✔ service worker precaches only its project directory (18.681178ms)
✔ standalone support remains available offline without replacing the application shell (5.465885ms)
✔ activation preserves sibling apps and this version media cache (1.475493ms)
✔ notification defaults and legacy targets open the project hash route (2.795402ms)
✔ installed app metadata refreshes instead of retaining the cached identity (2.08756ms)
✔ installed app metadata remains available offline (1.154808ms)
✔ breath pacer runs at about 5.5 breaths a minute (3.413418ms)
✔ breathPhase: inhale first, then exhale, then repeats (3.505608ms)
✔ breathPhase is safe with odd input (0.136296ms)
✔ formatRemaining (0.132791ms)
✔ timer fades: a minute for sleep, short otherwise, never over half the timer (0.143106ms)
✔ arming a timer retains the independent three-second attack and actual stereo loop (80.719358ms)
✔ mute and volume respond immediately at the beginning of a timer fade (44.23075ms)
✔ mute and volume respond immediately at the middle of a timer fade (29.081038ms)
✔ mute and volume respond immediately at the end of a timer fade (21.807867ms)
✔ running fades can shorten but do not extend, and timer cancellation preserves user volume (50.550503ms)
✔ shortening a running fade with a delay cannot restore a louder envelope (100.945344ms)
✔ browsers without cancelAndHold retain the current level when shortening a fade (44.360746ms)
✔ track switches release the previous graph and repeated switches/stops bound resources (624.643894ms)
✔ stop/restart of a tone cancels its initial bowl and recurring callbacks (1.28774ms)
✔ natural bowl endings disconnect their tails while the current ambient drone continues (0.87179ms)
✔ Sound Room timer arming, pause/resume and expiry keep player state and start fade intact (88.3725ms)
✔ external restart of the same track clears the Sound Room countdown and timer selection (78.679124ms)
✔ public support is generated from the same localized help as the app (1.780135ms)
✔ each store locale links to the shipped public support artifact (0.189407ms)
✔ growth keeps an exact capped ledger through every stage boundary and beyond the canopy (8.683727ms)
✔ approved tree pixels and normalized roots match their independent asset manifest (13.969815ms)
✔ rendered paywall claims a free trial only for confirmed eligibility (83.823307ms)
✔ rendered failed offerings include an explicit retry action (11.59214ms)
✔ web paywall keeps free access and does not offer a purchase CTA (9.659494ms)
✔ unconfirmed identity shows truthful verification retry and disables buy and restore even with cached prices (10.236138ms)
✔ pending identity verification does not render a trial or an enabled restore action (4.493594ms)
✔ guided narration keeps original English text and voice with en UI (8.2038ms)
✔ guided narration keeps original English text and voice with tr UI (35.559947ms)
✔ guided narration keeps original English text and voice with es UI (20.19165ms)
✔ English inventory accepts language tags and rejects names or unrelated prefixes (0.747271ms)
✔ an explicitly selected English voice wins over a preferred device name (0.511815ms)
✔ guided speech truthfully reports unavailable with empty inventory (0.447277ms)
✔ guided speech truthfully reports unavailable with non-English inventory (0.345874ms)
✔ late English voice installation refreshes availability and unsubscribe removes listeners (0.532526ms)
✔ Notebook retains verbatim tr text, matching device voice and saved meditation preferences (0.730476ms)
✔ Notebook retains verbatim es text, matching device voice and saved meditation preferences (0.618727ms)
✔ Notebook preserves implicit device language when its voice list has not loaded (0.527649ms)
✔ unsupported device speech does not report available or queued playback (0.3633ms)
✔ empty or disabled cues leave the device queue empty (3.074594ms)
✔ nonzero device volume changes apply to the next utterance without pretending to change active speech (0.652978ms)
✔ zero device volume cancels the owned paused utterance and Resume cannot revive it (0.53501ms)
✔ Stop while device speech is paused lets a new session resume the device queue (0.349269ms)
✔ device cancel failures produce an honest false result (0.288768ms)
✔ device enqueue failures produce an honest false result (0.273394ms)
✔ new cues and Stop detach utterance handlers and ignore captured stale callbacks (0.666409ms)
✔ pause and resume keep the active browser cue, restore speaking state and reject replay while paused (0.278252ms)
✔ stop prevents a delayed provider failure from reviving an obsolete English device cue (0.407477ms)
✔ pause-resume prevents a delayed provider failure from reviving an obsolete English device cue (0.216558ms)
✔ new-cue prevents a delayed provider failure from reviving an obsolete English device cue (0.261917ms)
✔ current provider failure falls back to English device speech; a non-English inventory cannot substitute (0.347726ms)
✔ the optional recorder remains dormant until registration and receives identified current/upcoming cues (0.550624ms)
✔ registered recorder missing clip uses truthful English device fallback without a provider (0.253323ms)
✔ registered recorder overlong clip uses truthful English device fallback without a provider (0.191279ms)
✔ registered recorder wrong language uses truthful English device fallback without a provider (0.209167ms)
✔ registered recorder missing text hash uses truthful English device fallback without a provider (0.162737ms)
✔ registered recorder missing checksum uses truthful English device fallback without a provider (0.157679ms)
✔ registered recorder missing version uses truthful English device fallback without a provider (0.289769ms)
✔ registered recorder wrong cue identity uses truthful English device fallback without a provider (0.182085ms)
✔ registered recorder expired cue slot uses truthful English device fallback without a provider (0.176618ms)
✔ registered recorder unbounded cue slot uses truthful English device fallback without a provider (0.162496ms)
✔ a recorder hash/source verification failure falls back, and absent English speech reports unavailable (0.218881ms)
✔ new cues stop clips and stale recorded callbacks/failures cannot change current playback (0.358293ms)
✔ recorded pause invalidates pending start/fallback even after resume, and Stop invalidates callbacks (0.305082ms)
✔ current recorded load failure falls back to English and unregistering restores device narration (0.303199ms)
✔ synchronous recorded verification and playback errors truthfully queue English fallback (0.290861ms)
✔ a recorded request that already ended cannot later fall back and revive the cue (0.182636ms)
✔ actual playback mode stays loading until recorded start and reports English device fallback (0.314857ms)
✔ a resumed recording failure uses only installed English device speech and rejects stale resume fallback (1.376213ms)
✔ registered recorded volume receives current preference and live zero/nonzero changes (0.323059ms)
ℹ tests 471
ℹ suites 0
ℹ pass 471
ℹ fail 0
ℹ cancelled 0
ℹ skipped 0
ℹ todo 0
ℹ duration_ms 11602.797219
npm notice
npm notice New major version of npm available! 11.9.0 -> 12.2.0
npm notice Changelog: https://github.com/npm/cli/releases/tag/v12.2.0
npm notice To update run: npm install -g npm@12.2.0
npm notice

> oda-one-decision-away@1.0.0 build
> vite build

vite v6.4.3 building for production...
<script src="/one-decision-away/theme-init.js"> in "/index.html" can't be bundled without type="module" attribute
transforming...
✓ 3381 modules transformed.
rendering chunks...
[plugin vite:reporter] 
(!) /workspace/oda-native-settings-otp/src/services/cloudSync.ts is dynamically imported by /workspace/oda-native-settings-otp/src/main.tsx but also statically imported by /workspace/oda-native-settings-otp/src/components/BackupAndCloudSettings.tsx, /workspace/oda-native-settings-otp/src/components/BackupReminder.tsx, /workspace/oda-native-settings-otp/src/components/DailyNudgesSettings.tsx, /workspace/oda-native-settings-otp/src/pages/Account.tsx, /workspace/oda-native-settings-otp/src/pages/Coach.tsx, /workspace/oda-native-settings-otp/src/pages/Upgrade.tsx, /workspace/oda-native-settings-otp/src/services/cloudCoach.ts, /workspace/oda-native-settings-otp/src/services/courseProgress.ts, /workspace/oda-native-settings-otp/src/services/pushNotifications.ts, /workspace/oda-native-settings-otp/src/services/repository.ts, /workspace/oda-native-settings-otp/src/services/useCloudState.ts, /workspace/oda-native-settings-otp/src/store/useApp.tsx, dynamic import will not move module into another chunk.

computing gzip size...
dist/index.html                                                       3.43 kB │ gzip:     1.13 kB
dist/assets/hanken-grotesk-vietnamese-wght-normal-CHiFlh_0.woff2      9.32 kB
dist/assets/hanken-grotesk-latin-ext-wght-normal-Dg-wlmqe.woff2      19.59 kB
dist/assets/newsreader-vietnamese-opsz-normal-BjhtXyW2.woff2         27.25 kB
dist/assets/newsreader-vietnamese-opsz-italic-DTr-ymY4.woff2         27.90 kB
dist/assets/hanken-grotesk-latin-wght-normal-CaVRRdDk.woff2          34.70 kB
dist/assets/newsreader-latin-ext-opsz-normal-BQn1nviT.woff2          86.61 kB
dist/assets/newsreader-latin-ext-opsz-italic-CSPGnFdO.woff2          95.54 kB
dist/assets/newsreader-latin-opsz-normal-s-izfB6B.woff2             132.00 kB
dist/assets/newsreader-latin-opsz-italic-kJKFiXvB.woff2             146.87 kB
dist/assets/aiCoach.worker-C60CQ1Xm.js                            6,039.34 kB
dist/assets/Today-D76Bu5Fr.css                                        4.80 kB │ gzip:     1.29 kB
dist/assets/SoundRoom-CqaeVc25.css                                   10.94 kB │ gzip:     2.71 kB
dist/assets/Courses-dAxxx90S.css                                     26.09 kB │ gzip:     4.85 kB
dist/assets/index-D6Ptr9gO.css                                      108.09 kB │ gzip:    22.67 kB
dist/assets/de-FmFgRqLi.js                                            0.03 kB │ gzip:     0.05 kB
dist/assets/fr-FmFgRqLi.js                                            0.03 kB │ gzip:     0.05 kB
dist/assets/it-FmFgRqLi.js                                            0.03 kB │ gzip:     0.05 kB
dist/assets/ru-FmFgRqLi.js                                            0.03 kB │ gzip:     0.05 kB
dist/assets/web-Dz-yP-W1.js                                           0.18 kB │ gzip:     0.16 kB
dist/assets/useCloudState-DbH3GlSw.js                                 0.20 kB │ gzip:     0.18 kB
dist/assets/chevron-right-Dt8HK8Oe.js                                 0.30 kB │ gzip:     0.25 kB
dist/assets/square-DZK1euNo.js                                        0.32 kB │ gzip:     0.26 kB
dist/assets/arrow-up-right-DIi4HVeh.js                                0.34 kB │ gzip:     0.27 kB
dist/assets/search-DvnGz4_b.js                                        0.35 kB │ gzip:     0.28 kB
dist/assets/circle-check-Kp_Y6MJt.js                                  0.35 kB │ gzip:     0.28 kB
dist/assets/user-round-CPGgoiKZ.js                                    0.36 kB │ gzip:     0.29 kB
dist/assets/rotate-ccw--n5ap1nC.js                                    0.37 kB │ gzip:     0.29 kB
dist/assets/index-CBHKsHa_.js                                         0.38 kB │ gzip:     0.27 kB
dist/assets/mail-DyRxT8ck.js                                          0.39 kB │ gzip:     0.31 kB
dist/assets/moon-BVJ84oej.js                                          0.39 kB │ gzip:     0.31 kB
dist/assets/headphones-Cn-RKpvF.js                                    0.41 kB │ gzip:     0.29 kB
dist/assets/timer-BC8BYGny.js                                         0.41 kB │ gzip:     0.29 kB
dist/assets/wind-ODM4jE3n.js                                          0.42 kB │ gzip:     0.30 kB
dist/assets/archive-DHkKoPzg.js                                       0.43 kB │ gzip:     0.31 kB
dist/assets/route-BGr6i1Fm.js                                         0.43 kB │ gzip:     0.31 kB
dist/assets/lock-keyhole-bE4AU-U7.js                                  0.43 kB │ gzip:     0.33 kB
dist/assets/index-zQRNv2ru.js                                         0.45 kB │ gzip:     0.28 kB
dist/assets/pencil-DwNHiywM.js                                        0.45 kB │ gzip:     0.33 kB
dist/assets/pen-line-CZ247Qtc.js                                      0.45 kB │ gzip:     0.33 kB
dist/assets/index-BlX99_4O.js                                         0.48 kB │ gzip:     0.29 kB
dist/assets/refresh-cw-CCZ8a0FN.js                                    0.50 kB │ gzip:     0.33 kB
dist/assets/trash-2-CLvhG3fS.js                                       0.50 kB │ gzip:     0.32 kB
dist/assets/Focus-Cckwjwfc.js                                         0.53 kB │ gzip:     0.33 kB
dist/assets/share-2-Clm1eQcH.js                                       0.53 kB │ gzip:     0.34 kB
dist/assets/shuffle-B8Xq1LHD.js                                       0.56 kB │ gzip:     0.35 kB
dist/assets/sun-moon-CixvsX0c.js                                      0.57 kB │ gzip:     0.38 kB
dist/assets/waves-DaG-XZN1.js                                         0.60 kB │ gzip:     0.32 kB
dist/assets/sparkles-D9LLMlO9.js                                      0.67 kB │ gzip:     0.39 kB
dist/assets/calendar-days-B-38pEIy.js                                 0.67 kB │ gzip:     0.37 kB
dist/assets/index-DOoPLjoE.js                                         0.67 kB │ gzip:     0.42 kB
dist/assets/trending-up-96ycGj5e.js                                   0.69 kB │ gzip:     0.34 kB
dist/assets/index-BSw8ijr2.js                                         0.72 kB │ gzip:     0.41 kB
dist/assets/music-CXlGxDwz.js                                         0.75 kB │ gzip:     0.40 kB
dist/assets/purchaseIdentityBinding-tFcjnp2u.js                       0.78 kB │ gzip:     0.34 kB
dist/assets/web-DILHiU4J.js                                           0.90 kB │ gzip:     0.43 kB
dist/assets/web-D7OynKqR.js                                           1.06 kB │ gzip:     0.52 kB
dist/assets/courseEntryCopy-ClIZWujk.js                               1.35 kB │ gzip:     0.72 kB
dist/assets/Legal-BG0wdkhH.js                                         2.00 kB │ gzip:     0.91 kB
dist/assets/growth-CtfcX3mW.js                                        2.07 kB │ gzip:     0.92 kB
dist/assets/account-C3M8bfNj.js                                       2.95 kB │ gzip:     1.37 kB
dist/assets/Support-DnsdcOiY.js                                       3.54 kB │ gzip:     1.26 kB
dist/assets/Seasons-BLuf9CcJ.js                                       3.65 kB │ gzip:     1.29 kB
dist/assets/rewards-DzI1p9kd.js                                       4.17 kB │ gzip:     1.81 kB
dist/assets/Budget-CEB5VgUf.js                                        4.45 kB │ gzip:     1.70 kB
dist/assets/web-NuwxqVOd.js                                           4.65 kB │ gzip:     1.40 kB
dist/assets/Evidence-Cvs8BmO_.js                                      5.45 kB │ gzip:     2.00 kB
dist/assets/Tools-DPX7Wguo.js                                         5.60 kB │ gzip:     2.18 kB
dist/assets/Missions-c5Bovtg7.js                                      5.65 kB │ gzip:     2.05 kB
dist/assets/LifeScore-DI2cc1tg.js                                     5.72 kB │ gzip:     1.92 kB
dist/assets/Bridge-BL8U_EH3.js                                        6.53 kB │ gzip:     1.97 kB
dist/assets/FutureSelf-CExRVfFZ.js                                    6.86 kB │ gzip:     1.94 kB
dist/assets/MissionFlows-Ys-TtAR_.js                                  8.10 kB │ gzip:     2.50 kB
dist/assets/index-DKYTV5nJ.js                                         8.72 kB │ gzip:     3.31 kB
dist/assets/web-D8tCrA9g.js                                          10.19 kB │ gzip:     2.10 kB
dist/assets/purchases-DxyoCH7x.js                                    10.50 kB │ gzip:     3.48 kB
dist/assets/PublicTwoFutures-DlMPYQH6.js                             11.24 kB │ gzip:     3.71 kB
dist/assets/Account-h5GkmkpF.js                                      11.47 kB │ gzip:     3.52 kB
dist/assets/support-BL1_V6P0.js                                      11.79 kB │ gzip:     4.95 kB
dist/assets/DreamArt-COdfVt0y.js                                     12.84 kB │ gzip:     2.50 kB
dist/assets/FocusTimerHub-DfzappMo.js                                14.88 kB │ gzip:     4.25 kB
dist/assets/Me-KtNOfYm_.js                                           16.31 kB │ gzip:     5.69 kB
dist/assets/Upgrade-D-zYROI1.js                                      19.68 kB │ gzip:     6.40 kB
dist/assets/TwoFutures-nHFJ1uJ2.js                                   19.69 kB │ gzip:     5.43 kB
dist/assets/SoundRoom-D6_xp1Aa.js                                    20.30 kB │ gzip:     7.75 kB
dist/assets/media-2mgEiOLR.js                                        23.75 kB │ gzip:     9.29 kB
dist/assets/Bank-DNCCeBOR.js                                         29.78 kB │ gzip:     8.21 kB
dist/assets/Settings-C1CyTUgE.js                                     41.17 kB │ gzip:    12.88 kB
dist/assets/Coach-DlC0PTlt.js                                        48.50 kB │ gzip:    15.86 kB
dist/assets/Notebook-CzDuTHBq.js                                     48.78 kB │ gzip:    14.17 kB
dist/assets/Dreams-DBVJPL5e.js                                       53.11 kB │ gzip:    14.99 kB
dist/assets/DailyMicroHabits-ByF9e1B6.js                             56.82 kB │ gzip:    14.79 kB
dist/assets/Progress-CrTLM9Ag.js                                     75.84 kB │ gzip:    18.19 kB
dist/assets/Courses-DelHdFOB.js                                     118.04 kB │ gzip:    37.99 kB
dist/assets/motion-HNvQpnN_.js                                      128.88 kB │ gzip:    42.38 kB
dist/assets/Today-Bh2OnKdW.js                                       140.16 kB │ gzip:    43.46 kB
dist/assets/supabase--wUpN4Ei.js                                    228.14 kB │ gzip:    59.28 kB
dist/assets/react-5GCfeWye.js                                       229.42 kB │ gzip:    71.53 kB
dist/assets/genai-DNIGCYRr.js                                       409.93 kB │ gzip:    72.77 kB
dist/assets/charts-Bzd-XkHo.js                                      431.58 kB │ gzip:   124.87 kB
dist/assets/tr-Bxmf0hre.js                                          561.31 kB │ gzip:   219.30 kB
dist/assets/es-D_dh5elY.js                                          573.76 kB │ gzip:   217.65 kB
dist/assets/index-DVe7AXHn.js                                       935.41 kB │ gzip:   304.74 kB
dist/assets/courses-CKtnra3s.js                                   2,510.75 kB │ gzip:   813.28 kB
dist/assets/index-BMm9S-UO.js                                     5,959.05 kB │ gzip: 2,123.39 kB

(!) Some chunks are larger than 700 kB after minification. Consider:
- Using dynamic import() to code-split the application
- Use build.rollupOptions.output.manualChunks to improve chunking: https://rollupjs.org/configuration-options/#output-manualchunks
- Adjust chunk size limit for this warning via build.chunkSizeWarningLimit.
✓ built in 10.60s
npm notice
npm notice New major version of npm available! 11.9.0 -> 12.2.0
npm notice Changelog: https://github.com/npm/cli/releases/tag/v12.2.0
npm notice To update run: npm install -g npm@12.2.0
npm notice
npm notice
npm notice New major version of npm available! 11.9.0 -> 12.2.0
npm notice Changelog: https://github.com/npm/cli/releases/tag/v12.2.0
npm notice To update run: npm install -g npm@12.2.0
npm notice
